Detecto movimiento, empiezo a grabar...
Grabando primera...
Ya no hay moviemiento, paro de grabar...
Proceso de frenado:1
Ya no hay moviemiento, paro de grabar...
Proceso de frenado:2
Ya no hay moviemiento, paro de grabar...
Proceso de frenado:3
Ya no hay moviemiento, paro de grabar...
Proceso de frenado:4
Ya no hay moviemiento, paro de grabar...
Proceso de frenado:5
Ya no hay moviemiento, paro de grabar...
Proceso de frenado:6
Ya no hay moviemiento, paro de grabar...
Proceso de frenado:7
Ya no hay moviemiento, paro de grabar...
Proceso de frenado:8
Ya no hay moviemiento, paro de grabar...
Proceso de frenado:9
Ya no hay moviemiento, paro de grabar...
Proceso de frenado:10
parado de grabar 10 frames despues y subiendo video:1_2022-11-04_16:42:59.976655.avi ...
Detecto movimiento, empiezo a grabar...
Grabando primera...
Ya no hay moviemiento, paro de grabar...
Proceso de frenado:1
Ya no hay moviemiento, paro de grabar...
Proceso de frenado:2
Proceso de frenado:3
Ya no hay moviemiento, paro de grabar...
Proceso de frenado:4
Ya no hay moviemiento, paro de grabar...
Proceso de frenado:5
Ya no hay moviemiento, paro de grabar...
Proceso de frenado:6
Ya no hay moviemiento, paro de grabar...
Proceso de frenado:7
Ya no hay moviemiento, paro de grabar...
Proceso de frenado:8
Proceso de frenado:9
Ya no hay moviemiento, paro de grabar...
Proceso de frenado:10
parado de grabar 10 frames despues y subiendo video:1_2022-11-04_16:43:04.222658.avi ...
