Detecto movimiento, empiezo a grabar...
Grabando primera...
Grabando...
Grabando...
Grabando...
Grabando...
Grabando...
Grabando...
Grabando...
Grabando...
Grabando...
Grabando...
Grabando...
Grabando...
Grabando...
Grabando...
Grabando...
Grabando...
Grabando...
Grabando...
Grabando...
Grabando...
Grabando...
Grabando...
Grabando...
Grabando...
Grabando...
Grabando...
Grabando...
Grabando...
Grabando...
Grabando...
Grabando...
Grabando...
Grabando...
Grabando...
Grabando...
Grabando...
Grabando...
Grabando...
Grabando...
Grabando...
Grabando...
Grabando...
Grabando...
Grabando...
Grabando...
Grabando...
Grabando...
Grabando...
Grabando...
Grabando...
Grabando...
Grabando...
Grabando...
Grabando...
Grabando...
Grabando...
Grabando...
Grabando...
Grabando...
Grabando...
Ya no hay moviemiento, paro de grabar...
Grabando...
Proceso de frenado:1
Estaba parando pero, sigue habiendo movimiento, así que sigo grabando..!
Grabando...
Grabando...
Grabando...
Grabando...
Grabando...
Grabando...
Grabando...
Grabando...
Grabando...
Grabando...
Grabando...
Grabando...
Grabando...
Grabando...
Grabando...
Grabando...
Grabando...
Grabando...
Grabando...
Grabando...
Grabando...
Grabando...
Grabando...
Grabando...
Grabando...
Grabando...
Grabando...
Grabando...
Grabando...
Grabando...
Grabando...
Grabando...
Grabando...
Grabando...
Grabando...
Grabando...
Grabando...
Grabando...
Grabando...
Grabando...
Grabando...
Grabando...
Grabando...
Grabando...
Grabando...
Grabando...
Grabando...
Grabando...
Grabando...
Grabando...
Grabando...
Grabando...
Grabando...
Grabando...
Grabando...
Grabando...
Grabando...
Grabando...
Grabando...
Grabando...
Grabando...
Grabando...
Grabando...
Grabando...
Grabando...
Grabando...
Grabando...
Grabando...
Grabando...
Grabando...
Grabando...
Grabando...
Grabando...
Grabando...
Ya no hay moviemiento, paro de grabar...
Grabando...
Proceso de frenado:1
Ya no hay moviemiento, paro de grabar...
Grabando...
Proceso de frenado:2
Ya no hay moviemiento, paro de grabar...
Grabando...
Proceso de frenado:3
Ya no hay moviemiento, paro de grabar...
Grabando...
Proceso de frenado:4
Ya no hay moviemiento, paro de grabar...
Grabando...
Proceso de frenado:5
Ya no hay moviemiento, paro de grabar...
Grabando...
Proceso de frenado:6
Ya no hay moviemiento, paro de grabar...
Grabando...
Proceso de frenado:7
Ya no hay moviemiento, paro de grabar...
Grabando...
Proceso de frenado:8
Ya no hay moviemiento, paro de grabar...
Grabando...
Proceso de frenado:9
Ya no hay moviemiento, paro de grabar...
Grabando...
Proceso de frenado:10
parado de grabar 10 frames despues y subiendo video:7_2022-11-07_13:30:35.853178.avi ...
ftp-upload -h reconocimien.vps.webdock.cloud -u testuser --password prueba123 -d motor/videos/1/7 motor/videos/1/7_2022-11-07_13:30:35.853178.avi



