tenemos este video:/var/www/html/reconocimientoFacial/proyecto_definitivo/admin/files/videos_registro_videos/1_otraprueba_18.avi
voy(18) leyendo el video..
tenemos(18) frame k lo guardo ..
voy(18) leyendo el video..
tenemos(18) frame k lo guardo ..
cara encontrada en: /var/www/html/reconocimientoFacial/proyecto_definitivo/admin/files/videos_registro_videos/1_otraprueba_18.avi
cara guardada en /0_2022-10-24_18:17:11.665560.avi_2.111760377883911.jpg con esta confidence:0.99979645
cara encontrada en: /var/www/html/reconocimientoFacial/proyecto_definitivo/admin/files/videos_registro_videos/1_otraprueba_18.avi
cara guardada en /0_2022-10-24_18:17:11.672265.avi_2.118468761444092.jpg con esta confidence:0.99966
cara encontrada en: /var/www/html/reconocimientoFacial/proyecto_definitivo/admin/files/videos_registro_videos/1_otraprueba_18.avi
cara guardada en /0_2022-10-24_18:17:11.808953.avi_2.255157709121704.jpg con esta confidence:0.9938567
cara encontrada en: /var/www/html/reconocimientoFacial/proyecto_definitivo/admin/files/videos_registro_videos/1_otraprueba_18.avi
cara guardada en /0_2022-10-24_18:17:11.918586.avi_2.364790439605713.jpg con esta confidence:0.99014425
cara encontrada en: /var/www/html/reconocimientoFacial/proyecto_definitivo/admin/files/videos_registro_videos/1_otraprueba_18.avi
cara guardada en /0_2022-10-24_18:17:12.107170.avi_2.553372859954834.jpg con esta confidence:0.97750753
cara encontrada en: /var/www/html/reconocimientoFacial/proyecto_definitivo/admin/files/videos_registro_videos/1_otraprueba_18.avi
cara guardada en /0_2022-10-24_18:17:12.281941.avi_2.728144407272339.jpg con esta confidence:0.9718997
cara encontrada en: /var/www/html/reconocimientoFacial/proyecto_definitivo/admin/files/videos_registro_videos/1_otraprueba_18.avi
cara guardada en /0_2022-10-24_18:17:12.441576.avi_2.8877785205841064.jpg con esta confidence:0.96048534
cara encontrada en: /var/www/html/reconocimientoFacial/proyecto_definitivo/admin/files/videos_registro_videos/1_otraprueba_18.avi
cara guardada en /0_2022-10-24_18:17:12.644958.avi_3.0911619663238525.jpg con esta confidence:0.9552263
cara encontrada en: /var/www/html/reconocimientoFacial/proyecto_definitivo/admin/files/videos_registro_videos/1_otraprueba_18.avi
cara guardada en /0_2022-10-24_18:17:12.904919.avi_3.3511228561401367.jpg con esta confidence:0.87887067
voy(18) leyendo el video..
tenemos(18) frame k lo guardo ..
voy(18) leyendo el video..
tenemos(18) frame k lo guardo ..
cara encontrada en: /var/www/html/reconocimientoFacial/proyecto_definitivo/admin/files/videos_registro_videos/1_otraprueba_18.avi
cara guardada en /0_2022-10-24_18:17:15.890069.avi_6.336272478103638.jpg con esta confidence:0.99989533
cara encontrada en: /var/www/html/reconocimientoFacial/proyecto_definitivo/admin/files/videos_registro_videos/1_otraprueba_18.avi
cara guardada en /0_2022-10-24_18:17:16.156217.avi_6.602419853210449.jpg con esta confidence:0.999705
cara encontrada en: /var/www/html/reconocimientoFacial/proyecto_definitivo/admin/files/videos_registro_videos/1_otraprueba_18.avi
cara guardada en /0_2022-10-24_18:17:16.194836.avi_6.641040802001953.jpg con esta confidence:0.9979138
cara encontrada en: /var/www/html/reconocimientoFacial/proyecto_definitivo/admin/files/videos_registro_videos/1_otraprueba_18.avi
cara guardada en /0_2022-10-24_18:17:16.490405.avi_6.936609745025635.jpg con esta confidence:0.99410856
cara encontrada en: /var/www/html/reconocimientoFacial/proyecto_definitivo/admin/files/videos_registro_videos/1_otraprueba_18.avi
cara guardada en /0_2022-10-24_18:17:16.581398.avi_7.027601957321167.jpg con esta confidence:0.98786527
cara encontrada en: /var/www/html/reconocimientoFacial/proyecto_definitivo/admin/files/videos_registro_videos/1_otraprueba_18.avi
cara guardada en /0_2022-10-24_18:17:16.619112.avi_7.0653159618377686.jpg con esta confidence:0.9743303
cara encontrada en: /var/www/html/reconocimientoFacial/proyecto_definitivo/admin/files/videos_registro_videos/1_otraprueba_18.avi
cara guardada en /0_2022-10-24_18:17:16.646606.avi_7.092808246612549.jpg con esta confidence:0.968096
cara encontrada en: /var/www/html/reconocimientoFacial/proyecto_definitivo/admin/files/videos_registro_videos/1_otraprueba_18.avi
cara guardada en /0_2022-10-24_18:17:16.912501.avi_7.358704566955566.jpg con esta confidence:0.9637561
cara encontrada en: /var/www/html/reconocimientoFacial/proyecto_definitivo/admin/files/videos_registro_videos/1_otraprueba_18.avi
cara guardada en /0_2022-10-24_18:17:17.039955.avi_7.486157655715942.jpg con esta confidence:0.910815
cara encontrada en: /var/www/html/reconocimientoFacial/proyecto_definitivo/admin/files/videos_registro_videos/1_otraprueba_18.avi
cara guardada en /0_2022-10-24_18:17:17.179849.avi_7.626051187515259.jpg con esta confidence:0.9088227
voy(18) leyendo el video..
tenemos(18) frame k lo guardo ..
voy(18) leyendo el video..
tenemos(18) frame k lo guardo ..
cara encontrada en: /var/www/html/reconocimientoFacial/proyecto_definitivo/admin/files/videos_registro_videos/1_otraprueba_18.avi
cara guardada en /0_2022-10-24_18:17:19.602437.avi_10.048640012741089.jpg con esta confidence:0.999749
cara encontrada en: /var/www/html/reconocimientoFacial/proyecto_definitivo/admin/files/videos_registro_videos/1_otraprueba_18.avi
cara guardada en /0_2022-10-24_18:17:19.697004.avi_10.143208026885986.jpg con esta confidence:0.9991092
cara encontrada en: /var/www/html/reconocimientoFacial/proyecto_definitivo/admin/files/videos_registro_videos/1_otraprueba_18.avi
cara guardada en /0_2022-10-24_18:17:19.799707.avi_10.245911359786987.jpg con esta confidence:0.99126464
cara encontrada en: /var/www/html/reconocimientoFacial/proyecto_definitivo/admin/files/videos_registro_videos/1_otraprueba_18.avi
cara guardada en /0_2022-10-24_18:17:19.959610.avi_10.405813694000244.jpg con esta confidence:0.9903115
cara encontrada en: /var/www/html/reconocimientoFacial/proyecto_definitivo/admin/files/videos_registro_videos/1_otraprueba_18.avi
cara guardada en /0_2022-10-24_18:17:20.015728.avi_10.461931705474854.jpg con esta confidence:0.98700005
cara encontrada en: /var/www/html/reconocimientoFacial/proyecto_definitivo/admin/files/videos_registro_videos/1_otraprueba_18.avi
cara guardada en /0_2022-10-24_18:17:20.170200.avi_10.616403579711914.jpg con esta confidence:0.977936
cara encontrada en: /var/www/html/reconocimientoFacial/proyecto_definitivo/admin/files/videos_registro_videos/1_otraprueba_18.avi
cara guardada en /0_2022-10-24_18:17:20.448235.avi_10.89443850517273.jpg con esta confidence:0.96752596
cara encontrada en: /var/www/html/reconocimientoFacial/proyecto_definitivo/admin/files/videos_registro_videos/1_otraprueba_18.avi
cara guardada en /0_2022-10-24_18:17:20.672866.avi_11.119069337844849.jpg con esta confidence:0.91071165
cara encontrada en: /var/www/html/reconocimientoFacial/proyecto_definitivo/admin/files/videos_registro_videos/1_otraprueba_18.avi
cara guardada en /0_2022-10-24_18:17:20.887435.avi_11.333638429641724.jpg con esta confidence:0.90382093
cara encontrada en: /var/www/html/reconocimientoFacial/proyecto_definitivo/admin/files/videos_registro_videos/1_otraprueba_18.avi
cara guardada en /0_2022-10-24_18:17:21.066716.avi_11.512917518615723.jpg con esta confidence:0.80868435
cara encontrada en: /var/www/html/reconocimientoFacial/proyecto_definitivo/admin/files/videos_registro_videos/1_otraprueba_18.avi
cara guardada en /0_2022-10-24_18:17:21.262134.avi_11.70833706855774.jpg con esta confidence:0.7378988
voy(18) leyendo el video..
tenemos(18) frame k lo guardo ..
voy(18) leyendo el video..
tenemos(18) frame k lo guardo ..
cara encontrada en: /var/www/html/reconocimientoFacial/proyecto_definitivo/admin/files/videos_registro_videos/1_otraprueba_18.avi
cara guardada en /0_2022-10-24_18:17:24.299654.avi_14.74585771560669.jpg con esta confidence:0.99926466
cara encontrada en: /var/www/html/reconocimientoFacial/proyecto_definitivo/admin/files/videos_registro_videos/1_otraprueba_18.avi
cara guardada en /0_2022-10-24_18:17:24.453147.avi_14.899348735809326.jpg con esta confidence:0.9941302
cara encontrada en: /var/www/html/reconocimientoFacial/proyecto_definitivo/admin/files/videos_registro_videos/1_otraprueba_18.avi
cara guardada en /0_2022-10-24_18:17:24.526565.avi_14.972769975662231.jpg con esta confidence:0.99004936
cara encontrada en: /var/www/html/reconocimientoFacial/proyecto_definitivo/admin/files/videos_registro_videos/1_otraprueba_18.avi
cara guardada en /0_2022-10-24_18:17:24.657386.avi_15.103588342666626.jpg con esta confidence:0.9829639
cara encontrada en: /var/www/html/reconocimientoFacial/proyecto_definitivo/admin/files/videos_registro_videos/1_otraprueba_18.avi
cara guardada en /0_2022-10-24_18:17:25.004889.avi_15.45109248161316.jpg con esta confidence:0.9702191
cara encontrada en: /var/www/html/reconocimientoFacial/proyecto_definitivo/admin/files/videos_registro_videos/1_otraprueba_18.avi
cara guardada en /0_2022-10-24_18:17:25.219701.avi_15.665904998779297.jpg con esta confidence:0.9665772
cara encontrada en: /var/www/html/reconocimientoFacial/proyecto_definitivo/admin/files/videos_registro_videos/1_otraprueba_18.avi
cara guardada en /0_2022-10-24_18:17:25.478876.avi_15.925079107284546.jpg con esta confidence:0.94137007
cara encontrada en: /var/www/html/reconocimientoFacial/proyecto_definitivo/admin/files/videos_registro_videos/1_otraprueba_18.avi
cara guardada en /0_2022-10-24_18:17:25.634665.avi_16.0808687210083.jpg con esta confidence:0.8396236
cara encontrada en: /var/www/html/reconocimientoFacial/proyecto_definitivo/admin/files/videos_registro_videos/1_otraprueba_18.avi
cara guardada en /0_2022-10-24_18:17:25.909736.avi_16.35593891143799.jpg con esta confidence:0.7478151
voy(18) leyendo el video..
tenemos(18) frame k lo guardo ..
voy(18) leyendo el video..
tenemos(18) frame k lo guardo ..
cara encontrada en: /var/www/html/reconocimientoFacial/proyecto_definitivo/admin/files/videos_registro_videos/1_otraprueba_18.avi
cara guardada en /0_2022-10-24_18:17:28.716128.avi_19.162331342697144.jpg con esta confidence:0.99710256
cara encontrada en: /var/www/html/reconocimientoFacial/proyecto_definitivo/admin/files/videos_registro_videos/1_otraprueba_18.avi
cara guardada en /0_2022-10-24_18:17:28.937389.avi_19.38359260559082.jpg con esta confidence:0.98849946
cara encontrada en: /var/www/html/reconocimientoFacial/proyecto_definitivo/admin/files/videos_registro_videos/1_otraprueba_18.avi
cara guardada en /0_2022-10-24_18:17:28.999218.avi_19.445422887802124.jpg con esta confidence:0.97076315
cara encontrada en: /var/www/html/reconocimientoFacial/proyecto_definitivo/admin/files/videos_registro_videos/1_otraprueba_18.avi
cara guardada en /0_2022-10-24_18:17:29.118310.avi_19.564512252807617.jpg con esta confidence:0.96426034
cara encontrada en: /var/www/html/reconocimientoFacial/proyecto_definitivo/admin/files/videos_registro_videos/1_otraprueba_18.avi
cara guardada en /0_2022-10-24_18:17:29.212226.avi_19.658430814743042.jpg con esta confidence:0.91281784
cara encontrada en: /var/www/html/reconocimientoFacial/proyecto_definitivo/admin/files/videos_registro_videos/1_otraprueba_18.avi
cara guardada en /0_2022-10-24_18:17:29.451692.avi_19.89789652824402.jpg con esta confidence:0.8982385
cara encontrada en: /var/www/html/reconocimientoFacial/proyecto_definitivo/admin/files/videos_registro_videos/1_otraprueba_18.avi
cara guardada en /0_2022-10-24_18:17:29.688537.avi_20.1347393989563.jpg con esta confidence:0.88343245
cara encontrada en: /var/www/html/reconocimientoFacial/proyecto_definitivo/admin/files/videos_registro_videos/1_otraprueba_18.avi
cara guardada en /0_2022-10-24_18:17:29.993796.avi_20.43999981880188.jpg con esta confidence:0.8578696
cara encontrada en: /var/www/html/reconocimientoFacial/proyecto_definitivo/admin/files/videos_registro_videos/1_otraprueba_18.avi
cara guardada en /0_2022-10-24_18:17:30.183650.avi_20.62985324859619.jpg con esta confidence:0.69194955
voy(18) leyendo el video..
tenemos(18) frame k lo guardo ..
voy(18) leyendo el video..
tenemos(18) frame k lo guardo ..
cara encontrada en: /var/www/html/reconocimientoFacial/proyecto_definitivo/admin/files/videos_registro_videos/1_otraprueba_18.avi
cara guardada en /0_2022-10-24_18:17:32.975960.avi_23.422163724899292.jpg con esta confidence:0.98425484
cara encontrada en: /var/www/html/reconocimientoFacial/proyecto_definitivo/admin/files/videos_registro_videos/1_otraprueba_18.avi
cara guardada en /0_2022-10-24_18:17:33.193677.avi_23.639880657196045.jpg con esta confidence:0.9616645
cara encontrada en: /var/www/html/reconocimientoFacial/proyecto_definitivo/admin/files/videos_registro_videos/1_otraprueba_18.avi
cara guardada en /0_2022-10-24_18:17:33.336035.avi_23.782233476638794.jpg con esta confidence:0.9470934
cara encontrada en: /var/www/html/reconocimientoFacial/proyecto_definitivo/admin/files/videos_registro_videos/1_otraprueba_18.avi
cara guardada en /0_2022-10-24_18:17:33.558303.avi_24.004507064819336.jpg con esta confidence:0.86575174
cara encontrada en: /var/www/html/reconocimientoFacial/proyecto_definitivo/admin/files/videos_registro_videos/1_otraprueba_18.avi
cara guardada en /0_2022-10-24_18:17:33.714883.avi_24.161086559295654.jpg con esta confidence:0.85300654
cara encontrada en: /var/www/html/reconocimientoFacial/proyecto_definitivo/admin/files/videos_registro_videos/1_otraprueba_18.avi
cara guardada en /0_2022-10-24_18:17:33.995310.avi_24.441513538360596.jpg con esta confidence:0.72737414
voy(18) leyendo el video..
tenemos(18) frame k lo guardo ..
voy(18) leyendo el video..
tenemos(18) frame k lo guardo ..
cara encontrada en: /var/www/html/reconocimientoFacial/proyecto_definitivo/admin/files/videos_registro_videos/1_otraprueba_18.avi
cara guardada en /0_2022-10-24_18:17:37.090598.avi_27.5368013381958.jpg con esta confidence:0.94714123
cara encontrada en: /var/www/html/reconocimientoFacial/proyecto_definitivo/admin/files/videos_registro_videos/1_otraprueba_18.avi
cara guardada en /0_2022-10-24_18:17:37.482301.avi_27.928504705429077.jpg con esta confidence:0.90066934
cara encontrada en: /var/www/html/reconocimientoFacial/proyecto_definitivo/admin/files/videos_registro_videos/1_otraprueba_18.avi
cara guardada en /0_2022-10-24_18:17:37.509079.avi_27.955283403396606.jpg con esta confidence:0.8646102
cara encontrada en: /var/www/html/reconocimientoFacial/proyecto_definitivo/admin/files/videos_registro_videos/1_otraprueba_18.avi
cara guardada en /0_2022-10-24_18:17:37.579587.avi_28.025790452957153.jpg con esta confidence:0.7832777
voy(18) leyendo el video..
tenemos(18) frame k lo guardo ..
voy(18) leyendo el video..
tenemos(18) frame k lo guardo ..
cara encontrada en: /var/www/html/reconocimientoFacial/proyecto_definitivo/admin/files/videos_registro_videos/1_otraprueba_18.avi
cara guardada en /0_2022-10-24_18:17:39.815043.avi_30.26124358177185.jpg con esta confidence:0.8488306
cara encontrada en: /var/www/html/reconocimientoFacial/proyecto_definitivo/admin/files/videos_registro_videos/1_otraprueba_18.avi
cara guardada en /0_2022-10-24_18:17:39.941318.avi_30.387521743774414.jpg con esta confidence:0.78691083
voy(18) leyendo el video..
tenemos(18) frame k lo guardo ..
voy(18) leyendo el video..
tenemos(18) frame k lo guardo ..
cara encontrada en: /var/www/html/reconocimientoFacial/proyecto_definitivo/admin/files/videos_registro_videos/1_otraprueba_18.avi
cara guardada en /0_2022-10-24_18:17:42.633878.avi_33.08008122444153.jpg con esta confidence:0.8383593
cara encontrada en: /var/www/html/reconocimientoFacial/proyecto_definitivo/admin/files/videos_registro_videos/1_otraprueba_18.avi
cara guardada en /0_2022-10-24_18:17:42.672593.avi_33.118797302246094.jpg con esta confidence:0.82033604
cara encontrada en: /var/www/html/reconocimientoFacial/proyecto_definitivo/admin/files/videos_registro_videos/1_otraprueba_18.avi
cara guardada en /0_2022-10-24_18:17:42.801103.avi_33.24730634689331.jpg con esta confidence:0.8179177
cara encontrada en: /var/www/html/reconocimientoFacial/proyecto_definitivo/admin/files/videos_registro_videos/1_otraprueba_18.avi
cara guardada en /0_2022-10-24_18:17:42.867923.avi_33.31412720680237.jpg con esta confidence:0.69481266
voy(18) leyendo el video..
tenemos(18) frame k lo guardo ..
voy(18) leyendo el video..
tenemos(18) frame k lo guardo ..
cara encontrada en: /var/www/html/reconocimientoFacial/proyecto_definitivo/admin/files/videos_registro_videos/1_otraprueba_18.avi
cara guardada en /0_2022-10-24_18:17:48.348741.avi_38.79494261741638.jpg con esta confidence:0.95319676
cara encontrada en: /var/www/html/reconocimientoFacial/proyecto_definitivo/admin/files/videos_registro_videos/1_otraprueba_18.avi
cara guardada en /0_2022-10-24_18:17:48.712267.avi_39.15847134590149.jpg con esta confidence:0.9269333
cara encontrada en: /var/www/html/reconocimientoFacial/proyecto_definitivo/admin/files/videos_registro_videos/1_otraprueba_18.avi
cara guardada en /0_2022-10-24_18:17:48.990605.avi_39.43680262565613.jpg con esta confidence:0.8920567
cara encontrada en: /var/www/html/reconocimientoFacial/proyecto_definitivo/admin/files/videos_registro_videos/1_otraprueba_18.avi
cara guardada en /0_2022-10-24_18:17:49.183003.avi_39.62920546531677.jpg con esta confidence:0.87875617
voy(18) leyendo el video..
tenemos(18) frame k lo guardo ..
voy(18) leyendo el video..
tenemos(18) frame k lo guardo ..
cara encontrada en: /var/www/html/reconocimientoFacial/proyecto_definitivo/admin/files/videos_registro_videos/1_otraprueba_18.avi
cara guardada en /0_2022-10-24_18:17:51.299140.avi_41.745343923568726.jpg con esta confidence:0.99259984
cara encontrada en: /var/www/html/reconocimientoFacial/proyecto_definitivo/admin/files/videos_registro_videos/1_otraprueba_18.avi
cara guardada en /0_2022-10-24_18:17:51.594656.avi_42.040860176086426.jpg con esta confidence:0.9778411
cara encontrada en: /var/www/html/reconocimientoFacial/proyecto_definitivo/admin/files/videos_registro_videos/1_otraprueba_18.avi
cara guardada en /0_2022-10-24_18:17:51.777950.avi_42.22415351867676.jpg con esta confidence:0.97447836
cara encontrada en: /var/www/html/reconocimientoFacial/proyecto_definitivo/admin/files/videos_registro_videos/1_otraprueba_18.avi
cara guardada en /0_2022-10-24_18:17:51.866783.avi_42.312987089157104.jpg con esta confidence:0.9388705
cara encontrada en: /var/www/html/reconocimientoFacial/proyecto_definitivo/admin/files/videos_registro_videos/1_otraprueba_18.avi
cara guardada en /0_2022-10-24_18:17:52.142035.avi_42.58823895454407.jpg con esta confidence:0.93594694
cara encontrada en: /var/www/html/reconocimientoFacial/proyecto_definitivo/admin/files/videos_registro_videos/1_otraprueba_18.avi
cara guardada en /0_2022-10-24_18:17:52.334775.avi_42.7809784412384.jpg con esta confidence:0.82440066
cara encontrada en: /var/www/html/reconocimientoFacial/proyecto_definitivo/admin/files/videos_registro_videos/1_otraprueba_18.avi
cara guardada en /0_2022-10-24_18:17:52.607278.avi_43.053481340408325.jpg con esta confidence:0.7772316
cara encontrada en: /var/www/html/reconocimientoFacial/proyecto_definitivo/admin/files/videos_registro_videos/1_otraprueba_18.avi
cara guardada en /0_2022-10-24_18:17:52.946980.avi_43.3931839466095.jpg con esta confidence:0.6858896
voy(18) leyendo el video..
tenemos(18) frame k lo guardo ..
voy(18) leyendo el video..
tenemos(18) frame k lo guardo ..
cara encontrada en: /var/www/html/reconocimientoFacial/proyecto_definitivo/admin/files/videos_registro_videos/1_otraprueba_18.avi
cara guardada en /0_2022-10-24_18:17:55.422808.avi_45.86900591850281.jpg con esta confidence:0.9996613
cara encontrada en: /var/www/html/reconocimientoFacial/proyecto_definitivo/admin/files/videos_registro_videos/1_otraprueba_18.avi
cara guardada en /0_2022-10-24_18:17:55.678189.avi_46.12439274787903.jpg con esta confidence:0.99914503
cara encontrada en: /var/www/html/reconocimientoFacial/proyecto_definitivo/admin/files/videos_registro_videos/1_otraprueba_18.avi
cara guardada en /0_2022-10-24_18:17:55.740003.avi_46.18620681762695.jpg con esta confidence:0.99828595
cara encontrada en: /var/www/html/reconocimientoFacial/proyecto_definitivo/admin/files/videos_registro_videos/1_otraprueba_18.avi
cara guardada en /0_2022-10-24_18:17:56.074041.avi_46.52024507522583.jpg con esta confidence:0.9952428
cara encontrada en: /var/www/html/reconocimientoFacial/proyecto_definitivo/admin/files/videos_registro_videos/1_otraprueba_18.avi
cara guardada en /0_2022-10-24_18:17:56.332746.avi_46.77894902229309.jpg con esta confidence:0.97945446
cara encontrada en: /var/www/html/reconocimientoFacial/proyecto_definitivo/admin/files/videos_registro_videos/1_otraprueba_18.avi
cara guardada en /0_2022-10-24_18:17:56.449474.avi_46.89567708969116.jpg con esta confidence:0.9383369
cara encontrada en: /var/www/html/reconocimientoFacial/proyecto_definitivo/admin/files/videos_registro_videos/1_otraprueba_18.avi
cara guardada en /0_2022-10-24_18:17:56.779166.avi_47.225369930267334.jpg con esta confidence:0.9292748
cara encontrada en: /var/www/html/reconocimientoFacial/proyecto_definitivo/admin/files/videos_registro_videos/1_otraprueba_18.avi
cara guardada en /0_2022-10-24_18:17:56.964744.avi_47.4109468460083.jpg con esta confidence:0.9044537
cara encontrada en: /var/www/html/reconocimientoFacial/proyecto_definitivo/admin/files/videos_registro_videos/1_otraprueba_18.avi
cara guardada en /0_2022-10-24_18:17:57.101873.avi_47.54807662963867.jpg con esta confidence:0.87313795
cara encontrada en: /var/www/html/reconocimientoFacial/proyecto_definitivo/admin/files/videos_registro_videos/1_otraprueba_18.avi
cara guardada en /0_2022-10-24_18:17:57.182387.avi_47.62859010696411.jpg con esta confidence:0.85651046
cara encontrada en: /var/www/html/reconocimientoFacial/proyecto_definitivo/admin/files/videos_registro_videos/1_otraprueba_18.avi
cara guardada en /0_2022-10-24_18:17:57.298905.avi_47.74510884284973.jpg con esta confidence:0.80933607
cara encontrada en: /var/www/html/reconocimientoFacial/proyecto_definitivo/admin/files/videos_registro_videos/1_otraprueba_18.avi
cara guardada en /0_2022-10-24_18:17:57.492788.avi_47.93899130821228.jpg con esta confidence:0.75411296
voy(18) leyendo el video..
tenemos(18) frame k lo guardo ..
voy(18) leyendo el video..
tenemos(18) frame k lo guardo ..
cara encontrada en: /var/www/html/reconocimientoFacial/proyecto_definitivo/admin/files/videos_registro_videos/1_otraprueba_18.avi
cara guardada en /0_2022-10-24_18:18:00.384490.avi_50.830692291259766.jpg con esta confidence:0.99996924
cara encontrada en: /var/www/html/reconocimientoFacial/proyecto_definitivo/admin/files/videos_registro_videos/1_otraprueba_18.avi
cara guardada en /0_2022-10-24_18:18:00.616740.avi_51.06294250488281.jpg con esta confidence:0.9997621
cara encontrada en: /var/www/html/reconocimientoFacial/proyecto_definitivo/admin/files/videos_registro_videos/1_otraprueba_18.avi
cara guardada en /0_2022-10-24_18:18:00.695888.avi_51.142091512680054.jpg con esta confidence:0.99964786
cara encontrada en: /var/www/html/reconocimientoFacial/proyecto_definitivo/admin/files/videos_registro_videos/1_otraprueba_18.avi
cara guardada en /0_2022-10-24_18:18:00.845286.avi_51.29148864746094.jpg con esta confidence:0.9985001
cara encontrada en: /var/www/html/reconocimientoFacial/proyecto_definitivo/admin/files/videos_registro_videos/1_otraprueba_18.avi
cara guardada en /0_2022-10-24_18:18:01.014208.avi_51.46041226387024.jpg con esta confidence:0.9973896
cara encontrada en: /var/www/html/reconocimientoFacial/proyecto_definitivo/admin/files/videos_registro_videos/1_otraprueba_18.avi
cara guardada en /0_2022-10-24_18:18:01.169891.avi_51.61609506607056.jpg con esta confidence:0.99535275
cara encontrada en: /var/www/html/reconocimientoFacial/proyecto_definitivo/admin/files/videos_registro_videos/1_otraprueba_18.avi
cara guardada en /0_2022-10-24_18:18:01.297236.avi_51.74343705177307.jpg con esta confidence:0.9953454
cara encontrada en: /var/www/html/reconocimientoFacial/proyecto_definitivo/admin/files/videos_registro_videos/1_otraprueba_18.avi
cara guardada en /0_2022-10-24_18:18:01.388110.avi_51.834312200546265.jpg con esta confidence:0.9782653
cara encontrada en: /var/www/html/reconocimientoFacial/proyecto_definitivo/admin/files/videos_registro_videos/1_otraprueba_18.avi
cara guardada en /0_2022-10-24_18:18:01.528086.avi_51.97428917884827.jpg con esta confidence:0.8719462
cara encontrada en: /var/www/html/reconocimientoFacial/proyecto_definitivo/admin/files/videos_registro_videos/1_otraprueba_18.avi
cara guardada en /0_2022-10-24_18:18:01.641107.avi_52.08730745315552.jpg con esta confidence:0.8265624
cara encontrada en: /var/www/html/reconocimientoFacial/proyecto_definitivo/admin/files/videos_registro_videos/1_otraprueba_18.avi
cara guardada en /0_2022-10-24_18:18:01.900315.avi_52.346519231796265.jpg con esta confidence:0.8249247
cara encontrada en: /var/www/html/reconocimientoFacial/proyecto_definitivo/admin/files/videos_registro_videos/1_otraprueba_18.avi
cara guardada en /0_2022-10-24_18:18:02.152061.avi_52.598264932632446.jpg con esta confidence:0.7218134
cara encontrada en: /var/www/html/reconocimientoFacial/proyecto_definitivo/admin/files/videos_registro_videos/1_otraprueba_18.avi
cara guardada en /0_2022-10-24_18:18:02.289329.avi_52.73553276062012.jpg con esta confidence:0.68368304
voy(18) leyendo el video..
tenemos(18) frame k lo guardo ..
voy(18) leyendo el video..
tenemos(18) frame k lo guardo ..
cara encontrada en: /var/www/html/reconocimientoFacial/proyecto_definitivo/admin/files/videos_registro_videos/1_otraprueba_18.avi
cara guardada en /0_2022-10-24_18:18:05.323962.avi_55.77016544342041.jpg con esta confidence:0.99997985
cara encontrada en: /var/www/html/reconocimientoFacial/proyecto_definitivo/admin/files/videos_registro_videos/1_otraprueba_18.avi
cara guardada en /0_2022-10-24_18:18:05.475086.avi_55.92128849029541.jpg con esta confidence:0.9999738
cara encontrada en: /var/www/html/reconocimientoFacial/proyecto_definitivo/admin/files/videos_registro_videos/1_otraprueba_18.avi
cara guardada en /0_2022-10-24_18:18:05.666659.avi_56.11286282539368.jpg con esta confidence:0.99951935
cara encontrada en: /var/www/html/reconocimientoFacial/proyecto_definitivo/admin/files/videos_registro_videos/1_otraprueba_18.avi
cara guardada en /0_2022-10-24_18:18:06.049076.avi_56.49527931213379.jpg con esta confidence:0.999458
cara encontrada en: /var/www/html/reconocimientoFacial/proyecto_definitivo/admin/files/videos_registro_videos/1_otraprueba_18.avi
cara guardada en /0_2022-10-24_18:18:06.191020.avi_56.63722372055054.jpg con esta confidence:0.99760455
cara encontrada en: /var/www/html/reconocimientoFacial/proyecto_definitivo/admin/files/videos_registro_videos/1_otraprueba_18.avi
cara guardada en /0_2022-10-24_18:18:06.512741.avi_56.958943605422974.jpg con esta confidence:0.9954711
cara encontrada en: /var/www/html/reconocimientoFacial/proyecto_definitivo/admin/files/videos_registro_videos/1_otraprueba_18.avi
cara guardada en /0_2022-10-24_18:18:06.626047.avi_57.072251319885254.jpg con esta confidence:0.9946601
cara encontrada en: /var/www/html/reconocimientoFacial/proyecto_definitivo/admin/files/videos_registro_videos/1_otraprueba_18.avi
cara guardada en /0_2022-10-24_18:18:06.725810.avi_57.17201519012451.jpg con esta confidence:0.9888799
cara encontrada en: /var/www/html/reconocimientoFacial/proyecto_definitivo/admin/files/videos_registro_videos/1_otraprueba_18.avi
cara guardada en /0_2022-10-24_18:18:06.873739.avi_57.319941997528076.jpg con esta confidence:0.9524355
cara encontrada en: /var/www/html/reconocimientoFacial/proyecto_definitivo/admin/files/videos_registro_videos/1_otraprueba_18.avi
cara guardada en /0_2022-10-24_18:18:07.050576.avi_57.49678039550781.jpg con esta confidence:0.92737484
cara encontrada en: /var/www/html/reconocimientoFacial/proyecto_definitivo/admin/files/videos_registro_videos/1_otraprueba_18.avi
cara guardada en /0_2022-10-24_18:18:07.359935.avi_57.80613946914673.jpg con esta confidence:0.88368076
cara encontrada en: /var/www/html/reconocimientoFacial/proyecto_definitivo/admin/files/videos_registro_videos/1_otraprueba_18.avi
cara guardada en /0_2022-10-24_18:18:07.461699.avi_57.90790271759033.jpg con esta confidence:0.877972
voy(18) leyendo el video..
tenemos(18) frame k lo guardo ..
voy(18) leyendo el video..
tenemos(18) frame k lo guardo ..
cara encontrada en: /var/www/html/reconocimientoFacial/proyecto_definitivo/admin/files/videos_registro_videos/1_otraprueba_18.avi
cara guardada en /0_2022-10-24_18:18:10.384044.avi_60.830244064331055.jpg con esta confidence:0.99998236
cara encontrada en: /var/www/html/reconocimientoFacial/proyecto_definitivo/admin/files/videos_registro_videos/1_otraprueba_18.avi
cara guardada en /0_2022-10-24_18:18:10.507486.avi_60.95368814468384.jpg con esta confidence:0.9999273
cara encontrada en: /var/www/html/reconocimientoFacial/proyecto_definitivo/admin/files/videos_registro_videos/1_otraprueba_18.avi
cara guardada en /0_2022-10-24_18:18:10.603656.avi_61.04985952377319.jpg con esta confidence:0.9994885
cara encontrada en: /var/www/html/reconocimientoFacial/proyecto_definitivo/admin/files/videos_registro_videos/1_otraprueba_18.avi
cara guardada en /0_2022-10-24_18:18:10.984707.avi_61.43091011047363.jpg con esta confidence:0.9983065
cara encontrada en: /var/www/html/reconocimientoFacial/proyecto_definitivo/admin/files/videos_registro_videos/1_otraprueba_18.avi
cara guardada en /0_2022-10-24_18:18:11.185304.avi_61.631505489349365.jpg con esta confidence:0.99718237
cara encontrada en: /var/www/html/reconocimientoFacial/proyecto_definitivo/admin/files/videos_registro_videos/1_otraprueba_18.avi
cara guardada en /0_2022-10-24_18:18:11.354339.avi_61.80054044723511.jpg con esta confidence:0.9957644
cara encontrada en: /var/www/html/reconocimientoFacial/proyecto_definitivo/admin/files/videos_registro_videos/1_otraprueba_18.avi
cara guardada en /0_2022-10-24_18:18:11.499389.avi_61.94559168815613.jpg con esta confidence:0.97831213
cara encontrada en: /var/www/html/reconocimientoFacial/proyecto_definitivo/admin/files/videos_registro_videos/1_otraprueba_18.avi
cara guardada en /0_2022-10-24_18:18:11.653118.avi_62.09932088851929.jpg con esta confidence:0.96316946
cara encontrada en: /var/www/html/reconocimientoFacial/proyecto_definitivo/admin/files/videos_registro_videos/1_otraprueba_18.avi
cara guardada en /0_2022-10-24_18:18:11.863481.avi_62.30968451499939.jpg con esta confidence:0.9597155
cara encontrada en: /var/www/html/reconocimientoFacial/proyecto_definitivo/admin/files/videos_registro_videos/1_otraprueba_18.avi
cara guardada en /0_2022-10-24_18:18:12.012434.avi_62.458637952804565.jpg con esta confidence:0.91254646
cara encontrada en: /var/www/html/reconocimientoFacial/proyecto_definitivo/admin/files/videos_registro_videos/1_otraprueba_18.avi
cara guardada en /0_2022-10-24_18:18:12.123484.avi_62.56968832015991.jpg con esta confidence:0.8729225
voy(18) leyendo el video..
tenemos(18) frame k lo guardo ..
voy(18) leyendo el video..
tenemos(18) frame k lo guardo ..
cara encontrada en: /var/www/html/reconocimientoFacial/proyecto_definitivo/admin/files/videos_registro_videos/1_otraprueba_18.avi
cara guardada en /0_2022-10-24_18:18:15.372882.avi_65.81908512115479.jpg con esta confidence:0.9999682
cara encontrada en: /var/www/html/reconocimientoFacial/proyecto_definitivo/admin/files/videos_registro_videos/1_otraprueba_18.avi
cara guardada en /0_2022-10-24_18:18:15.475780.avi_65.92198395729065.jpg con esta confidence:0.9998735
cara encontrada en: /var/www/html/reconocimientoFacial/proyecto_definitivo/admin/files/videos_registro_videos/1_otraprueba_18.avi
cara guardada en /0_2022-10-24_18:18:15.630952.avi_66.07715582847595.jpg con esta confidence:0.99961287
cara encontrada en: /var/www/html/reconocimientoFacial/proyecto_definitivo/admin/files/videos_registro_videos/1_otraprueba_18.avi
cara guardada en /0_2022-10-24_18:18:15.765950.avi_66.21215200424194.jpg con esta confidence:0.9984547
cara encontrada en: /var/www/html/reconocimientoFacial/proyecto_definitivo/admin/files/videos_registro_videos/1_otraprueba_18.avi
cara guardada en /0_2022-10-24_18:18:15.794020.avi_66.24022340774536.jpg con esta confidence:0.99479514
cara encontrada en: /var/www/html/reconocimientoFacial/proyecto_definitivo/admin/files/videos_registro_videos/1_otraprueba_18.avi
cara guardada en /0_2022-10-24_18:18:15.852172.avi_66.29837560653687.jpg con esta confidence:0.9791868
cara encontrada en: /var/www/html/reconocimientoFacial/proyecto_definitivo/admin/files/videos_registro_videos/1_otraprueba_18.avi
cara guardada en /0_2022-10-24_18:18:15.885786.avi_66.33199000358582.jpg con esta confidence:0.9705018
cara encontrada en: /var/www/html/reconocimientoFacial/proyecto_definitivo/admin/files/videos_registro_videos/1_otraprueba_18.avi
cara guardada en /0_2022-10-24_18:18:16.016494.avi_66.46269750595093.jpg con esta confidence:0.9635402
cara encontrada en: /var/www/html/reconocimientoFacial/proyecto_definitivo/admin/files/videos_registro_videos/1_otraprueba_18.avi
cara guardada en /0_2022-10-24_18:18:16.181053.avi_66.62725615501404.jpg con esta confidence:0.9274191
cara encontrada en: /var/www/html/reconocimientoFacial/proyecto_definitivo/admin/files/videos_registro_videos/1_otraprueba_18.avi
cara guardada en /0_2022-10-24_18:18:16.360234.avi_66.80643820762634.jpg con esta confidence:0.8670212
voy(18) leyendo el video..
tenemos(18) frame k lo guardo ..
voy(18) leyendo el video..
tenemos(18) frame k lo guardo ..
cara encontrada en: /var/www/html/reconocimientoFacial/proyecto_definitivo/admin/files/videos_registro_videos/1_otraprueba_18.avi
cara guardada en /0_2022-10-24_18:18:19.176456.avi_69.62265992164612.jpg con esta confidence:0.9998259
cara encontrada en: /var/www/html/reconocimientoFacial/proyecto_definitivo/admin/files/videos_registro_videos/1_otraprueba_18.avi
cara guardada en /0_2022-10-24_18:18:19.271238.avi_69.71743893623352.jpg con esta confidence:0.9995813
cara encontrada en: /var/www/html/reconocimientoFacial/proyecto_definitivo/admin/files/videos_registro_videos/1_otraprueba_18.avi
cara guardada en /0_2022-10-24_18:18:19.467562.avi_69.91376543045044.jpg con esta confidence:0.99953604
cara encontrada en: /var/www/html/reconocimientoFacial/proyecto_definitivo/admin/files/videos_registro_videos/1_otraprueba_18.avi
cara guardada en /0_2022-10-24_18:18:19.496354.avi_69.94255828857422.jpg con esta confidence:0.99873716
cara encontrada en: /var/www/html/reconocimientoFacial/proyecto_definitivo/admin/files/videos_registro_videos/1_otraprueba_18.avi
cara guardada en /0_2022-10-24_18:18:19.840318.avi_70.28652119636536.jpg con esta confidence:0.9783856
cara encontrada en: /var/www/html/reconocimientoFacial/proyecto_definitivo/admin/files/videos_registro_videos/1_otraprueba_18.avi
cara guardada en /0_2022-10-24_18:18:21.045739.avi_71.49194264411926.jpg con esta confidence:0.9626184
cara encontrada en: /var/www/html/reconocimientoFacial/proyecto_definitivo/admin/files/videos_registro_videos/1_otraprueba_18.avi
cara guardada en /0_2022-10-24_18:18:21.194779.avi_71.6409821510315.jpg con esta confidence:0.9599194
cara encontrada en: /var/www/html/reconocimientoFacial/proyecto_definitivo/admin/files/videos_registro_videos/1_otraprueba_18.avi
cara guardada en /0_2022-10-24_18:18:21.244140.avi_71.69034457206726.jpg con esta confidence:0.8590918
cara encontrada en: /var/www/html/reconocimientoFacial/proyecto_definitivo/admin/files/videos_registro_videos/1_otraprueba_18.avi
cara guardada en /0_2022-10-24_18:18:21.311216.avi_71.7574200630188.jpg con esta confidence:0.8579228
cara encontrada en: /var/www/html/reconocimientoFacial/proyecto_definitivo/admin/files/videos_registro_videos/1_otraprueba_18.avi
cara guardada en /0_2022-10-24_18:18:21.399614.avi_71.8458182811737.jpg con esta confidence:0.803291
cara encontrada en: /var/www/html/reconocimientoFacial/proyecto_definitivo/admin/files/videos_registro_videos/1_otraprueba_18.avi
cara guardada en /0_2022-10-24_18:18:21.729521.avi_72.17572450637817.jpg con esta confidence:0.7036567
cara encontrada en: /var/www/html/reconocimientoFacial/proyecto_definitivo/admin/files/videos_registro_videos/1_otraprueba_18.avi
cara guardada en /0_2022-10-24_18:18:21.911651.avi_72.35785460472107.jpg con esta confidence:0.6977815
voy(18) leyendo el video..
tenemos(18) frame k lo guardo ..
voy(18) leyendo el video..
tenemos(18) frame k lo guardo ..
cara encontrada en: /var/www/html/reconocimientoFacial/proyecto_definitivo/admin/files/videos_registro_videos/1_otraprueba_18.avi
cara guardada en /0_2022-10-24_18:18:25.205283.avi_75.65148615837097.jpg con esta confidence:0.99980825
cara encontrada en: /var/www/html/reconocimientoFacial/proyecto_definitivo/admin/files/videos_registro_videos/1_otraprueba_18.avi
cara guardada en /0_2022-10-24_18:18:25.385143.avi_75.83134603500366.jpg con esta confidence:0.99955624
cara encontrada en: /var/www/html/reconocimientoFacial/proyecto_definitivo/admin/files/videos_registro_videos/1_otraprueba_18.avi
cara guardada en /0_2022-10-24_18:18:25.602724.avi_76.04892706871033.jpg con esta confidence:0.99148035
cara encontrada en: /var/www/html/reconocimientoFacial/proyecto_definitivo/admin/files/videos_registro_videos/1_otraprueba_18.avi
cara guardada en /0_2022-10-24_18:18:25.779904.avi_76.2261061668396.jpg con esta confidence:0.98877525
cara encontrada en: /var/www/html/reconocimientoFacial/proyecto_definitivo/admin/files/videos_registro_videos/1_otraprueba_18.avi
cara guardada en /0_2022-10-24_18:18:25.905540.avi_76.35174441337585.jpg con esta confidence:0.9821876
cara encontrada en: /var/www/html/reconocimientoFacial/proyecto_definitivo/admin/files/videos_registro_videos/1_otraprueba_18.avi
cara guardada en /0_2022-10-24_18:18:26.004038.avi_76.4502420425415.jpg con esta confidence:0.97855544
cara encontrada en: /var/www/html/reconocimientoFacial/proyecto_definitivo/admin/files/videos_registro_videos/1_otraprueba_18.avi
cara guardada en /0_2022-10-24_18:18:26.065037.avi_76.5112407207489.jpg con esta confidence:0.97471786
cara encontrada en: /var/www/html/reconocimientoFacial/proyecto_definitivo/admin/files/videos_registro_videos/1_otraprueba_18.avi
cara guardada en /0_2022-10-24_18:18:26.279394.avi_76.72559762001038.jpg con esta confidence:0.96030873
cara encontrada en: /var/www/html/reconocimientoFacial/proyecto_definitivo/admin/files/videos_registro_videos/1_otraprueba_18.avi
cara guardada en /0_2022-10-24_18:18:26.371417.avi_76.81762027740479.jpg con esta confidence:0.7900572
cara encontrada en: /var/www/html/reconocimientoFacial/proyecto_definitivo/admin/files/videos_registro_videos/1_otraprueba_18.avi
cara guardada en /0_2022-10-24_18:18:26.614949.avi_77.06115341186523.jpg con esta confidence:0.6807126
voy(18) leyendo el video..
tenemos(18) frame k lo guardo ..
voy(18) leyendo el video..
tenemos(18) frame k lo guardo ..
cara encontrada en: /var/www/html/reconocimientoFacial/proyecto_definitivo/admin/files/videos_registro_videos/1_otraprueba_18.avi
cara guardada en /0_2022-10-24_18:18:29.794012.avi_80.24021482467651.jpg con esta confidence:0.9996412
cara encontrada en: /var/www/html/reconocimientoFacial/proyecto_definitivo/admin/files/videos_registro_videos/1_otraprueba_18.avi
cara guardada en /0_2022-10-24_18:18:29.894564.avi_80.34076762199402.jpg con esta confidence:0.9993494
cara encontrada en: /var/www/html/reconocimientoFacial/proyecto_definitivo/admin/files/videos_registro_videos/1_otraprueba_18.avi
cara guardada en /0_2022-10-24_18:18:30.012895.avi_80.45909881591797.jpg con esta confidence:0.99265105
cara encontrada en: /var/www/html/reconocimientoFacial/proyecto_definitivo/admin/files/videos_registro_videos/1_otraprueba_18.avi
cara guardada en /0_2022-10-24_18:18:30.117305.avi_80.56350612640381.jpg con esta confidence:0.9864587
cara encontrada en: /var/www/html/reconocimientoFacial/proyecto_definitivo/admin/files/videos_registro_videos/1_otraprueba_18.avi
cara guardada en /0_2022-10-24_18:18:30.202706.avi_80.64890956878662.jpg con esta confidence:0.9744581
cara encontrada en: /var/www/html/reconocimientoFacial/proyecto_definitivo/admin/files/videos_registro_videos/1_otraprueba_18.avi
cara guardada en /0_2022-10-24_18:18:30.237249.avi_80.68345308303833.jpg con esta confidence:0.9712503
cara encontrada en: /var/www/html/reconocimientoFacial/proyecto_definitivo/admin/files/videos_registro_videos/1_otraprueba_18.avi
cara guardada en /0_2022-10-24_18:18:30.428912.avi_80.87511539459229.jpg con esta confidence:0.9467834
cara encontrada en: /var/www/html/reconocimientoFacial/proyecto_definitivo/admin/files/videos_registro_videos/1_otraprueba_18.avi
cara guardada en /0_2022-10-24_18:18:30.570613.avi_81.01681160926819.jpg con esta confidence:0.9274626
cara encontrada en: /var/www/html/reconocimientoFacial/proyecto_definitivo/admin/files/videos_registro_videos/1_otraprueba_18.avi
cara guardada en /0_2022-10-24_18:18:30.772138.avi_81.21834111213684.jpg con esta confidence:0.779358
voy(18) leyendo el video..
tenemos(18) frame k lo guardo ..
voy(18) leyendo el video..
tenemos(18) frame k lo guardo ..
cara encontrada en: /var/www/html/reconocimientoFacial/proyecto_definitivo/admin/files/videos_registro_videos/1_otraprueba_18.avi
cara guardada en /0_2022-10-24_18:18:34.484967.avi_84.93117022514343.jpg con esta confidence:0.9995023
cara encontrada en: /var/www/html/reconocimientoFacial/proyecto_definitivo/admin/files/videos_registro_videos/1_otraprueba_18.avi
cara guardada en /0_2022-10-24_18:18:34.849592.avi_85.29579591751099.jpg con esta confidence:0.9992949
cara encontrada en: /var/www/html/reconocimientoFacial/proyecto_definitivo/admin/files/videos_registro_videos/1_otraprueba_18.avi
cara guardada en /0_2022-10-24_18:18:34.974887.avi_85.42108988761902.jpg con esta confidence:0.97951734
cara encontrada en: /var/www/html/reconocimientoFacial/proyecto_definitivo/admin/files/videos_registro_videos/1_otraprueba_18.avi
cara guardada en /0_2022-10-24_18:18:35.142000.avi_85.58820295333862.jpg con esta confidence:0.979494
cara encontrada en: /var/www/html/reconocimientoFacial/proyecto_definitivo/admin/files/videos_registro_videos/1_otraprueba_18.avi
cara guardada en /0_2022-10-24_18:18:35.384881.avi_85.83108448982239.jpg con esta confidence:0.97515047
cara encontrada en: /var/www/html/reconocimientoFacial/proyecto_definitivo/admin/files/videos_registro_videos/1_otraprueba_18.avi
cara guardada en /0_2022-10-24_18:18:35.691865.avi_86.13806796073914.jpg con esta confidence:0.9706754
cara encontrada en: /var/www/html/reconocimientoFacial/proyecto_definitivo/admin/files/videos_registro_videos/1_otraprueba_18.avi
cara guardada en /0_2022-10-24_18:18:35.846958.avi_86.29316115379333.jpg con esta confidence:0.95890355
cara encontrada en: /var/www/html/reconocimientoFacial/proyecto_definitivo/admin/files/videos_registro_videos/1_otraprueba_18.avi
cara guardada en /0_2022-10-24_18:18:35.964186.avi_86.41038942337036.jpg con esta confidence:0.89084256
cara encontrada en: /var/www/html/reconocimientoFacial/proyecto_definitivo/admin/files/videos_registro_videos/1_otraprueba_18.avi
cara guardada en /0_2022-10-24_18:18:36.169844.avi_86.61604762077332.jpg con esta confidence:0.7830852
voy(18) leyendo el video..
tenemos(18) frame k lo guardo ..
voy(18) leyendo el video..
tenemos(18) frame k lo guardo ..
cara encontrada en: /var/www/html/reconocimientoFacial/proyecto_definitivo/admin/files/videos_registro_videos/1_otraprueba_18.avi
cara guardada en /0_2022-10-24_18:18:39.315389.avi_89.76159167289734.jpg con esta confidence:0.9996784
cara encontrada en: /var/www/html/reconocimientoFacial/proyecto_definitivo/admin/files/videos_registro_videos/1_otraprueba_18.avi
cara guardada en /0_2022-10-24_18:18:39.460838.avi_89.9070405960083.jpg con esta confidence:0.99926645
cara encontrada en: /var/www/html/reconocimientoFacial/proyecto_definitivo/admin/files/videos_registro_videos/1_otraprueba_18.avi
cara guardada en /0_2022-10-24_18:18:39.757702.avi_90.2039053440094.jpg con esta confidence:0.99523985
cara encontrada en: /var/www/html/reconocimientoFacial/proyecto_definitivo/admin/files/videos_registro_videos/1_otraprueba_18.avi
cara guardada en /0_2022-10-24_18:18:39.910342.avi_90.3565456867218.jpg con esta confidence:0.98952603
cara encontrada en: /var/www/html/reconocimientoFacial/proyecto_definitivo/admin/files/videos_registro_videos/1_otraprueba_18.avi
cara guardada en /0_2022-10-24_18:18:40.124741.avi_90.5709445476532.jpg con esta confidence:0.9731977
cara encontrada en: /var/www/html/reconocimientoFacial/proyecto_definitivo/admin/files/videos_registro_videos/1_otraprueba_18.avi
cara guardada en /0_2022-10-24_18:18:40.270809.avi_90.71701264381409.jpg con esta confidence:0.95775455
cara encontrada en: /var/www/html/reconocimientoFacial/proyecto_definitivo/admin/files/videos_registro_videos/1_otraprueba_18.avi
cara guardada en /0_2022-10-24_18:18:40.560967.avi_91.00717067718506.jpg con esta confidence:0.9434992
cara encontrada en: /var/www/html/reconocimientoFacial/proyecto_definitivo/admin/files/videos_registro_videos/1_otraprueba_18.avi
cara guardada en /0_2022-10-24_18:18:40.694585.avi_91.14078855514526.jpg con esta confidence:0.88487995
cara encontrada en: /var/www/html/reconocimientoFacial/proyecto_definitivo/admin/files/videos_registro_videos/1_otraprueba_18.avi
cara guardada en /0_2022-10-24_18:18:40.998702.avi_91.4449052810669.jpg con esta confidence:0.72004426
cara encontrada en: /var/www/html/reconocimientoFacial/proyecto_definitivo/admin/files/videos_registro_videos/1_otraprueba_18.avi
cara guardada en /0_2022-10-24_18:18:41.088244.avi_91.53444910049438.jpg con esta confidence:0.70343953
voy(18) leyendo el video..
tenemos(18) frame k lo guardo ..
voy(18) leyendo el video..
tenemos(18) frame k lo guardo ..
cara encontrada en: /var/www/html/reconocimientoFacial/proyecto_definitivo/admin/files/videos_registro_videos/1_otraprueba_18.avi
cara guardada en /0_2022-10-24_18:18:43.682885.avi_94.1290864944458.jpg con esta confidence:0.99924624
cara encontrada en: /var/www/html/reconocimientoFacial/proyecto_definitivo/admin/files/videos_registro_videos/1_otraprueba_18.avi
cara guardada en /0_2022-10-24_18:18:43.850297.avi_94.29649543762207.jpg con esta confidence:0.9990664
cara encontrada en: /var/www/html/reconocimientoFacial/proyecto_definitivo/admin/files/videos_registro_videos/1_otraprueba_18.avi
cara guardada en /0_2022-10-24_18:18:44.030527.avi_94.47673082351685.jpg con esta confidence:0.9983449
cara encontrada en: /var/www/html/reconocimientoFacial/proyecto_definitivo/admin/files/videos_registro_videos/1_otraprueba_18.avi
cara guardada en /0_2022-10-24_18:18:44.236569.avi_94.68277311325073.jpg con esta confidence:0.99732876
cara encontrada en: /var/www/html/reconocimientoFacial/proyecto_definitivo/admin/files/videos_registro_videos/1_otraprueba_18.avi
cara guardada en /0_2022-10-24_18:18:44.459653.avi_94.9058563709259.jpg con esta confidence:0.98207676
cara encontrada en: /var/www/html/reconocimientoFacial/proyecto_definitivo/admin/files/videos_registro_videos/1_otraprueba_18.avi
cara guardada en /0_2022-10-24_18:18:44.659205.avi_95.10540652275085.jpg con esta confidence:0.9044065
cara encontrada en: /var/www/html/reconocimientoFacial/proyecto_definitivo/admin/files/videos_registro_videos/1_otraprueba_18.avi
cara guardada en /0_2022-10-24_18:18:44.808530.avi_95.25473403930664.jpg con esta confidence:0.8949913
cara encontrada en: /var/www/html/reconocimientoFacial/proyecto_definitivo/admin/files/videos_registro_videos/1_otraprueba_18.avi
cara guardada en /0_2022-10-24_18:18:45.150710.avi_95.59691333770752.jpg con esta confidence:0.8147774
voy(18) leyendo el video..
tenemos(18) frame k lo guardo ..
voy(18) leyendo el video..
tenemos(18) frame k lo guardo ..
cara encontrada en: /var/www/html/reconocimientoFacial/proyecto_definitivo/admin/files/videos_registro_videos/1_otraprueba_18.avi
cara guardada en /0_2022-10-24_18:18:48.723269.avi_99.1694724559784.jpg con esta confidence:0.9995535
cara encontrada en: /var/www/html/reconocimientoFacial/proyecto_definitivo/admin/files/videos_registro_videos/1_otraprueba_18.avi
cara guardada en /0_2022-10-24_18:18:49.405695.avi_99.85189986228943.jpg con esta confidence:0.9986267
cara encontrada en: /var/www/html/reconocimientoFacial/proyecto_definitivo/admin/files/videos_registro_videos/1_otraprueba_18.avi
cara guardada en /0_2022-10-24_18:18:49.501458.avi_99.94766139984131.jpg con esta confidence:0.99763966
cara encontrada en: /var/www/html/reconocimientoFacial/proyecto_definitivo/admin/files/videos_registro_videos/1_otraprueba_18.avi
cara guardada en /0_2022-10-24_18:18:49.632296.avi_100.07850003242493.jpg con esta confidence:0.99497813
cara encontrada en: /var/www/html/reconocimientoFacial/proyecto_definitivo/admin/files/videos_registro_videos/1_otraprueba_18.avi
cara guardada en /0_2022-10-24_18:18:49.819243.avi_100.26544761657715.jpg con esta confidence:0.9947178
cara encontrada en: /var/www/html/reconocimientoFacial/proyecto_definitivo/admin/files/videos_registro_videos/1_otraprueba_18.avi
cara guardada en /0_2022-10-24_18:18:50.073769.avi_100.5199728012085.jpg con esta confidence:0.95165396
cara encontrada en: /var/www/html/reconocimientoFacial/proyecto_definitivo/admin/files/videos_registro_videos/1_otraprueba_18.avi
cara guardada en /0_2022-10-24_18:18:50.155413.avi_100.6016173362732.jpg con esta confidence:0.90280795
cara encontrada en: /var/www/html/reconocimientoFacial/proyecto_definitivo/admin/files/videos_registro_videos/1_otraprueba_18.avi
cara guardada en /0_2022-10-24_18:18:50.306865.avi_100.75306844711304.jpg con esta confidence:0.84407145
voy(18) leyendo el video..
tenemos(18) frame k lo guardo ..
voy(18) leyendo el video..
tenemos(18) frame k lo guardo ..
cara encontrada en: /var/www/html/reconocimientoFacial/proyecto_definitivo/admin/files/videos_registro_videos/1_otraprueba_18.avi
cara guardada en /0_2022-10-24_18:18:53.383585.avi_103.82978844642639.jpg con esta confidence:0.9998802
cara encontrada en: /var/www/html/reconocimientoFacial/proyecto_definitivo/admin/files/videos_registro_videos/1_otraprueba_18.avi
cara guardada en /0_2022-10-24_18:18:53.521626.avi_103.96782994270325.jpg con esta confidence:0.99910957
cara encontrada en: /var/www/html/reconocimientoFacial/proyecto_definitivo/admin/files/videos_registro_videos/1_otraprueba_18.avi
cara guardada en /0_2022-10-24_18:18:53.672884.avi_104.1190824508667.jpg con esta confidence:0.9990965
cara encontrada en: /var/www/html/reconocimientoFacial/proyecto_definitivo/admin/files/videos_registro_videos/1_otraprueba_18.avi
cara guardada en /0_2022-10-24_18:18:53.787266.avi_104.23346853256226.jpg con esta confidence:0.99399227
cara encontrada en: /var/www/html/reconocimientoFacial/proyecto_definitivo/admin/files/videos_registro_videos/1_otraprueba_18.avi
cara guardada en /0_2022-10-24_18:18:54.003001.avi_104.4492039680481.jpg con esta confidence:0.98813397
cara encontrada en: /var/www/html/reconocimientoFacial/proyecto_definitivo/admin/files/videos_registro_videos/1_otraprueba_18.avi
cara guardada en /0_2022-10-24_18:18:54.442599.avi_104.88880276679993.jpg con esta confidence:0.98437923
cara encontrada en: /var/www/html/reconocimientoFacial/proyecto_definitivo/admin/files/videos_registro_videos/1_otraprueba_18.avi
cara guardada en /0_2022-10-24_18:18:54.556292.avi_105.00249552726746.jpg con esta confidence:0.9578033
cara encontrada en: /var/www/html/reconocimientoFacial/proyecto_definitivo/admin/files/videos_registro_videos/1_otraprueba_18.avi
cara guardada en /0_2022-10-24_18:18:54.681529.avi_105.12773180007935.jpg con esta confidence:0.9387265
cara encontrada en: /var/www/html/reconocimientoFacial/proyecto_definitivo/admin/files/videos_registro_videos/1_otraprueba_18.avi
cara guardada en /0_2022-10-24_18:18:54.758927.avi_105.2051305770874.jpg con esta confidence:0.8412427
voy(18) leyendo el video..
tenemos(18) frame k lo guardo ..
voy(18) leyendo el video..
tenemos(18) frame k lo guardo ..
cara encontrada en: /var/www/html/reconocimientoFacial/proyecto_definitivo/admin/files/videos_registro_videos/1_otraprueba_18.avi
cara guardada en /0_2022-10-24_18:18:57.611354.avi_108.05755710601807.jpg con esta confidence:0.99980193
cara encontrada en: /var/www/html/reconocimientoFacial/proyecto_definitivo/admin/files/videos_registro_videos/1_otraprueba_18.avi
cara guardada en /0_2022-10-24_18:18:57.786405.avi_108.23260879516602.jpg con esta confidence:0.9990901
cara encontrada en: /var/www/html/reconocimientoFacial/proyecto_definitivo/admin/files/videos_registro_videos/1_otraprueba_18.avi
cara guardada en /0_2022-10-24_18:18:57.848391.avi_108.29459476470947.jpg con esta confidence:0.9961217
cara encontrada en: /var/www/html/reconocimientoFacial/proyecto_definitivo/admin/files/videos_registro_videos/1_otraprueba_18.avi
cara guardada en /0_2022-10-24_18:18:58.100657.avi_108.54685831069946.jpg con esta confidence:0.98749185
cara encontrada en: /var/www/html/reconocimientoFacial/proyecto_definitivo/admin/files/videos_registro_videos/1_otraprueba_18.avi
cara guardada en /0_2022-10-24_18:18:58.200468.avi_108.64667177200317.jpg con esta confidence:0.9857061
cara encontrada en: /var/www/html/reconocimientoFacial/proyecto_definitivo/admin/files/videos_registro_videos/1_otraprueba_18.avi
cara guardada en /0_2022-10-24_18:18:58.239480.avi_108.6856837272644.jpg con esta confidence:0.971731
cara encontrada en: /var/www/html/reconocimientoFacial/proyecto_definitivo/admin/files/videos_registro_videos/1_otraprueba_18.avi
cara guardada en /0_2022-10-24_18:18:58.371020.avi_108.81722450256348.jpg con esta confidence:0.9708975
cara encontrada en: /var/www/html/reconocimientoFacial/proyecto_definitivo/admin/files/videos_registro_videos/1_otraprueba_18.avi
cara guardada en /0_2022-10-24_18:18:58.467710.avi_108.91391396522522.jpg con esta confidence:0.89577293
cara encontrada en: /var/www/html/reconocimientoFacial/proyecto_definitivo/admin/files/videos_registro_videos/1_otraprueba_18.avi
cara guardada en /0_2022-10-24_18:18:58.523987.avi_108.97019004821777.jpg con esta confidence:0.80936587
voy(18) leyendo el video..
tenemos(18) frame k lo guardo ..
voy(18) leyendo el video..
tenemos(18) frame k lo guardo ..
cara encontrada en: /var/www/html/reconocimientoFacial/proyecto_definitivo/admin/files/videos_registro_videos/1_otraprueba_18.avi
cara guardada en /0_2022-10-24_18:19:01.060536.avi_111.50673961639404.jpg con esta confidence:0.9998692
cara encontrada en: /var/www/html/reconocimientoFacial/proyecto_definitivo/admin/files/videos_registro_videos/1_otraprueba_18.avi
cara guardada en /0_2022-10-24_18:19:01.213590.avi_111.65979290008545.jpg con esta confidence:0.99924445
cara encontrada en: /var/www/html/reconocimientoFacial/proyecto_definitivo/admin/files/videos_registro_videos/1_otraprueba_18.avi
cara guardada en /0_2022-10-24_18:19:01.245657.avi_111.69185996055603.jpg con esta confidence:0.9969717
cara encontrada en: /var/www/html/reconocimientoFacial/proyecto_definitivo/admin/files/videos_registro_videos/1_otraprueba_18.avi
cara guardada en /0_2022-10-24_18:19:01.267944.avi_111.71414804458618.jpg con esta confidence:0.9881699
cara encontrada en: /var/www/html/reconocimientoFacial/proyecto_definitivo/admin/files/videos_registro_videos/1_otraprueba_18.avi
cara guardada en /0_2022-10-24_18:19:01.285317.avi_111.73152136802673.jpg con esta confidence:0.9854761
cara encontrada en: /var/www/html/reconocimientoFacial/proyecto_definitivo/admin/files/videos_registro_videos/1_otraprueba_18.avi
cara guardada en /0_2022-10-24_18:19:01.367247.avi_111.81345129013062.jpg con esta confidence:0.9817899
cara encontrada en: /var/www/html/reconocimientoFacial/proyecto_definitivo/admin/files/videos_registro_videos/1_otraprueba_18.avi
cara guardada en /0_2022-10-24_18:19:01.411002.avi_111.85720610618591.jpg con esta confidence:0.9809868
cara encontrada en: /var/www/html/reconocimientoFacial/proyecto_definitivo/admin/files/videos_registro_videos/1_otraprueba_18.avi
cara guardada en /0_2022-10-24_18:19:01.521335.avi_111.96753883361816.jpg con esta confidence:0.9199345
cara encontrada en: /var/www/html/reconocimientoFacial/proyecto_definitivo/admin/files/videos_registro_videos/1_otraprueba_18.avi
cara guardada en /0_2022-10-24_18:19:01.691040.avi_112.1372435092926.jpg con esta confidence:0.8487652
voy(18) leyendo el video..
tenemos(18) frame k lo guardo ..
voy(18) leyendo el video..
tenemos(18) frame k lo guardo ..
cara encontrada en: /var/www/html/reconocimientoFacial/proyecto_definitivo/admin/files/videos_registro_videos/1_otraprueba_18.avi
cara guardada en /0_2022-10-24_18:19:03.372112.avi_113.81831622123718.jpg con esta confidence:0.9998037
cara encontrada en: /var/www/html/reconocimientoFacial/proyecto_definitivo/admin/files/videos_registro_videos/1_otraprueba_18.avi
cara guardada en /0_2022-10-24_18:19:03.640560.avi_114.08676338195801.jpg con esta confidence:0.9991742
cara encontrada en: /var/www/html/reconocimientoFacial/proyecto_definitivo/admin/files/videos_registro_videos/1_otraprueba_18.avi
cara guardada en /0_2022-10-24_18:19:03.817821.avi_114.26402425765991.jpg con esta confidence:0.9979159
cara encontrada en: /var/www/html/reconocimientoFacial/proyecto_definitivo/admin/files/videos_registro_videos/1_otraprueba_18.avi
cara guardada en /0_2022-10-24_18:19:03.937389.avi_114.38359022140503.jpg con esta confidence:0.9911159
cara encontrada en: /var/www/html/reconocimientoFacial/proyecto_definitivo/admin/files/videos_registro_videos/1_otraprueba_18.avi
cara guardada en /0_2022-10-24_18:19:04.040996.avi_114.4871985912323.jpg con esta confidence:0.97822326
cara encontrada en: /var/www/html/reconocimientoFacial/proyecto_definitivo/admin/files/videos_registro_videos/1_otraprueba_18.avi
cara guardada en /0_2022-10-24_18:19:04.100518.avi_114.5467221736908.jpg con esta confidence:0.97293586
cara encontrada en: /var/www/html/reconocimientoFacial/proyecto_definitivo/admin/files/videos_registro_videos/1_otraprueba_18.avi
cara guardada en /0_2022-10-24_18:19:04.155235.avi_114.6014358997345.jpg con esta confidence:0.95794016
cara encontrada en: /var/www/html/reconocimientoFacial/proyecto_definitivo/admin/files/videos_registro_videos/1_otraprueba_18.avi
cara guardada en /0_2022-10-24_18:19:04.217889.avi_114.66409277915955.jpg con esta confidence:0.87959445
cara encontrada en: /var/www/html/reconocimientoFacial/proyecto_definitivo/admin/files/videos_registro_videos/1_otraprueba_18.avi
cara guardada en /0_2022-10-24_18:19:04.372709.avi_114.81891298294067.jpg con esta confidence:0.8763226
voy(18) leyendo el video..
tenemos(18) frame k lo guardo ..
voy(18) leyendo el video..
tenemos(18) frame k lo guardo ..
cara encontrada en: /var/www/html/reconocimientoFacial/proyecto_definitivo/admin/files/videos_registro_videos/1_otraprueba_18.avi
cara guardada en /0_2022-10-24_18:19:05.649161.avi_116.09536051750183.jpg con esta confidence:0.99988663
cara encontrada en: /var/www/html/reconocimientoFacial/proyecto_definitivo/admin/files/videos_registro_videos/1_otraprueba_18.avi
cara guardada en /0_2022-10-24_18:19:05.683029.avi_116.12923240661621.jpg con esta confidence:0.99908435
cara encontrada en: /var/www/html/reconocimientoFacial/proyecto_definitivo/admin/files/videos_registro_videos/1_otraprueba_18.avi
cara guardada en /0_2022-10-24_18:19:05.701635.avi_116.14783930778503.jpg con esta confidence:0.9990638
cara encontrada en: /var/www/html/reconocimientoFacial/proyecto_definitivo/admin/files/videos_registro_videos/1_otraprueba_18.avi
cara guardada en /0_2022-10-24_18:19:05.745864.avi_116.19206762313843.jpg con esta confidence:0.9938076
cara encontrada en: /var/www/html/reconocimientoFacial/proyecto_definitivo/admin/files/videos_registro_videos/1_otraprueba_18.avi
cara guardada en /0_2022-10-24_18:19:05.798396.avi_116.24459958076477.jpg con esta confidence:0.99208695
cara encontrada en: /var/www/html/reconocimientoFacial/proyecto_definitivo/admin/files/videos_registro_videos/1_otraprueba_18.avi
cara guardada en /0_2022-10-24_18:19:05.848479.avi_116.29468250274658.jpg con esta confidence:0.985532
cara encontrada en: /var/www/html/reconocimientoFacial/proyecto_definitivo/admin/files/videos_registro_videos/1_otraprueba_18.avi
cara guardada en /0_2022-10-24_18:19:05.900629.avi_116.34683322906494.jpg con esta confidence:0.9553443
cara encontrada en: /var/www/html/reconocimientoFacial/proyecto_definitivo/admin/files/videos_registro_videos/1_otraprueba_18.avi
cara guardada en /0_2022-10-24_18:19:05.939216.avi_116.38541889190674.jpg con esta confidence:0.9372425
cara encontrada en: /var/www/html/reconocimientoFacial/proyecto_definitivo/admin/files/videos_registro_videos/1_otraprueba_18.avi
cara guardada en /0_2022-10-24_18:19:05.972435.avi_116.41863894462585.jpg con esta confidence:0.8179833
voy(18) leyendo el video..
tenemos(18) frame k lo guardo ..
voy(18) leyendo el video..
Llego al final y remuevo el video!
Tiempo de analizar el video:117.11548280715942
