procesando...
php /var/www/html/reconocimientoFacial/proyecto_definitivo/ws.php listado_lineas 3
procesando...
procesando...
procesando...
php /var/www/html/reconocimientoFacial/proyecto_definitivo/ws.php listado_lineas 3
php /var/www/html/reconocimientoFacial/proyecto_definitivo/ws.php listado_lineas 3
php /var/www/html/reconocimientoFacial/proyecto_definitivo/ws.php listado_lineas 3
procesando...
procesando...
php /var/www/html/reconocimientoFacial/proyecto_definitivo/ws.php listado_lineas 3
php /var/www/html/reconocimientoFacial/proyecto_definitivo/ws.php listado_lineas 3
longitud lineas: 1
longitud lineas: 1
Sin lineas en la camara no hago nada
longitud lineas: 1
Sin lineas en la camara no hago nada
tenemos este video:/home/testuser/motor/videos/1/3/3_2022-11-07_13:06:21.230624.avi
tenemos este video:/home/testuser/motor/videos/1/3/3_2022-11-07_13:03:17.009289.avi
longitud lineas: 1
Sin lineas en la camara no hago nada
Sin lineas en la camara no hago nada
tenemos este video:/home/testuser/motor/videos/1/3/3_2022-11-07_13:45:42.303001.avi
tenemos este video:/home/testuser/motor/videos/1/3/3_2022-11-07_13:56:30.210627.avi
longitud lineas: 1
Sin lineas en la camara no hago nada
longitud lineas: 1
Sin lineas en la camara no hago nada
tenemos este video:/home/testuser/motor/videos/1/3/3_2022-11-07_12:56:31.981127.avi
tenemos este video:/home/testuser/motor/videos/1/3/3_2022-11-07_13:04:18.251630.avi
Llego al final!
Llego al final!
Llego al final!
Llego al final!
Llego al final!
procesando...
php /var/www/html/reconocimientoFacial/proyecto_definitivo/ws.php listado_lineas 3
procesando...
php /var/www/html/reconocimientoFacial/proyecto_definitivo/ws.php listado_lineas 3
longitud lineas: 1
Sin lineas en la camara no hago nada
tenemos este video:/home/testuser/motor/videos/1/3/3_2022-11-07_12:53:39.243862.avi
longitud lineas: 1
Sin lineas en la camara no hago nada
tenemos este video:/home/testuser/motor/videos/1/3/3_2022-11-07_12:49:11.684786.avi
procesando...
php /var/www/html/reconocimientoFacial/proyecto_definitivo/ws.php listado_lineas 3
procesando...
php /var/www/html/reconocimientoFacial/proyecto_definitivo/ws.php listado_lineas 3
longitud lineas: 1
Sin lineas en la camara no hago nada
tenemos este video:/home/testuser/motor/videos/1/3/3_2022-11-07_12:58:39.691128.avi
longitud lineas: 1
Sin lineas en la camara no hago nada
tenemos este video:/home/testuser/motor/videos/1/3/3_2022-11-07_14:52:54.719212.avi
procesando...
php /var/www/html/reconocimientoFacial/proyecto_definitivo/ws.php listado_lineas 3
longitud lineas: 1
Sin lineas en la camara no hago nada
tenemos este video:/home/testuser/motor/videos/1/3/3_2022-11-07_12:57:23.467774.avi
procesando...
php /var/www/html/reconocimientoFacial/proyecto_definitivo/ws.php listado_lineas 3
cara encontrada en: /home/testuser/motor/videos/1/3/3_2022-11-07_12:57:23.467774.avi
No se puede alinear
longitud lineas: 1
Sin lineas en la camara no hago nada
tenemos este video:/home/testuser/motor/videos/1/3/3_2022-11-07_14:59:19.273894.avi
cara guardada en /1/3/3_2022-11-07_12:57:23.467774.avi_0.47248220443725586.jpg con esta confidence:0.86431926
cara encontrada en: /home/testuser/motor/videos/1/3/3_2022-11-07_12:57:23.467774.avi
No se puede alinear
cara guardada en /1/3/3_2022-11-07_12:57:23.467774.avi_0.7718753814697266.jpg con esta confidence:0.8431155
procesando...
php /var/www/html/reconocimientoFacial/proyecto_definitivo/ws.php listado_lineas 3
longitud lineas: 1
Sin lineas en la camara no hago nada
tenemos este video:/home/testuser/motor/videos/1/3/3_2022-11-07_13:02:10.939590.avi
cara encontrada en: /home/testuser/motor/videos/1/3/3_2022-11-07_12:57:23.467774.avi
No se puede alinear
cara guardada en /1/3/3_2022-11-07_12:57:23.467774.avi_1.8688983917236328.jpg con esta confidence:0.86909217
cara encontrada en: /home/testuser/motor/videos/1/3/3_2022-11-07_12:57:23.467774.avi
No se puede alinear
cara guardada en /1/3/3_2022-11-07_12:57:23.467774.avi_2.3703603744506836.jpg con esta confidence:0.8571176
cara encontrada en: /home/testuser/motor/videos/1/3/3_2022-11-07_12:57:23.467774.avi
No se puede alinear
cara guardada en /1/3/3_2022-11-07_12:57:23.467774.avi_2.7621853351593018.jpg con esta confidence:0.738347
cara encontrada en: /home/testuser/motor/videos/1/3/3_2022-11-07_12:57:23.467774.avi
No se puede alinear
cara guardada en /1/3/3_2022-11-07_12:57:23.467774.avi_3.9935126304626465.jpg con esta confidence:0.8804924
cara encontrada en: /home/testuser/motor/videos/1/3/3_2022-11-07_12:57:23.467774.avi
No se puede alinear
cara guardada en /1/3/3_2022-11-07_12:57:23.467774.avi_4.465646743774414.jpg con esta confidence:0.7694552
Llego al final!
Llego al final!
Llego al final!
Llego al final!
Llego al final!
cara encontrada en: /home/testuser/motor/videos/1/3/3_2022-11-07_14:59:19.273894.avi
No se puede alinear
cara guardada en /1/3/3_2022-11-07_14:59:19.273894.avi_18.15679168701172.jpg con esta confidence:0.751584
cara encontrada en: /home/testuser/motor/videos/1/3/3_2022-11-07_13:02:10.939590.avi
No se puede alinear
cara guardada en /1/3/3_2022-11-07_13:02:10.939590.avi_24.438894987106323.jpg con esta confidence:0.6901564
cara encontrada en: /home/testuser/motor/videos/1/3/3_2022-11-07_13:02:10.939590.avi
No se puede alinear
cara guardada en /1/3/3_2022-11-07_13:02:10.939590.avi_24.544121026992798.jpg con esta confidence:0.69221574
cara encontrada en: /home/testuser/motor/videos/1/3/3_2022-11-07_13:02:10.939590.avi
No se puede alinear
cara guardada en /1/3/3_2022-11-07_13:02:10.939590.avi_24.660085439682007.jpg con esta confidence:0.7071097
Llego al final!
procesando...
php /var/www/html/reconocimientoFacial/proyecto_definitivo/ws.php listado_lineas 3
procesando...
php /var/www/html/reconocimientoFacial/proyecto_definitivo/ws.php listado_lineas 3
longitud lineas: 1
Sin lineas en la camara no hago nada
tenemos este video:/home/testuser/motor/videos/1/3/3_2022-11-07_13:49:13.698670.avi
procesando...
php /var/www/html/reconocimientoFacial/proyecto_definitivo/ws.php listado_lineas 3
longitud lineas: 1
Sin lineas en la camara no hago nada
tenemos este video:/home/testuser/motor/videos/1/3/3_2022-11-07_13:00:21.475736.avi
longitud lineas: 1
Sin lineas en la camara no hago nada
tenemos este video:/home/testuser/motor/videos/1/3/3_2022-11-07_12:58:56.761126.avi
procesando...
php /var/www/html/reconocimientoFacial/proyecto_definitivo/ws.php listado_lineas 3
procesando...
php /var/www/html/reconocimientoFacial/proyecto_definitivo/ws.php listado_lineas 3
procesando...
php /var/www/html/reconocimientoFacial/proyecto_definitivo/ws.php listado_lineas 3
procesando...
php /var/www/html/reconocimientoFacial/proyecto_definitivo/ws.php listado_lineas 3
longitud lineas: 1
Sin lineas en la camara no hago nada
tenemos este video:/home/testuser/motor/videos/1/3/3_2022-11-07_13:06:16.635089.avi
longitud lineas: 1
Sin lineas en la camara no hago nada
tenemos este video:/home/testuser/motor/videos/1/3/3_2022-11-07_13:07:07.573809.avi
longitud lineas: 1
Sin lineas en la camara no hago nada
tenemos este video:/home/testuser/motor/videos/1/3/3_2022-11-07_12:49:46.875548.avi
longitud lineas: 1
Sin lineas en la camara no hago nada
tenemos este video:/home/testuser/motor/videos/1/3/3_2022-11-07_13:43:28.339570.avi
procesando...
php /var/www/html/reconocimientoFacial/proyecto_definitivo/ws.php listado_lineas 3
procesando...
php /var/www/html/reconocimientoFacial/proyecto_definitivo/ws.php listado_lineas 3
procesando...
php /var/www/html/reconocimientoFacial/proyecto_definitivo/ws.php listado_lineas 3
longitud lineas: 1
Sin lineas en la camara no hago nada
tenemos este video:/home/testuser/motor/videos/1/3/3_2022-11-07_12:57:46.451852.avi
procesando...
php /var/www/html/reconocimientoFacial/proyecto_definitivo/ws.php listado_lineas 3
longitud lineas: 1
Sin lineas en la camara no hago nada
tenemos este video:/home/testuser/motor/videos/1/3/3_2022-11-07_13:42:34.702459.avi
longitud lineas: 1
Sin lineas en la camara no hago nada
tenemos este video:/home/testuser/motor/videos/1/3/3_2022-11-07_14:33:25.877280.avi
longitud lineas: 1
Sin lineas en la camara no hago nada
tenemos este video:/home/testuser/motor/videos/1/3/3_2022-11-07_13:12:34.008699.avi
procesando...
php /var/www/html/reconocimientoFacial/proyecto_definitivo/ws.php listado_lineas 3
procesando...
php /var/www/html/reconocimientoFacial/proyecto_definitivo/ws.php listado_lineas 3
longitud lineas: 1
Sin lineas en la camara no hago nada
tenemos este video:/home/testuser/motor/videos/1/3/3_2022-11-07_13:01:56.008474.avi
longitud lineas: 1
Sin lineas en la camara no hago nada
tenemos este video:/home/testuser/motor/videos/1/3/3_2022-11-07_13:14:33.892849.avi
