tenemos este video:/var/www/html/reconocimientoFacial/proyecto_definitivo/admin/files/videos_registro_videos/1_otraprueba_25.avi
voy(25) leyendo el video..
tenemos(25) frame k lo guardo ..
voy(25) leyendo el video..
tenemos(25) frame k lo guardo ..
cara encontrada en: /var/www/html/reconocimientoFacial/proyecto_definitivo/admin/files/videos_registro_videos/1_otraprueba_25.avi
cara guardada en /0_2022-10-24_18:17:12.156641.avi_1.2477695941925049.jpg con esta confidence:0.9984401
cara encontrada en: /var/www/html/reconocimientoFacial/proyecto_definitivo/admin/files/videos_registro_videos/1_otraprueba_25.avi
cara guardada en /0_2022-10-24_18:17:12.309337.avi_1.4004757404327393.jpg con esta confidence:0.99780315
cara encontrada en: /var/www/html/reconocimientoFacial/proyecto_definitivo/admin/files/videos_registro_videos/1_otraprueba_25.avi
cara guardada en /0_2022-10-24_18:17:12.518070.avi_1.6092090606689453.jpg con esta confidence:0.9881781
cara encontrada en: /var/www/html/reconocimientoFacial/proyecto_definitivo/admin/files/videos_registro_videos/1_otraprueba_25.avi
cara guardada en /0_2022-10-24_18:17:12.685431.avi_1.7765693664550781.jpg con esta confidence:0.980283
cara encontrada en: /var/www/html/reconocimientoFacial/proyecto_definitivo/admin/files/videos_registro_videos/1_otraprueba_25.avi
cara guardada en /0_2022-10-24_18:17:12.798134.avi_1.8892719745635986.jpg con esta confidence:0.9698103
cara encontrada en: /var/www/html/reconocimientoFacial/proyecto_definitivo/admin/files/videos_registro_videos/1_otraprueba_25.avi
cara guardada en /0_2022-10-24_18:17:12.971020.avi_2.0621590614318848.jpg con esta confidence:0.9651975
cara encontrada en: /var/www/html/reconocimientoFacial/proyecto_definitivo/admin/files/videos_registro_videos/1_otraprueba_25.avi
cara guardada en /0_2022-10-24_18:17:13.284119.avi_2.375258445739746.jpg con esta confidence:0.9104194
voy(25) leyendo el video..
tenemos(25) frame k lo guardo ..
voy(25) leyendo el video..
tenemos(25) frame k lo guardo ..
cara encontrada en: /var/www/html/reconocimientoFacial/proyecto_definitivo/admin/files/videos_registro_videos/1_otraprueba_25.avi
cara guardada en /0_2022-10-24_18:17:15.918226.avi_5.0093629360198975.jpg con esta confidence:0.9989943
cara encontrada en: /var/www/html/reconocimientoFacial/proyecto_definitivo/admin/files/videos_registro_videos/1_otraprueba_25.avi
cara guardada en /0_2022-10-24_18:17:16.150012.avi_5.241150617599487.jpg con esta confidence:0.9986426
cara encontrada en: /var/www/html/reconocimientoFacial/proyecto_definitivo/admin/files/videos_registro_videos/1_otraprueba_25.avi
cara guardada en /0_2022-10-24_18:17:16.258932.avi_5.350071430206299.jpg con esta confidence:0.9905646
cara encontrada en: /var/www/html/reconocimientoFacial/proyecto_definitivo/admin/files/videos_registro_videos/1_otraprueba_25.avi
cara guardada en /0_2022-10-24_18:17:16.430352.avi_5.521491289138794.jpg con esta confidence:0.9829258
cara encontrada en: /var/www/html/reconocimientoFacial/proyecto_definitivo/admin/files/videos_registro_videos/1_otraprueba_25.avi
cara guardada en /0_2022-10-24_18:17:16.567062.avi_5.65820050239563.jpg con esta confidence:0.97957706
cara encontrada en: /var/www/html/reconocimientoFacial/proyecto_definitivo/admin/files/videos_registro_videos/1_otraprueba_25.avi
cara guardada en /0_2022-10-24_18:17:16.780089.avi_5.871228456497192.jpg con esta confidence:0.9764812
cara encontrada en: /var/www/html/reconocimientoFacial/proyecto_definitivo/admin/files/videos_registro_videos/1_otraprueba_25.avi
cara guardada en /0_2022-10-24_18:17:17.066916.avi_6.158055067062378.jpg con esta confidence:0.9240944
voy(25) leyendo el video..
tenemos(25) frame k lo guardo ..
voy(25) leyendo el video..
tenemos(25) frame k lo guardo ..
cara encontrada en: /var/www/html/reconocimientoFacial/proyecto_definitivo/admin/files/videos_registro_videos/1_otraprueba_25.avi
cara guardada en /0_2022-10-24_18:17:19.597058.avi_8.688197374343872.jpg con esta confidence:0.9990409
cara encontrada en: /var/www/html/reconocimientoFacial/proyecto_definitivo/admin/files/videos_registro_videos/1_otraprueba_25.avi
cara guardada en /0_2022-10-24_18:17:19.664115.avi_8.755253791809082.jpg con esta confidence:0.9979691
cara encontrada en: /var/www/html/reconocimientoFacial/proyecto_definitivo/admin/files/videos_registro_videos/1_otraprueba_25.avi
cara guardada en /0_2022-10-24_18:17:19.786879.avi_8.878018379211426.jpg con esta confidence:0.99180615
cara encontrada en: /var/www/html/reconocimientoFacial/proyecto_definitivo/admin/files/videos_registro_videos/1_otraprueba_25.avi
cara guardada en /0_2022-10-24_18:17:19.931263.avi_9.022402048110962.jpg con esta confidence:0.9841578
cara encontrada en: /var/www/html/reconocimientoFacial/proyecto_definitivo/admin/files/videos_registro_videos/1_otraprueba_25.avi
cara guardada en /0_2022-10-24_18:17:20.018678.avi_9.10981798171997.jpg con esta confidence:0.97960895
cara encontrada en: /var/www/html/reconocimientoFacial/proyecto_definitivo/admin/files/videos_registro_videos/1_otraprueba_25.avi
cara guardada en /0_2022-10-24_18:17:20.140360.avi_9.231499195098877.jpg con esta confidence:0.97475445
cara encontrada en: /var/www/html/reconocimientoFacial/proyecto_definitivo/admin/files/videos_registro_videos/1_otraprueba_25.avi
cara guardada en /0_2022-10-24_18:17:20.455302.avi_9.546440839767456.jpg con esta confidence:0.9177787
cara encontrada en: /var/www/html/reconocimientoFacial/proyecto_definitivo/admin/files/videos_registro_videos/1_otraprueba_25.avi
cara guardada en /0_2022-10-24_18:17:20.633388.avi_9.72452712059021.jpg con esta confidence:0.6875677
voy(25) leyendo el video..
tenemos(25) frame k lo guardo ..
voy(25) leyendo el video..
tenemos(25) frame k lo guardo ..
cara encontrada en: /var/www/html/reconocimientoFacial/proyecto_definitivo/admin/files/videos_registro_videos/1_otraprueba_25.avi
cara guardada en /0_2022-10-24_18:17:23.670278.avi_12.761417388916016.jpg con esta confidence:0.9994062
cara encontrada en: /var/www/html/reconocimientoFacial/proyecto_definitivo/admin/files/videos_registro_videos/1_otraprueba_25.avi
cara guardada en /0_2022-10-24_18:17:23.904986.avi_12.996125221252441.jpg con esta confidence:0.9991744
cara encontrada en: /var/www/html/reconocimientoFacial/proyecto_definitivo/admin/files/videos_registro_videos/1_otraprueba_25.avi
cara guardada en /0_2022-10-24_18:17:24.001945.avi_13.093083620071411.jpg con esta confidence:0.9924892
cara encontrada en: /var/www/html/reconocimientoFacial/proyecto_definitivo/admin/files/videos_registro_videos/1_otraprueba_25.avi
cara guardada en /0_2022-10-24_18:17:24.062471.avi_13.153609991073608.jpg con esta confidence:0.98877406
cara encontrada en: /var/www/html/reconocimientoFacial/proyecto_definitivo/admin/files/videos_registro_videos/1_otraprueba_25.avi
cara guardada en /0_2022-10-24_18:17:24.141531.avi_13.232670783996582.jpg con esta confidence:0.98700005
cara encontrada en: /var/www/html/reconocimientoFacial/proyecto_definitivo/admin/files/videos_registro_videos/1_otraprueba_25.avi
cara guardada en /0_2022-10-24_18:17:24.287004.avi_13.378142595291138.jpg con esta confidence:0.98551637
cara encontrada en: /var/www/html/reconocimientoFacial/proyecto_definitivo/admin/files/videos_registro_videos/1_otraprueba_25.avi
cara guardada en /0_2022-10-24_18:17:24.357846.avi_13.44898509979248.jpg con esta confidence:0.92191815
cara encontrada en: /var/www/html/reconocimientoFacial/proyecto_definitivo/admin/files/videos_registro_videos/1_otraprueba_25.avi
cara guardada en /0_2022-10-24_18:17:24.465203.avi_13.556341171264648.jpg con esta confidence:0.7094242
voy(25) leyendo el video..
tenemos(25) frame k lo guardo ..
voy(25) leyendo el video..
tenemos(25) frame k lo guardo ..
cara encontrada en: /var/www/html/reconocimientoFacial/proyecto_definitivo/admin/files/videos_registro_videos/1_otraprueba_25.avi
cara guardada en /0_2022-10-24_18:17:28.057924.avi_17.149061918258667.jpg con esta confidence:0.99932265
cara encontrada en: /var/www/html/reconocimientoFacial/proyecto_definitivo/admin/files/videos_registro_videos/1_otraprueba_25.avi
cara guardada en /0_2022-10-24_18:17:28.165868.avi_17.257007122039795.jpg con esta confidence:0.99927694
cara encontrada en: /var/www/html/reconocimientoFacial/proyecto_definitivo/admin/files/videos_registro_videos/1_otraprueba_25.avi
cara guardada en /0_2022-10-24_18:17:28.329297.avi_17.420436143875122.jpg con esta confidence:0.9921176
cara encontrada en: /var/www/html/reconocimientoFacial/proyecto_definitivo/admin/files/videos_registro_videos/1_otraprueba_25.avi
cara guardada en /0_2022-10-24_18:17:28.403675.avi_17.49481439590454.jpg con esta confidence:0.98935
cara encontrada en: /var/www/html/reconocimientoFacial/proyecto_definitivo/admin/files/videos_registro_videos/1_otraprueba_25.avi
cara guardada en /0_2022-10-24_18:17:28.556421.avi_17.64755916595459.jpg con esta confidence:0.9890582
cara encontrada en: /var/www/html/reconocimientoFacial/proyecto_definitivo/admin/files/videos_registro_videos/1_otraprueba_25.avi
cara guardada en /0_2022-10-24_18:17:28.698645.avi_17.789783716201782.jpg con esta confidence:0.98892117
cara encontrada en: /var/www/html/reconocimientoFacial/proyecto_definitivo/admin/files/videos_registro_videos/1_otraprueba_25.avi
cara guardada en /0_2022-10-24_18:17:28.798948.avi_17.890087604522705.jpg con esta confidence:0.89551455
voy(25) leyendo el video..
tenemos(25) frame k lo guardo ..
voy(25) leyendo el video..
tenemos(25) frame k lo guardo ..
cara encontrada en: /var/www/html/reconocimientoFacial/proyecto_definitivo/admin/files/videos_registro_videos/1_otraprueba_25.avi
cara guardada en /0_2022-10-24_18:17:31.952813.avi_21.043949842453003.jpg con esta confidence:0.9992392
cara encontrada en: /var/www/html/reconocimientoFacial/proyecto_definitivo/admin/files/videos_registro_videos/1_otraprueba_25.avi
cara guardada en /0_2022-10-24_18:17:32.083084.avi_21.17422318458557.jpg con esta confidence:0.999046
cara encontrada en: /var/www/html/reconocimientoFacial/proyecto_definitivo/admin/files/videos_registro_videos/1_otraprueba_25.avi
cara guardada en /0_2022-10-24_18:17:32.250082.avi_21.341220140457153.jpg con esta confidence:0.9917823
cara encontrada en: /var/www/html/reconocimientoFacial/proyecto_definitivo/admin/files/videos_registro_videos/1_otraprueba_25.avi
cara guardada en /0_2022-10-24_18:17:32.498780.avi_21.589918851852417.jpg con esta confidence:0.98945516
cara encontrada en: /var/www/html/reconocimientoFacial/proyecto_definitivo/admin/files/videos_registro_videos/1_otraprueba_25.avi
cara guardada en /0_2022-10-24_18:17:32.688172.avi_21.77930974960327.jpg con esta confidence:0.98846275
cara encontrada en: /var/www/html/reconocimientoFacial/proyecto_definitivo/admin/files/videos_registro_videos/1_otraprueba_25.avi
cara guardada en /0_2022-10-24_18:17:32.803833.avi_21.894972801208496.jpg con esta confidence:0.98793566
cara encontrada en: /var/www/html/reconocimientoFacial/proyecto_definitivo/admin/files/videos_registro_videos/1_otraprueba_25.avi
cara guardada en /0_2022-10-24_18:17:32.942611.avi_22.033750295639038.jpg con esta confidence:0.9027586
voy(25) leyendo el video..
tenemos(25) frame k lo guardo ..
voy(25) leyendo el video..
tenemos(25) frame k lo guardo ..
cara encontrada en: /var/www/html/reconocimientoFacial/proyecto_definitivo/admin/files/videos_registro_videos/1_otraprueba_25.avi
cara guardada en /0_2022-10-24_18:17:36.198819.avi_25.289958238601685.jpg con esta confidence:0.9995733
cara encontrada en: /var/www/html/reconocimientoFacial/proyecto_definitivo/admin/files/videos_registro_videos/1_otraprueba_25.avi
cara guardada en /0_2022-10-24_18:17:36.323561.avi_25.414700508117676.jpg con esta confidence:0.99877447
cara encontrada en: /var/www/html/reconocimientoFacial/proyecto_definitivo/admin/files/videos_registro_videos/1_otraprueba_25.avi
cara guardada en /0_2022-10-24_18:17:36.642950.avi_25.734090089797974.jpg con esta confidence:0.99334383
cara encontrada en: /var/www/html/reconocimientoFacial/proyecto_definitivo/admin/files/videos_registro_videos/1_otraprueba_25.avi
cara guardada en /0_2022-10-24_18:17:36.776305.avi_25.86744451522827.jpg con esta confidence:0.9928518
cara encontrada en: /var/www/html/reconocimientoFacial/proyecto_definitivo/admin/files/videos_registro_videos/1_otraprueba_25.avi
cara guardada en /0_2022-10-24_18:17:36.942672.avi_26.03381109237671.jpg con esta confidence:0.9868411
cara encontrada en: /var/www/html/reconocimientoFacial/proyecto_definitivo/admin/files/videos_registro_videos/1_otraprueba_25.avi
cara guardada en /0_2022-10-24_18:17:37.257031.avi_26.34816861152649.jpg con esta confidence:0.98317856
cara encontrada en: /var/www/html/reconocimientoFacial/proyecto_definitivo/admin/files/videos_registro_videos/1_otraprueba_25.avi
cara guardada en /0_2022-10-24_18:17:37.518900.avi_26.610038995742798.jpg con esta confidence:0.95811224
cara encontrada en: /var/www/html/reconocimientoFacial/proyecto_definitivo/admin/files/videos_registro_videos/1_otraprueba_25.avi
cara guardada en /0_2022-10-24_18:17:37.558823.avi_26.649961948394775.jpg con esta confidence:0.7710835
voy(25) leyendo el video..
tenemos(25) frame k lo guardo ..
voy(25) leyendo el video..
Llego al final y remuevo el video!
Tiempo de analizar el video:27.91676354408264
