tenemos este video:/var/www/html/reconocimientoFacial/proyecto_definitivo/admin/files/videos_registro_videos/1_otraprueba_15.avi
voy(15) leyendo el video..
tenemos(15) frame k lo guardo ..
voy(15) leyendo el video..
tenemos(15) frame k lo guardo ..
cara encontrada en: /var/www/html/reconocimientoFacial/proyecto_definitivo/admin/files/videos_registro_videos/1_otraprueba_15.avi
cara guardada en /0_2022-10-24_18:17:08.409921.avi_1.4797313213348389.jpg con esta confidence:0.99980956
cara encontrada en: /var/www/html/reconocimientoFacial/proyecto_definitivo/admin/files/videos_registro_videos/1_otraprueba_15.avi
cara guardada en /0_2022-10-24_18:17:08.687608.avi_1.7574241161346436.jpg con esta confidence:0.999408
cara encontrada en: /var/www/html/reconocimientoFacial/proyecto_definitivo/admin/files/videos_registro_videos/1_otraprueba_15.avi
cara guardada en /0_2022-10-24_18:17:08.892029.avi_1.9618456363677979.jpg con esta confidence:0.99759966
cara encontrada en: /var/www/html/reconocimientoFacial/proyecto_definitivo/admin/files/videos_registro_videos/1_otraprueba_15.avi
cara guardada en /0_2022-10-24_18:17:09.108288.avi_2.178102493286133.jpg con esta confidence:0.99568945
cara encontrada en: /var/www/html/reconocimientoFacial/proyecto_definitivo/admin/files/videos_registro_videos/1_otraprueba_15.avi
cara guardada en /0_2022-10-24_18:17:09.264833.avi_2.3346495628356934.jpg con esta confidence:0.964435
cara encontrada en: /var/www/html/reconocimientoFacial/proyecto_definitivo/admin/files/videos_registro_videos/1_otraprueba_15.avi
cara guardada en /0_2022-10-24_18:17:09.387016.avi_2.45683217048645.jpg con esta confidence:0.9338313
cara encontrada en: /var/www/html/reconocimientoFacial/proyecto_definitivo/admin/files/videos_registro_videos/1_otraprueba_15.avi
cara guardada en /0_2022-10-24_18:17:09.537837.avi_2.607654094696045.jpg con esta confidence:0.9038012
cara encontrada en: /var/www/html/reconocimientoFacial/proyecto_definitivo/admin/files/videos_registro_videos/1_otraprueba_15.avi
cara guardada en /0_2022-10-24_18:17:09.785642.avi_2.855458974838257.jpg con esta confidence:0.80887717
voy(15) leyendo el video..
tenemos(15) frame k lo guardo ..
voy(15) leyendo el video..
tenemos(15) frame k lo guardo ..
cara encontrada en: /var/www/html/reconocimientoFacial/proyecto_definitivo/admin/files/videos_registro_videos/1_otraprueba_15.avi
cara guardada en /0_2022-10-24_18:17:11.655532.avi_4.725346565246582.jpg con esta confidence:0.999818
cara encontrada en: /var/www/html/reconocimientoFacial/proyecto_definitivo/admin/files/videos_registro_videos/1_otraprueba_15.avi
cara guardada en /0_2022-10-24_18:17:11.767538.avi_4.837355375289917.jpg con esta confidence:0.99949193
cara encontrada en: /var/www/html/reconocimientoFacial/proyecto_definitivo/admin/files/videos_registro_videos/1_otraprueba_15.avi
cara guardada en /0_2022-10-24_18:17:11.851040.avi_4.9208574295043945.jpg con esta confidence:0.9970049
cara encontrada en: /var/www/html/reconocimientoFacial/proyecto_definitivo/admin/files/videos_registro_videos/1_otraprueba_15.avi
cara guardada en /0_2022-10-24_18:17:11.928812.avi_4.998629331588745.jpg con esta confidence:0.99614644
cara encontrada en: /var/www/html/reconocimientoFacial/proyecto_definitivo/admin/files/videos_registro_videos/1_otraprueba_15.avi
cara guardada en /0_2022-10-24_18:17:12.050396.avi_5.120212078094482.jpg con esta confidence:0.9634248
cara encontrada en: /var/www/html/reconocimientoFacial/proyecto_definitivo/admin/files/videos_registro_videos/1_otraprueba_15.avi
cara guardada en /0_2022-10-24_18:17:12.159388.avi_5.2292046546936035.jpg con esta confidence:0.9453023
cara encontrada en: /var/www/html/reconocimientoFacial/proyecto_definitivo/admin/files/videos_registro_videos/1_otraprueba_15.avi
cara guardada en /0_2022-10-24_18:17:12.261748.avi_5.331565618515015.jpg con esta confidence:0.9008731
cara encontrada en: /var/www/html/reconocimientoFacial/proyecto_definitivo/admin/files/videos_registro_videos/1_otraprueba_15.avi
cara guardada en /0_2022-10-24_18:17:12.437501.avi_5.5073182582855225.jpg con esta confidence:0.8164763
cara encontrada en: /var/www/html/reconocimientoFacial/proyecto_definitivo/admin/files/videos_registro_videos/1_otraprueba_15.avi
cara guardada en /0_2022-10-24_18:17:12.537684.avi_5.607499837875366.jpg con esta confidence:0.69907254
voy(15) leyendo el video..
tenemos(15) frame k lo guardo ..
voy(15) leyendo el video..
tenemos(15) frame k lo guardo ..
cara encontrada en: /var/www/html/reconocimientoFacial/proyecto_definitivo/admin/files/videos_registro_videos/1_otraprueba_15.avi
cara guardada en /0_2022-10-24_18:17:15.257098.avi_8.326914310455322.jpg con esta confidence:0.99981886
cara encontrada en: /var/www/html/reconocimientoFacial/proyecto_definitivo/admin/files/videos_registro_videos/1_otraprueba_15.avi
cara guardada en /0_2022-10-24_18:17:15.353616.avi_8.4234299659729.jpg con esta confidence:0.99950814
cara encontrada en: /var/www/html/reconocimientoFacial/proyecto_definitivo/admin/files/videos_registro_videos/1_otraprueba_15.avi
cara guardada en /0_2022-10-24_18:17:15.457811.avi_8.52762746810913.jpg con esta confidence:0.9970757
cara encontrada en: /var/www/html/reconocimientoFacial/proyecto_definitivo/admin/files/videos_registro_videos/1_otraprueba_15.avi
cara guardada en /0_2022-10-24_18:17:15.565140.avi_8.634956359863281.jpg con esta confidence:0.99596256
cara encontrada en: /var/www/html/reconocimientoFacial/proyecto_definitivo/admin/files/videos_registro_videos/1_otraprueba_15.avi
cara guardada en /0_2022-10-24_18:17:15.698634.avi_8.768451452255249.jpg con esta confidence:0.9620953
cara encontrada en: /var/www/html/reconocimientoFacial/proyecto_definitivo/admin/files/videos_registro_videos/1_otraprueba_15.avi
cara guardada en /0_2022-10-24_18:17:15.833275.avi_8.903090715408325.jpg con esta confidence:0.944788
cara encontrada en: /var/www/html/reconocimientoFacial/proyecto_definitivo/admin/files/videos_registro_videos/1_otraprueba_15.avi
cara guardada en /0_2022-10-24_18:17:15.890277.avi_8.960092782974243.jpg con esta confidence:0.9052329
cara encontrada en: /var/www/html/reconocimientoFacial/proyecto_definitivo/admin/files/videos_registro_videos/1_otraprueba_15.avi
cara guardada en /0_2022-10-24_18:17:16.002825.avi_9.072641611099243.jpg con esta confidence:0.8208266
cara encontrada en: /var/www/html/reconocimientoFacial/proyecto_definitivo/admin/files/videos_registro_videos/1_otraprueba_15.avi
cara guardada en /0_2022-10-24_18:17:16.193080.avi_9.26289701461792.jpg con esta confidence:0.6912233
voy(15) leyendo el video..
tenemos(15) frame k lo guardo ..
voy(15) leyendo el video..
tenemos(15) frame k lo guardo ..
cara encontrada en: /var/www/html/reconocimientoFacial/proyecto_definitivo/admin/files/videos_registro_videos/1_otraprueba_15.avi
cara guardada en /0_2022-10-24_18:17:19.190732.avi_12.260547637939453.jpg con esta confidence:0.99982136
cara encontrada en: /var/www/html/reconocimientoFacial/proyecto_definitivo/admin/files/videos_registro_videos/1_otraprueba_15.avi
cara guardada en /0_2022-10-24_18:17:19.243247.avi_12.313062906265259.jpg con esta confidence:0.99944586
cara encontrada en: /var/www/html/reconocimientoFacial/proyecto_definitivo/admin/files/videos_registro_videos/1_otraprueba_15.avi
cara guardada en /0_2022-10-24_18:17:19.301984.avi_12.37179970741272.jpg con esta confidence:0.9974221
cara encontrada en: /var/www/html/reconocimientoFacial/proyecto_definitivo/admin/files/videos_registro_videos/1_otraprueba_15.avi
cara guardada en /0_2022-10-24_18:17:19.393275.avi_12.46309232711792.jpg con esta confidence:0.99615616
cara encontrada en: /var/www/html/reconocimientoFacial/proyecto_definitivo/admin/files/videos_registro_videos/1_otraprueba_15.avi
cara guardada en /0_2022-10-24_18:17:19.478228.avi_12.548044204711914.jpg con esta confidence:0.96534103
cara encontrada en: /var/www/html/reconocimientoFacial/proyecto_definitivo/admin/files/videos_registro_videos/1_otraprueba_15.avi
cara guardada en /0_2022-10-24_18:17:19.570147.avi_12.639963388442993.jpg con esta confidence:0.9410182
cara encontrada en: /var/www/html/reconocimientoFacial/proyecto_definitivo/admin/files/videos_registro_videos/1_otraprueba_15.avi
cara guardada en /0_2022-10-24_18:17:19.737010.avi_12.806826829910278.jpg con esta confidence:0.90263397
cara encontrada en: /var/www/html/reconocimientoFacial/proyecto_definitivo/admin/files/videos_registro_videos/1_otraprueba_15.avi
cara guardada en /0_2022-10-24_18:17:19.840245.avi_12.910062313079834.jpg con esta confidence:0.77264744
cara encontrada en: /var/www/html/reconocimientoFacial/proyecto_definitivo/admin/files/videos_registro_videos/1_otraprueba_15.avi
cara guardada en /0_2022-10-24_18:17:19.954510.avi_13.024324178695679.jpg con esta confidence:0.6910377
voy(15) leyendo el video..
tenemos(15) frame k lo guardo ..
voy(15) leyendo el video..
tenemos(15) frame k lo guardo ..
cara encontrada en: /var/www/html/reconocimientoFacial/proyecto_definitivo/admin/files/videos_registro_videos/1_otraprueba_15.avi
cara guardada en /0_2022-10-24_18:17:23.605640.avi_16.67545795440674.jpg con esta confidence:0.9998287
cara encontrada en: /var/www/html/reconocimientoFacial/proyecto_definitivo/admin/files/videos_registro_videos/1_otraprueba_15.avi
cara guardada en /0_2022-10-24_18:17:23.662524.avi_16.732340574264526.jpg con esta confidence:0.99948907
cara encontrada en: /var/www/html/reconocimientoFacial/proyecto_definitivo/admin/files/videos_registro_videos/1_otraprueba_15.avi
cara guardada en /0_2022-10-24_18:17:23.875411.avi_16.94522786140442.jpg con esta confidence:0.997056
cara encontrada en: /var/www/html/reconocimientoFacial/proyecto_definitivo/admin/files/videos_registro_videos/1_otraprueba_15.avi
cara guardada en /0_2022-10-24_18:17:23.962581.avi_17.032398462295532.jpg con esta confidence:0.99625504
cara encontrada en: /var/www/html/reconocimientoFacial/proyecto_definitivo/admin/files/videos_registro_videos/1_otraprueba_15.avi
cara guardada en /0_2022-10-24_18:17:24.039062.avi_17.106938123703003.jpg con esta confidence:0.9613775
cara encontrada en: /var/www/html/reconocimientoFacial/proyecto_definitivo/admin/files/videos_registro_videos/1_otraprueba_15.avi
cara guardada en /0_2022-10-24_18:17:24.215398.avi_17.285215139389038.jpg con esta confidence:0.94707406
cara encontrada en: /var/www/html/reconocimientoFacial/proyecto_definitivo/admin/files/videos_registro_videos/1_otraprueba_15.avi
cara guardada en /0_2022-10-24_18:17:24.324436.avi_17.39425253868103.jpg con esta confidence:0.9076135
cara encontrada en: /var/www/html/reconocimientoFacial/proyecto_definitivo/admin/files/videos_registro_videos/1_otraprueba_15.avi
cara guardada en /0_2022-10-24_18:17:24.503430.avi_17.573246479034424.jpg con esta confidence:0.80912256
cara encontrada en: /var/www/html/reconocimientoFacial/proyecto_definitivo/admin/files/videos_registro_videos/1_otraprueba_15.avi
cara guardada en /0_2022-10-24_18:17:24.577794.avi_17.647610425949097.jpg con esta confidence:0.70808244
voy(15) leyendo el video..
tenemos(15) frame k lo guardo ..
voy(15) leyendo el video..
tenemos(15) frame k lo guardo ..
cara encontrada en: /var/www/html/reconocimientoFacial/proyecto_definitivo/admin/files/videos_registro_videos/1_otraprueba_15.avi
cara guardada en /0_2022-10-24_18:17:27.960313.avi_21.03013014793396.jpg con esta confidence:0.9998287
cara encontrada en: /var/www/html/reconocimientoFacial/proyecto_definitivo/admin/files/videos_registro_videos/1_otraprueba_15.avi
cara guardada en /0_2022-10-24_18:17:28.249442.avi_21.31925916671753.jpg con esta confidence:0.99955934
cara encontrada en: /var/www/html/reconocimientoFacial/proyecto_definitivo/admin/files/videos_registro_videos/1_otraprueba_15.avi
cara guardada en /0_2022-10-24_18:17:28.413529.avi_21.483347177505493.jpg con esta confidence:0.9962884
cara encontrada en: /var/www/html/reconocimientoFacial/proyecto_definitivo/admin/files/videos_registro_videos/1_otraprueba_15.avi
cara guardada en /0_2022-10-24_18:17:28.542647.avi_21.61246371269226.jpg con esta confidence:0.99520266
cara encontrada en: /var/www/html/reconocimientoFacial/proyecto_definitivo/admin/files/videos_registro_videos/1_otraprueba_15.avi
cara guardada en /0_2022-10-24_18:17:28.774252.avi_21.844069480895996.jpg con esta confidence:0.9638874
cara encontrada en: /var/www/html/reconocimientoFacial/proyecto_definitivo/admin/files/videos_registro_videos/1_otraprueba_15.avi
cara guardada en /0_2022-10-24_18:17:28.835544.avi_21.905359745025635.jpg con esta confidence:0.9453428
cara encontrada en: /var/www/html/reconocimientoFacial/proyecto_definitivo/admin/files/videos_registro_videos/1_otraprueba_15.avi
cara guardada en /0_2022-10-24_18:17:28.974104.avi_22.043920755386353.jpg con esta confidence:0.90916294
cara encontrada en: /var/www/html/reconocimientoFacial/proyecto_definitivo/admin/files/videos_registro_videos/1_otraprueba_15.avi
cara guardada en /0_2022-10-24_18:17:29.074940.avi_22.14475655555725.jpg con esta confidence:0.84048784
cara encontrada en: /var/www/html/reconocimientoFacial/proyecto_definitivo/admin/files/videos_registro_videos/1_otraprueba_15.avi
cara guardada en /0_2022-10-24_18:17:29.196912.avi_22.26672911643982.jpg con esta confidence:0.76863897
voy(15) leyendo el video..
tenemos(15) frame k lo guardo ..
voy(15) leyendo el video..
tenemos(15) frame k lo guardo ..
cara encontrada en: /var/www/html/reconocimientoFacial/proyecto_definitivo/admin/files/videos_registro_videos/1_otraprueba_15.avi
cara guardada en /0_2022-10-24_18:17:31.907971.avi_24.977787256240845.jpg con esta confidence:0.9998579
cara encontrada en: /var/www/html/reconocimientoFacial/proyecto_definitivo/admin/files/videos_registro_videos/1_otraprueba_15.avi
cara guardada en /0_2022-10-24_18:17:32.145335.avi_25.215150594711304.jpg con esta confidence:0.9996282
cara encontrada en: /var/www/html/reconocimientoFacial/proyecto_definitivo/admin/files/videos_registro_videos/1_otraprueba_15.avi
cara guardada en /0_2022-10-24_18:17:32.249610.avi_25.319427490234375.jpg con esta confidence:0.99695086
cara encontrada en: /var/www/html/reconocimientoFacial/proyecto_definitivo/admin/files/videos_registro_videos/1_otraprueba_15.avi
cara guardada en /0_2022-10-24_18:17:32.447974.avi_25.51779079437256.jpg con esta confidence:0.9915058
cara encontrada en: /var/www/html/reconocimientoFacial/proyecto_definitivo/admin/files/videos_registro_videos/1_otraprueba_15.avi
cara guardada en /0_2022-10-24_18:17:32.658128.avi_25.727945804595947.jpg con esta confidence:0.98324996
cara encontrada en: /var/www/html/reconocimientoFacial/proyecto_definitivo/admin/files/videos_registro_videos/1_otraprueba_15.avi
cara guardada en /0_2022-10-24_18:17:32.837966.avi_25.907783269882202.jpg con esta confidence:0.9145993
cara encontrada en: /var/www/html/reconocimientoFacial/proyecto_definitivo/admin/files/videos_registro_videos/1_otraprueba_15.avi
cara guardada en /0_2022-10-24_18:17:33.042491.avi_26.112308502197266.jpg con esta confidence:0.91250944
cara encontrada en: /var/www/html/reconocimientoFacial/proyecto_definitivo/admin/files/videos_registro_videos/1_otraprueba_15.avi
cara guardada en /0_2022-10-24_18:17:33.085774.avi_26.15559148788452.jpg con esta confidence:0.8692998
cara encontrada en: /var/www/html/reconocimientoFacial/proyecto_definitivo/admin/files/videos_registro_videos/1_otraprueba_15.avi
cara guardada en /0_2022-10-24_18:17:33.222444.avi_26.2922580242157.jpg con esta confidence:0.8686403
voy(15) leyendo el video..
tenemos(15) frame k lo guardo ..
voy(15) leyendo el video..
tenemos(15) frame k lo guardo ..
cara encontrada en: /var/www/html/reconocimientoFacial/proyecto_definitivo/admin/files/videos_registro_videos/1_otraprueba_15.avi
cara guardada en /0_2022-10-24_18:17:36.374153.avi_29.443970203399658.jpg con esta confidence:0.99986494
cara encontrada en: /var/www/html/reconocimientoFacial/proyecto_definitivo/admin/files/videos_registro_videos/1_otraprueba_15.avi
cara guardada en /0_2022-10-24_18:17:36.503661.avi_29.573477745056152.jpg con esta confidence:0.99960166
cara encontrada en: /var/www/html/reconocimientoFacial/proyecto_definitivo/admin/files/videos_registro_videos/1_otraprueba_15.avi
cara guardada en /0_2022-10-24_18:17:36.633750.avi_29.703566551208496.jpg con esta confidence:0.99641645
cara encontrada en: /var/www/html/reconocimientoFacial/proyecto_definitivo/admin/files/videos_registro_videos/1_otraprueba_15.avi
cara guardada en /0_2022-10-24_18:17:36.739433.avi_29.809250354766846.jpg con esta confidence:0.99116546
cara encontrada en: /var/www/html/reconocimientoFacial/proyecto_definitivo/admin/files/videos_registro_videos/1_otraprueba_15.avi
cara guardada en /0_2022-10-24_18:17:37.012325.avi_30.082140922546387.jpg con esta confidence:0.98726964
cara encontrada en: /var/www/html/reconocimientoFacial/proyecto_definitivo/admin/files/videos_registro_videos/1_otraprueba_15.avi
cara guardada en /0_2022-10-24_18:17:37.247154.avi_30.316970348358154.jpg con esta confidence:0.9310373
cara encontrada en: /var/www/html/reconocimientoFacial/proyecto_definitivo/admin/files/videos_registro_videos/1_otraprueba_15.avi
cara guardada en /0_2022-10-24_18:17:37.538527.avi_30.608343839645386.jpg con esta confidence:0.90025324
cara encontrada en: /var/www/html/reconocimientoFacial/proyecto_definitivo/admin/files/videos_registro_videos/1_otraprueba_15.avi
cara guardada en /0_2022-10-24_18:17:37.571734.avi_30.641550064086914.jpg con esta confidence:0.887152
cara encontrada en: /var/www/html/reconocimientoFacial/proyecto_definitivo/admin/files/videos_registro_videos/1_otraprueba_15.avi
cara guardada en /0_2022-10-24_18:17:38.086263.avi_31.156079053878784.jpg con esta confidence:0.878404
voy(15) leyendo el video..
tenemos(15) frame k lo guardo ..
voy(15) leyendo el video..
tenemos(15) frame k lo guardo ..
cara encontrada en: /var/www/html/reconocimientoFacial/proyecto_definitivo/admin/files/videos_registro_videos/1_otraprueba_15.avi
cara guardada en /0_2022-10-24_18:17:40.819270.avi_33.8890860080719.jpg con esta confidence:0.9999027
cara encontrada en: /var/www/html/reconocimientoFacial/proyecto_definitivo/admin/files/videos_registro_videos/1_otraprueba_15.avi
cara guardada en /0_2022-10-24_18:17:40.966780.avi_34.036596059799194.jpg con esta confidence:0.9993794
cara encontrada en: /var/www/html/reconocimientoFacial/proyecto_definitivo/admin/files/videos_registro_videos/1_otraprueba_15.avi
cara guardada en /0_2022-10-24_18:17:41.125509.avi_34.195324182510376.jpg con esta confidence:0.99775463
cara encontrada en: /var/www/html/reconocimientoFacial/proyecto_definitivo/admin/files/videos_registro_videos/1_otraprueba_15.avi
cara guardada en /0_2022-10-24_18:17:41.240096.avi_34.30991315841675.jpg con esta confidence:0.9968907
cara encontrada en: /var/www/html/reconocimientoFacial/proyecto_definitivo/admin/files/videos_registro_videos/1_otraprueba_15.avi
cara guardada en /0_2022-10-24_18:17:41.521373.avi_34.591190338134766.jpg con esta confidence:0.98329157
cara encontrada en: /var/www/html/reconocimientoFacial/proyecto_definitivo/admin/files/videos_registro_videos/1_otraprueba_15.avi
cara guardada en /0_2022-10-24_18:17:41.673138.avi_34.742953300476074.jpg con esta confidence:0.95846504
cara encontrada en: /var/www/html/reconocimientoFacial/proyecto_definitivo/admin/files/videos_registro_videos/1_otraprueba_15.avi
cara guardada en /0_2022-10-24_18:17:41.836909.avi_34.906726360321045.jpg con esta confidence:0.93731976
cara encontrada en: /var/www/html/reconocimientoFacial/proyecto_definitivo/admin/files/videos_registro_videos/1_otraprueba_15.avi
cara guardada en /0_2022-10-24_18:17:41.959455.avi_35.029271841049194.jpg con esta confidence:0.8712919
cara encontrada en: /var/www/html/reconocimientoFacial/proyecto_definitivo/admin/files/videos_registro_videos/1_otraprueba_15.avi
cara guardada en /0_2022-10-24_18:17:42.124505.avi_35.19432067871094.jpg con esta confidence:0.7463675
voy(15) leyendo el video..
tenemos(15) frame k lo guardo ..
voy(15) leyendo el video..
tenemos(15) frame k lo guardo ..
cara encontrada en: /var/www/html/reconocimientoFacial/proyecto_definitivo/admin/files/videos_registro_videos/1_otraprueba_15.avi
cara guardada en /0_2022-10-24_18:17:45.694688.avi_38.76450300216675.jpg con esta confidence:0.9998902
cara encontrada en: /var/www/html/reconocimientoFacial/proyecto_definitivo/admin/files/videos_registro_videos/1_otraprueba_15.avi
cara guardada en /0_2022-10-24_18:17:45.795366.avi_38.86518383026123.jpg con esta confidence:0.9991314
cara encontrada en: /var/www/html/reconocimientoFacial/proyecto_definitivo/admin/files/videos_registro_videos/1_otraprueba_15.avi
cara guardada en /0_2022-10-24_18:17:45.891496.avi_38.961313247680664.jpg con esta confidence:0.99793786
cara encontrada en: /var/www/html/reconocimientoFacial/proyecto_definitivo/admin/files/videos_registro_videos/1_otraprueba_15.avi
cara guardada en /0_2022-10-24_18:17:45.991639.avi_39.06145524978638.jpg con esta confidence:0.9978011
cara encontrada en: /var/www/html/reconocimientoFacial/proyecto_definitivo/admin/files/videos_registro_videos/1_otraprueba_15.avi
cara guardada en /0_2022-10-24_18:17:46.124203.avi_39.19402027130127.jpg con esta confidence:0.97493935
cara encontrada en: /var/www/html/reconocimientoFacial/proyecto_definitivo/admin/files/videos_registro_videos/1_otraprueba_15.avi
cara guardada en /0_2022-10-24_18:17:46.268942.avi_39.33875870704651.jpg con esta confidence:0.9728367
cara encontrada en: /var/www/html/reconocimientoFacial/proyecto_definitivo/admin/files/videos_registro_videos/1_otraprueba_15.avi
cara guardada en /0_2022-10-24_18:17:46.398148.avi_39.46796464920044.jpg con esta confidence:0.91913545
cara encontrada en: /var/www/html/reconocimientoFacial/proyecto_definitivo/admin/files/videos_registro_videos/1_otraprueba_15.avi
cara guardada en /0_2022-10-24_18:17:46.669774.avi_39.7395875453949.jpg con esta confidence:0.84799045
voy(15) leyendo el video..
tenemos(15) frame k lo guardo ..
voy(15) leyendo el video..
tenemos(15) frame k lo guardo ..
cara encontrada en: /var/www/html/reconocimientoFacial/proyecto_definitivo/admin/files/videos_registro_videos/1_otraprueba_15.avi
cara guardada en /0_2022-10-24_18:17:49.580271.avi_42.65008807182312.jpg con esta confidence:0.9998708
cara encontrada en: /var/www/html/reconocimientoFacial/proyecto_definitivo/admin/files/videos_registro_videos/1_otraprueba_15.avi
cara guardada en /0_2022-10-24_18:17:49.668365.avi_42.73818278312683.jpg con esta confidence:0.99879587
cara encontrada en: /var/www/html/reconocimientoFacial/proyecto_definitivo/admin/files/videos_registro_videos/1_otraprueba_15.avi
cara guardada en /0_2022-10-24_18:17:49.733700.avi_42.80351734161377.jpg con esta confidence:0.9981225
cara encontrada en: /var/www/html/reconocimientoFacial/proyecto_definitivo/admin/files/videos_registro_videos/1_otraprueba_15.avi
cara guardada en /0_2022-10-24_18:17:49.871532.avi_42.941349029541016.jpg con esta confidence:0.99800736
cara encontrada en: /var/www/html/reconocimientoFacial/proyecto_definitivo/admin/files/videos_registro_videos/1_otraprueba_15.avi
cara guardada en /0_2022-10-24_18:17:49.929552.avi_42.99936819076538.jpg con esta confidence:0.98003507
cara encontrada en: /var/www/html/reconocimientoFacial/proyecto_definitivo/admin/files/videos_registro_videos/1_otraprueba_15.avi
cara guardada en /0_2022-10-24_18:17:50.004200.avi_43.07401657104492.jpg con esta confidence:0.9646591
cara encontrada en: /var/www/html/reconocimientoFacial/proyecto_definitivo/admin/files/videos_registro_videos/1_otraprueba_15.avi
cara guardada en /0_2022-10-24_18:17:50.108330.avi_43.178147315979004.jpg con esta confidence:0.89954907
cara encontrada en: /var/www/html/reconocimientoFacial/proyecto_definitivo/admin/files/videos_registro_videos/1_otraprueba_15.avi
cara guardada en /0_2022-10-24_18:17:50.189165.avi_43.25898003578186.jpg con esta confidence:0.8177719
voy(15) leyendo el video..
tenemos(15) frame k lo guardo ..
voy(15) leyendo el video..
tenemos(15) frame k lo guardo ..
cara encontrada en: /var/www/html/reconocimientoFacial/proyecto_definitivo/admin/files/videos_registro_videos/1_otraprueba_15.avi
cara guardada en /0_2022-10-24_18:17:53.693430.avi_46.76324653625488.jpg con esta confidence:0.999808
cara encontrada en: /var/www/html/reconocimientoFacial/proyecto_definitivo/admin/files/videos_registro_videos/1_otraprueba_15.avi
cara guardada en /0_2022-10-24_18:17:53.768107.avi_46.837923526763916.jpg con esta confidence:0.9992337
cara encontrada en: /var/www/html/reconocimientoFacial/proyecto_definitivo/admin/files/videos_registro_videos/1_otraprueba_15.avi
cara guardada en /0_2022-10-24_18:17:53.955546.avi_47.0253632068634.jpg con esta confidence:0.99820006
cara encontrada en: /var/www/html/reconocimientoFacial/proyecto_definitivo/admin/files/videos_registro_videos/1_otraprueba_15.avi
cara guardada en /0_2022-10-24_18:17:54.079327.avi_47.14914393424988.jpg con esta confidence:0.9938055
cara encontrada en: /var/www/html/reconocimientoFacial/proyecto_definitivo/admin/files/videos_registro_videos/1_otraprueba_15.avi
cara guardada en /0_2022-10-24_18:17:54.198331.avi_47.26814794540405.jpg con esta confidence:0.98065627
cara encontrada en: /var/www/html/reconocimientoFacial/proyecto_definitivo/admin/files/videos_registro_videos/1_otraprueba_15.avi
cara guardada en /0_2022-10-24_18:17:54.375401.avi_47.4452178478241.jpg con esta confidence:0.97505116
cara encontrada en: /var/www/html/reconocimientoFacial/proyecto_definitivo/admin/files/videos_registro_videos/1_otraprueba_15.avi
cara guardada en /0_2022-10-24_18:17:54.469810.avi_47.53962731361389.jpg con esta confidence:0.9339607
cara encontrada en: /var/www/html/reconocimientoFacial/proyecto_definitivo/admin/files/videos_registro_videos/1_otraprueba_15.avi
cara guardada en /0_2022-10-24_18:17:54.643298.avi_47.713115215301514.jpg con esta confidence:0.7336738
voy(15) leyendo el video..
tenemos(15) frame k lo guardo ..
voy(15) leyendo el video..
tenemos(15) frame k lo guardo ..
cara encontrada en: /var/www/html/reconocimientoFacial/proyecto_definitivo/admin/files/videos_registro_videos/1_otraprueba_15.avi
cara guardada en /0_2022-10-24_18:17:57.575383.avi_50.64519953727722.jpg con esta confidence:0.99957937
cara encontrada en: /var/www/html/reconocimientoFacial/proyecto_definitivo/admin/files/videos_registro_videos/1_otraprueba_15.avi
cara guardada en /0_2022-10-24_18:17:57.649303.avi_50.7191207408905.jpg con esta confidence:0.9991248
cara encontrada en: /var/www/html/reconocimientoFacial/proyecto_definitivo/admin/files/videos_registro_videos/1_otraprueba_15.avi
cara guardada en /0_2022-10-24_18:17:57.746266.avi_50.816081523895264.jpg con esta confidence:0.99575484
cara encontrada en: /var/www/html/reconocimientoFacial/proyecto_definitivo/admin/files/videos_registro_videos/1_otraprueba_15.avi
cara guardada en /0_2022-10-24_18:17:57.836194.avi_50.90601205825806.jpg con esta confidence:0.9753583
cara encontrada en: /var/www/html/reconocimientoFacial/proyecto_definitivo/admin/files/videos_registro_videos/1_otraprueba_15.avi
cara guardada en /0_2022-10-24_18:17:58.039546.avi_51.109363079071045.jpg con esta confidence:0.9731909
cara encontrada en: /var/www/html/reconocimientoFacial/proyecto_definitivo/admin/files/videos_registro_videos/1_otraprueba_15.avi
cara guardada en /0_2022-10-24_18:17:58.185746.avi_51.25556230545044.jpg con esta confidence:0.9599306
cara encontrada en: /var/www/html/reconocimientoFacial/proyecto_definitivo/admin/files/videos_registro_videos/1_otraprueba_15.avi
cara guardada en /0_2022-10-24_18:17:58.284442.avi_51.3542582988739.jpg con esta confidence:0.9476689
cara encontrada en: /var/www/html/reconocimientoFacial/proyecto_definitivo/admin/files/videos_registro_videos/1_otraprueba_15.avi
cara guardada en /0_2022-10-24_18:17:58.471829.avi_51.54164385795593.jpg con esta confidence:0.9030681
voy(15) leyendo el video..
tenemos(15) frame k lo guardo ..
voy(15) leyendo el video..
tenemos(15) frame k lo guardo ..
cara encontrada en: /var/www/html/reconocimientoFacial/proyecto_definitivo/admin/files/videos_registro_videos/1_otraprueba_15.avi
cara guardada en /0_2022-10-24_18:18:01.667585.avi_54.73740100860596.jpg con esta confidence:0.9994337
cara encontrada en: /var/www/html/reconocimientoFacial/proyecto_definitivo/admin/files/videos_registro_videos/1_otraprueba_15.avi
cara guardada en /0_2022-10-24_18:18:01.901165.avi_54.97098255157471.jpg con esta confidence:0.99889344
cara encontrada en: /var/www/html/reconocimientoFacial/proyecto_definitivo/admin/files/videos_registro_videos/1_otraprueba_15.avi
cara guardada en /0_2022-10-24_18:18:01.983139.avi_55.052955865859985.jpg con esta confidence:0.9953497
cara encontrada en: /var/www/html/reconocimientoFacial/proyecto_definitivo/admin/files/videos_registro_videos/1_otraprueba_15.avi
cara guardada en /0_2022-10-24_18:18:02.138963.avi_55.20878005027771.jpg con esta confidence:0.9698499
cara encontrada en: /var/www/html/reconocimientoFacial/proyecto_definitivo/admin/files/videos_registro_videos/1_otraprueba_15.avi
cara guardada en /0_2022-10-24_18:18:02.264145.avi_55.33396077156067.jpg con esta confidence:0.96121675
cara encontrada en: /var/www/html/reconocimientoFacial/proyecto_definitivo/admin/files/videos_registro_videos/1_otraprueba_15.avi
cara guardada en /0_2022-10-24_18:18:02.380095.avi_55.44991087913513.jpg con esta confidence:0.94448406
cara encontrada en: /var/www/html/reconocimientoFacial/proyecto_definitivo/admin/files/videos_registro_videos/1_otraprueba_15.avi
cara guardada en /0_2022-10-24_18:18:02.466923.avi_55.53674006462097.jpg con esta confidence:0.9380459
cara encontrada en: /var/www/html/reconocimientoFacial/proyecto_definitivo/admin/files/videos_registro_videos/1_otraprueba_15.avi
cara guardada en /0_2022-10-24_18:18:02.574190.avi_55.644007444381714.jpg con esta confidence:0.92379975
voy(15) leyendo el video..
tenemos(15) frame k lo guardo ..
voy(15) leyendo el video..
tenemos(15) frame k lo guardo ..
cara encontrada en: /var/www/html/reconocimientoFacial/proyecto_definitivo/admin/files/videos_registro_videos/1_otraprueba_15.avi
cara guardada en /0_2022-10-24_18:18:05.830720.avi_58.90053629875183.jpg con esta confidence:0.99920744
cara encontrada en: /var/www/html/reconocimientoFacial/proyecto_definitivo/admin/files/videos_registro_videos/1_otraprueba_15.avi
cara guardada en /0_2022-10-24_18:18:06.101957.avi_59.17177367210388.jpg con esta confidence:0.9983937
cara encontrada en: /var/www/html/reconocimientoFacial/proyecto_definitivo/admin/files/videos_registro_videos/1_otraprueba_15.avi
cara guardada en /0_2022-10-24_18:18:06.216128.avi_59.28594422340393.jpg con esta confidence:0.99417007
cara encontrada en: /var/www/html/reconocimientoFacial/proyecto_definitivo/admin/files/videos_registro_videos/1_otraprueba_15.avi
cara guardada en /0_2022-10-24_18:18:06.422310.avi_59.49212622642517.jpg con esta confidence:0.96379894
cara encontrada en: /var/www/html/reconocimientoFacial/proyecto_definitivo/admin/files/videos_registro_videos/1_otraprueba_15.avi
cara guardada en /0_2022-10-24_18:18:06.546999.avi_59.61681532859802.jpg con esta confidence:0.95283926
cara encontrada en: /var/www/html/reconocimientoFacial/proyecto_definitivo/admin/files/videos_registro_videos/1_otraprueba_15.avi
cara guardada en /0_2022-10-24_18:18:06.640154.avi_59.70997071266174.jpg con esta confidence:0.94175094
cara encontrada en: /var/www/html/reconocimientoFacial/proyecto_definitivo/admin/files/videos_registro_videos/1_otraprueba_15.avi
cara guardada en /0_2022-10-24_18:18:06.746425.avi_59.8162407875061.jpg con esta confidence:0.9250757
cara encontrada en: /var/www/html/reconocimientoFacial/proyecto_definitivo/admin/files/videos_registro_videos/1_otraprueba_15.avi
cara guardada en /0_2022-10-24_18:18:06.981747.avi_60.051562786102295.jpg con esta confidence:0.914318
voy(15) leyendo el video..
tenemos(15) frame k lo guardo ..
voy(15) leyendo el video..
tenemos(15) frame k lo guardo ..
cara encontrada en: /var/www/html/reconocimientoFacial/proyecto_definitivo/admin/files/videos_registro_videos/1_otraprueba_15.avi
cara guardada en /0_2022-10-24_18:18:10.011610.avi_63.08142614364624.jpg con esta confidence:0.99941146
cara encontrada en: /var/www/html/reconocimientoFacial/proyecto_definitivo/admin/files/videos_registro_videos/1_otraprueba_15.avi
cara guardada en /0_2022-10-24_18:18:10.256075.avi_63.325891971588135.jpg con esta confidence:0.99867505
cara encontrada en: /var/www/html/reconocimientoFacial/proyecto_definitivo/admin/files/videos_registro_videos/1_otraprueba_15.avi
cara guardada en /0_2022-10-24_18:18:10.353896.avi_63.423712730407715.jpg con esta confidence:0.99448293
cara encontrada en: /var/www/html/reconocimientoFacial/proyecto_definitivo/admin/files/videos_registro_videos/1_otraprueba_15.avi
cara guardada en /0_2022-10-24_18:18:10.499374.avi_63.56918954849243.jpg con esta confidence:0.9819356
cara encontrada en: /var/www/html/reconocimientoFacial/proyecto_definitivo/admin/files/videos_registro_videos/1_otraprueba_15.avi
cara guardada en /0_2022-10-24_18:18:10.705642.avi_63.775458574295044.jpg con esta confidence:0.96557605
cara encontrada en: /var/www/html/reconocimientoFacial/proyecto_definitivo/admin/files/videos_registro_videos/1_otraprueba_15.avi
cara guardada en /0_2022-10-24_18:18:10.833736.avi_63.90355324745178.jpg con esta confidence:0.9529215
cara encontrada en: /var/www/html/reconocimientoFacial/proyecto_definitivo/admin/files/videos_registro_videos/1_otraprueba_15.avi
cara guardada en /0_2022-10-24_18:18:10.891144.avi_63.960960388183594.jpg con esta confidence:0.91612077
cara encontrada en: /var/www/html/reconocimientoFacial/proyecto_definitivo/admin/files/videos_registro_videos/1_otraprueba_15.avi
cara guardada en /0_2022-10-24_18:18:10.970303.avi_64.04011940956116.jpg con esta confidence:0.8189464
voy(15) leyendo el video..
tenemos(15) frame k lo guardo ..
voy(15) leyendo el video..
tenemos(15) frame k lo guardo ..
cara encontrada en: /var/www/html/reconocimientoFacial/proyecto_definitivo/admin/files/videos_registro_videos/1_otraprueba_15.avi
cara guardada en /0_2022-10-24_18:18:14.440986.avi_67.51080298423767.jpg con esta confidence:0.99962854
cara encontrada en: /var/www/html/reconocimientoFacial/proyecto_definitivo/admin/files/videos_registro_videos/1_otraprueba_15.avi
cara guardada en /0_2022-10-24_18:18:14.655868.avi_67.72568583488464.jpg con esta confidence:0.9989962
cara encontrada en: /var/www/html/reconocimientoFacial/proyecto_definitivo/admin/files/videos_registro_videos/1_otraprueba_15.avi
cara guardada en /0_2022-10-24_18:18:14.877136.avi_67.94695258140564.jpg con esta confidence:0.9952217
cara encontrada en: /var/www/html/reconocimientoFacial/proyecto_definitivo/admin/files/videos_registro_videos/1_otraprueba_15.avi
cara guardada en /0_2022-10-24_18:18:15.026391.avi_68.09620714187622.jpg con esta confidence:0.9893968
cara encontrada en: /var/www/html/reconocimientoFacial/proyecto_definitivo/admin/files/videos_registro_videos/1_otraprueba_15.avi
cara guardada en /0_2022-10-24_18:18:15.209403.avi_68.27921986579895.jpg con esta confidence:0.9778485
cara encontrada en: /var/www/html/reconocimientoFacial/proyecto_definitivo/admin/files/videos_registro_videos/1_otraprueba_15.avi
cara guardada en /0_2022-10-24_18:18:15.279683.avi_68.34950017929077.jpg con esta confidence:0.9637259
cara encontrada en: /var/www/html/reconocimientoFacial/proyecto_definitivo/admin/files/videos_registro_videos/1_otraprueba_15.avi
cara guardada en /0_2022-10-24_18:18:15.561783.avi_68.63159584999084.jpg con esta confidence:0.92105186
cara encontrada en: /var/www/html/reconocimientoFacial/proyecto_definitivo/admin/files/videos_registro_videos/1_otraprueba_15.avi
cara guardada en /0_2022-10-24_18:18:15.727654.avi_68.79746913909912.jpg con esta confidence:0.76759994
voy(15) leyendo el video..
tenemos(15) frame k lo guardo ..
voy(15) leyendo el video..
tenemos(15) frame k lo guardo ..
cara encontrada en: /var/www/html/reconocimientoFacial/proyecto_definitivo/admin/files/videos_registro_videos/1_otraprueba_15.avi
cara guardada en /0_2022-10-24_18:18:18.735800.avi_71.80561637878418.jpg con esta confidence:0.99970514
cara encontrada en: /var/www/html/reconocimientoFacial/proyecto_definitivo/admin/files/videos_registro_videos/1_otraprueba_15.avi
cara guardada en /0_2022-10-24_18:18:18.939583.avi_72.0093994140625.jpg con esta confidence:0.9990644
cara encontrada en: /var/www/html/reconocimientoFacial/proyecto_definitivo/admin/files/videos_registro_videos/1_otraprueba_15.avi
cara guardada en /0_2022-10-24_18:18:19.178038.avi_72.24785614013672.jpg con esta confidence:0.99636036
cara encontrada en: /var/www/html/reconocimientoFacial/proyecto_definitivo/admin/files/videos_registro_videos/1_otraprueba_15.avi
cara guardada en /0_2022-10-24_18:18:19.320118.avi_72.38993525505066.jpg con esta confidence:0.99029785
cara encontrada en: /var/www/html/reconocimientoFacial/proyecto_definitivo/admin/files/videos_registro_videos/1_otraprueba_15.avi
cara guardada en /0_2022-10-24_18:18:19.471439.avi_72.54125499725342.jpg con esta confidence:0.9767086
cara encontrada en: /var/www/html/reconocimientoFacial/proyecto_definitivo/admin/files/videos_registro_videos/1_otraprueba_15.avi
cara guardada en /0_2022-10-24_18:18:19.555929.avi_72.62574625015259.jpg con esta confidence:0.9698747
cara encontrada en: /var/www/html/reconocimientoFacial/proyecto_definitivo/admin/files/videos_registro_videos/1_otraprueba_15.avi
cara guardada en /0_2022-10-24_18:18:19.701374.avi_72.77119088172913.jpg con esta confidence:0.92721945
cara encontrada en: /var/www/html/reconocimientoFacial/proyecto_definitivo/admin/files/videos_registro_videos/1_otraprueba_15.avi
cara guardada en /0_2022-10-24_18:18:19.809090.avi_72.87890648841858.jpg con esta confidence:0.7748585
voy(15) leyendo el video..
tenemos(15) frame k lo guardo ..
voy(15) leyendo el video..
tenemos(15) frame k lo guardo ..
cara encontrada en: /var/www/html/reconocimientoFacial/proyecto_definitivo/admin/files/videos_registro_videos/1_otraprueba_15.avi
cara guardada en /0_2022-10-24_18:18:23.840425.avi_76.91024112701416.jpg con esta confidence:0.9995871
cara encontrada en: /var/www/html/reconocimientoFacial/proyecto_definitivo/admin/files/videos_registro_videos/1_otraprueba_15.avi
cara guardada en /0_2022-10-24_18:18:24.064891.avi_77.13470888137817.jpg con esta confidence:0.99876297
cara encontrada en: /var/www/html/reconocimientoFacial/proyecto_definitivo/admin/files/videos_registro_videos/1_otraprueba_15.avi
cara guardada en /0_2022-10-24_18:18:24.151660.avi_77.2214765548706.jpg con esta confidence:0.9953939
cara encontrada en: /var/www/html/reconocimientoFacial/proyecto_definitivo/admin/files/videos_registro_videos/1_otraprueba_15.avi
cara guardada en /0_2022-10-24_18:18:24.468942.avi_77.5387589931488.jpg con esta confidence:0.9861412
cara encontrada en: /var/www/html/reconocimientoFacial/proyecto_definitivo/admin/files/videos_registro_videos/1_otraprueba_15.avi
cara guardada en /0_2022-10-24_18:18:24.582634.avi_77.6524498462677.jpg con esta confidence:0.96642613
cara encontrada en: /var/www/html/reconocimientoFacial/proyecto_definitivo/admin/files/videos_registro_videos/1_otraprueba_15.avi
cara guardada en /0_2022-10-24_18:18:24.815671.avi_77.88548707962036.jpg con esta confidence:0.9633615
cara encontrada en: /var/www/html/reconocimientoFacial/proyecto_definitivo/admin/files/videos_registro_videos/1_otraprueba_15.avi
cara guardada en /0_2022-10-24_18:18:24.965308.avi_78.03512477874756.jpg con esta confidence:0.92037845
cara encontrada en: /var/www/html/reconocimientoFacial/proyecto_definitivo/admin/files/videos_registro_videos/1_otraprueba_15.avi
cara guardada en /0_2022-10-24_18:18:25.068333.avi_78.13814997673035.jpg con esta confidence:0.8224227
voy(15) leyendo el video..
tenemos(15) frame k lo guardo ..
voy(15) leyendo el video..
tenemos(15) frame k lo guardo ..
cara encontrada en: /var/www/html/reconocimientoFacial/proyecto_definitivo/admin/files/videos_registro_videos/1_otraprueba_15.avi
cara guardada en /0_2022-10-24_18:18:28.234480.avi_81.3042962551117.jpg con esta confidence:0.9995914
cara encontrada en: /var/www/html/reconocimientoFacial/proyecto_definitivo/admin/files/videos_registro_videos/1_otraprueba_15.avi
cara guardada en /0_2022-10-24_18:18:28.408973.avi_81.47878909111023.jpg con esta confidence:0.9987031
cara encontrada en: /var/www/html/reconocimientoFacial/proyecto_definitivo/admin/files/videos_registro_videos/1_otraprueba_15.avi
cara guardada en /0_2022-10-24_18:18:28.645506.avi_81.71532249450684.jpg con esta confidence:0.99587846
cara encontrada en: /var/www/html/reconocimientoFacial/proyecto_definitivo/admin/files/videos_registro_videos/1_otraprueba_15.avi
cara guardada en /0_2022-10-24_18:18:28.896942.avi_81.96675848960876.jpg con esta confidence:0.9874077
cara encontrada en: /var/www/html/reconocimientoFacial/proyecto_definitivo/admin/files/videos_registro_videos/1_otraprueba_15.avi
cara guardada en /0_2022-10-24_18:18:29.197697.avi_82.26751399040222.jpg con esta confidence:0.9687319
cara encontrada en: /var/www/html/reconocimientoFacial/proyecto_definitivo/admin/files/videos_registro_videos/1_otraprueba_15.avi
cara guardada en /0_2022-10-24_18:18:29.409430.avi_82.47924470901489.jpg con esta confidence:0.9611497
cara encontrada en: /var/www/html/reconocimientoFacial/proyecto_definitivo/admin/files/videos_registro_videos/1_otraprueba_15.avi
cara guardada en /0_2022-10-24_18:18:29.615196.avi_82.68501305580139.jpg con esta confidence:0.91328186
cara encontrada en: /var/www/html/reconocimientoFacial/proyecto_definitivo/admin/files/videos_registro_videos/1_otraprueba_15.avi
cara guardada en /0_2022-10-24_18:18:29.788878.avi_82.85869455337524.jpg con esta confidence:0.810494
voy(15) leyendo el video..
tenemos(15) frame k lo guardo ..
voy(15) leyendo el video..
tenemos(15) frame k lo guardo ..
cara encontrada en: /var/www/html/reconocimientoFacial/proyecto_definitivo/admin/files/videos_registro_videos/1_otraprueba_15.avi
cara guardada en /0_2022-10-24_18:18:33.623834.avi_86.69364976882935.jpg con esta confidence:0.9995863
cara encontrada en: /var/www/html/reconocimientoFacial/proyecto_definitivo/admin/files/videos_registro_videos/1_otraprueba_15.avi
cara guardada en /0_2022-10-24_18:18:33.777256.avi_86.8470721244812.jpg con esta confidence:0.9989655
cara encontrada en: /var/www/html/reconocimientoFacial/proyecto_definitivo/admin/files/videos_registro_videos/1_otraprueba_15.avi
cara guardada en /0_2022-10-24_18:18:33.984841.avi_87.05465841293335.jpg con esta confidence:0.9950982
cara encontrada en: /var/www/html/reconocimientoFacial/proyecto_definitivo/admin/files/videos_registro_videos/1_otraprueba_15.avi
cara guardada en /0_2022-10-24_18:18:34.145514.avi_87.21532487869263.jpg con esta confidence:0.98823035
cara encontrada en: /var/www/html/reconocimientoFacial/proyecto_definitivo/admin/files/videos_registro_videos/1_otraprueba_15.avi
cara guardada en /0_2022-10-24_18:18:34.309643.avi_87.3794596195221.jpg con esta confidence:0.97657436
cara encontrada en: /var/www/html/reconocimientoFacial/proyecto_definitivo/admin/files/videos_registro_videos/1_otraprueba_15.avi
cara guardada en /0_2022-10-24_18:18:34.550094.avi_87.6199107170105.jpg con esta confidence:0.96062404
cara encontrada en: /var/www/html/reconocimientoFacial/proyecto_definitivo/admin/files/videos_registro_videos/1_otraprueba_15.avi
cara guardada en /0_2022-10-24_18:18:34.813271.avi_87.88308691978455.jpg con esta confidence:0.92101616
cara encontrada en: /var/www/html/reconocimientoFacial/proyecto_definitivo/admin/files/videos_registro_videos/1_otraprueba_15.avi
cara guardada en /0_2022-10-24_18:18:34.936265.avi_88.00608015060425.jpg con esta confidence:0.83507305
voy(15) leyendo el video..
tenemos(15) frame k lo guardo ..
voy(15) leyendo el video..
tenemos(15) frame k lo guardo ..
cara encontrada en: /var/www/html/reconocimientoFacial/proyecto_definitivo/admin/files/videos_registro_videos/1_otraprueba_15.avi
cara guardada en /0_2022-10-24_18:18:37.777395.avi_90.8472113609314.jpg con esta confidence:0.9995548
cara encontrada en: /var/www/html/reconocimientoFacial/proyecto_definitivo/admin/files/videos_registro_videos/1_otraprueba_15.avi
cara guardada en /0_2022-10-24_18:18:37.968196.avi_91.03801345825195.jpg con esta confidence:0.99903333
cara encontrada en: /var/www/html/reconocimientoFacial/proyecto_definitivo/admin/files/videos_registro_videos/1_otraprueba_15.avi
cara guardada en /0_2022-10-24_18:18:38.096118.avi_91.16593408584595.jpg con esta confidence:0.99473464
cara encontrada en: /var/www/html/reconocimientoFacial/proyecto_definitivo/admin/files/videos_registro_videos/1_otraprueba_15.avi
cara guardada en /0_2022-10-24_18:18:38.261312.avi_91.33112812042236.jpg con esta confidence:0.9881108
cara encontrada en: /var/www/html/reconocimientoFacial/proyecto_definitivo/admin/files/videos_registro_videos/1_otraprueba_15.avi
cara guardada en /0_2022-10-24_18:18:38.445554.avi_91.51537084579468.jpg con esta confidence:0.9780637
cara encontrada en: /var/www/html/reconocimientoFacial/proyecto_definitivo/admin/files/videos_registro_videos/1_otraprueba_15.avi
cara guardada en /0_2022-10-24_18:18:38.688159.avi_91.75797629356384.jpg con esta confidence:0.9561072
cara encontrada en: /var/www/html/reconocimientoFacial/proyecto_definitivo/admin/files/videos_registro_videos/1_otraprueba_15.avi
cara guardada en /0_2022-10-24_18:18:38.861192.avi_91.9310085773468.jpg con esta confidence:0.92288214
cara encontrada en: /var/www/html/reconocimientoFacial/proyecto_definitivo/admin/files/videos_registro_videos/1_otraprueba_15.avi
cara guardada en /0_2022-10-24_18:18:39.159071.avi_92.22888779640198.jpg con esta confidence:0.8668792
voy(15) leyendo el video..
tenemos(15) frame k lo guardo ..
voy(15) leyendo el video..
tenemos(15) frame k lo guardo ..
cara encontrada en: /var/www/html/reconocimientoFacial/proyecto_definitivo/admin/files/videos_registro_videos/1_otraprueba_15.avi
cara guardada en /0_2022-10-24_18:18:43.027980.avi_96.09779620170593.jpg con esta confidence:0.99961674
cara encontrada en: /var/www/html/reconocimientoFacial/proyecto_definitivo/admin/files/videos_registro_videos/1_otraprueba_15.avi
cara guardada en /0_2022-10-24_18:18:43.270845.avi_96.34066033363342.jpg con esta confidence:0.9991486
cara encontrada en: /var/www/html/reconocimientoFacial/proyecto_definitivo/admin/files/videos_registro_videos/1_otraprueba_15.avi
cara guardada en /0_2022-10-24_18:18:43.523605.avi_96.59341979026794.jpg con esta confidence:0.9948919
cara encontrada en: /var/www/html/reconocimientoFacial/proyecto_definitivo/admin/files/videos_registro_videos/1_otraprueba_15.avi
cara guardada en /0_2022-10-24_18:18:43.658380.avi_96.72819638252258.jpg con esta confidence:0.9895047
cara encontrada en: /var/www/html/reconocimientoFacial/proyecto_definitivo/admin/files/videos_registro_videos/1_otraprueba_15.avi
cara guardada en /0_2022-10-24_18:18:43.818583.avi_96.88840079307556.jpg con esta confidence:0.97977483
cara encontrada en: /var/www/html/reconocimientoFacial/proyecto_definitivo/admin/files/videos_registro_videos/1_otraprueba_15.avi
cara guardada en /0_2022-10-24_18:18:44.030711.avi_97.1005289554596.jpg con esta confidence:0.9603022
cara encontrada en: /var/www/html/reconocimientoFacial/proyecto_definitivo/admin/files/videos_registro_videos/1_otraprueba_15.avi
cara guardada en /0_2022-10-24_18:18:44.216719.avi_97.2865355014801.jpg con esta confidence:0.9300121
cara encontrada en: /var/www/html/reconocimientoFacial/proyecto_definitivo/admin/files/videos_registro_videos/1_otraprueba_15.avi
cara guardada en /0_2022-10-24_18:18:44.387781.avi_97.45759320259094.jpg con esta confidence:0.8644638
voy(15) leyendo el video..
tenemos(15) frame k lo guardo ..
voy(15) leyendo el video..
tenemos(15) frame k lo guardo ..
cara encontrada en: /var/www/html/reconocimientoFacial/proyecto_definitivo/admin/files/videos_registro_videos/1_otraprueba_15.avi
cara guardada en /0_2022-10-24_18:18:47.753582.avi_100.82339882850647.jpg con esta confidence:0.9995455
cara encontrada en: /var/www/html/reconocimientoFacial/proyecto_definitivo/admin/files/videos_registro_videos/1_otraprueba_15.avi
cara guardada en /0_2022-10-24_18:18:47.992328.avi_101.06214475631714.jpg con esta confidence:0.9990571
cara encontrada en: /var/www/html/reconocimientoFacial/proyecto_definitivo/admin/files/videos_registro_videos/1_otraprueba_15.avi
cara guardada en /0_2022-10-24_18:18:48.126442.avi_101.19625639915466.jpg con esta confidence:0.994449
cara encontrada en: /var/www/html/reconocimientoFacial/proyecto_definitivo/admin/files/videos_registro_videos/1_otraprueba_15.avi
cara guardada en /0_2022-10-24_18:18:48.322289.avi_101.39210486412048.jpg con esta confidence:0.9882301
cara encontrada en: /var/www/html/reconocimientoFacial/proyecto_definitivo/admin/files/videos_registro_videos/1_otraprueba_15.avi
cara guardada en /0_2022-10-24_18:18:48.629324.avi_101.69913983345032.jpg con esta confidence:0.9781601
cara encontrada en: /var/www/html/reconocimientoFacial/proyecto_definitivo/admin/files/videos_registro_videos/1_otraprueba_15.avi
cara guardada en /0_2022-10-24_18:18:49.405816.avi_102.47563338279724.jpg con esta confidence:0.9543291
cara encontrada en: /var/www/html/reconocimientoFacial/proyecto_definitivo/admin/files/videos_registro_videos/1_otraprueba_15.avi
cara guardada en /0_2022-10-24_18:18:49.506669.avi_102.57648491859436.jpg con esta confidence:0.92486095
cara encontrada en: /var/www/html/reconocimientoFacial/proyecto_definitivo/admin/files/videos_registro_videos/1_otraprueba_15.avi
cara guardada en /0_2022-10-24_18:18:49.633944.avi_102.70376086235046.jpg con esta confidence:0.8833532
voy(15) leyendo el video..
tenemos(15) frame k lo guardo ..
voy(15) leyendo el video..
tenemos(15) frame k lo guardo ..
cara encontrada en: /var/www/html/reconocimientoFacial/proyecto_definitivo/admin/files/videos_registro_videos/1_otraprueba_15.avi
cara guardada en /0_2022-10-24_18:18:52.843018.avi_105.91283464431763.jpg con esta confidence:0.9995987
cara encontrada en: /var/www/html/reconocimientoFacial/proyecto_definitivo/admin/files/videos_registro_videos/1_otraprueba_15.avi
cara guardada en /0_2022-10-24_18:18:53.090861.avi_106.16067719459534.jpg con esta confidence:0.9990293
cara encontrada en: /var/www/html/reconocimientoFacial/proyecto_definitivo/admin/files/videos_registro_videos/1_otraprueba_15.avi
cara guardada en /0_2022-10-24_18:18:53.126615.avi_106.1964316368103.jpg con esta confidence:0.99546695
cara encontrada en: /var/www/html/reconocimientoFacial/proyecto_definitivo/admin/files/videos_registro_videos/1_otraprueba_15.avi
cara guardada en /0_2022-10-24_18:18:53.470804.avi_106.54062056541443.jpg con esta confidence:0.9894326
cara encontrada en: /var/www/html/reconocimientoFacial/proyecto_definitivo/admin/files/videos_registro_videos/1_otraprueba_15.avi
cara guardada en /0_2022-10-24_18:18:53.596740.avi_106.66655731201172.jpg con esta confidence:0.9788229
cara encontrada en: /var/www/html/reconocimientoFacial/proyecto_definitivo/admin/files/videos_registro_videos/1_otraprueba_15.avi
cara guardada en /0_2022-10-24_18:18:53.660040.avi_106.72985649108887.jpg con esta confidence:0.9572889
cara encontrada en: /var/www/html/reconocimientoFacial/proyecto_definitivo/admin/files/videos_registro_videos/1_otraprueba_15.avi
cara guardada en /0_2022-10-24_18:18:53.759497.avi_106.8293149471283.jpg con esta confidence:0.919484
cara encontrada en: /var/www/html/reconocimientoFacial/proyecto_definitivo/admin/files/videos_registro_videos/1_otraprueba_15.avi
cara guardada en /0_2022-10-24_18:18:53.985142.avi_107.05495715141296.jpg con esta confidence:0.8451548
voy(15) leyendo el video..
tenemos(15) frame k lo guardo ..
voy(15) leyendo el video..
tenemos(15) frame k lo guardo ..
cara encontrada en: /var/www/html/reconocimientoFacial/proyecto_definitivo/admin/files/videos_registro_videos/1_otraprueba_15.avi
cara guardada en /0_2022-10-24_18:18:57.205193.avi_110.27500939369202.jpg con esta confidence:0.99949014
cara encontrada en: /var/www/html/reconocimientoFacial/proyecto_definitivo/admin/files/videos_registro_videos/1_otraprueba_15.avi
cara guardada en /0_2022-10-24_18:18:57.423281.avi_110.49309754371643.jpg con esta confidence:0.9989108
cara encontrada en: /var/www/html/reconocimientoFacial/proyecto_definitivo/admin/files/videos_registro_videos/1_otraprueba_15.avi
cara guardada en /0_2022-10-24_18:18:57.751901.avi_110.82171630859375.jpg con esta confidence:0.9942709
cara encontrada en: /var/www/html/reconocimientoFacial/proyecto_definitivo/admin/files/videos_registro_videos/1_otraprueba_15.avi
cara guardada en /0_2022-10-24_18:18:57.867992.avi_110.93780899047852.jpg con esta confidence:0.9879771
cara encontrada en: /var/www/html/reconocimientoFacial/proyecto_definitivo/admin/files/videos_registro_videos/1_otraprueba_15.avi
cara guardada en /0_2022-10-24_18:18:58.008911.avi_111.0787284374237.jpg con esta confidence:0.9777926
cara encontrada en: /var/www/html/reconocimientoFacial/proyecto_definitivo/admin/files/videos_registro_videos/1_otraprueba_15.avi
cara guardada en /0_2022-10-24_18:18:58.087693.avi_111.15750932693481.jpg con esta confidence:0.94715005
cara encontrada en: /var/www/html/reconocimientoFacial/proyecto_definitivo/admin/files/videos_registro_videos/1_otraprueba_15.avi
cara guardada en /0_2022-10-24_18:18:58.206875.avi_111.27669143676758.jpg con esta confidence:0.9113527
cara encontrada en: /var/www/html/reconocimientoFacial/proyecto_definitivo/admin/files/videos_registro_videos/1_otraprueba_15.avi
cara guardada en /0_2022-10-24_18:18:58.288525.avi_111.35834169387817.jpg con esta confidence:0.88241696
voy(15) leyendo el video..
tenemos(15) frame k lo guardo ..
voy(15) leyendo el video..
tenemos(15) frame k lo guardo ..
cara encontrada en: /var/www/html/reconocimientoFacial/proyecto_definitivo/admin/files/videos_registro_videos/1_otraprueba_15.avi
cara guardada en /0_2022-10-24_18:19:00.718270.avi_113.78808546066284.jpg con esta confidence:0.9996075
cara encontrada en: /var/www/html/reconocimientoFacial/proyecto_definitivo/admin/files/videos_registro_videos/1_otraprueba_15.avi
cara guardada en /0_2022-10-24_18:19:00.744849.avi_113.81466484069824.jpg con esta confidence:0.9989901
cara encontrada en: /var/www/html/reconocimientoFacial/proyecto_definitivo/admin/files/videos_registro_videos/1_otraprueba_15.avi
cara guardada en /0_2022-10-24_18:19:00.947919.avi_114.01773595809937.jpg con esta confidence:0.9949214
cara encontrada en: /var/www/html/reconocimientoFacial/proyecto_definitivo/admin/files/videos_registro_videos/1_otraprueba_15.avi
cara guardada en /0_2022-10-24_18:19:00.957563.avi_114.02737998962402.jpg con esta confidence:0.99043614
cara encontrada en: /var/www/html/reconocimientoFacial/proyecto_definitivo/admin/files/videos_registro_videos/1_otraprueba_15.avi
cara guardada en /0_2022-10-24_18:19:00.965423.avi_114.03523874282837.jpg con esta confidence:0.97948587
cara encontrada en: /var/www/html/reconocimientoFacial/proyecto_definitivo/admin/files/videos_registro_videos/1_otraprueba_15.avi
cara guardada en /0_2022-10-24_18:19:00.974629.avi_114.04444622993469.jpg con esta confidence:0.95558625
cara encontrada en: /var/www/html/reconocimientoFacial/proyecto_definitivo/admin/files/videos_registro_videos/1_otraprueba_15.avi
cara guardada en /0_2022-10-24_18:19:01.026373.avi_114.09618878364563.jpg con esta confidence:0.9148888
cara encontrada en: /var/www/html/reconocimientoFacial/proyecto_definitivo/admin/files/videos_registro_videos/1_otraprueba_15.avi
cara guardada en /0_2022-10-24_18:19:01.201862.avi_114.27167773246765.jpg con esta confidence:0.84037447
voy(15) leyendo el video..
tenemos(15) frame k lo guardo ..
voy(15) leyendo el video..
tenemos(15) frame k lo guardo ..
cara encontrada en: /var/www/html/reconocimientoFacial/proyecto_definitivo/admin/files/videos_registro_videos/1_otraprueba_15.avi
cara guardada en /0_2022-10-24_18:19:03.276821.avi_116.34663558006287.jpg con esta confidence:0.99963474
cara encontrada en: /var/www/html/reconocimientoFacial/proyecto_definitivo/admin/files/videos_registro_videos/1_otraprueba_15.avi
cara guardada en /0_2022-10-24_18:19:03.358372.avi_116.42818713188171.jpg con esta confidence:0.9989225
cara encontrada en: /var/www/html/reconocimientoFacial/proyecto_definitivo/admin/files/videos_registro_videos/1_otraprueba_15.avi
cara guardada en /0_2022-10-24_18:19:03.482472.avi_116.55228924751282.jpg con esta confidence:0.99561524
cara encontrada en: /var/www/html/reconocimientoFacial/proyecto_definitivo/admin/files/videos_registro_videos/1_otraprueba_15.avi
cara guardada en /0_2022-10-24_18:19:03.660430.avi_116.73024702072144.jpg con esta confidence:0.9898925
cara encontrada en: /var/www/html/reconocimientoFacial/proyecto_definitivo/admin/files/videos_registro_videos/1_otraprueba_15.avi
cara guardada en /0_2022-10-24_18:19:03.748168.avi_116.81798458099365.jpg con esta confidence:0.9767975
cara encontrada en: /var/www/html/reconocimientoFacial/proyecto_definitivo/admin/files/videos_registro_videos/1_otraprueba_15.avi
cara guardada en /0_2022-10-24_18:19:03.764946.avi_116.83476328849792.jpg con esta confidence:0.95955807
cara encontrada en: /var/www/html/reconocimientoFacial/proyecto_definitivo/admin/files/videos_registro_videos/1_otraprueba_15.avi
cara guardada en /0_2022-10-24_18:19:03.773350.avi_116.8431670665741.jpg con esta confidence:0.9123914
cara encontrada en: /var/www/html/reconocimientoFacial/proyecto_definitivo/admin/files/videos_registro_videos/1_otraprueba_15.avi
cara guardada en /0_2022-10-24_18:19:03.783113.avi_116.85292983055115.jpg con esta confidence:0.82321656
voy(15) leyendo el video..
tenemos(15) frame k lo guardo ..
voy(15) leyendo el video..
Llego al final y remuevo el video!
Tiempo de analizar el video:117.22812461853027
