procesando...
php /var/www/html/reconocimientoFacial/proyecto_definitivo/ws.php listado_lineas 2
procesando...
php /var/www/html/reconocimientoFacial/proyecto_definitivo/ws.php listado_lineas 2
procesando...
php /var/www/html/reconocimientoFacial/proyecto_definitivo/ws.php listado_lineas 2
procesando...
php /var/www/html/reconocimientoFacial/proyecto_definitivo/ws.php listado_lineas 2
procesando...
php /var/www/html/reconocimientoFacial/proyecto_definitivo/ws.php listado_lineas 2
procesando...
php /var/www/html/reconocimientoFacial/proyecto_definitivo/ws.php listado_lineas 2
procesando...
php /var/www/html/reconocimientoFacial/proyecto_definitivo/ws.php listado_lineas 2
procesando...
php /var/www/html/reconocimientoFacial/proyecto_definitivo/ws.php listado_lineas 2
procesando...
php /var/www/html/reconocimientoFacial/proyecto_definitivo/ws.php listado_lineas 2
procesando...
php /var/www/html/reconocimientoFacial/proyecto_definitivo/ws.php listado_lineas 2
procesando...
php /var/www/html/reconocimientoFacial/proyecto_definitivo/ws.php listado_lineas 2
procesando...
php /var/www/html/reconocimientoFacial/proyecto_definitivo/ws.php listado_lineas 2
procesando...
php /var/www/html/reconocimientoFacial/proyecto_definitivo/ws.php listado_lineas 2
procesando...
php /var/www/html/reconocimientoFacial/proyecto_definitivo/ws.php listado_lineas 2
procesando...
php /var/www/html/reconocimientoFacial/proyecto_definitivo/ws.php listado_lineas 2
longitud lineas: 1
longitud lineas: 1
longitud lineas: 1
Sin lineas en la camara no hago nada
tenemos este video:/home/testuser/motor/videos/1/2/2_2022-11-07_12:58:32.319868.avi
Sin lineas en la camara no hago nada
Sin lineas en la camara no hago nada
longitud lineas: 1
longitud lineas: 1
tenemos este video:/home/testuser/motor/videos/1/2/2_2022-11-07_13:03:41.150465.avi
tenemos este video:/home/testuser/motor/videos/1/2/2_2022-11-07_12:57:20.083904.avi
longitud lineas: 1
longitud lineas: 1
Sin lineas en la camara no hago nada
Sin lineas en la camara no hago nada
Sin lineas en la camara no hago nada
Sin lineas en la camara no hago nada
tenemos este video:/home/testuser/motor/videos/1/2/2_2022-11-07_14:46:44.912509.avi
tenemos este video:/home/testuser/motor/videos/1/2/2_2022-11-07_13:01:25.751009.avi
longitud lineas: 1
tenemos este video:/home/testuser/motor/videos/1/2/2_2022-11-07_13:02:28.576546.avi
tenemos este video:/home/testuser/motor/videos/1/2/2_2022-11-07_12:55:23.759003.avi
longitud lineas: 1
Sin lineas en la camara no hago nada
Sin lineas en la camara no hago nada
tenemos este video:/home/testuser/motor/videos/1/2/2_2022-11-07_12:57:28.260617.avi
tenemos este video:/home/testuser/motor/videos/1/2/2_2022-11-07_14:33:27.251959.avi
longitud lineas: 1
longitud lineas: 1
longitud lineas: 1
longitud lineas: 1
Sin lineas en la camara no hago nada
Sin lineas en la camara no hago nada
Sin lineas en la camara no hago nada
Sin lineas en la camara no hago nada
tenemos este video:/home/testuser/motor/videos/1/2/2_2022-11-07_13:17:38.413566.avi
tenemos este video:/home/testuser/motor/videos/1/2/2_2022-11-07_13:03:52.928860.avi
tenemos este video:/home/testuser/motor/videos/1/2/2_2022-11-07_14:46:35.898710.avi
tenemos este video:/home/testuser/motor/videos/1/2/2_2022-11-07_13:12:14.519645.avi
longitud lineas: 1
Sin lineas en la camara no hago nada
tenemos este video:/home/testuser/motor/videos/1/2/2_2022-11-07_14:46:31.191432.avi
longitud lineas: 1
Sin lineas en la camara no hago nada
tenemos este video:/home/testuser/motor/videos/1/2/2_2022-11-07_12:56:41.864221.avi
Llego al final!
Llego al final!
Llego al final!
Llego al final!
Llego al final!
procesando...
procesando...
php /var/www/html/reconocimientoFacial/proyecto_definitivo/ws.php listado_lineas 2
procesando...
php /var/www/html/reconocimientoFacial/proyecto_definitivo/ws.php listado_lineas 2
procesando...
php /var/www/html/reconocimientoFacial/proyecto_definitivo/ws.php listado_lineas 2
php /var/www/html/reconocimientoFacial/proyecto_definitivo/ws.php listado_lineas 2
procesando...
php /var/www/html/reconocimientoFacial/proyecto_definitivo/ws.php listado_lineas 2
procesando...
php /var/www/html/reconocimientoFacial/proyecto_definitivo/ws.php listado_lineas 2
procesando...
php /var/www/html/reconocimientoFacial/proyecto_definitivo/ws.php listado_lineas 2
longitud lineas: 1
longitud lineas: 1
Sin lineas en la camara no hago nada
longitud lineas: 1
Sin lineas en la camara no hago nada
tenemos este video:/home/testuser/motor/videos/1/2/2_2022-11-07_13:42:23.517661.avi
longitud lineas: 1
Sin lineas en la camara no hago nada
tenemos este video:/home/testuser/motor/videos/1/2/2_2022-11-07_13:12:17.877881.avi
longitud lineas: 1
Sin lineas en la camara no hago nada
tenemos este video:/home/testuser/motor/videos/1/2/2_2022-11-07_13:14:43.327999.avi
Sin lineas en la camara no hago nada
tenemos este video:/home/testuser/motor/videos/1/2/2_2022-11-07_14:55:15.845042.avi
tenemos este video:/home/testuser/motor/videos/1/2/2_2022-11-07_13:03:27.954797.avi
longitud lineas: 1
Sin lineas en la camara no hago nada
tenemos este video:/home/testuser/motor/videos/1/2/2_2022-11-07_13:41:59.585362.avi
longitud lineas: 1
Sin lineas en la camara no hago nada
tenemos este video:/home/testuser/motor/videos/1/2/2_2022-11-07_13:12:26.329294.avi
Llego al final!
Llego al final!
Llego al final!
Llego al final!
Llego al final!
Llego al final!
Llego al final!
procesando...
php /var/www/html/reconocimientoFacial/proyecto_definitivo/ws.php listado_lineas 2
longitud lineas: 1
Sin lineas en la camara no hago nada
tenemos este video:/home/testuser/motor/videos/1/2/2_2022-11-07_14:47:06.746026.avi
procesando...
php /var/www/html/reconocimientoFacial/proyecto_definitivo/ws.php listado_lineas 2
longitud lineas: 1
Sin lineas en la camara no hago nada
tenemos este video:/home/testuser/motor/videos/1/2/2_2022-11-07_12:53:08.512387.avi
procesando...
php /var/www/html/reconocimientoFacial/proyecto_definitivo/ws.php listado_lineas 2
procesando...
php /var/www/html/reconocimientoFacial/proyecto_definitivo/ws.php listado_lineas 2
procesando...
php /var/www/html/reconocimientoFacial/proyecto_definitivo/ws.php listado_lineas 2
longitud lineas: 1
Sin lineas en la camara no hago nada
tenemos este video:/home/testuser/motor/videos/1/2/2_2022-11-07_13:42:13.715135.avi
longitud lineas: 1
Sin lineas en la camara no hago nada
tenemos este video:/home/testuser/motor/videos/1/2/2_2022-11-07_13:49:04.669548.avi
longitud lineas: 1
Sin lineas en la camara no hago nada
tenemos este video:/home/testuser/motor/videos/1/2/2_2022-11-07_13:16:59.054656.avi
procesando...
php /var/www/html/reconocimientoFacial/proyecto_definitivo/ws.php listado_lineas 2
longitud lineas: 1
Sin lineas en la camara no hago nada
tenemos este video:/home/testuser/motor/videos/1/2/2_2022-11-07_14:54:23.055412.avi
Llego al final!
Llego al final!
Llego al final!
Llego al final!
Llego al final!
Llego al final!
