tenemos este video:/var/www/html/reconocimientoFacial/proyecto_definitivo/admin/files/videos_registro_videos/1_otraprueba_4.avi
voy(4) leyendo el video..
tenemos(4) frame k lo guardo ..
voy(4) leyendo el video..
tenemos(4) frame k lo guardo ..
cara encontrada en: /var/www/html/reconocimientoFacial/proyecto_definitivo/admin/files/videos_registro_videos/1_otraprueba_4.avi
cara guardada en /0_2022-10-24_18:17:00.489775.avi_1.3155059814453125.jpg con esta confidence:0.9504436
cara encontrada en: /var/www/html/reconocimientoFacial/proyecto_definitivo/admin/files/videos_registro_videos/1_otraprueba_4.avi
cara guardada en /0_2022-10-24_18:17:00.560548.avi_1.3862812519073486.jpg con esta confidence:0.934186
cara encontrada en: /var/www/html/reconocimientoFacial/proyecto_definitivo/admin/files/videos_registro_videos/1_otraprueba_4.avi
cara guardada en /0_2022-10-24_18:17:00.648750.avi_1.4744837284088135.jpg con esta confidence:0.858883
cara encontrada en: /var/www/html/reconocimientoFacial/proyecto_definitivo/admin/files/videos_registro_videos/1_otraprueba_4.avi
cara guardada en /0_2022-10-24_18:17:00.721945.avi_1.5476791858673096.jpg con esta confidence:0.8058371
cara encontrada en: /var/www/html/reconocimientoFacial/proyecto_definitivo/admin/files/videos_registro_videos/1_otraprueba_4.avi
cara guardada en /0_2022-10-24_18:17:00.795086.avi_1.620821475982666.jpg con esta confidence:0.7436371
cara encontrada en: /var/www/html/reconocimientoFacial/proyecto_definitivo/admin/files/videos_registro_videos/1_otraprueba_4.avi
cara guardada en /0_2022-10-24_18:17:00.821912.avi_1.6476469039916992.jpg con esta confidence:0.7424418
voy(4) leyendo el video..
tenemos(4) frame k lo guardo ..
voy(4) leyendo el video..
tenemos(4) frame k lo guardo ..
cara encontrada en: /var/www/html/reconocimientoFacial/proyecto_definitivo/admin/files/videos_registro_videos/1_otraprueba_4.avi
cara guardada en /0_2022-10-24_18:17:02.100151.avi_2.925884485244751.jpg con esta confidence:0.9708171
cara encontrada en: /var/www/html/reconocimientoFacial/proyecto_definitivo/admin/files/videos_registro_videos/1_otraprueba_4.avi
cara guardada en /0_2022-10-24_18:17:02.160039.avi_2.9857728481292725.jpg con esta confidence:0.9408046
cara encontrada en: /var/www/html/reconocimientoFacial/proyecto_definitivo/admin/files/videos_registro_videos/1_otraprueba_4.avi
cara guardada en /0_2022-10-24_18:17:02.259616.avi_3.0853497982025146.jpg con esta confidence:0.90155125
cara encontrada en: /var/www/html/reconocimientoFacial/proyecto_definitivo/admin/files/videos_registro_videos/1_otraprueba_4.avi
cara guardada en /0_2022-10-24_18:17:02.342804.avi_3.168534278869629.jpg con esta confidence:0.8737032
cara encontrada en: /var/www/html/reconocimientoFacial/proyecto_definitivo/admin/files/videos_registro_videos/1_otraprueba_4.avi
cara guardada en /0_2022-10-24_18:17:02.424280.avi_3.250014066696167.jpg con esta confidence:0.8259556
cara encontrada en: /var/www/html/reconocimientoFacial/proyecto_definitivo/admin/files/videos_registro_videos/1_otraprueba_4.avi
cara guardada en /0_2022-10-24_18:17:02.519833.avi_3.345566749572754.jpg con esta confidence:0.71350384
voy(4) leyendo el video..
tenemos(4) frame k lo guardo ..
voy(4) leyendo el video..
tenemos(4) frame k lo guardo ..
cara encontrada en: /var/www/html/reconocimientoFacial/proyecto_definitivo/admin/files/videos_registro_videos/1_otraprueba_4.avi
cara guardada en /0_2022-10-24_18:17:04.250049.avi_5.075782775878906.jpg con esta confidence:0.9545152
cara encontrada en: /var/www/html/reconocimientoFacial/proyecto_definitivo/admin/files/videos_registro_videos/1_otraprueba_4.avi
cara guardada en /0_2022-10-24_18:17:04.374414.avi_5.2001495361328125.jpg con esta confidence:0.92708886
cara encontrada en: /var/www/html/reconocimientoFacial/proyecto_definitivo/admin/files/videos_registro_videos/1_otraprueba_4.avi
cara guardada en /0_2022-10-24_18:17:04.494198.avi_5.31993293762207.jpg con esta confidence:0.9011317
cara encontrada en: /var/www/html/reconocimientoFacial/proyecto_definitivo/admin/files/videos_registro_videos/1_otraprueba_4.avi
cara guardada en /0_2022-10-24_18:17:04.680140.avi_5.505875110626221.jpg con esta confidence:0.7105406
cara encontrada en: /var/www/html/reconocimientoFacial/proyecto_definitivo/admin/files/videos_registro_videos/1_otraprueba_4.avi
cara guardada en /0_2022-10-24_18:17:04.689229.avi_5.514962911605835.jpg con esta confidence:0.68738407
voy(4) leyendo el video..
tenemos(4) frame k lo guardo ..
voy(4) leyendo el video..
tenemos(4) frame k lo guardo ..
cara encontrada en: /var/www/html/reconocimientoFacial/proyecto_definitivo/admin/files/videos_registro_videos/1_otraprueba_4.avi
cara guardada en /0_2022-10-24_18:17:06.535026.avi_7.360759735107422.jpg con esta confidence:0.91422164
cara encontrada en: /var/www/html/reconocimientoFacial/proyecto_definitivo/admin/files/videos_registro_videos/1_otraprueba_4.avi
cara guardada en /0_2022-10-24_18:17:07.317786.avi_8.143519639968872.jpg con esta confidence:0.8779705
cara encontrada en: /var/www/html/reconocimientoFacial/proyecto_definitivo/admin/files/videos_registro_videos/1_otraprueba_4.avi
cara guardada en /0_2022-10-24_18:17:07.447527.avi_8.273261785507202.jpg con esta confidence:0.8505762
cara encontrada en: /var/www/html/reconocimientoFacial/proyecto_definitivo/admin/files/videos_registro_videos/1_otraprueba_4.avi
cara guardada en /0_2022-10-24_18:17:07.504622.avi_8.330357313156128.jpg con esta confidence:0.7228625
voy(4) leyendo el video..
tenemos(4) frame k lo guardo ..
voy(4) leyendo el video..
tenemos(4) frame k lo guardo ..
cara encontrada en: /var/www/html/reconocimientoFacial/proyecto_definitivo/admin/files/videos_registro_videos/1_otraprueba_4.avi
cara guardada en /0_2022-10-24_18:17:09.429531.avi_10.255263566970825.jpg con esta confidence:0.95924664
cara encontrada en: /var/www/html/reconocimientoFacial/proyecto_definitivo/admin/files/videos_registro_videos/1_otraprueba_4.avi
cara guardada en /0_2022-10-24_18:17:09.549575.avi_10.375309944152832.jpg con esta confidence:0.8813635
cara encontrada en: /var/www/html/reconocimientoFacial/proyecto_definitivo/admin/files/videos_registro_videos/1_otraprueba_4.avi
cara guardada en /0_2022-10-24_18:17:09.619933.avi_10.445667266845703.jpg con esta confidence:0.815322
cara encontrada en: /var/www/html/reconocimientoFacial/proyecto_definitivo/admin/files/videos_registro_videos/1_otraprueba_4.avi
cara guardada en /0_2022-10-24_18:17:09.856618.avi_10.68235182762146.jpg con esta confidence:0.7975654
voy(4) leyendo el video..
tenemos(4) frame k lo guardo ..
voy(4) leyendo el video..
tenemos(4) frame k lo guardo ..
cara encontrada en: /var/www/html/reconocimientoFacial/proyecto_definitivo/admin/files/videos_registro_videos/1_otraprueba_4.avi
cara guardada en /0_2022-10-24_18:17:11.702010.avi_12.527743577957153.jpg con esta confidence:0.97404206
cara encontrada en: /var/www/html/reconocimientoFacial/proyecto_definitivo/admin/files/videos_registro_videos/1_otraprueba_4.avi
cara guardada en /0_2022-10-24_18:17:11.770239.avi_12.59597396850586.jpg con esta confidence:0.9433825
cara encontrada en: /var/www/html/reconocimientoFacial/proyecto_definitivo/admin/files/videos_registro_videos/1_otraprueba_4.avi
cara guardada en /0_2022-10-24_18:17:11.816416.avi_12.64215087890625.jpg con esta confidence:0.87250966
cara encontrada en: /var/www/html/reconocimientoFacial/proyecto_definitivo/admin/files/videos_registro_videos/1_otraprueba_4.avi
cara guardada en /0_2022-10-24_18:17:11.864881.avi_12.690616130828857.jpg con esta confidence:0.70072037
cara encontrada en: /var/www/html/reconocimientoFacial/proyecto_definitivo/admin/files/videos_registro_videos/1_otraprueba_4.avi
cara guardada en /0_2022-10-24_18:17:11.940984.avi_12.76671814918518.jpg con esta confidence:0.68998146
cara encontrada en: /var/www/html/reconocimientoFacial/proyecto_definitivo/admin/files/videos_registro_videos/1_otraprueba_4.avi
cara guardada en /0_2022-10-24_18:17:12.041368.avi_12.86710000038147.jpg con esta confidence:0.6827977
voy(4) leyendo el video..
tenemos(4) frame k lo guardo ..
voy(4) leyendo el video..
tenemos(4) frame k lo guardo ..
cara encontrada en: /var/www/html/reconocimientoFacial/proyecto_definitivo/admin/files/videos_registro_videos/1_otraprueba_4.avi
cara guardada en /0_2022-10-24_18:17:14.774922.avi_15.600655555725098.jpg con esta confidence:0.9728702
cara encontrada en: /var/www/html/reconocimientoFacial/proyecto_definitivo/admin/files/videos_registro_videos/1_otraprueba_4.avi
cara guardada en /0_2022-10-24_18:17:14.824022.avi_15.649756669998169.jpg con esta confidence:0.8899883
cara encontrada en: /var/www/html/reconocimientoFacial/proyecto_definitivo/admin/files/videos_registro_videos/1_otraprueba_4.avi
cara guardada en /0_2022-10-24_18:17:14.874602.avi_15.700336694717407.jpg con esta confidence:0.87978435
cara encontrada en: /var/www/html/reconocimientoFacial/proyecto_definitivo/admin/files/videos_registro_videos/1_otraprueba_4.avi
cara guardada en /0_2022-10-24_18:17:14.952887.avi_15.778620719909668.jpg con esta confidence:0.78998566
cara encontrada en: /var/www/html/reconocimientoFacial/proyecto_definitivo/admin/files/videos_registro_videos/1_otraprueba_4.avi
cara guardada en /0_2022-10-24_18:17:15.029894.avi_15.855628967285156.jpg con esta confidence:0.70183885
voy(4) leyendo el video..
tenemos(4) frame k lo guardo ..
voy(4) leyendo el video..
tenemos(4) frame k lo guardo ..
cara encontrada en: /var/www/html/reconocimientoFacial/proyecto_definitivo/admin/files/videos_registro_videos/1_otraprueba_4.avi
cara guardada en /0_2022-10-24_18:17:17.624474.avi_18.45020818710327.jpg con esta confidence:0.8711169
cara encontrada en: /var/www/html/reconocimientoFacial/proyecto_definitivo/admin/files/videos_registro_videos/1_otraprueba_4.avi
cara guardada en /0_2022-10-24_18:17:17.932530.avi_18.758264780044556.jpg con esta confidence:0.854536
cara encontrada en: /var/www/html/reconocimientoFacial/proyecto_definitivo/admin/files/videos_registro_videos/1_otraprueba_4.avi
cara guardada en /0_2022-10-24_18:17:18.227032.avi_19.052767038345337.jpg con esta confidence:0.8489433
voy(4) leyendo el video..
tenemos(4) frame k lo guardo ..
voy(4) leyendo el video..
tenemos(4) frame k lo guardo ..
cara encontrada en: /var/www/html/reconocimientoFacial/proyecto_definitivo/admin/files/videos_registro_videos/1_otraprueba_4.avi
cara guardada en /0_2022-10-24_18:17:19.915294.avi_20.741028785705566.jpg con esta confidence:0.9774474
cara encontrada en: /var/www/html/reconocimientoFacial/proyecto_definitivo/admin/files/videos_registro_videos/1_otraprueba_4.avi
cara guardada en /0_2022-10-24_18:17:20.022022.avi_20.84775710105896.jpg con esta confidence:0.94659686
cara encontrada en: /var/www/html/reconocimientoFacial/proyecto_definitivo/admin/files/videos_registro_videos/1_otraprueba_4.avi
cara guardada en /0_2022-10-24_18:17:20.346331.avi_21.172064304351807.jpg con esta confidence:0.9049011
cara encontrada en: /var/www/html/reconocimientoFacial/proyecto_definitivo/admin/files/videos_registro_videos/1_otraprueba_4.avi
cara guardada en /0_2022-10-24_18:17:20.479098.avi_21.304832220077515.jpg con esta confidence:0.8395768
cara encontrada en: /var/www/html/reconocimientoFacial/proyecto_definitivo/admin/files/videos_registro_videos/1_otraprueba_4.avi
cara guardada en /0_2022-10-24_18:17:20.656088.avi_21.48182201385498.jpg con esta confidence:0.7898842
cara encontrada en: /var/www/html/reconocimientoFacial/proyecto_definitivo/admin/files/videos_registro_videos/1_otraprueba_4.avi
cara guardada en /0_2022-10-24_18:17:20.937318.avi_21.76305055618286.jpg con esta confidence:0.7799529
cara encontrada en: /var/www/html/reconocimientoFacial/proyecto_definitivo/admin/files/videos_registro_videos/1_otraprueba_4.avi
cara guardada en /0_2022-10-24_18:17:21.215327.avi_22.04106116294861.jpg con esta confidence:0.7728807
cara encontrada en: /var/www/html/reconocimientoFacial/proyecto_definitivo/admin/files/videos_registro_videos/1_otraprueba_4.avi
cara guardada en /0_2022-10-24_18:17:21.486779.avi_22.31251335144043.jpg con esta confidence:0.6870331
voy(4) leyendo el video..
tenemos(4) frame k lo guardo ..
voy(4) leyendo el video..
tenemos(4) frame k lo guardo ..
cara encontrada en: /var/www/html/reconocimientoFacial/proyecto_definitivo/admin/files/videos_registro_videos/1_otraprueba_4.avi
cara guardada en /0_2022-10-24_18:17:24.232490.avi_25.05821967124939.jpg con esta confidence:0.94544125
cara encontrada en: /var/www/html/reconocimientoFacial/proyecto_definitivo/admin/files/videos_registro_videos/1_otraprueba_4.avi
cara guardada en /0_2022-10-24_18:17:24.358963.avi_25.184698820114136.jpg con esta confidence:0.9205736
cara encontrada en: /var/www/html/reconocimientoFacial/proyecto_definitivo/admin/files/videos_registro_videos/1_otraprueba_4.avi
cara guardada en /0_2022-10-24_18:17:24.485934.avi_25.311668634414673.jpg con esta confidence:0.7933744
cara encontrada en: /var/www/html/reconocimientoFacial/proyecto_definitivo/admin/files/videos_registro_videos/1_otraprueba_4.avi
cara guardada en /0_2022-10-24_18:17:24.655157.avi_25.48089098930359.jpg con esta confidence:0.7359744
cara encontrada en: /var/www/html/reconocimientoFacial/proyecto_definitivo/admin/files/videos_registro_videos/1_otraprueba_4.avi
cara guardada en /0_2022-10-24_18:17:24.922932.avi_25.748666524887085.jpg con esta confidence:0.70117265
cara encontrada en: /var/www/html/reconocimientoFacial/proyecto_definitivo/admin/files/videos_registro_videos/1_otraprueba_4.avi
cara guardada en /0_2022-10-24_18:17:25.091442.avi_25.917176485061646.jpg con esta confidence:0.69818234
voy(4) leyendo el video..
tenemos(4) frame k lo guardo ..
voy(4) leyendo el video..
tenemos(4) frame k lo guardo ..
cara encontrada en: /var/www/html/reconocimientoFacial/proyecto_definitivo/admin/files/videos_registro_videos/1_otraprueba_4.avi
cara guardada en /0_2022-10-24_18:17:28.334330.avi_29.160065174102783.jpg con esta confidence:0.9874265
cara encontrada en: /var/www/html/reconocimientoFacial/proyecto_definitivo/admin/files/videos_registro_videos/1_otraprueba_4.avi
cara guardada en /0_2022-10-24_18:17:28.605039.avi_29.43077254295349.jpg con esta confidence:0.9711712
cara encontrada en: /var/www/html/reconocimientoFacial/proyecto_definitivo/admin/files/videos_registro_videos/1_otraprueba_4.avi
cara guardada en /0_2022-10-24_18:17:28.695313.avi_29.521047592163086.jpg con esta confidence:0.94007045
cara encontrada en: /var/www/html/reconocimientoFacial/proyecto_definitivo/admin/files/videos_registro_videos/1_otraprueba_4.avi
cara guardada en /0_2022-10-24_18:17:28.830242.avi_29.65597701072693.jpg con esta confidence:0.91949195
cara encontrada en: /var/www/html/reconocimientoFacial/proyecto_definitivo/admin/files/videos_registro_videos/1_otraprueba_4.avi
cara guardada en /0_2022-10-24_18:17:28.976143.avi_29.801878213882446.jpg con esta confidence:0.90391016
cara encontrada en: /var/www/html/reconocimientoFacial/proyecto_definitivo/admin/files/videos_registro_videos/1_otraprueba_4.avi
cara guardada en /0_2022-10-24_18:17:29.217462.avi_30.043197631835938.jpg con esta confidence:0.88681084
cara encontrada en: /var/www/html/reconocimientoFacial/proyecto_definitivo/admin/files/videos_registro_videos/1_otraprueba_4.avi
cara guardada en /0_2022-10-24_18:17:29.459595.avi_30.285329580307007.jpg con esta confidence:0.7647165
cara encontrada en: /var/www/html/reconocimientoFacial/proyecto_definitivo/admin/files/videos_registro_videos/1_otraprueba_4.avi
cara guardada en /0_2022-10-24_18:17:29.675725.avi_30.5014591217041.jpg con esta confidence:0.7183061
voy(4) leyendo el video..
tenemos(4) frame k lo guardo ..
voy(4) leyendo el video..
tenemos(4) frame k lo guardo ..
cara encontrada en: /var/www/html/reconocimientoFacial/proyecto_definitivo/admin/files/videos_registro_videos/1_otraprueba_4.avi
cara guardada en /0_2022-10-24_18:17:32.482557.avi_33.30829191207886.jpg con esta confidence:0.99614847
cara encontrada en: /var/www/html/reconocimientoFacial/proyecto_definitivo/admin/files/videos_registro_videos/1_otraprueba_4.avi
cara guardada en /0_2022-10-24_18:17:32.657691.avi_33.483426332473755.jpg con esta confidence:0.9902485
cara encontrada en: /var/www/html/reconocimientoFacial/proyecto_definitivo/admin/files/videos_registro_videos/1_otraprueba_4.avi
cara guardada en /0_2022-10-24_18:17:32.801237.avi_33.626970529556274.jpg con esta confidence:0.9810223
cara encontrada en: /var/www/html/reconocimientoFacial/proyecto_definitivo/admin/files/videos_registro_videos/1_otraprueba_4.avi
cara guardada en /0_2022-10-24_18:17:32.943720.avi_33.769455432891846.jpg con esta confidence:0.9799841
cara encontrada en: /var/www/html/reconocimientoFacial/proyecto_definitivo/admin/files/videos_registro_videos/1_otraprueba_4.avi
cara guardada en /0_2022-10-24_18:17:33.132488.avi_33.95822286605835.jpg con esta confidence:0.9450103
cara encontrada en: /var/www/html/reconocimientoFacial/proyecto_definitivo/admin/files/videos_registro_videos/1_otraprueba_4.avi
cara guardada en /0_2022-10-24_18:17:33.330770.avi_34.15650129318237.jpg con esta confidence:0.9183049
cara encontrada en: /var/www/html/reconocimientoFacial/proyecto_definitivo/admin/files/videos_registro_videos/1_otraprueba_4.avi
cara guardada en /0_2022-10-24_18:17:33.380450.avi_34.20618510246277.jpg con esta confidence:0.89499366
cara encontrada en: /var/www/html/reconocimientoFacial/proyecto_definitivo/admin/files/videos_registro_videos/1_otraprueba_4.avi
cara guardada en /0_2022-10-24_18:17:33.746692.avi_34.572426557540894.jpg con esta confidence:0.8423615
cara encontrada en: /var/www/html/reconocimientoFacial/proyecto_definitivo/admin/files/videos_registro_videos/1_otraprueba_4.avi
cara guardada en /0_2022-10-24_18:17:33.965694.avi_34.79142761230469.jpg con esta confidence:0.74109066
voy(4) leyendo el video..
tenemos(4) frame k lo guardo ..
voy(4) leyendo el video..
tenemos(4) frame k lo guardo ..
cara encontrada en: /var/www/html/reconocimientoFacial/proyecto_definitivo/admin/files/videos_registro_videos/1_otraprueba_4.avi
cara guardada en /0_2022-10-24_18:17:37.001274.avi_37.827009201049805.jpg con esta confidence:0.99819416
cara encontrada en: /var/www/html/reconocimientoFacial/proyecto_definitivo/admin/files/videos_registro_videos/1_otraprueba_4.avi
cara guardada en /0_2022-10-24_18:17:37.264796.avi_38.09053015708923.jpg con esta confidence:0.9966079
cara encontrada en: /var/www/html/reconocimientoFacial/proyecto_definitivo/admin/files/videos_registro_videos/1_otraprueba_4.avi
cara guardada en /0_2022-10-24_18:17:37.508224.avi_38.333959341049194.jpg con esta confidence:0.99213284
cara encontrada en: /var/www/html/reconocimientoFacial/proyecto_definitivo/admin/files/videos_registro_videos/1_otraprueba_4.avi
cara guardada en /0_2022-10-24_18:17:37.592304.avi_38.41803860664368.jpg con esta confidence:0.9885861
cara encontrada en: /var/www/html/reconocimientoFacial/proyecto_definitivo/admin/files/videos_registro_videos/1_otraprueba_4.avi
cara guardada en /0_2022-10-24_18:17:38.082205.avi_38.907938957214355.jpg con esta confidence:0.98397833
cara encontrada en: /var/www/html/reconocimientoFacial/proyecto_definitivo/admin/files/videos_registro_videos/1_otraprueba_4.avi
cara guardada en /0_2022-10-24_18:17:38.109972.avi_38.935706615448.jpg con esta confidence:0.9552014
cara encontrada en: /var/www/html/reconocimientoFacial/proyecto_definitivo/admin/files/videos_registro_videos/1_otraprueba_4.avi
cara guardada en /0_2022-10-24_18:17:38.203873.avi_39.029608964920044.jpg con esta confidence:0.9287987
cara encontrada en: /var/www/html/reconocimientoFacial/proyecto_definitivo/admin/files/videos_registro_videos/1_otraprueba_4.avi
cara guardada en /0_2022-10-24_18:17:38.411538.avi_39.23727250099182.jpg con esta confidence:0.8727126
cara encontrada en: /var/www/html/reconocimientoFacial/proyecto_definitivo/admin/files/videos_registro_videos/1_otraprueba_4.avi
cara guardada en /0_2022-10-24_18:17:38.525780.avi_39.35151410102844.jpg con esta confidence:0.7614179
cara encontrada en: /var/www/html/reconocimientoFacial/proyecto_definitivo/admin/files/videos_registro_videos/1_otraprueba_4.avi
cara guardada en /0_2022-10-24_18:17:38.633597.avi_39.45933198928833.jpg con esta confidence:0.71601754
voy(4) leyendo el video..
tenemos(4) frame k lo guardo ..
voy(4) leyendo el video..
tenemos(4) frame k lo guardo ..
cara encontrada en: /var/www/html/reconocimientoFacial/proyecto_definitivo/admin/files/videos_registro_videos/1_otraprueba_4.avi
cara guardada en /0_2022-10-24_18:17:41.582892.avi_42.408626079559326.jpg con esta confidence:0.9952289
cara encontrada en: /var/www/html/reconocimientoFacial/proyecto_definitivo/admin/files/videos_registro_videos/1_otraprueba_4.avi
cara guardada en /0_2022-10-24_18:17:41.746576.avi_42.57231068611145.jpg con esta confidence:0.99475163
cara encontrada en: /var/www/html/reconocimientoFacial/proyecto_definitivo/admin/files/videos_registro_videos/1_otraprueba_4.avi
cara guardada en /0_2022-10-24_18:17:41.755792.avi_42.58152675628662.jpg con esta confidence:0.9821774
cara encontrada en: /var/www/html/reconocimientoFacial/proyecto_definitivo/admin/files/videos_registro_videos/1_otraprueba_4.avi
cara guardada en /0_2022-10-24_18:17:41.767387.avi_42.59312081336975.jpg con esta confidence:0.9815548
cara encontrada en: /var/www/html/reconocimientoFacial/proyecto_definitivo/admin/files/videos_registro_videos/1_otraprueba_4.avi
cara guardada en /0_2022-10-24_18:17:41.779207.avi_42.60494017601013.jpg con esta confidence:0.9799748
cara encontrada en: /var/www/html/reconocimientoFacial/proyecto_definitivo/admin/files/videos_registro_videos/1_otraprueba_4.avi
cara guardada en /0_2022-10-24_18:17:41.787274.avi_42.61300873756409.jpg con esta confidence:0.9440707
cara encontrada en: /var/www/html/reconocimientoFacial/proyecto_definitivo/admin/files/videos_registro_videos/1_otraprueba_4.avi
cara guardada en /0_2022-10-24_18:17:41.799925.avi_42.6256582736969.jpg con esta confidence:0.7934811
cara encontrada en: /var/www/html/reconocimientoFacial/proyecto_definitivo/admin/files/videos_registro_videos/1_otraprueba_4.avi
cara guardada en /0_2022-10-24_18:17:41.903055.avi_42.728790044784546.jpg con esta confidence:0.7650656
voy(4) leyendo el video..
tenemos(4) frame k lo guardo ..
voy(4) leyendo el video..
tenemos(4) frame k lo guardo ..
cara encontrada en: /var/www/html/reconocimientoFacial/proyecto_definitivo/admin/files/videos_registro_videos/1_otraprueba_4.avi
cara guardada en /0_2022-10-24_18:17:45.726661.avi_46.55239534378052.jpg con esta confidence:0.99328905
cara encontrada en: /var/www/html/reconocimientoFacial/proyecto_definitivo/admin/files/videos_registro_videos/1_otraprueba_4.avi
cara guardada en /0_2022-10-24_18:17:45.766561.avi_46.59229612350464.jpg con esta confidence:0.99256355
cara encontrada en: /var/www/html/reconocimientoFacial/proyecto_definitivo/admin/files/videos_registro_videos/1_otraprueba_4.avi
cara guardada en /0_2022-10-24_18:17:45.829332.avi_46.65506672859192.jpg con esta confidence:0.98046434
cara encontrada en: /var/www/html/reconocimientoFacial/proyecto_definitivo/admin/files/videos_registro_videos/1_otraprueba_4.avi
cara guardada en /0_2022-10-24_18:17:45.974960.avi_46.800694704055786.jpg con esta confidence:0.9766211
cara encontrada en: /var/www/html/reconocimientoFacial/proyecto_definitivo/admin/files/videos_registro_videos/1_otraprueba_4.avi
cara guardada en /0_2022-10-24_18:17:46.148117.avi_46.973846435546875.jpg con esta confidence:0.9730049
cara encontrada en: /var/www/html/reconocimientoFacial/proyecto_definitivo/admin/files/videos_registro_videos/1_otraprueba_4.avi
cara guardada en /0_2022-10-24_18:17:46.251408.avi_47.07714295387268.jpg con esta confidence:0.937184
cara encontrada en: /var/www/html/reconocimientoFacial/proyecto_definitivo/admin/files/videos_registro_videos/1_otraprueba_4.avi
cara guardada en /0_2022-10-24_18:17:46.386447.avi_47.21218228340149.jpg con esta confidence:0.75461555
cara encontrada en: /var/www/html/reconocimientoFacial/proyecto_definitivo/admin/files/videos_registro_videos/1_otraprueba_4.avi
cara guardada en /0_2022-10-24_18:17:46.572867.avi_47.39860153198242.jpg con esta confidence:0.7443467
voy(4) leyendo el video..
tenemos(4) frame k lo guardo ..
voy(4) leyendo el video..
tenemos(4) frame k lo guardo ..
cara encontrada en: /var/www/html/reconocimientoFacial/proyecto_definitivo/admin/files/videos_registro_videos/1_otraprueba_4.avi
cara guardada en /0_2022-10-24_18:17:49.793105.avi_50.61883878707886.jpg con esta confidence:0.98586214
cara encontrada en: /var/www/html/reconocimientoFacial/proyecto_definitivo/admin/files/videos_registro_videos/1_otraprueba_4.avi
cara guardada en /0_2022-10-24_18:17:49.855089.avi_50.680823802948.jpg con esta confidence:0.9693964
cara encontrada en: /var/www/html/reconocimientoFacial/proyecto_definitivo/admin/files/videos_registro_videos/1_otraprueba_4.avi
cara guardada en /0_2022-10-24_18:17:49.991265.avi_50.816999435424805.jpg con esta confidence:0.9489217
cara encontrada en: /var/www/html/reconocimientoFacial/proyecto_definitivo/admin/files/videos_registro_videos/1_otraprueba_4.avi
cara guardada en /0_2022-10-24_18:17:50.115014.avi_50.940747022628784.jpg con esta confidence:0.9253784
cara encontrada en: /var/www/html/reconocimientoFacial/proyecto_definitivo/admin/files/videos_registro_videos/1_otraprueba_4.avi
cara guardada en /0_2022-10-24_18:17:50.246865.avi_51.07259964942932.jpg con esta confidence:0.87286335
cara encontrada en: /var/www/html/reconocimientoFacial/proyecto_definitivo/admin/files/videos_registro_videos/1_otraprueba_4.avi
cara guardada en /0_2022-10-24_18:17:50.393183.avi_51.21891713142395.jpg con esta confidence:0.77578425
cara encontrada en: /var/www/html/reconocimientoFacial/proyecto_definitivo/admin/files/videos_registro_videos/1_otraprueba_4.avi
cara guardada en /0_2022-10-24_18:17:50.635538.avi_51.46126890182495.jpg con esta confidence:0.7637144
cara encontrada en: /var/www/html/reconocimientoFacial/proyecto_definitivo/admin/files/videos_registro_videos/1_otraprueba_4.avi
cara guardada en /0_2022-10-24_18:17:50.709879.avi_51.53561329841614.jpg con esta confidence:0.7613358
voy(4) leyendo el video..
tenemos(4) frame k lo guardo ..
voy(4) leyendo el video..
tenemos(4) frame k lo guardo ..
cara encontrada en: /var/www/html/reconocimientoFacial/proyecto_definitivo/admin/files/videos_registro_videos/1_otraprueba_4.avi
cara guardada en /0_2022-10-24_18:17:53.990121.avi_54.81585621833801.jpg con esta confidence:0.9965216
cara encontrada en: /var/www/html/reconocimientoFacial/proyecto_definitivo/admin/files/videos_registro_videos/1_otraprueba_4.avi
cara guardada en /0_2022-10-24_18:17:54.143488.avi_54.969223737716675.jpg con esta confidence:0.9876687
cara encontrada en: /var/www/html/reconocimientoFacial/proyecto_definitivo/admin/files/videos_registro_videos/1_otraprueba_4.avi
cara guardada en /0_2022-10-24_18:17:54.314987.avi_55.14072132110596.jpg con esta confidence:0.9875364
cara encontrada en: /var/www/html/reconocimientoFacial/proyecto_definitivo/admin/files/videos_registro_videos/1_otraprueba_4.avi
cara guardada en /0_2022-10-24_18:17:54.423947.avi_55.249682664871216.jpg con esta confidence:0.9762867
cara encontrada en: /var/www/html/reconocimientoFacial/proyecto_definitivo/admin/files/videos_registro_videos/1_otraprueba_4.avi
cara guardada en /0_2022-10-24_18:17:54.519396.avi_55.345131158828735.jpg con esta confidence:0.9342974
cara encontrada en: /var/www/html/reconocimientoFacial/proyecto_definitivo/admin/files/videos_registro_videos/1_otraprueba_4.avi
cara guardada en /0_2022-10-24_18:17:54.595953.avi_55.421687602996826.jpg con esta confidence:0.92615265
cara encontrada en: /var/www/html/reconocimientoFacial/proyecto_definitivo/admin/files/videos_registro_videos/1_otraprueba_4.avi
cara guardada en /0_2022-10-24_18:17:54.944227.avi_55.76996207237244.jpg con esta confidence:0.9118974
cara encontrada en: /var/www/html/reconocimientoFacial/proyecto_definitivo/admin/files/videos_registro_videos/1_otraprueba_4.avi
cara guardada en /0_2022-10-24_18:17:55.190040.avi_56.01577353477478.jpg con esta confidence:0.8678539
cara encontrada en: /var/www/html/reconocimientoFacial/proyecto_definitivo/admin/files/videos_registro_videos/1_otraprueba_4.avi
cara guardada en /0_2022-10-24_18:17:55.298145.avi_56.1238796710968.jpg con esta confidence:0.6935537
cara encontrada en: /var/www/html/reconocimientoFacial/proyecto_definitivo/admin/files/videos_registro_videos/1_otraprueba_4.avi
cara guardada en /0_2022-10-24_18:17:55.337374.avi_56.163108587265015.jpg con esta confidence:0.6848985
voy(4) leyendo el video..
tenemos(4) frame k lo guardo ..
voy(4) leyendo el video..
tenemos(4) frame k lo guardo ..
cara encontrada en: /var/www/html/reconocimientoFacial/proyecto_definitivo/admin/files/videos_registro_videos/1_otraprueba_4.avi
cara guardada en /0_2022-10-24_18:17:58.223930.avi_59.04966473579407.jpg con esta confidence:0.9782649
cara encontrada en: /var/www/html/reconocimientoFacial/proyecto_definitivo/admin/files/videos_registro_videos/1_otraprueba_4.avi
cara guardada en /0_2022-10-24_18:17:58.466825.avi_59.292560338974.jpg con esta confidence:0.971183
cara encontrada en: /var/www/html/reconocimientoFacial/proyecto_definitivo/admin/files/videos_registro_videos/1_otraprueba_4.avi
cara guardada en /0_2022-10-24_18:17:58.792908.avi_59.61864233016968.jpg con esta confidence:0.9529995
cara encontrada en: /var/www/html/reconocimientoFacial/proyecto_definitivo/admin/files/videos_registro_videos/1_otraprueba_4.avi
cara guardada en /0_2022-10-24_18:17:58.961553.avi_59.78728652000427.jpg con esta confidence:0.9264212
cara encontrada en: /var/www/html/reconocimientoFacial/proyecto_definitivo/admin/files/videos_registro_videos/1_otraprueba_4.avi
cara guardada en /0_2022-10-24_18:17:59.414836.avi_60.24056959152222.jpg con esta confidence:0.89403605
cara encontrada en: /var/www/html/reconocimientoFacial/proyecto_definitivo/admin/files/videos_registro_videos/1_otraprueba_4.avi
cara guardada en /0_2022-10-24_18:17:59.803557.avi_60.62929177284241.jpg con esta confidence:0.77197814
cara encontrada en: /var/www/html/reconocimientoFacial/proyecto_definitivo/admin/files/videos_registro_videos/1_otraprueba_4.avi
cara guardada en /0_2022-10-24_18:18:00.084989.avi_60.910722494125366.jpg con esta confidence:0.76876414
voy(4) leyendo el video..
tenemos(4) frame k lo guardo ..
voy(4) leyendo el video..
tenemos(4) frame k lo guardo ..
cara encontrada en: /var/www/html/reconocimientoFacial/proyecto_definitivo/admin/files/videos_registro_videos/1_otraprueba_4.avi
cara guardada en /0_2022-10-24_18:18:03.131079.avi_63.95681405067444.jpg con esta confidence:0.99430335
cara encontrada en: /var/www/html/reconocimientoFacial/proyecto_definitivo/admin/files/videos_registro_videos/1_otraprueba_4.avi
cara guardada en /0_2022-10-24_18:18:03.380568.avi_64.20630264282227.jpg con esta confidence:0.9940281
cara encontrada en: /var/www/html/reconocimientoFacial/proyecto_definitivo/admin/files/videos_registro_videos/1_otraprueba_4.avi
cara guardada en /0_2022-10-24_18:18:03.660246.avi_64.48598051071167.jpg con esta confidence:0.97327495
cara encontrada en: /var/www/html/reconocimientoFacial/proyecto_definitivo/admin/files/videos_registro_videos/1_otraprueba_4.avi
cara guardada en /0_2022-10-24_18:18:03.994439.avi_64.8201744556427.jpg con esta confidence:0.96711683
cara encontrada en: /var/www/html/reconocimientoFacial/proyecto_definitivo/admin/files/videos_registro_videos/1_otraprueba_4.avi
cara guardada en /0_2022-10-24_18:18:04.315754.avi_65.1414885520935.jpg con esta confidence:0.9471158
cara encontrada en: /var/www/html/reconocimientoFacial/proyecto_definitivo/admin/files/videos_registro_videos/1_otraprueba_4.avi
cara guardada en /0_2022-10-24_18:18:04.553243.avi_65.37897729873657.jpg con esta confidence:0.8999815
cara encontrada en: /var/www/html/reconocimientoFacial/proyecto_definitivo/admin/files/videos_registro_videos/1_otraprueba_4.avi
cara guardada en /0_2022-10-24_18:18:04.730639.avi_65.55637431144714.jpg con esta confidence:0.8317398
cara encontrada en: /var/www/html/reconocimientoFacial/proyecto_definitivo/admin/files/videos_registro_videos/1_otraprueba_4.avi
cara guardada en /0_2022-10-24_18:18:04.838597.avi_65.6643316745758.jpg con esta confidence:0.7665627
cara encontrada en: /var/www/html/reconocimientoFacial/proyecto_definitivo/admin/files/videos_registro_videos/1_otraprueba_4.avi
cara guardada en /0_2022-10-24_18:18:05.130696.avi_65.95643019676208.jpg con esta confidence:0.74151677
voy(4) leyendo el video..
tenemos(4) frame k lo guardo ..
voy(4) leyendo el video..
tenemos(4) frame k lo guardo ..
cara encontrada en: /var/www/html/reconocimientoFacial/proyecto_definitivo/admin/files/videos_registro_videos/1_otraprueba_4.avi
cara guardada en /0_2022-10-24_18:18:08.260614.avi_69.08634734153748.jpg con esta confidence:0.98917013
cara encontrada en: /var/www/html/reconocimientoFacial/proyecto_definitivo/admin/files/videos_registro_videos/1_otraprueba_4.avi
cara guardada en /0_2022-10-24_18:18:08.384151.avi_69.20988607406616.jpg con esta confidence:0.9872487
cara encontrada en: /var/www/html/reconocimientoFacial/proyecto_definitivo/admin/files/videos_registro_videos/1_otraprueba_4.avi
cara guardada en /0_2022-10-24_18:18:08.760846.avi_69.58658051490784.jpg con esta confidence:0.96986437
cara encontrada en: /var/www/html/reconocimientoFacial/proyecto_definitivo/admin/files/videos_registro_videos/1_otraprueba_4.avi
cara guardada en /0_2022-10-24_18:18:08.943982.avi_69.76971650123596.jpg con esta confidence:0.9691449
cara encontrada en: /var/www/html/reconocimientoFacial/proyecto_definitivo/admin/files/videos_registro_videos/1_otraprueba_4.avi
cara guardada en /0_2022-10-24_18:18:09.143915.avi_69.96964883804321.jpg con esta confidence:0.8849184
cara encontrada en: /var/www/html/reconocimientoFacial/proyecto_definitivo/admin/files/videos_registro_videos/1_otraprueba_4.avi
cara guardada en /0_2022-10-24_18:18:09.354664.avi_70.18039727210999.jpg con esta confidence:0.8236869
cara encontrada en: /var/www/html/reconocimientoFacial/proyecto_definitivo/admin/files/videos_registro_videos/1_otraprueba_4.avi
cara guardada en /0_2022-10-24_18:18:09.550020.avi_70.37575507164001.jpg con esta confidence:0.8003111
cara encontrada en: /var/www/html/reconocimientoFacial/proyecto_definitivo/admin/files/videos_registro_videos/1_otraprueba_4.avi
cara guardada en /0_2022-10-24_18:18:09.741322.avi_70.56705260276794.jpg con esta confidence:0.6880601
voy(4) leyendo el video..
tenemos(4) frame k lo guardo ..
voy(4) leyendo el video..
tenemos(4) frame k lo guardo ..
cara encontrada en: /var/www/html/reconocimientoFacial/proyecto_definitivo/admin/files/videos_registro_videos/1_otraprueba_4.avi
cara guardada en /0_2022-10-24_18:18:12.560028.avi_73.38576245307922.jpg con esta confidence:0.9680209
cara encontrada en: /var/www/html/reconocimientoFacial/proyecto_definitivo/admin/files/videos_registro_videos/1_otraprueba_4.avi
cara guardada en /0_2022-10-24_18:18:12.578075.avi_73.40380883216858.jpg con esta confidence:0.9579389
cara encontrada en: /var/www/html/reconocimientoFacial/proyecto_definitivo/admin/files/videos_registro_videos/1_otraprueba_4.avi
cara guardada en /0_2022-10-24_18:18:12.586348.avi_73.41208291053772.jpg con esta confidence:0.94758296
cara encontrada en: /var/www/html/reconocimientoFacial/proyecto_definitivo/admin/files/videos_registro_videos/1_otraprueba_4.avi
cara guardada en /0_2022-10-24_18:18:12.594616.avi_73.42035102844238.jpg con esta confidence:0.89747995
cara encontrada en: /var/www/html/reconocimientoFacial/proyecto_definitivo/admin/files/videos_registro_videos/1_otraprueba_4.avi
cara guardada en /0_2022-10-24_18:18:12.690459.avi_73.51619338989258.jpg con esta confidence:0.88816667
cara encontrada en: /var/www/html/reconocimientoFacial/proyecto_definitivo/admin/files/videos_registro_videos/1_otraprueba_4.avi
cara guardada en /0_2022-10-24_18:18:12.941110.avi_73.76684284210205.jpg con esta confidence:0.71318924
voy(4) leyendo el video..
tenemos(4) frame k lo guardo ..
voy(4) leyendo el video..
tenemos(4) frame k lo guardo ..
cara encontrada en: /var/www/html/reconocimientoFacial/proyecto_definitivo/admin/files/videos_registro_videos/1_otraprueba_4.avi
cara guardada en /0_2022-10-24_18:18:16.185318.avi_77.01105260848999.jpg con esta confidence:0.99652344
cara encontrada en: /var/www/html/reconocimientoFacial/proyecto_definitivo/admin/files/videos_registro_videos/1_otraprueba_4.avi
cara guardada en /0_2022-10-24_18:18:16.513477.avi_77.33921074867249.jpg con esta confidence:0.99558204
cara encontrada en: /var/www/html/reconocimientoFacial/proyecto_definitivo/admin/files/videos_registro_videos/1_otraprueba_4.avi
cara guardada en /0_2022-10-24_18:18:16.620570.avi_77.44630432128906.jpg con esta confidence:0.97832584
cara encontrada en: /var/www/html/reconocimientoFacial/proyecto_definitivo/admin/files/videos_registro_videos/1_otraprueba_4.avi
cara guardada en /0_2022-10-24_18:18:17.036774.avi_77.86250758171082.jpg con esta confidence:0.9681534
cara encontrada en: /var/www/html/reconocimientoFacial/proyecto_definitivo/admin/files/videos_registro_videos/1_otraprueba_4.avi
cara guardada en /0_2022-10-24_18:18:17.232272.avi_78.05800604820251.jpg con esta confidence:0.95547324
cara encontrada en: /var/www/html/reconocimientoFacial/proyecto_definitivo/admin/files/videos_registro_videos/1_otraprueba_4.avi
cara guardada en /0_2022-10-24_18:18:17.453437.avi_78.27917122840881.jpg con esta confidence:0.9198695
cara encontrada en: /var/www/html/reconocimientoFacial/proyecto_definitivo/admin/files/videos_registro_videos/1_otraprueba_4.avi
cara guardada en /0_2022-10-24_18:18:17.664067.avi_78.48980140686035.jpg con esta confidence:0.90236306
cara encontrada en: /var/www/html/reconocimientoFacial/proyecto_definitivo/admin/files/videos_registro_videos/1_otraprueba_4.avi
cara guardada en /0_2022-10-24_18:18:17.972143.avi_78.79787707328796.jpg con esta confidence:0.8016856
cara encontrada en: /var/www/html/reconocimientoFacial/proyecto_definitivo/admin/files/videos_registro_videos/1_otraprueba_4.avi
cara guardada en /0_2022-10-24_18:18:18.115821.avi_78.94155621528625.jpg con esta confidence:0.74983096
cara encontrada en: /var/www/html/reconocimientoFacial/proyecto_definitivo/admin/files/videos_registro_videos/1_otraprueba_4.avi
cara guardada en /0_2022-10-24_18:18:18.323376.avi_79.14910984039307.jpg con esta confidence:0.69743085
voy(4) leyendo el video..
tenemos(4) frame k lo guardo ..
voy(4) leyendo el video..
tenemos(4) frame k lo guardo ..
cara encontrada en: /var/www/html/reconocimientoFacial/proyecto_definitivo/admin/files/videos_registro_videos/1_otraprueba_4.avi
cara guardada en /0_2022-10-24_18:18:21.032703.avi_81.85843753814697.jpg con esta confidence:0.99110997
cara encontrada en: /var/www/html/reconocimientoFacial/proyecto_definitivo/admin/files/videos_registro_videos/1_otraprueba_4.avi
cara guardada en /0_2022-10-24_18:18:21.077438.avi_81.90317296981812.jpg con esta confidence:0.9879238
cara encontrada en: /var/www/html/reconocimientoFacial/proyecto_definitivo/admin/files/videos_registro_videos/1_otraprueba_4.avi
cara guardada en /0_2022-10-24_18:18:21.163147.avi_81.9888825416565.jpg con esta confidence:0.9488303
cara encontrada en: /var/www/html/reconocimientoFacial/proyecto_definitivo/admin/files/videos_registro_videos/1_otraprueba_4.avi
cara guardada en /0_2022-10-24_18:18:21.465819.avi_82.2915551662445.jpg con esta confidence:0.93470913
cara encontrada en: /var/www/html/reconocimientoFacial/proyecto_definitivo/admin/files/videos_registro_videos/1_otraprueba_4.avi
cara guardada en /0_2022-10-24_18:18:21.606675.avi_82.43240880966187.jpg con esta confidence:0.9049808
cara encontrada en: /var/www/html/reconocimientoFacial/proyecto_definitivo/admin/files/videos_registro_videos/1_otraprueba_4.avi
cara guardada en /0_2022-10-24_18:18:21.738249.avi_82.56398248672485.jpg con esta confidence:0.89582896
cara encontrada en: /var/www/html/reconocimientoFacial/proyecto_definitivo/admin/files/videos_registro_videos/1_otraprueba_4.avi
cara guardada en /0_2022-10-24_18:18:21.935414.avi_82.76114869117737.jpg con esta confidence:0.84698266
cara encontrada en: /var/www/html/reconocimientoFacial/proyecto_definitivo/admin/files/videos_registro_videos/1_otraprueba_4.avi
cara guardada en /0_2022-10-24_18:18:22.246021.avi_83.07175612449646.jpg con esta confidence:0.7760827
cara encontrada en: /var/www/html/reconocimientoFacial/proyecto_definitivo/admin/files/videos_registro_videos/1_otraprueba_4.avi
cara guardada en /0_2022-10-24_18:18:22.444033.avi_83.269766330719.jpg con esta confidence:0.7049413
voy(4) leyendo el video..
tenemos(4) frame k lo guardo ..
voy(4) leyendo el video..
tenemos(4) frame k lo guardo ..
cara encontrada en: /var/www/html/reconocimientoFacial/proyecto_definitivo/admin/files/videos_registro_videos/1_otraprueba_4.avi
cara guardada en /0_2022-10-24_18:18:25.762616.avi_86.58835124969482.jpg con esta confidence:0.99771094
cara encontrada en: /var/www/html/reconocimientoFacial/proyecto_definitivo/admin/files/videos_registro_videos/1_otraprueba_4.avi
cara guardada en /0_2022-10-24_18:18:25.984800.avi_86.81053304672241.jpg con esta confidence:0.9971071
cara encontrada en: /var/www/html/reconocimientoFacial/proyecto_definitivo/admin/files/videos_registro_videos/1_otraprueba_4.avi
cara guardada en /0_2022-10-24_18:18:26.097344.avi_86.92307901382446.jpg con esta confidence:0.9803386
cara encontrada en: /var/www/html/reconocimientoFacial/proyecto_definitivo/admin/files/videos_registro_videos/1_otraprueba_4.avi
cara guardada en /0_2022-10-24_18:18:26.285568.avi_87.11130261421204.jpg con esta confidence:0.9722645
cara encontrada en: /var/www/html/reconocimientoFacial/proyecto_definitivo/admin/files/videos_registro_videos/1_otraprueba_4.avi
cara guardada en /0_2022-10-24_18:18:26.407435.avi_87.23316955566406.jpg con esta confidence:0.9570101
cara encontrada en: /var/www/html/reconocimientoFacial/proyecto_definitivo/admin/files/videos_registro_videos/1_otraprueba_4.avi
cara guardada en /0_2022-10-24_18:18:26.661171.avi_87.48690509796143.jpg con esta confidence:0.9569615
cara encontrada en: /var/www/html/reconocimientoFacial/proyecto_definitivo/admin/files/videos_registro_videos/1_otraprueba_4.avi
cara guardada en /0_2022-10-24_18:18:26.865099.avi_87.69083428382874.jpg con esta confidence:0.9184368
cara encontrada en: /var/www/html/reconocimientoFacial/proyecto_definitivo/admin/files/videos_registro_videos/1_otraprueba_4.avi
cara guardada en /0_2022-10-24_18:18:27.052263.avi_87.87799739837646.jpg con esta confidence:0.9002329
cara encontrada en: /var/www/html/reconocimientoFacial/proyecto_definitivo/admin/files/videos_registro_videos/1_otraprueba_4.avi
cara guardada en /0_2022-10-24_18:18:27.400514.avi_88.22624945640564.jpg con esta confidence:0.7780768
cara encontrada en: /var/www/html/reconocimientoFacial/proyecto_definitivo/admin/files/videos_registro_videos/1_otraprueba_4.avi
cara guardada en /0_2022-10-24_18:18:27.677203.avi_88.50293803215027.jpg con esta confidence:0.6840408
voy(4) leyendo el video..
tenemos(4) frame k lo guardo ..
voy(4) leyendo el video..
tenemos(4) frame k lo guardo ..
cara encontrada en: /var/www/html/reconocimientoFacial/proyecto_definitivo/admin/files/videos_registro_videos/1_otraprueba_4.avi
cara guardada en /0_2022-10-24_18:18:31.480020.avi_92.30575370788574.jpg con esta confidence:0.99795085
cara encontrada en: /var/www/html/reconocimientoFacial/proyecto_definitivo/admin/files/videos_registro_videos/1_otraprueba_4.avi
cara guardada en /0_2022-10-24_18:18:31.532218.avi_92.3579535484314.jpg con esta confidence:0.99617505
cara encontrada en: /var/www/html/reconocimientoFacial/proyecto_definitivo/admin/files/videos_registro_videos/1_otraprueba_4.avi
cara guardada en /0_2022-10-24_18:18:31.752286.avi_92.57802200317383.jpg con esta confidence:0.96836936
cara encontrada en: /var/www/html/reconocimientoFacial/proyecto_definitivo/admin/files/videos_registro_videos/1_otraprueba_4.avi
cara guardada en /0_2022-10-24_18:18:32.008447.avi_92.8341817855835.jpg con esta confidence:0.9644724
cara encontrada en: /var/www/html/reconocimientoFacial/proyecto_definitivo/admin/files/videos_registro_videos/1_otraprueba_4.avi
cara guardada en /0_2022-10-24_18:18:32.304292.avi_93.13002634048462.jpg con esta confidence:0.9642589
cara encontrada en: /var/www/html/reconocimientoFacial/proyecto_definitivo/admin/files/videos_registro_videos/1_otraprueba_4.avi
cara guardada en /0_2022-10-24_18:18:32.964826.avi_93.79055976867676.jpg con esta confidence:0.95481026
cara encontrada en: /var/www/html/reconocimientoFacial/proyecto_definitivo/admin/files/videos_registro_videos/1_otraprueba_4.avi
cara guardada en /0_2022-10-24_18:18:33.280152.avi_94.10588669776917.jpg con esta confidence:0.9298401
cara encontrada en: /var/www/html/reconocimientoFacial/proyecto_definitivo/admin/files/videos_registro_videos/1_otraprueba_4.avi
cara guardada en /0_2022-10-24_18:18:33.638634.avi_94.46436858177185.jpg con esta confidence:0.84018975
cara encontrada en: /var/www/html/reconocimientoFacial/proyecto_definitivo/admin/files/videos_registro_videos/1_otraprueba_4.avi
cara guardada en /0_2022-10-24_18:18:33.738624.avi_94.5643584728241.jpg con esta confidence:0.7309515
cara encontrada en: /var/www/html/reconocimientoFacial/proyecto_definitivo/admin/files/videos_registro_videos/1_otraprueba_4.avi
cara guardada en /0_2022-10-24_18:18:33.900735.avi_94.72646737098694.jpg con esta confidence:0.72836274
voy(4) leyendo el video..
tenemos(4) frame k lo guardo ..
voy(4) leyendo el video..
tenemos(4) frame k lo guardo ..
cara encontrada en: /var/www/html/reconocimientoFacial/proyecto_definitivo/admin/files/videos_registro_videos/1_otraprueba_4.avi
cara guardada en /0_2022-10-24_18:18:36.965410.avi_97.79114413261414.jpg con esta confidence:0.9966364
cara encontrada en: /var/www/html/reconocimientoFacial/proyecto_definitivo/admin/files/videos_registro_videos/1_otraprueba_4.avi
cara guardada en /0_2022-10-24_18:18:37.216086.avi_98.04182076454163.jpg con esta confidence:0.99429035
cara encontrada en: /var/www/html/reconocimientoFacial/proyecto_definitivo/admin/files/videos_registro_videos/1_otraprueba_4.avi
cara guardada en /0_2022-10-24_18:18:37.438616.avi_98.2643506526947.jpg con esta confidence:0.97277576
cara encontrada en: /var/www/html/reconocimientoFacial/proyecto_definitivo/admin/files/videos_registro_videos/1_otraprueba_4.avi
cara guardada en /0_2022-10-24_18:18:37.606541.avi_98.43227529525757.jpg con esta confidence:0.9488779
cara encontrada en: /var/www/html/reconocimientoFacial/proyecto_definitivo/admin/files/videos_registro_videos/1_otraprueba_4.avi
cara guardada en /0_2022-10-24_18:18:37.955790.avi_98.78152370452881.jpg con esta confidence:0.9456234
cara encontrada en: /var/www/html/reconocimientoFacial/proyecto_definitivo/admin/files/videos_registro_videos/1_otraprueba_4.avi
cara guardada en /0_2022-10-24_18:18:37.986897.avi_98.81263184547424.jpg con esta confidence:0.88688576
cara encontrada en: /var/www/html/reconocimientoFacial/proyecto_definitivo/admin/files/videos_registro_videos/1_otraprueba_4.avi
cara guardada en /0_2022-10-24_18:18:38.135860.avi_98.96158909797668.jpg con esta confidence:0.8720119
cara encontrada en: /var/www/html/reconocimientoFacial/proyecto_definitivo/admin/files/videos_registro_videos/1_otraprueba_4.avi
cara guardada en /0_2022-10-24_18:18:38.331772.avi_99.15750622749329.jpg con esta confidence:0.72324425
cara encontrada en: /var/www/html/reconocimientoFacial/proyecto_definitivo/admin/files/videos_registro_videos/1_otraprueba_4.avi
cara guardada en /0_2022-10-24_18:18:38.403665.avi_99.22939920425415.jpg con esta confidence:0.6993667
cara encontrada en: /var/www/html/reconocimientoFacial/proyecto_definitivo/admin/files/videos_registro_videos/1_otraprueba_4.avi
cara guardada en /0_2022-10-24_18:18:38.610031.avi_99.43576574325562.jpg con esta confidence:0.69461465
voy(4) leyendo el video..
tenemos(4) frame k lo guardo ..
voy(4) leyendo el video..
tenemos(4) frame k lo guardo ..
cara encontrada en: /var/www/html/reconocimientoFacial/proyecto_definitivo/admin/files/videos_registro_videos/1_otraprueba_4.avi
cara guardada en /0_2022-10-24_18:18:41.550388.avi_102.37612175941467.jpg con esta confidence:0.99459606
cara encontrada en: /var/www/html/reconocimientoFacial/proyecto_definitivo/admin/files/videos_registro_videos/1_otraprueba_4.avi
cara guardada en /0_2022-10-24_18:18:41.562703.avi_102.38843607902527.jpg con esta confidence:0.9929819
cara encontrada en: /var/www/html/reconocimientoFacial/proyecto_definitivo/admin/files/videos_registro_videos/1_otraprueba_4.avi
cara guardada en /0_2022-10-24_18:18:41.571328.avi_102.39706134796143.jpg con esta confidence:0.9470836
cara encontrada en: /var/www/html/reconocimientoFacial/proyecto_definitivo/admin/files/videos_registro_videos/1_otraprueba_4.avi
cara guardada en /0_2022-10-24_18:18:41.585771.avi_102.41150546073914.jpg con esta confidence:0.9426084
cara encontrada en: /var/www/html/reconocimientoFacial/proyecto_definitivo/admin/files/videos_registro_videos/1_otraprueba_4.avi
cara guardada en /0_2022-10-24_18:18:41.623925.avi_102.44965934753418.jpg con esta confidence:0.91478395
cara encontrada en: /var/www/html/reconocimientoFacial/proyecto_definitivo/admin/files/videos_registro_videos/1_otraprueba_4.avi
cara guardada en /0_2022-10-24_18:18:41.716349.avi_102.54208374023438.jpg con esta confidence:0.9142837
cara encontrada en: /var/www/html/reconocimientoFacial/proyecto_definitivo/admin/files/videos_registro_videos/1_otraprueba_4.avi
cara guardada en /0_2022-10-24_18:18:41.860824.avi_102.68655848503113.jpg con esta confidence:0.7930871
cara encontrada en: /var/www/html/reconocimientoFacial/proyecto_definitivo/admin/files/videos_registro_videos/1_otraprueba_4.avi
cara guardada en /0_2022-10-24_18:18:41.915910.avi_102.74164509773254.jpg con esta confidence:0.75314707
cara encontrada en: /var/www/html/reconocimientoFacial/proyecto_definitivo/admin/files/videos_registro_videos/1_otraprueba_4.avi
cara guardada en /0_2022-10-24_18:18:42.032543.avi_102.85827660560608.jpg con esta confidence:0.7213443
cara encontrada en: /var/www/html/reconocimientoFacial/proyecto_definitivo/admin/files/videos_registro_videos/1_otraprueba_4.avi
cara guardada en /0_2022-10-24_18:18:42.254008.avi_103.07974171638489.jpg con esta confidence:0.69456863
voy(4) leyendo el video..
tenemos(4) frame k lo guardo ..
voy(4) leyendo el video..
tenemos(4) frame k lo guardo ..
cara encontrada en: /var/www/html/reconocimientoFacial/proyecto_definitivo/admin/files/videos_registro_videos/1_otraprueba_4.avi
cara guardada en /0_2022-10-24_18:18:45.805048.avi_106.63077998161316.jpg con esta confidence:0.997165
cara encontrada en: /var/www/html/reconocimientoFacial/proyecto_definitivo/admin/files/videos_registro_videos/1_otraprueba_4.avi
cara guardada en /0_2022-10-24_18:18:46.055377.avi_106.88110971450806.jpg con esta confidence:0.9964833
cara encontrada en: /var/www/html/reconocimientoFacial/proyecto_definitivo/admin/files/videos_registro_videos/1_otraprueba_4.avi
cara guardada en /0_2022-10-24_18:18:46.214906.avi_107.0406391620636.jpg con esta confidence:0.9773258
cara encontrada en: /var/www/html/reconocimientoFacial/proyecto_definitivo/admin/files/videos_registro_videos/1_otraprueba_4.avi
cara guardada en /0_2022-10-24_18:18:46.378394.avi_107.20412850379944.jpg con esta confidence:0.96837
cara encontrada en: /var/www/html/reconocimientoFacial/proyecto_definitivo/admin/files/videos_registro_videos/1_otraprueba_4.avi
cara guardada en /0_2022-10-24_18:18:46.441386.avi_107.2671205997467.jpg con esta confidence:0.94923556
cara encontrada en: /var/www/html/reconocimientoFacial/proyecto_definitivo/admin/files/videos_registro_videos/1_otraprueba_4.avi
cara guardada en /0_2022-10-24_18:18:46.699822.avi_107.52555561065674.jpg con esta confidence:0.9179897
cara encontrada en: /var/www/html/reconocimientoFacial/proyecto_definitivo/admin/files/videos_registro_videos/1_otraprueba_4.avi
cara guardada en /0_2022-10-24_18:18:46.900644.avi_107.72637891769409.jpg con esta confidence:0.875463
cara encontrada en: /var/www/html/reconocimientoFacial/proyecto_definitivo/admin/files/videos_registro_videos/1_otraprueba_4.avi
cara guardada en /0_2022-10-24_18:18:47.158069.avi_107.98380422592163.jpg con esta confidence:0.8179789
cara encontrada en: /var/www/html/reconocimientoFacial/proyecto_definitivo/admin/files/videos_registro_videos/1_otraprueba_4.avi
cara guardada en /0_2022-10-24_18:18:47.313421.avi_108.1391544342041.jpg con esta confidence:0.7069124
cara encontrada en: /var/www/html/reconocimientoFacial/proyecto_definitivo/admin/files/videos_registro_videos/1_otraprueba_4.avi
cara guardada en /0_2022-10-24_18:18:47.361672.avi_108.18740606307983.jpg con esta confidence:0.68626595
voy(4) leyendo el video..
tenemos(4) frame k lo guardo ..
voy(4) leyendo el video..
Llego al final y remuevo el video!
Tiempo de analizar el video:108.56294870376587
