tenemos este video:/var/www/html/reconocimientoFacial/proyecto_definitivo/admin/files/videos_registro_videos/1_otraprueba_23.avi
voy(23) leyendo el video..
tenemos(23) frame k lo guardo ..
voy(23) leyendo el video..
tenemos(23) frame k lo guardo ..
voy(23) leyendo el video..
tenemos(23) frame k lo guardo ..
voy(23) leyendo el video..
tenemos(23) frame k lo guardo ..
voy(23) leyendo el video..
tenemos(23) frame k lo guardo ..
voy(23) leyendo el video..
tenemos(23) frame k lo guardo ..
voy(23) leyendo el video..
tenemos(23) frame k lo guardo ..
voy(23) leyendo el video..
tenemos(23) frame k lo guardo ..
cara encontrada en: /var/www/html/reconocimientoFacial/proyecto_definitivo/admin/files/videos_registro_videos/1_otraprueba_23.avi
cara guardada en /0_2022-10-24_18:17:16.176775.avi_8.418128252029419.jpg con esta confidence:0.93972504
cara encontrada en: /var/www/html/reconocimientoFacial/proyecto_definitivo/admin/files/videos_registro_videos/1_otraprueba_23.avi
cara guardada en /0_2022-10-24_18:17:16.287734.avi_8.529092788696289.jpg con esta confidence:0.9198498
cara encontrada en: /var/www/html/reconocimientoFacial/proyecto_definitivo/admin/files/videos_registro_videos/1_otraprueba_23.avi
cara guardada en /0_2022-10-24_18:17:16.393409.avi_8.634766340255737.jpg con esta confidence:0.88213116
cara encontrada en: /var/www/html/reconocimientoFacial/proyecto_definitivo/admin/files/videos_registro_videos/1_otraprueba_23.avi
cara guardada en /0_2022-10-24_18:17:16.590814.avi_8.832170724868774.jpg con esta confidence:0.8626432
cara encontrada en: /var/www/html/reconocimientoFacial/proyecto_definitivo/admin/files/videos_registro_videos/1_otraprueba_23.avi
cara guardada en /0_2022-10-24_18:17:16.850457.avi_9.091814994812012.jpg con esta confidence:0.85810643
voy(23) leyendo el video..
tenemos(23) frame k lo guardo ..
voy(23) leyendo el video..
tenemos(23) frame k lo guardo ..
cara encontrada en: /var/www/html/reconocimientoFacial/proyecto_definitivo/admin/files/videos_registro_videos/1_otraprueba_23.avi
cara guardada en /0_2022-10-24_18:17:19.608072.avi_11.849427700042725.jpg con esta confidence:0.99893564
cara encontrada en: /var/www/html/reconocimientoFacial/proyecto_definitivo/admin/files/videos_registro_videos/1_otraprueba_23.avi
cara guardada en /0_2022-10-24_18:17:19.766582.avi_12.00794005393982.jpg con esta confidence:0.9979565
cara encontrada en: /var/www/html/reconocimientoFacial/proyecto_definitivo/admin/files/videos_registro_videos/1_otraprueba_23.avi
cara guardada en /0_2022-10-24_18:17:19.949896.avi_12.191251039505005.jpg con esta confidence:0.99033445
cara encontrada en: /var/www/html/reconocimientoFacial/proyecto_definitivo/admin/files/videos_registro_videos/1_otraprueba_23.avi
cara guardada en /0_2022-10-24_18:17:20.018431.avi_12.259788036346436.jpg con esta confidence:0.9792309
cara encontrada en: /var/www/html/reconocimientoFacial/proyecto_definitivo/admin/files/videos_registro_videos/1_otraprueba_23.avi
cara guardada en /0_2022-10-24_18:17:20.149512.avi_12.390869379043579.jpg con esta confidence:0.975425
cara encontrada en: /var/www/html/reconocimientoFacial/proyecto_definitivo/admin/files/videos_registro_videos/1_otraprueba_23.avi
cara guardada en /0_2022-10-24_18:17:20.315860.avi_12.55721664428711.jpg con esta confidence:0.89120054
cara encontrada en: /var/www/html/reconocimientoFacial/proyecto_definitivo/admin/files/videos_registro_videos/1_otraprueba_23.avi
cara guardada en /0_2022-10-24_18:17:20.656622.avi_12.897980690002441.jpg con esta confidence:0.8178188
cara encontrada en: /var/www/html/reconocimientoFacial/proyecto_definitivo/admin/files/videos_registro_videos/1_otraprueba_23.avi
cara guardada en /0_2022-10-24_18:17:20.893157.avi_13.134514093399048.jpg con esta confidence:0.7879189
voy(23) leyendo el video..
tenemos(23) frame k lo guardo ..
voy(23) leyendo el video..
tenemos(23) frame k lo guardo ..
cara encontrada en: /var/www/html/reconocimientoFacial/proyecto_definitivo/admin/files/videos_registro_videos/1_otraprueba_23.avi
cara guardada en /0_2022-10-24_18:17:23.995119.avi_16.23647713661194.jpg con esta confidence:0.9999449
cara encontrada en: /var/www/html/reconocimientoFacial/proyecto_definitivo/admin/files/videos_registro_videos/1_otraprueba_23.avi
cara guardada en /0_2022-10-24_18:17:24.050931.avi_16.29228711128235.jpg con esta confidence:0.999653
cara encontrada en: /var/www/html/reconocimientoFacial/proyecto_definitivo/admin/files/videos_registro_videos/1_otraprueba_23.avi
cara guardada en /0_2022-10-24_18:17:24.123491.avi_16.364848852157593.jpg con esta confidence:0.99918
cara encontrada en: /var/www/html/reconocimientoFacial/proyecto_definitivo/admin/files/videos_registro_videos/1_otraprueba_23.avi
cara guardada en /0_2022-10-24_18:17:24.244191.avi_16.485549449920654.jpg con esta confidence:0.99772114
cara encontrada en: /var/www/html/reconocimientoFacial/proyecto_definitivo/admin/files/videos_registro_videos/1_otraprueba_23.avi
cara guardada en /0_2022-10-24_18:17:24.376245.avi_16.617602825164795.jpg con esta confidence:0.996152
cara encontrada en: /var/www/html/reconocimientoFacial/proyecto_definitivo/admin/files/videos_registro_videos/1_otraprueba_23.avi
cara guardada en /0_2022-10-24_18:17:24.497734.avi_16.739092588424683.jpg con esta confidence:0.9910419
cara encontrada en: /var/www/html/reconocimientoFacial/proyecto_definitivo/admin/files/videos_registro_videos/1_otraprueba_23.avi
cara guardada en /0_2022-10-24_18:17:24.725465.avi_16.966822862625122.jpg con esta confidence:0.9753676
cara encontrada en: /var/www/html/reconocimientoFacial/proyecto_definitivo/admin/files/videos_registro_videos/1_otraprueba_23.avi
cara guardada en /0_2022-10-24_18:17:24.968539.avi_17.209895610809326.jpg con esta confidence:0.9545842
cara encontrada en: /var/www/html/reconocimientoFacial/proyecto_definitivo/admin/files/videos_registro_videos/1_otraprueba_23.avi
cara guardada en /0_2022-10-24_18:17:25.118028.avi_17.35938596725464.jpg con esta confidence:0.7239436
voy(23) leyendo el video..
tenemos(23) frame k lo guardo ..
voy(23) leyendo el video..
tenemos(23) frame k lo guardo ..
cara encontrada en: /var/www/html/reconocimientoFacial/proyecto_definitivo/admin/files/videos_registro_videos/1_otraprueba_23.avi
cara guardada en /0_2022-10-24_18:17:28.332771.avi_20.574127435684204.jpg con esta confidence:0.99992955
cara encontrada en: /var/www/html/reconocimientoFacial/proyecto_definitivo/admin/files/videos_registro_videos/1_otraprueba_23.avi
cara guardada en /0_2022-10-24_18:17:28.412660.avi_20.65401816368103.jpg con esta confidence:0.9999082
cara encontrada en: /var/www/html/reconocimientoFacial/proyecto_definitivo/admin/files/videos_registro_videos/1_otraprueba_23.avi
cara guardada en /0_2022-10-24_18:17:28.569017.avi_20.81037425994873.jpg con esta confidence:0.9996867
cara encontrada en: /var/www/html/reconocimientoFacial/proyecto_definitivo/admin/files/videos_registro_videos/1_otraprueba_23.avi
cara guardada en /0_2022-10-24_18:17:28.699735.avi_20.94109272956848.jpg con esta confidence:0.99952793
cara encontrada en: /var/www/html/reconocimientoFacial/proyecto_definitivo/admin/files/videos_registro_videos/1_otraprueba_23.avi
cara guardada en /0_2022-10-24_18:17:28.779529.avi_21.02088689804077.jpg con esta confidence:0.9731333
cara encontrada en: /var/www/html/reconocimientoFacial/proyecto_definitivo/admin/files/videos_registro_videos/1_otraprueba_23.avi
cara guardada en /0_2022-10-24_18:17:28.960539.avi_21.201890468597412.jpg con esta confidence:0.9728544
cara encontrada en: /var/www/html/reconocimientoFacial/proyecto_definitivo/admin/files/videos_registro_videos/1_otraprueba_23.avi
cara guardada en /0_2022-10-24_18:17:29.019360.avi_21.260716915130615.jpg con esta confidence:0.9517858
cara encontrada en: /var/www/html/reconocimientoFacial/proyecto_definitivo/admin/files/videos_registro_videos/1_otraprueba_23.avi
cara guardada en /0_2022-10-24_18:17:29.206444.avi_21.44780158996582.jpg con esta confidence:0.9421318
cara encontrada en: /var/www/html/reconocimientoFacial/proyecto_definitivo/admin/files/videos_registro_videos/1_otraprueba_23.avi
cara guardada en /0_2022-10-24_18:17:29.449836.avi_21.691192626953125.jpg con esta confidence:0.9389443
cara encontrada en: /var/www/html/reconocimientoFacial/proyecto_definitivo/admin/files/videos_registro_videos/1_otraprueba_23.avi
cara guardada en /0_2022-10-24_18:17:29.507696.avi_21.749053955078125.jpg con esta confidence:0.92432284
cara encontrada en: /var/www/html/reconocimientoFacial/proyecto_definitivo/admin/files/videos_registro_videos/1_otraprueba_23.avi
cara guardada en /0_2022-10-24_18:17:29.741242.avi_21.982597589492798.jpg con esta confidence:0.8971105
voy(23) leyendo el video..
tenemos(23) frame k lo guardo ..
voy(23) leyendo el video..
tenemos(23) frame k lo guardo ..
cara encontrada en: /var/www/html/reconocimientoFacial/proyecto_definitivo/admin/files/videos_registro_videos/1_otraprueba_23.avi
cara guardada en /0_2022-10-24_18:17:32.656362.avi_24.897718906402588.jpg con esta confidence:0.99994767
cara encontrada en: /var/www/html/reconocimientoFacial/proyecto_definitivo/admin/files/videos_registro_videos/1_otraprueba_23.avi
cara guardada en /0_2022-10-24_18:17:32.807856.avi_25.049213409423828.jpg con esta confidence:0.99993277
cara encontrada en: /var/www/html/reconocimientoFacial/proyecto_definitivo/admin/files/videos_registro_videos/1_otraprueba_23.avi
cara guardada en /0_2022-10-24_18:17:32.974900.avi_25.21625781059265.jpg con esta confidence:0.99925715
cara encontrada en: /var/www/html/reconocimientoFacial/proyecto_definitivo/admin/files/videos_registro_videos/1_otraprueba_23.avi
cara guardada en /0_2022-10-24_18:17:33.208102.avi_25.449459075927734.jpg con esta confidence:0.9992342
cara encontrada en: /var/www/html/reconocimientoFacial/proyecto_definitivo/admin/files/videos_registro_videos/1_otraprueba_23.avi
cara guardada en /0_2022-10-24_18:17:33.409070.avi_25.650428771972656.jpg con esta confidence:0.9984377
cara encontrada en: /var/www/html/reconocimientoFacial/proyecto_definitivo/admin/files/videos_registro_videos/1_otraprueba_23.avi
cara guardada en /0_2022-10-24_18:17:33.529699.avi_25.771055936813354.jpg con esta confidence:0.9973085
cara encontrada en: /var/www/html/reconocimientoFacial/proyecto_definitivo/admin/files/videos_registro_videos/1_otraprueba_23.avi
cara guardada en /0_2022-10-24_18:17:33.727276.avi_25.968633890151978.jpg con esta confidence:0.9675751
cara encontrada en: /var/www/html/reconocimientoFacial/proyecto_definitivo/admin/files/videos_registro_videos/1_otraprueba_23.avi
cara guardada en /0_2022-10-24_18:17:33.885563.avi_26.126919269561768.jpg con esta confidence:0.883046
cara encontrada en: /var/www/html/reconocimientoFacial/proyecto_definitivo/admin/files/videos_registro_videos/1_otraprueba_23.avi
cara guardada en /0_2022-10-24_18:17:34.067347.avi_26.308704376220703.jpg con esta confidence:0.80037594
cara encontrada en: /var/www/html/reconocimientoFacial/proyecto_definitivo/admin/files/videos_registro_videos/1_otraprueba_23.avi
cara guardada en /0_2022-10-24_18:17:34.231635.avi_26.472991943359375.jpg con esta confidence:0.7497886
cara encontrada en: /var/www/html/reconocimientoFacial/proyecto_definitivo/admin/files/videos_registro_videos/1_otraprueba_23.avi
cara guardada en /0_2022-10-24_18:17:34.418720.avi_26.660077333450317.jpg con esta confidence:0.73110485
cara encontrada en: /var/www/html/reconocimientoFacial/proyecto_definitivo/admin/files/videos_registro_videos/1_otraprueba_23.avi
cara guardada en /0_2022-10-24_18:17:34.613304.avi_26.854661464691162.jpg con esta confidence:0.703543
voy(23) leyendo el video..
tenemos(23) frame k lo guardo ..
voy(23) leyendo el video..
tenemos(23) frame k lo guardo ..
cara encontrada en: /var/www/html/reconocimientoFacial/proyecto_definitivo/admin/files/videos_registro_videos/1_otraprueba_23.avi
cara guardada en /0_2022-10-24_18:17:37.770698.avi_30.0120530128479.jpg con esta confidence:0.99997497
cara encontrada en: /var/www/html/reconocimientoFacial/proyecto_definitivo/admin/files/videos_registro_videos/1_otraprueba_23.avi
cara guardada en /0_2022-10-24_18:17:38.100835.avi_30.34219264984131.jpg con esta confidence:0.99948585
cara encontrada en: /var/www/html/reconocimientoFacial/proyecto_definitivo/admin/files/videos_registro_videos/1_otraprueba_23.avi
cara guardada en /0_2022-10-24_18:17:38.263229.avi_30.504586219787598.jpg con esta confidence:0.99931407
cara encontrada en: /var/www/html/reconocimientoFacial/proyecto_definitivo/admin/files/videos_registro_videos/1_otraprueba_23.avi
cara guardada en /0_2022-10-24_18:17:38.361728.avi_30.60308527946472.jpg con esta confidence:0.99913365
cara encontrada en: /var/www/html/reconocimientoFacial/proyecto_definitivo/admin/files/videos_registro_videos/1_otraprueba_23.avi
cara guardada en /0_2022-10-24_18:17:38.383025.avi_30.62437868118286.jpg con esta confidence:0.99463755
cara encontrada en: /var/www/html/reconocimientoFacial/proyecto_definitivo/admin/files/videos_registro_videos/1_otraprueba_23.avi
cara guardada en /0_2022-10-24_18:17:38.490068.avi_30.731426000595093.jpg con esta confidence:0.9881868
cara encontrada en: /var/www/html/reconocimientoFacial/proyecto_definitivo/admin/files/videos_registro_videos/1_otraprueba_23.avi
cara guardada en /0_2022-10-24_18:17:38.675163.avi_30.916520833969116.jpg con esta confidence:0.98624414
cara encontrada en: /var/www/html/reconocimientoFacial/proyecto_definitivo/admin/files/videos_registro_videos/1_otraprueba_23.avi
cara guardada en /0_2022-10-24_18:17:38.787527.avi_31.028884172439575.jpg con esta confidence:0.98134685
cara encontrada en: /var/www/html/reconocimientoFacial/proyecto_definitivo/admin/files/videos_registro_videos/1_otraprueba_23.avi
cara guardada en /0_2022-10-24_18:17:39.043435.avi_31.28479266166687.jpg con esta confidence:0.88608134
cara encontrada en: /var/www/html/reconocimientoFacial/proyecto_definitivo/admin/files/videos_registro_videos/1_otraprueba_23.avi
cara guardada en /0_2022-10-24_18:17:39.150496.avi_31.39185357093811.jpg con esta confidence:0.88385874
voy(23) leyendo el video..
tenemos(23) frame k lo guardo ..
voy(23) leyendo el video..
tenemos(23) frame k lo guardo ..
cara encontrada en: /var/www/html/reconocimientoFacial/proyecto_definitivo/admin/files/videos_registro_videos/1_otraprueba_23.avi
cara guardada en /0_2022-10-24_18:17:42.067230.avi_34.30858826637268.jpg con esta confidence:0.99998105
cara encontrada en: /var/www/html/reconocimientoFacial/proyecto_definitivo/admin/files/videos_registro_videos/1_otraprueba_23.avi
cara guardada en /0_2022-10-24_18:17:42.092961.avi_34.33431839942932.jpg con esta confidence:0.9996836
cara encontrada en: /var/www/html/reconocimientoFacial/proyecto_definitivo/admin/files/videos_registro_videos/1_otraprueba_23.avi
cara guardada en /0_2022-10-24_18:17:42.185447.avi_34.426804542541504.jpg con esta confidence:0.9996177
cara encontrada en: /var/www/html/reconocimientoFacial/proyecto_definitivo/admin/files/videos_registro_videos/1_otraprueba_23.avi
cara guardada en /0_2022-10-24_18:17:42.311600.avi_34.552958488464355.jpg con esta confidence:0.99837315
cara encontrada en: /var/www/html/reconocimientoFacial/proyecto_definitivo/admin/files/videos_registro_videos/1_otraprueba_23.avi
cara guardada en /0_2022-10-24_18:17:42.453597.avi_34.694955348968506.jpg con esta confidence:0.99784315
cara encontrada en: /var/www/html/reconocimientoFacial/proyecto_definitivo/admin/files/videos_registro_videos/1_otraprueba_23.avi
cara guardada en /0_2022-10-24_18:17:42.693289.avi_34.93464255332947.jpg con esta confidence:0.9897057
cara encontrada en: /var/www/html/reconocimientoFacial/proyecto_definitivo/admin/files/videos_registro_videos/1_otraprueba_23.avi
cara guardada en /0_2022-10-24_18:17:42.803831.avi_35.04518914222717.jpg con esta confidence:0.9789844
cara encontrada en: /var/www/html/reconocimientoFacial/proyecto_definitivo/admin/files/videos_registro_videos/1_otraprueba_23.avi
cara guardada en /0_2022-10-24_18:17:42.919688.avi_35.161046266555786.jpg con esta confidence:0.9779854
cara encontrada en: /var/www/html/reconocimientoFacial/proyecto_definitivo/admin/files/videos_registro_videos/1_otraprueba_23.avi
cara guardada en /0_2022-10-24_18:17:45.799853.avi_38.04121136665344.jpg con esta confidence:0.969546
cara encontrada en: /var/www/html/reconocimientoFacial/proyecto_definitivo/admin/files/videos_registro_videos/1_otraprueba_23.avi
cara guardada en /0_2022-10-24_18:17:45.887105.avi_38.12846255302429.jpg con esta confidence:0.966736
cara encontrada en: /var/www/html/reconocimientoFacial/proyecto_definitivo/admin/files/videos_registro_videos/1_otraprueba_23.avi
cara guardada en /0_2022-10-24_18:17:46.013997.avi_38.25535440444946.jpg con esta confidence:0.81744766
voy(23) leyendo el video..
tenemos(23) frame k lo guardo ..
voy(23) leyendo el video..
tenemos(23) frame k lo guardo ..
cara encontrada en: /var/www/html/reconocimientoFacial/proyecto_definitivo/admin/files/videos_registro_videos/1_otraprueba_23.avi
cara guardada en /0_2022-10-24_18:17:49.637732.avi_41.87908959388733.jpg con esta confidence:0.9999758
cara encontrada en: /var/www/html/reconocimientoFacial/proyecto_definitivo/admin/files/videos_registro_videos/1_otraprueba_23.avi
cara guardada en /0_2022-10-24_18:17:49.705344.avi_41.94670057296753.jpg con esta confidence:0.9999529
cara encontrada en: /var/www/html/reconocimientoFacial/proyecto_definitivo/admin/files/videos_registro_videos/1_otraprueba_23.avi
cara guardada en /0_2022-10-24_18:17:49.823329.avi_42.06468653678894.jpg con esta confidence:0.9982912
cara encontrada en: /var/www/html/reconocimientoFacial/proyecto_definitivo/admin/files/videos_registro_videos/1_otraprueba_23.avi
cara guardada en /0_2022-10-24_18:17:49.958665.avi_42.20002317428589.jpg con esta confidence:0.99795806
cara encontrada en: /var/www/html/reconocimientoFacial/proyecto_definitivo/admin/files/videos_registro_videos/1_otraprueba_23.avi
cara guardada en /0_2022-10-24_18:17:50.089562.avi_42.330920457839966.jpg con esta confidence:0.99683267
cara encontrada en: /var/www/html/reconocimientoFacial/proyecto_definitivo/admin/files/videos_registro_videos/1_otraprueba_23.avi
cara guardada en /0_2022-10-24_18:17:50.227406.avi_42.468764543533325.jpg con esta confidence:0.9957747
cara encontrada en: /var/www/html/reconocimientoFacial/proyecto_definitivo/admin/files/videos_registro_videos/1_otraprueba_23.avi
cara guardada en /0_2022-10-24_18:17:50.356995.avi_42.59835243225098.jpg con esta confidence:0.99441355
cara encontrada en: /var/www/html/reconocimientoFacial/proyecto_definitivo/admin/files/videos_registro_videos/1_otraprueba_23.avi
cara guardada en /0_2022-10-24_18:17:50.542944.avi_42.78429865837097.jpg con esta confidence:0.97613156
cara encontrada en: /var/www/html/reconocimientoFacial/proyecto_definitivo/admin/files/videos_registro_videos/1_otraprueba_23.avi
cara guardada en /0_2022-10-24_18:17:51.022009.avi_43.26336622238159.jpg con esta confidence:0.9694698
cara encontrada en: /var/www/html/reconocimientoFacial/proyecto_definitivo/admin/files/videos_registro_videos/1_otraprueba_23.avi
cara guardada en /0_2022-10-24_18:17:51.265776.avi_43.5071325302124.jpg con esta confidence:0.91506845
cara encontrada en: /var/www/html/reconocimientoFacial/proyecto_definitivo/admin/files/videos_registro_videos/1_otraprueba_23.avi
cara guardada en /0_2022-10-24_18:17:51.397301.avi_43.63865828514099.jpg con esta confidence:0.8998043
cara encontrada en: /var/www/html/reconocimientoFacial/proyecto_definitivo/admin/files/videos_registro_videos/1_otraprueba_23.avi
cara guardada en /0_2022-10-24_18:17:51.509062.avi_43.750418186187744.jpg con esta confidence:0.75234646
voy(23) leyendo el video..
tenemos(23) frame k lo guardo ..
voy(23) leyendo el video..
tenemos(23) frame k lo guardo ..
cara encontrada en: /var/www/html/reconocimientoFacial/proyecto_definitivo/admin/files/videos_registro_videos/1_otraprueba_23.avi
cara guardada en /0_2022-10-24_18:17:54.596582.avi_46.837939500808716.jpg con esta confidence:0.9999161
cara encontrada en: /var/www/html/reconocimientoFacial/proyecto_definitivo/admin/files/videos_registro_videos/1_otraprueba_23.avi
cara guardada en /0_2022-10-24_18:17:55.061030.avi_47.302388191223145.jpg con esta confidence:0.99951124
cara encontrada en: /var/www/html/reconocimientoFacial/proyecto_definitivo/admin/files/videos_registro_videos/1_otraprueba_23.avi
cara guardada en /0_2022-10-24_18:17:55.201204.avi_47.44256138801575.jpg con esta confidence:0.996276
cara encontrada en: /var/www/html/reconocimientoFacial/proyecto_definitivo/admin/files/videos_registro_videos/1_otraprueba_23.avi
cara guardada en /0_2022-10-24_18:17:55.351168.avi_47.592524766922.jpg con esta confidence:0.9944922
cara encontrada en: /var/www/html/reconocimientoFacial/proyecto_definitivo/admin/files/videos_registro_videos/1_otraprueba_23.avi
cara guardada en /0_2022-10-24_18:17:55.620818.avi_47.86217522621155.jpg con esta confidence:0.9941071
cara encontrada en: /var/www/html/reconocimientoFacial/proyecto_definitivo/admin/files/videos_registro_videos/1_otraprueba_23.avi
cara guardada en /0_2022-10-24_18:17:55.812322.avi_48.05367994308472.jpg con esta confidence:0.98439217
cara encontrada en: /var/www/html/reconocimientoFacial/proyecto_definitivo/admin/files/videos_registro_videos/1_otraprueba_23.avi
cara guardada en /0_2022-10-24_18:17:55.933071.avi_48.174428939819336.jpg con esta confidence:0.97855556
cara encontrada en: /var/www/html/reconocimientoFacial/proyecto_definitivo/admin/files/videos_registro_videos/1_otraprueba_23.avi
cara guardada en /0_2022-10-24_18:17:56.068983.avi_48.310340881347656.jpg con esta confidence:0.97655326
cara encontrada en: /var/www/html/reconocimientoFacial/proyecto_definitivo/admin/files/videos_registro_videos/1_otraprueba_23.avi
cara guardada en /0_2022-10-24_18:17:56.263844.avi_48.5052011013031.jpg con esta confidence:0.9304533
cara encontrada en: /var/www/html/reconocimientoFacial/proyecto_definitivo/admin/files/videos_registro_videos/1_otraprueba_23.avi
cara guardada en /0_2022-10-24_18:17:56.402416.avi_48.643773555755615.jpg con esta confidence:0.8455755
cara encontrada en: /var/www/html/reconocimientoFacial/proyecto_definitivo/admin/files/videos_registro_videos/1_otraprueba_23.avi
cara guardada en /0_2022-10-24_18:17:56.556460.avi_48.797818422317505.jpg con esta confidence:0.8228406
voy(23) leyendo el video..
tenemos(23) frame k lo guardo ..
voy(23) leyendo el video..
tenemos(23) frame k lo guardo ..
cara encontrada en: /var/www/html/reconocimientoFacial/proyecto_definitivo/admin/files/videos_registro_videos/1_otraprueba_23.avi
cara guardada en /0_2022-10-24_18:17:59.930628.avi_52.17198419570923.jpg con esta confidence:0.9989209
cara encontrada en: /var/www/html/reconocimientoFacial/proyecto_definitivo/admin/files/videos_registro_videos/1_otraprueba_23.avi
cara guardada en /0_2022-10-24_18:18:00.113368.avi_52.35472393035889.jpg con esta confidence:0.9936034
cara encontrada en: /var/www/html/reconocimientoFacial/proyecto_definitivo/admin/files/videos_registro_videos/1_otraprueba_23.avi
cara guardada en /0_2022-10-24_18:18:00.269383.avi_52.51074028015137.jpg con esta confidence:0.9874127
cara encontrada en: /var/www/html/reconocimientoFacial/proyecto_definitivo/admin/files/videos_registro_videos/1_otraprueba_23.avi
cara guardada en /0_2022-10-24_18:18:00.502210.avi_52.74356722831726.jpg con esta confidence:0.97840446
cara encontrada en: /var/www/html/reconocimientoFacial/proyecto_definitivo/admin/files/videos_registro_videos/1_otraprueba_23.avi
cara guardada en /0_2022-10-24_18:18:00.558038.avi_52.79939603805542.jpg con esta confidence:0.9598756
cara encontrada en: /var/www/html/reconocimientoFacial/proyecto_definitivo/admin/files/videos_registro_videos/1_otraprueba_23.avi
cara guardada en /0_2022-10-24_18:18:00.808877.avi_53.050230979919434.jpg con esta confidence:0.926934
cara encontrada en: /var/www/html/reconocimientoFacial/proyecto_definitivo/admin/files/videos_registro_videos/1_otraprueba_23.avi
cara guardada en /0_2022-10-24_18:18:00.871773.avi_53.11313033103943.jpg con esta confidence:0.8486457
cara encontrada en: /var/www/html/reconocimientoFacial/proyecto_definitivo/admin/files/videos_registro_videos/1_otraprueba_23.avi
cara guardada en /0_2022-10-24_18:18:01.134826.avi_53.37618327140808.jpg con esta confidence:0.70358837
cara encontrada en: /var/www/html/reconocimientoFacial/proyecto_definitivo/admin/files/videos_registro_videos/1_otraprueba_23.avi
cara guardada en /0_2022-10-24_18:18:01.266446.avi_53.50780439376831.jpg con esta confidence:0.6940026
voy(23) leyendo el video..
tenemos(23) frame k lo guardo ..
voy(23) leyendo el video..
tenemos(23) frame k lo guardo ..
cara encontrada en: /var/www/html/reconocimientoFacial/proyecto_definitivo/admin/files/videos_registro_videos/1_otraprueba_23.avi
cara guardada en /0_2022-10-24_18:18:04.509768.avi_56.75112557411194.jpg con esta confidence:0.9968837
cara encontrada en: /var/www/html/reconocimientoFacial/proyecto_definitivo/admin/files/videos_registro_videos/1_otraprueba_23.avi
cara guardada en /0_2022-10-24_18:18:04.731958.avi_56.97331643104553.jpg con esta confidence:0.98825246
cara encontrada en: /var/www/html/reconocimientoFacial/proyecto_definitivo/admin/files/videos_registro_videos/1_otraprueba_23.avi
cara guardada en /0_2022-10-24_18:18:05.112583.avi_57.35394024848938.jpg con esta confidence:0.98195696
cara encontrada en: /var/www/html/reconocimientoFacial/proyecto_definitivo/admin/files/videos_registro_videos/1_otraprueba_23.avi
cara guardada en /0_2022-10-24_18:18:05.296128.avi_57.53748416900635.jpg con esta confidence:0.95137495
cara encontrada en: /var/www/html/reconocimientoFacial/proyecto_definitivo/admin/files/videos_registro_videos/1_otraprueba_23.avi
cara guardada en /0_2022-10-24_18:18:05.658181.avi_57.899537801742554.jpg con esta confidence:0.94210666
cara encontrada en: /var/www/html/reconocimientoFacial/proyecto_definitivo/admin/files/videos_registro_videos/1_otraprueba_23.avi
cara guardada en /0_2022-10-24_18:18:05.863283.avi_58.10464000701904.jpg con esta confidence:0.81060225
cara encontrada en: /var/www/html/reconocimientoFacial/proyecto_definitivo/admin/files/videos_registro_videos/1_otraprueba_23.avi
cara guardada en /0_2022-10-24_18:18:06.081989.avi_58.32334637641907.jpg con esta confidence:0.7948753
voy(23) leyendo el video..
tenemos(23) frame k lo guardo ..
voy(23) leyendo el video..
tenemos(23) frame k lo guardo ..
cara encontrada en: /var/www/html/reconocimientoFacial/proyecto_definitivo/admin/files/videos_registro_videos/1_otraprueba_23.avi
cara guardada en /0_2022-10-24_18:18:08.444025.avi_60.68538212776184.jpg con esta confidence:0.99515706
cara encontrada en: /var/www/html/reconocimientoFacial/proyecto_definitivo/admin/files/videos_registro_videos/1_otraprueba_23.avi
cara guardada en /0_2022-10-24_18:18:08.783362.avi_61.02471947669983.jpg con esta confidence:0.98374313
cara encontrada en: /var/www/html/reconocimientoFacial/proyecto_definitivo/admin/files/videos_registro_videos/1_otraprueba_23.avi
cara guardada en /0_2022-10-24_18:18:08.966523.avi_61.207879304885864.jpg con esta confidence:0.9697268
cara encontrada en: /var/www/html/reconocimientoFacial/proyecto_definitivo/admin/files/videos_registro_videos/1_otraprueba_23.avi
cara guardada en /0_2022-10-24_18:18:09.156048.avi_61.397403955459595.jpg con esta confidence:0.9644191
cara encontrada en: /var/www/html/reconocimientoFacial/proyecto_definitivo/admin/files/videos_registro_videos/1_otraprueba_23.avi
cara guardada en /0_2022-10-24_18:18:09.295130.avi_61.53648829460144.jpg con esta confidence:0.9056318
cara encontrada en: /var/www/html/reconocimientoFacial/proyecto_definitivo/admin/files/videos_registro_videos/1_otraprueba_23.avi
cara guardada en /0_2022-10-24_18:18:09.557972.avi_61.79932880401611.jpg con esta confidence:0.86972845
cara encontrada en: /var/www/html/reconocimientoFacial/proyecto_definitivo/admin/files/videos_registro_videos/1_otraprueba_23.avi
cara guardada en /0_2022-10-24_18:18:09.755640.avi_61.996997594833374.jpg con esta confidence:0.710944
voy(23) leyendo el video..
tenemos(23) frame k lo guardo ..
voy(23) leyendo el video..
tenemos(23) frame k lo guardo ..
cara encontrada en: /var/www/html/reconocimientoFacial/proyecto_definitivo/admin/files/videos_registro_videos/1_otraprueba_23.avi
cara guardada en /0_2022-10-24_18:18:13.268749.avi_65.5101068019867.jpg con esta confidence:0.9771259
cara encontrada en: /var/www/html/reconocimientoFacial/proyecto_definitivo/admin/files/videos_registro_videos/1_otraprueba_23.avi
cara guardada en /0_2022-10-24_18:18:13.533741.avi_65.77509880065918.jpg con esta confidence:0.9679745
cara encontrada en: /var/www/html/reconocimientoFacial/proyecto_definitivo/admin/files/videos_registro_videos/1_otraprueba_23.avi
cara guardada en /0_2022-10-24_18:18:13.705300.avi_65.94665741920471.jpg con esta confidence:0.9098843
cara encontrada en: /var/www/html/reconocimientoFacial/proyecto_definitivo/admin/files/videos_registro_videos/1_otraprueba_23.avi
cara guardada en /0_2022-10-24_18:18:13.907793.avi_66.14915084838867.jpg con esta confidence:0.8047571
cara encontrada en: /var/www/html/reconocimientoFacial/proyecto_definitivo/admin/files/videos_registro_videos/1_otraprueba_23.avi
cara guardada en /0_2022-10-24_18:18:14.158671.avi_66.40002918243408.jpg con esta confidence:0.76721543
cara encontrada en: /var/www/html/reconocimientoFacial/proyecto_definitivo/admin/files/videos_registro_videos/1_otraprueba_23.avi
cara guardada en /0_2022-10-24_18:18:14.211700.avi_66.45305728912354.jpg con esta confidence:0.7524553
cara encontrada en: /var/www/html/reconocimientoFacial/proyecto_definitivo/admin/files/videos_registro_videos/1_otraprueba_23.avi
cara guardada en /0_2022-10-24_18:18:14.456412.avi_66.69777011871338.jpg con esta confidence:0.70753884
voy(23) leyendo el video..
tenemos(23) frame k lo guardo ..
voy(23) leyendo el video..
tenemos(23) frame k lo guardo ..
cara encontrada en: /var/www/html/reconocimientoFacial/proyecto_definitivo/admin/files/videos_registro_videos/1_otraprueba_23.avi
cara guardada en /0_2022-10-24_18:18:18.250868.avi_70.49222564697266.jpg con esta confidence:0.99939
cara encontrada en: /var/www/html/reconocimientoFacial/proyecto_definitivo/admin/files/videos_registro_videos/1_otraprueba_23.avi
cara guardada en /0_2022-10-24_18:18:18.449902.avi_70.69125890731812.jpg con esta confidence:0.9968857
cara encontrada en: /var/www/html/reconocimientoFacial/proyecto_definitivo/admin/files/videos_registro_videos/1_otraprueba_23.avi
cara guardada en /0_2022-10-24_18:18:18.567155.avi_70.80851101875305.jpg con esta confidence:0.9929264
cara encontrada en: /var/www/html/reconocimientoFacial/proyecto_definitivo/admin/files/videos_registro_videos/1_otraprueba_23.avi
cara guardada en /0_2022-10-24_18:18:18.759846.avi_71.00120401382446.jpg con esta confidence:0.9926426
cara encontrada en: /var/www/html/reconocimientoFacial/proyecto_definitivo/admin/files/videos_registro_videos/1_otraprueba_23.avi
cara guardada en /0_2022-10-24_18:18:18.975686.avi_71.21703934669495.jpg con esta confidence:0.975758
cara encontrada en: /var/www/html/reconocimientoFacial/proyecto_definitivo/admin/files/videos_registro_videos/1_otraprueba_23.avi
cara guardada en /0_2022-10-24_18:18:19.307646.avi_71.54900431632996.jpg con esta confidence:0.94749445
cara encontrada en: /var/www/html/reconocimientoFacial/proyecto_definitivo/admin/files/videos_registro_videos/1_otraprueba_23.avi
cara guardada en /0_2022-10-24_18:18:19.473815.avi_71.71517324447632.jpg con esta confidence:0.87473035
cara encontrada en: /var/www/html/reconocimientoFacial/proyecto_definitivo/admin/files/videos_registro_videos/1_otraprueba_23.avi
cara guardada en /0_2022-10-24_18:18:19.689952.avi_71.93130922317505.jpg con esta confidence:0.7847673
voy(23) leyendo el video..
tenemos(23) frame k lo guardo ..
voy(23) leyendo el video..
tenemos(23) frame k lo guardo ..
cara encontrada en: /var/www/html/reconocimientoFacial/proyecto_definitivo/admin/files/videos_registro_videos/1_otraprueba_23.avi
cara guardada en /0_2022-10-24_18:18:24.064389.avi_76.30574679374695.jpg con esta confidence:0.9986094
cara encontrada en: /var/www/html/reconocimientoFacial/proyecto_definitivo/admin/files/videos_registro_videos/1_otraprueba_23.avi
cara guardada en /0_2022-10-24_18:18:24.139895.avi_76.3812530040741.jpg con esta confidence:0.99125516
cara encontrada en: /var/www/html/reconocimientoFacial/proyecto_definitivo/admin/files/videos_registro_videos/1_otraprueba_23.avi
cara guardada en /0_2022-10-24_18:18:24.457223.avi_76.69858026504517.jpg con esta confidence:0.98948973
cara encontrada en: /var/www/html/reconocimientoFacial/proyecto_definitivo/admin/files/videos_registro_videos/1_otraprueba_23.avi
cara guardada en /0_2022-10-24_18:18:24.595138.avi_76.83649468421936.jpg con esta confidence:0.98641765
cara encontrada en: /var/www/html/reconocimientoFacial/proyecto_definitivo/admin/files/videos_registro_videos/1_otraprueba_23.avi
cara guardada en /0_2022-10-24_18:18:24.700656.avi_76.94201445579529.jpg con esta confidence:0.9437584
cara encontrada en: /var/www/html/reconocimientoFacial/proyecto_definitivo/admin/files/videos_registro_videos/1_otraprueba_23.avi
cara guardada en /0_2022-10-24_18:18:24.731721.avi_76.97307896614075.jpg con esta confidence:0.93612605
cara encontrada en: /var/www/html/reconocimientoFacial/proyecto_definitivo/admin/files/videos_registro_videos/1_otraprueba_23.avi
cara guardada en /0_2022-10-24_18:18:24.767676.avi_77.00903367996216.jpg con esta confidence:0.821631
cara encontrada en: /var/www/html/reconocimientoFacial/proyecto_definitivo/admin/files/videos_registro_videos/1_otraprueba_23.avi
cara guardada en /0_2022-10-24_18:18:24.798720.avi_77.04007840156555.jpg con esta confidence:0.79586905
voy(23) leyendo el video..
tenemos(23) frame k lo guardo ..
voy(23) leyendo el video..
tenemos(23) frame k lo guardo ..
cara encontrada en: /var/www/html/reconocimientoFacial/proyecto_definitivo/admin/files/videos_registro_videos/1_otraprueba_23.avi
cara guardada en /0_2022-10-24_18:18:27.924196.avi_80.1655523777008.jpg con esta confidence:0.99935883
cara encontrada en: /var/www/html/reconocimientoFacial/proyecto_definitivo/admin/files/videos_registro_videos/1_otraprueba_23.avi
cara guardada en /0_2022-10-24_18:18:28.037083.avi_80.27844071388245.jpg con esta confidence:0.9961569
cara encontrada en: /var/www/html/reconocimientoFacial/proyecto_definitivo/admin/files/videos_registro_videos/1_otraprueba_23.avi
cara guardada en /0_2022-10-24_18:18:28.203445.avi_80.44480299949646.jpg con esta confidence:0.992601
cara encontrada en: /var/www/html/reconocimientoFacial/proyecto_definitivo/admin/files/videos_registro_videos/1_otraprueba_23.avi
cara guardada en /0_2022-10-24_18:18:28.387442.avi_80.62879920005798.jpg con esta confidence:0.9890683
cara encontrada en: /var/www/html/reconocimientoFacial/proyecto_definitivo/admin/files/videos_registro_videos/1_otraprueba_23.avi
cara guardada en /0_2022-10-24_18:18:28.589048.avi_80.830406665802.jpg con esta confidence:0.96279305
cara encontrada en: /var/www/html/reconocimientoFacial/proyecto_definitivo/admin/files/videos_registro_videos/1_otraprueba_23.avi
cara guardada en /0_2022-10-24_18:18:28.793172.avi_81.0345287322998.jpg con esta confidence:0.934376
cara encontrada en: /var/www/html/reconocimientoFacial/proyecto_definitivo/admin/files/videos_registro_videos/1_otraprueba_23.avi
cara guardada en /0_2022-10-24_18:18:28.959021.avi_81.20037913322449.jpg con esta confidence:0.9185656
cara encontrada en: /var/www/html/reconocimientoFacial/proyecto_definitivo/admin/files/videos_registro_videos/1_otraprueba_23.avi
cara guardada en /0_2022-10-24_18:18:29.147360.avi_81.38871812820435.jpg con esta confidence:0.7911307
voy(23) leyendo el video..
tenemos(23) frame k lo guardo ..
voy(23) leyendo el video..
tenemos(23) frame k lo guardo ..
cara encontrada en: /var/www/html/reconocimientoFacial/proyecto_definitivo/admin/files/videos_registro_videos/1_otraprueba_23.avi
cara guardada en /0_2022-10-24_18:18:33.178545.avi_85.41990113258362.jpg con esta confidence:0.9854151
cara encontrada en: /var/www/html/reconocimientoFacial/proyecto_definitivo/admin/files/videos_registro_videos/1_otraprueba_23.avi
cara guardada en /0_2022-10-24_18:18:33.650242.avi_85.89159893989563.jpg con esta confidence:0.96069336
cara encontrada en: /var/www/html/reconocimientoFacial/proyecto_definitivo/admin/files/videos_registro_videos/1_otraprueba_23.avi
cara guardada en /0_2022-10-24_18:18:33.794599.avi_86.0359570980072.jpg con esta confidence:0.95860964
cara encontrada en: /var/www/html/reconocimientoFacial/proyecto_definitivo/admin/files/videos_registro_videos/1_otraprueba_23.avi
cara guardada en /0_2022-10-24_18:18:33.920039.avi_86.16139435768127.jpg con esta confidence:0.9297911
cara encontrada en: /var/www/html/reconocimientoFacial/proyecto_definitivo/admin/files/videos_registro_videos/1_otraprueba_23.avi
cara guardada en /0_2022-10-24_18:18:34.013910.avi_86.25526762008667.jpg con esta confidence:0.83834404
cara encontrada en: /var/www/html/reconocimientoFacial/proyecto_definitivo/admin/files/videos_registro_videos/1_otraprueba_23.avi
cara guardada en /0_2022-10-24_18:18:34.267679.avi_86.509037733078.jpg con esta confidence:0.7381618
voy(23) leyendo el video..
tenemos(23) frame k lo guardo ..
voy(23) leyendo el video..
tenemos(23) frame k lo guardo ..
cara encontrada en: /var/www/html/reconocimientoFacial/proyecto_definitivo/admin/files/videos_registro_videos/1_otraprueba_23.avi
cara guardada en /0_2022-10-24_18:18:36.668909.avi_88.91026711463928.jpg con esta confidence:0.97601116
cara encontrada en: /var/www/html/reconocimientoFacial/proyecto_definitivo/admin/files/videos_registro_videos/1_otraprueba_23.avi
cara guardada en /0_2022-10-24_18:18:36.921211.avi_89.16256904602051.jpg con esta confidence:0.93515515
cara encontrada en: /var/www/html/reconocimientoFacial/proyecto_definitivo/admin/files/videos_registro_videos/1_otraprueba_23.avi
cara guardada en /0_2022-10-24_18:18:37.044278.avi_89.28563499450684.jpg con esta confidence:0.8996854
cara encontrada en: /var/www/html/reconocimientoFacial/proyecto_definitivo/admin/files/videos_registro_videos/1_otraprueba_23.avi
cara guardada en /0_2022-10-24_18:18:37.260427.avi_89.501784324646.jpg con esta confidence:0.84056115
cara encontrada en: /var/www/html/reconocimientoFacial/proyecto_definitivo/admin/files/videos_registro_videos/1_otraprueba_23.avi
cara guardada en /0_2022-10-24_18:18:37.458703.avi_89.70005464553833.jpg con esta confidence:0.81517375
cara encontrada en: /var/www/html/reconocimientoFacial/proyecto_definitivo/admin/files/videos_registro_videos/1_otraprueba_23.avi
cara guardada en /0_2022-10-24_18:18:37.628064.avi_89.86942052841187.jpg con esta confidence:0.7149234
voy(23) leyendo el video..
tenemos(23) frame k lo guardo ..
voy(23) leyendo el video..
tenemos(23) frame k lo guardo ..
cara encontrada en: /var/www/html/reconocimientoFacial/proyecto_definitivo/admin/files/videos_registro_videos/1_otraprueba_23.avi
cara guardada en /0_2022-10-24_18:18:40.875350.avi_93.11670756340027.jpg con esta confidence:0.89151424
cara encontrada en: /var/www/html/reconocimientoFacial/proyecto_definitivo/admin/files/videos_registro_videos/1_otraprueba_23.avi
cara guardada en /0_2022-10-24_18:18:41.099055.avi_93.34041261672974.jpg con esta confidence:0.81613564
cara encontrada en: /var/www/html/reconocimientoFacial/proyecto_definitivo/admin/files/videos_registro_videos/1_otraprueba_23.avi
cara guardada en /0_2022-10-24_18:18:41.379740.avi_93.62109351158142.jpg con esta confidence:0.702356
voy(23) leyendo el video..
tenemos(23) frame k lo guardo ..
voy(23) leyendo el video..
tenemos(23) frame k lo guardo ..
cara encontrada en: /var/www/html/reconocimientoFacial/proyecto_definitivo/admin/files/videos_registro_videos/1_otraprueba_23.avi
cara guardada en /0_2022-10-24_18:18:44.484860.avi_96.72621512413025.jpg con esta confidence:0.8584679
cara encontrada en: /var/www/html/reconocimientoFacial/proyecto_definitivo/admin/files/videos_registro_videos/1_otraprueba_23.avi
cara guardada en /0_2022-10-24_18:18:44.657889.avi_96.89924621582031.jpg con esta confidence:0.7483506
cara encontrada en: /var/www/html/reconocimientoFacial/proyecto_definitivo/admin/files/videos_registro_videos/1_otraprueba_23.avi
cara guardada en /0_2022-10-24_18:18:44.825704.avi_97.06705951690674.jpg con esta confidence:0.71414983
voy(23) leyendo el video..
tenemos(23) frame k lo guardo ..
voy(23) leyendo el video..
tenemos(23) frame k lo guardo ..
cara encontrada en: /var/www/html/reconocimientoFacial/proyecto_definitivo/admin/files/videos_registro_videos/1_otraprueba_23.avi
cara guardada en /0_2022-10-24_18:18:48.040863.avi_100.2822196483612.jpg con esta confidence:0.9479719
cara encontrada en: /var/www/html/reconocimientoFacial/proyecto_definitivo/admin/files/videos_registro_videos/1_otraprueba_23.avi
cara guardada en /0_2022-10-24_18:18:48.112233.avi_100.35359001159668.jpg con esta confidence:0.92666817
cara encontrada en: /var/www/html/reconocimientoFacial/proyecto_definitivo/admin/files/videos_registro_videos/1_otraprueba_23.avi
cara guardada en /0_2022-10-24_18:18:48.414597.avi_100.65595412254333.jpg con esta confidence:0.8327306
cara encontrada en: /var/www/html/reconocimientoFacial/proyecto_definitivo/admin/files/videos_registro_videos/1_otraprueba_23.avi
cara guardada en /0_2022-10-24_18:18:48.862130.avi_101.10348773002625.jpg con esta confidence:0.7676707
cara encontrada en: /var/www/html/reconocimientoFacial/proyecto_definitivo/admin/files/videos_registro_videos/1_otraprueba_23.avi
cara guardada en /0_2022-10-24_18:18:49.407198.avi_101.64855623245239.jpg con esta confidence:0.7260106
voy(23) leyendo el video..
tenemos(23) frame k lo guardo ..
voy(23) leyendo el video..
tenemos(23) frame k lo guardo ..
cara encontrada en: /var/www/html/reconocimientoFacial/proyecto_definitivo/admin/files/videos_registro_videos/1_otraprueba_23.avi
cara guardada en /0_2022-10-24_18:18:52.507561.avi_104.74891877174377.jpg con esta confidence:0.9470928
cara encontrada en: /var/www/html/reconocimientoFacial/proyecto_definitivo/admin/files/videos_registro_videos/1_otraprueba_23.avi
cara guardada en /0_2022-10-24_18:18:52.658169.avi_104.89952635765076.jpg con esta confidence:0.9469791
cara encontrada en: /var/www/html/reconocimientoFacial/proyecto_definitivo/admin/files/videos_registro_videos/1_otraprueba_23.avi
cara guardada en /0_2022-10-24_18:18:52.802676.avi_105.04403185844421.jpg con esta confidence:0.82337475
cara encontrada en: /var/www/html/reconocimientoFacial/proyecto_definitivo/admin/files/videos_registro_videos/1_otraprueba_23.avi
cara guardada en /0_2022-10-24_18:18:52.872909.avi_105.11426639556885.jpg con esta confidence:0.7067149
cara encontrada en: /var/www/html/reconocimientoFacial/proyecto_definitivo/admin/files/videos_registro_videos/1_otraprueba_23.avi
cara guardada en /0_2022-10-24_18:18:52.931348.avi_105.17270302772522.jpg con esta confidence:0.69086117
voy(23) leyendo el video..
tenemos(23) frame k lo guardo ..
voy(23) leyendo el video..
tenemos(23) frame k lo guardo ..
cara encontrada en: /var/www/html/reconocimientoFacial/proyecto_definitivo/admin/files/videos_registro_videos/1_otraprueba_23.avi
cara guardada en /0_2022-10-24_18:18:55.115978.avi_107.35733556747437.jpg con esta confidence:0.95119697
cara encontrada en: /var/www/html/reconocimientoFacial/proyecto_definitivo/admin/files/videos_registro_videos/1_otraprueba_23.avi
cara guardada en /0_2022-10-24_18:18:55.186076.avi_107.42743468284607.jpg con esta confidence:0.9444884
cara encontrada en: /var/www/html/reconocimientoFacial/proyecto_definitivo/admin/files/videos_registro_videos/1_otraprueba_23.avi
cara guardada en /0_2022-10-24_18:18:55.256277.avi_107.49763464927673.jpg con esta confidence:0.8021267
cara encontrada en: /var/www/html/reconocimientoFacial/proyecto_definitivo/admin/files/videos_registro_videos/1_otraprueba_23.avi
cara guardada en /0_2022-10-24_18:18:55.388189.avi_107.62954521179199.jpg con esta confidence:0.7755767
cara encontrada en: /var/www/html/reconocimientoFacial/proyecto_definitivo/admin/files/videos_registro_videos/1_otraprueba_23.avi
cara guardada en /0_2022-10-24_18:18:55.575346.avi_107.81670355796814.jpg con esta confidence:0.74951994
voy(23) leyendo el video..
tenemos(23) frame k lo guardo ..
voy(23) leyendo el video..
tenemos(23) frame k lo guardo ..
cara encontrada en: /var/www/html/reconocimientoFacial/proyecto_definitivo/admin/files/videos_registro_videos/1_otraprueba_23.avi
cara guardada en /0_2022-10-24_18:18:58.392493.avi_110.63385009765625.jpg con esta confidence:0.9537445
cara encontrada en: /var/www/html/reconocimientoFacial/proyecto_definitivo/admin/files/videos_registro_videos/1_otraprueba_23.avi
cara guardada en /0_2022-10-24_18:18:58.440921.avi_110.68227910995483.jpg con esta confidence:0.9333477
cara encontrada en: /var/www/html/reconocimientoFacial/proyecto_definitivo/admin/files/videos_registro_videos/1_otraprueba_23.avi
cara guardada en /0_2022-10-24_18:18:58.526527.avi_110.7678849697113.jpg con esta confidence:0.8571619
cara encontrada en: /var/www/html/reconocimientoFacial/proyecto_definitivo/admin/files/videos_registro_videos/1_otraprueba_23.avi
cara guardada en /0_2022-10-24_18:18:58.589655.avi_110.83101272583008.jpg con esta confidence:0.79813695
cara encontrada en: /var/www/html/reconocimientoFacial/proyecto_definitivo/admin/files/videos_registro_videos/1_otraprueba_23.avi
cara guardada en /0_2022-10-24_18:18:58.697507.avi_110.93886423110962.jpg con esta confidence:0.7527571
voy(23) leyendo el video..
tenemos(23) frame k lo guardo ..
voy(23) leyendo el video..
tenemos(23) frame k lo guardo ..
cara encontrada en: /var/www/html/reconocimientoFacial/proyecto_definitivo/admin/files/videos_registro_videos/1_otraprueba_23.avi
cara guardada en /0_2022-10-24_18:19:01.083225.avi_113.32458162307739.jpg con esta confidence:0.9626354
cara encontrada en: /var/www/html/reconocimientoFacial/proyecto_definitivo/admin/files/videos_registro_videos/1_otraprueba_23.avi
cara guardada en /0_2022-10-24_18:19:01.240099.avi_113.4814567565918.jpg con esta confidence:0.9441711
cara encontrada en: /var/www/html/reconocimientoFacial/proyecto_definitivo/admin/files/videos_registro_videos/1_otraprueba_23.avi
cara guardada en /0_2022-10-24_18:19:01.262505.avi_113.50386309623718.jpg con esta confidence:0.87299836
cara encontrada en: /var/www/html/reconocimientoFacial/proyecto_definitivo/admin/files/videos_registro_videos/1_otraprueba_23.avi
cara guardada en /0_2022-10-24_18:19:01.279957.avi_113.5213143825531.jpg con esta confidence:0.813746
cara encontrada en: /var/www/html/reconocimientoFacial/proyecto_definitivo/admin/files/videos_registro_videos/1_otraprueba_23.avi
cara guardada en /0_2022-10-24_18:19:01.339364.avi_113.58072137832642.jpg con esta confidence:0.7604171
voy(23) leyendo el video..
tenemos(23) frame k lo guardo ..
voy(23) leyendo el video..
Llego al final y remuevo el video!
Tiempo de analizar el video:114.30003952980042
