tenemos este video:/var/www/html/reconocimientoFacial/proyecto_definitivo/admin/files/videos_registro_videos/1_otraprueba_17.avi
voy(17) leyendo el video..
tenemos(17) frame k lo guardo ..
voy(17) leyendo el video..
tenemos(17) frame k lo guardo ..
cara encontrada en: /var/www/html/reconocimientoFacial/proyecto_definitivo/admin/files/videos_registro_videos/1_otraprueba_17.avi
cara guardada en /0_2022-10-24_18:17:10.304445.avi_2.544674873352051.jpg con esta confidence:0.9917983
cara encontrada en: /var/www/html/reconocimientoFacial/proyecto_definitivo/admin/files/videos_registro_videos/1_otraprueba_17.avi
cara guardada en /0_2022-10-24_18:17:10.491059.avi_2.7312891483306885.jpg con esta confidence:0.97706634
cara encontrada en: /var/www/html/reconocimientoFacial/proyecto_definitivo/admin/files/videos_registro_videos/1_otraprueba_17.avi
cara guardada en /0_2022-10-24_18:17:10.609816.avi_2.8500466346740723.jpg con esta confidence:0.90503705
voy(17) leyendo el video..
tenemos(17) frame k lo guardo ..
voy(17) leyendo el video..
tenemos(17) frame k lo guardo ..
cara encontrada en: /var/www/html/reconocimientoFacial/proyecto_definitivo/admin/files/videos_registro_videos/1_otraprueba_17.avi
cara guardada en /0_2022-10-24_18:17:11.718178.avi_3.9584085941314697.jpg con esta confidence:0.98768175
cara encontrada en: /var/www/html/reconocimientoFacial/proyecto_definitivo/admin/files/videos_registro_videos/1_otraprueba_17.avi
cara guardada en /0_2022-10-24_18:17:11.767397.avi_4.007629156112671.jpg con esta confidence:0.9686076
cara encontrada en: /var/www/html/reconocimientoFacial/proyecto_definitivo/admin/files/videos_registro_videos/1_otraprueba_17.avi
cara guardada en /0_2022-10-24_18:17:11.812352.avi_4.052582502365112.jpg con esta confidence:0.88865995
voy(17) leyendo el video..
tenemos(17) frame k lo guardo ..
voy(17) leyendo el video..
tenemos(17) frame k lo guardo ..
cara encontrada en: /var/www/html/reconocimientoFacial/proyecto_definitivo/admin/files/videos_registro_videos/1_otraprueba_17.avi
cara guardada en /0_2022-10-24_18:17:14.802638.avi_7.042865037918091.jpg con esta confidence:0.961254
cara encontrada en: /var/www/html/reconocimientoFacial/proyecto_definitivo/admin/files/videos_registro_videos/1_otraprueba_17.avi
cara guardada en /0_2022-10-24_18:17:14.979924.avi_7.220155477523804.jpg con esta confidence:0.94342405
cara encontrada en: /var/www/html/reconocimientoFacial/proyecto_definitivo/admin/files/videos_registro_videos/1_otraprueba_17.avi
cara guardada en /0_2022-10-24_18:17:15.098912.avi_7.3391432762146.jpg con esta confidence:0.8512751
cara encontrada en: /var/www/html/reconocimientoFacial/proyecto_definitivo/admin/files/videos_registro_videos/1_otraprueba_17.avi
cara guardada en /0_2022-10-24_18:17:15.253399.avi_7.493630647659302.jpg con esta confidence:0.70848274
voy(17) leyendo el video..
tenemos(17) frame k lo guardo ..
voy(17) leyendo el video..
tenemos(17) frame k lo guardo ..
cara encontrada en: /var/www/html/reconocimientoFacial/proyecto_definitivo/admin/files/videos_registro_videos/1_otraprueba_17.avi
cara guardada en /0_2022-10-24_18:17:18.352762.avi_10.592992305755615.jpg con esta confidence:0.9536345
cara encontrada en: /var/www/html/reconocimientoFacial/proyecto_definitivo/admin/files/videos_registro_videos/1_otraprueba_17.avi
cara guardada en /0_2022-10-24_18:17:18.471889.avi_10.712120771408081.jpg con esta confidence:0.9321927
cara encontrada en: /var/www/html/reconocimientoFacial/proyecto_definitivo/admin/files/videos_registro_videos/1_otraprueba_17.avi
cara guardada en /0_2022-10-24_18:17:18.667049.avi_10.907280921936035.jpg con esta confidence:0.82655895
cara encontrada en: /var/www/html/reconocimientoFacial/proyecto_definitivo/admin/files/videos_registro_videos/1_otraprueba_17.avi
cara guardada en /0_2022-10-24_18:17:18.817335.avi_11.057567358016968.jpg con esta confidence:0.6918732
voy(17) leyendo el video..
tenemos(17) frame k lo guardo ..
voy(17) leyendo el video..
tenemos(17) frame k lo guardo ..
cara encontrada en: /var/www/html/reconocimientoFacial/proyecto_definitivo/admin/files/videos_registro_videos/1_otraprueba_17.avi
cara guardada en /0_2022-10-24_18:17:21.886178.avi_14.126409769058228.jpg con esta confidence:0.96731377
cara encontrada en: /var/www/html/reconocimientoFacial/proyecto_definitivo/admin/files/videos_registro_videos/1_otraprueba_17.avi
cara guardada en /0_2022-10-24_18:17:22.065971.avi_14.306201934814453.jpg con esta confidence:0.94311714
cara encontrada en: /var/www/html/reconocimientoFacial/proyecto_definitivo/admin/files/videos_registro_videos/1_otraprueba_17.avi
cara guardada en /0_2022-10-24_18:17:22.386253.avi_14.626485347747803.jpg con esta confidence:0.8520141
cara encontrada en: /var/www/html/reconocimientoFacial/proyecto_definitivo/admin/files/videos_registro_videos/1_otraprueba_17.avi
cara guardada en /0_2022-10-24_18:17:22.550750.avi_14.790981769561768.jpg con esta confidence:0.6883914
voy(17) leyendo el video..
tenemos(17) frame k lo guardo ..
voy(17) leyendo el video..
tenemos(17) frame k lo guardo ..
cara encontrada en: /var/www/html/reconocimientoFacial/proyecto_definitivo/admin/files/videos_registro_videos/1_otraprueba_17.avi
cara guardada en /0_2022-10-24_18:17:25.184543.avi_17.42477321624756.jpg con esta confidence:0.9819203
cara encontrada en: /var/www/html/reconocimientoFacial/proyecto_definitivo/admin/files/videos_registro_videos/1_otraprueba_17.avi
cara guardada en /0_2022-10-24_18:17:25.366048.avi_17.606280088424683.jpg con esta confidence:0.96323216
cara encontrada en: /var/www/html/reconocimientoFacial/proyecto_definitivo/admin/files/videos_registro_videos/1_otraprueba_17.avi
cara guardada en /0_2022-10-24_18:17:25.558338.avi_17.798568725585938.jpg con esta confidence:0.8945214
cara encontrada en: /var/www/html/reconocimientoFacial/proyecto_definitivo/admin/files/videos_registro_videos/1_otraprueba_17.avi
cara guardada en /0_2022-10-24_18:17:25.817535.avi_18.057766437530518.jpg con esta confidence:0.689758
voy(17) leyendo el video..
tenemos(17) frame k lo guardo ..
voy(17) leyendo el video..
tenemos(17) frame k lo guardo ..
cara encontrada en: /var/www/html/reconocimientoFacial/proyecto_definitivo/admin/files/videos_registro_videos/1_otraprueba_17.avi
cara guardada en /0_2022-10-24_18:17:28.950871.avi_21.191102504730225.jpg con esta confidence:0.9809396
cara encontrada en: /var/www/html/reconocimientoFacial/proyecto_definitivo/admin/files/videos_registro_videos/1_otraprueba_17.avi
cara guardada en /0_2022-10-24_18:17:29.100631.avi_21.3408625125885.jpg con esta confidence:0.9621381
cara encontrada en: /var/www/html/reconocimientoFacial/proyecto_definitivo/admin/files/videos_registro_videos/1_otraprueba_17.avi
cara guardada en /0_2022-10-24_18:17:29.212220.avi_21.452451705932617.jpg con esta confidence:0.89860415
cara encontrada en: /var/www/html/reconocimientoFacial/proyecto_definitivo/admin/files/videos_registro_videos/1_otraprueba_17.avi
cara guardada en /0_2022-10-24_18:17:29.442746.avi_21.68297839164734.jpg con esta confidence:0.6953341
voy(17) leyendo el video..
tenemos(17) frame k lo guardo ..
voy(17) leyendo el video..
tenemos(17) frame k lo guardo ..
cara encontrada en: /var/www/html/reconocimientoFacial/proyecto_definitivo/admin/files/videos_registro_videos/1_otraprueba_17.avi
cara guardada en /0_2022-10-24_18:17:32.246305.avi_24.486536264419556.jpg con esta confidence:0.9833905
cara encontrada en: /var/www/html/reconocimientoFacial/proyecto_definitivo/admin/files/videos_registro_videos/1_otraprueba_17.avi
cara guardada en /0_2022-10-24_18:17:32.522484.avi_24.762716054916382.jpg con esta confidence:0.96461004
cara encontrada en: /var/www/html/reconocimientoFacial/proyecto_definitivo/admin/files/videos_registro_videos/1_otraprueba_17.avi
cara guardada en /0_2022-10-24_18:17:32.663338.avi_24.90356945991516.jpg con esta confidence:0.89891565
cara encontrada en: /var/www/html/reconocimientoFacial/proyecto_definitivo/admin/files/videos_registro_videos/1_otraprueba_17.avi
cara guardada en /0_2022-10-24_18:17:32.802777.avi_25.043009757995605.jpg con esta confidence:0.7480563
voy(17) leyendo el video..
tenemos(17) frame k lo guardo ..
voy(17) leyendo el video..
tenemos(17) frame k lo guardo ..
cara encontrada en: /var/www/html/reconocimientoFacial/proyecto_definitivo/admin/files/videos_registro_videos/1_otraprueba_17.avi
cara guardada en /0_2022-10-24_18:17:36.192572.avi_28.4328031539917.jpg con esta confidence:0.97033024
cara encontrada en: /var/www/html/reconocimientoFacial/proyecto_definitivo/admin/files/videos_registro_videos/1_otraprueba_17.avi
cara guardada en /0_2022-10-24_18:17:36.433566.avi_28.673798322677612.jpg con esta confidence:0.95093215
cara encontrada en: /var/www/html/reconocimientoFacial/proyecto_definitivo/admin/files/videos_registro_videos/1_otraprueba_17.avi
cara guardada en /0_2022-10-24_18:17:36.633022.avi_28.87325406074524.jpg con esta confidence:0.8789727
cara encontrada en: /var/www/html/reconocimientoFacial/proyecto_definitivo/admin/files/videos_registro_videos/1_otraprueba_17.avi
cara guardada en /0_2022-10-24_18:17:36.735344.avi_28.975576162338257.jpg con esta confidence:0.743779
voy(17) leyendo el video..
tenemos(17) frame k lo guardo ..
voy(17) leyendo el video..
tenemos(17) frame k lo guardo ..
cara encontrada en: /var/www/html/reconocimientoFacial/proyecto_definitivo/admin/files/videos_registro_videos/1_otraprueba_17.avi
cara guardada en /0_2022-10-24_18:17:38.768686.avi_31.008914947509766.jpg con esta confidence:0.9704982
cara encontrada en: /var/www/html/reconocimientoFacial/proyecto_definitivo/admin/files/videos_registro_videos/1_otraprueba_17.avi
cara guardada en /0_2022-10-24_18:17:38.856720.avi_31.09695053100586.jpg con esta confidence:0.9484625
cara encontrada en: /var/www/html/reconocimientoFacial/proyecto_definitivo/admin/files/videos_registro_videos/1_otraprueba_17.avi
cara guardada en /0_2022-10-24_18:17:38.986051.avi_31.226282119750977.jpg con esta confidence:0.87423426
cara encontrada en: /var/www/html/reconocimientoFacial/proyecto_definitivo/admin/files/videos_registro_videos/1_otraprueba_17.avi
cara guardada en /0_2022-10-24_18:17:39.109488.avi_31.34971857070923.jpg con esta confidence:0.73775434
voy(17) leyendo el video..
tenemos(17) frame k lo guardo ..
voy(17) leyendo el video..
tenemos(17) frame k lo guardo ..
cara encontrada en: /var/www/html/reconocimientoFacial/proyecto_definitivo/admin/files/videos_registro_videos/1_otraprueba_17.avi
cara guardada en /0_2022-10-24_18:17:41.841749.avi_34.08198142051697.jpg con esta confidence:0.97218746
cara encontrada en: /var/www/html/reconocimientoFacial/proyecto_definitivo/admin/files/videos_registro_videos/1_otraprueba_17.avi
cara guardada en /0_2022-10-24_18:17:42.003332.avi_34.243563413619995.jpg con esta confidence:0.9552824
cara encontrada en: /var/www/html/reconocimientoFacial/proyecto_definitivo/admin/files/videos_registro_videos/1_otraprueba_17.avi
cara guardada en /0_2022-10-24_18:17:42.184847.avi_34.425079107284546.jpg con esta confidence:0.8886497
cara encontrada en: /var/www/html/reconocimientoFacial/proyecto_definitivo/admin/files/videos_registro_videos/1_otraprueba_17.avi
cara guardada en /0_2022-10-24_18:17:42.334520.avi_34.57475137710571.jpg con esta confidence:0.73000485
voy(17) leyendo el video..
tenemos(17) frame k lo guardo ..
voy(17) leyendo el video..
tenemos(17) frame k lo guardo ..
cara encontrada en: /var/www/html/reconocimientoFacial/proyecto_definitivo/admin/files/videos_registro_videos/1_otraprueba_17.avi
cara guardada en /0_2022-10-24_18:17:45.737239.avi_37.97746920585632.jpg con esta confidence:0.9626077
cara encontrada en: /var/www/html/reconocimientoFacial/proyecto_definitivo/admin/files/videos_registro_videos/1_otraprueba_17.avi
cara guardada en /0_2022-10-24_18:17:45.779488.avi_38.01971983909607.jpg con esta confidence:0.9498885
cara encontrada en: /var/www/html/reconocimientoFacial/proyecto_definitivo/admin/files/videos_registro_videos/1_otraprueba_17.avi
cara guardada en /0_2022-10-24_18:17:45.867666.avi_38.107897996902466.jpg con esta confidence:0.8820422
cara encontrada en: /var/www/html/reconocimientoFacial/proyecto_definitivo/admin/files/videos_registro_videos/1_otraprueba_17.avi
cara guardada en /0_2022-10-24_18:17:45.955098.avi_38.19533038139343.jpg con esta confidence:0.72341627
voy(17) leyendo el video..
tenemos(17) frame k lo guardo ..
voy(17) leyendo el video..
tenemos(17) frame k lo guardo ..
cara encontrada en: /var/www/html/reconocimientoFacial/proyecto_definitivo/admin/files/videos_registro_videos/1_otraprueba_17.avi
cara guardada en /0_2022-10-24_18:17:48.860514.avi_41.1007444858551.jpg con esta confidence:0.9726433
cara encontrada en: /var/www/html/reconocimientoFacial/proyecto_definitivo/admin/files/videos_registro_videos/1_otraprueba_17.avi
cara guardada en /0_2022-10-24_18:17:48.999915.avi_41.24014711380005.jpg con esta confidence:0.958833
cara encontrada en: /var/www/html/reconocimientoFacial/proyecto_definitivo/admin/files/videos_registro_videos/1_otraprueba_17.avi
cara guardada en /0_2022-10-24_18:17:49.121369.avi_41.361599922180176.jpg con esta confidence:0.898076
cara encontrada en: /var/www/html/reconocimientoFacial/proyecto_definitivo/admin/files/videos_registro_videos/1_otraprueba_17.avi
cara guardada en /0_2022-10-24_18:17:49.383140.avi_41.623371839523315.jpg con esta confidence:0.75439084
voy(17) leyendo el video..
tenemos(17) frame k lo guardo ..
voy(17) leyendo el video..
tenemos(17) frame k lo guardo ..
cara encontrada en: /var/www/html/reconocimientoFacial/proyecto_definitivo/admin/files/videos_registro_videos/1_otraprueba_17.avi
cara guardada en /0_2022-10-24_18:17:51.630113.avi_43.87034463882446.jpg con esta confidence:0.9783725
cara encontrada en: /var/www/html/reconocimientoFacial/proyecto_definitivo/admin/files/videos_registro_videos/1_otraprueba_17.avi
cara guardada en /0_2022-10-24_18:17:52.009724.avi_44.249956369400024.jpg con esta confidence:0.9621424
cara encontrada en: /var/www/html/reconocimientoFacial/proyecto_definitivo/admin/files/videos_registro_videos/1_otraprueba_17.avi
cara guardada en /0_2022-10-24_18:17:52.308282.avi_44.5485143661499.jpg con esta confidence:0.9032391
cara encontrada en: /var/www/html/reconocimientoFacial/proyecto_definitivo/admin/files/videos_registro_videos/1_otraprueba_17.avi
cara guardada en /0_2022-10-24_18:17:52.474751.avi_44.71498250961304.jpg con esta confidence:0.74224603
voy(17) leyendo el video..
tenemos(17) frame k lo guardo ..
voy(17) leyendo el video..
tenemos(17) frame k lo guardo ..
cara encontrada en: /var/www/html/reconocimientoFacial/proyecto_definitivo/admin/files/videos_registro_videos/1_otraprueba_17.avi
cara guardada en /0_2022-10-24_18:17:55.193663.avi_47.433894634246826.jpg con esta confidence:0.981146
cara encontrada en: /var/www/html/reconocimientoFacial/proyecto_definitivo/admin/files/videos_registro_videos/1_otraprueba_17.avi
cara guardada en /0_2022-10-24_18:17:55.366481.avi_47.60671329498291.jpg con esta confidence:0.9621338
cara encontrada en: /var/www/html/reconocimientoFacial/proyecto_definitivo/admin/files/videos_registro_videos/1_otraprueba_17.avi
cara guardada en /0_2022-10-24_18:17:55.478990.avi_47.71922183036804.jpg con esta confidence:0.8999489
cara encontrada en: /var/www/html/reconocimientoFacial/proyecto_definitivo/admin/files/videos_registro_videos/1_otraprueba_17.avi
cara guardada en /0_2022-10-24_18:17:55.734267.avi_47.97449827194214.jpg con esta confidence:0.72314745
voy(17) leyendo el video..
tenemos(17) frame k lo guardo ..
voy(17) leyendo el video..
tenemos(17) frame k lo guardo ..
cara encontrada en: /var/www/html/reconocimientoFacial/proyecto_definitivo/admin/files/videos_registro_videos/1_otraprueba_17.avi
cara guardada en /0_2022-10-24_18:17:58.980090.avi_51.22032022476196.jpg con esta confidence:0.97931767
cara encontrada en: /var/www/html/reconocimientoFacial/proyecto_definitivo/admin/files/videos_registro_videos/1_otraprueba_17.avi
cara guardada en /0_2022-10-24_18:17:59.148664.avi_51.38889479637146.jpg con esta confidence:0.96187544
cara encontrada en: /var/www/html/reconocimientoFacial/proyecto_definitivo/admin/files/videos_registro_videos/1_otraprueba_17.avi
cara guardada en /0_2022-10-24_18:17:59.298505.avi_51.53873610496521.jpg con esta confidence:0.9059686
cara encontrada en: /var/www/html/reconocimientoFacial/proyecto_definitivo/admin/files/videos_registro_videos/1_otraprueba_17.avi
cara guardada en /0_2022-10-24_18:17:59.479515.avi_51.719746351242065.jpg con esta confidence:0.6882642
voy(17) leyendo el video..
tenemos(17) frame k lo guardo ..
voy(17) leyendo el video..
tenemos(17) frame k lo guardo ..
cara encontrada en: /var/www/html/reconocimientoFacial/proyecto_definitivo/admin/files/videos_registro_videos/1_otraprueba_17.avi
cara guardada en /0_2022-10-24_18:18:02.605032.avi_54.84526252746582.jpg con esta confidence:0.9785507
cara encontrada en: /var/www/html/reconocimientoFacial/proyecto_definitivo/admin/files/videos_registro_videos/1_otraprueba_17.avi
cara guardada en /0_2022-10-24_18:18:02.773700.avi_55.01393103599548.jpg con esta confidence:0.9590163
cara encontrada en: /var/www/html/reconocimientoFacial/proyecto_definitivo/admin/files/videos_registro_videos/1_otraprueba_17.avi
cara guardada en /0_2022-10-24_18:18:03.055633.avi_55.29586458206177.jpg con esta confidence:0.8962222
cara encontrada en: /var/www/html/reconocimientoFacial/proyecto_definitivo/admin/files/videos_registro_videos/1_otraprueba_17.avi
cara guardada en /0_2022-10-24_18:18:03.326471.avi_55.56670260429382.jpg con esta confidence:0.699188
voy(17) leyendo el video..
tenemos(17) frame k lo guardo ..
voy(17) leyendo el video..
tenemos(17) frame k lo guardo ..
cara encontrada en: /var/www/html/reconocimientoFacial/proyecto_definitivo/admin/files/videos_registro_videos/1_otraprueba_17.avi
cara guardada en /0_2022-10-24_18:18:06.774052.avi_59.014280796051025.jpg con esta confidence:0.9819078
cara encontrada en: /var/www/html/reconocimientoFacial/proyecto_definitivo/admin/files/videos_registro_videos/1_otraprueba_17.avi
cara guardada en /0_2022-10-24_18:18:06.906028.avi_59.14625906944275.jpg con esta confidence:0.9632999
cara encontrada en: /var/www/html/reconocimientoFacial/proyecto_definitivo/admin/files/videos_registro_videos/1_otraprueba_17.avi
cara guardada en /0_2022-10-24_18:18:06.995908.avi_59.23613977432251.jpg con esta confidence:0.89700955
cara encontrada en: /var/www/html/reconocimientoFacial/proyecto_definitivo/admin/files/videos_registro_videos/1_otraprueba_17.avi
cara guardada en /0_2022-10-24_18:18:07.310890.avi_59.55112147331238.jpg con esta confidence:0.73590195
voy(17) leyendo el video..
tenemos(17) frame k lo guardo ..
voy(17) leyendo el video..
tenemos(17) frame k lo guardo ..
cara encontrada en: /var/www/html/reconocimientoFacial/proyecto_definitivo/admin/files/videos_registro_videos/1_otraprueba_17.avi
cara guardada en /0_2022-10-24_18:18:10.308969.avi_62.54920053482056.jpg con esta confidence:0.9743309
cara encontrada en: /var/www/html/reconocimientoFacial/proyecto_definitivo/admin/files/videos_registro_videos/1_otraprueba_17.avi
cara guardada en /0_2022-10-24_18:18:10.500769.avi_62.74100160598755.jpg con esta confidence:0.9517205
cara encontrada en: /var/www/html/reconocimientoFacial/proyecto_definitivo/admin/files/videos_registro_videos/1_otraprueba_17.avi
cara guardada en /0_2022-10-24_18:18:10.883063.avi_63.12329411506653.jpg con esta confidence:0.8744083
cara encontrada en: /var/www/html/reconocimientoFacial/proyecto_definitivo/admin/files/videos_registro_videos/1_otraprueba_17.avi
cara guardada en /0_2022-10-24_18:18:10.963349.avi_63.20358061790466.jpg con esta confidence:0.7336614
voy(17) leyendo el video..
tenemos(17) frame k lo guardo ..
voy(17) leyendo el video..
tenemos(17) frame k lo guardo ..
cara encontrada en: /var/www/html/reconocimientoFacial/proyecto_definitivo/admin/files/videos_registro_videos/1_otraprueba_17.avi
cara guardada en /0_2022-10-24_18:18:14.167101.avi_66.40733289718628.jpg con esta confidence:0.97813326
cara encontrada en: /var/www/html/reconocimientoFacial/proyecto_definitivo/admin/files/videos_registro_videos/1_otraprueba_17.avi
cara guardada en /0_2022-10-24_18:18:14.441155.avi_66.68138718605042.jpg con esta confidence:0.96018696
cara encontrada en: /var/www/html/reconocimientoFacial/proyecto_definitivo/admin/files/videos_registro_videos/1_otraprueba_17.avi
cara guardada en /0_2022-10-24_18:18:14.591340.avi_66.83157253265381.jpg con esta confidence:0.8960279
cara encontrada en: /var/www/html/reconocimientoFacial/proyecto_definitivo/admin/files/videos_registro_videos/1_otraprueba_17.avi
cara guardada en /0_2022-10-24_18:18:14.777457.avi_67.01768851280212.jpg con esta confidence:0.75312334
voy(17) leyendo el video..
tenemos(17) frame k lo guardo ..
voy(17) leyendo el video..
tenemos(17) frame k lo guardo ..
cara encontrada en: /var/www/html/reconocimientoFacial/proyecto_definitivo/admin/files/videos_registro_videos/1_otraprueba_17.avi
cara guardada en /0_2022-10-24_18:18:18.236803.avi_70.47703266143799.jpg con esta confidence:0.98262835
cara encontrada en: /var/www/html/reconocimientoFacial/proyecto_definitivo/admin/files/videos_registro_videos/1_otraprueba_17.avi
cara guardada en /0_2022-10-24_18:18:18.399026.avi_70.63925552368164.jpg con esta confidence:0.9655249
cara encontrada en: /var/www/html/reconocimientoFacial/proyecto_definitivo/admin/files/videos_registro_videos/1_otraprueba_17.avi
cara guardada en /0_2022-10-24_18:18:18.522440.avi_70.76267051696777.jpg con esta confidence:0.9099068
cara encontrada en: /var/www/html/reconocimientoFacial/proyecto_definitivo/admin/files/videos_registro_videos/1_otraprueba_17.avi
cara guardada en /0_2022-10-24_18:18:18.760853.avi_71.00108575820923.jpg con esta confidence:0.69588196
voy(17) leyendo el video..
tenemos(17) frame k lo guardo ..
voy(17) leyendo el video..
tenemos(17) frame k lo guardo ..
cara encontrada en: /var/www/html/reconocimientoFacial/proyecto_definitivo/admin/files/videos_registro_videos/1_otraprueba_17.avi
cara guardada en /0_2022-10-24_18:18:20.848454.avi_73.08868336677551.jpg con esta confidence:0.97989744
cara encontrada en: /var/www/html/reconocimientoFacial/proyecto_definitivo/admin/files/videos_registro_videos/1_otraprueba_17.avi
cara guardada en /0_2022-10-24_18:18:21.054412.avi_73.29464483261108.jpg con esta confidence:0.9605951
cara encontrada en: /var/www/html/reconocimientoFacial/proyecto_definitivo/admin/files/videos_registro_videos/1_otraprueba_17.avi
cara guardada en /0_2022-10-24_18:18:21.101297.avi_73.34152817726135.jpg con esta confidence:0.9140437
cara encontrada en: /var/www/html/reconocimientoFacial/proyecto_definitivo/admin/files/videos_registro_videos/1_otraprueba_17.avi
cara guardada en /0_2022-10-24_18:18:21.161748.avi_73.40197896957397.jpg con esta confidence:0.7151087
voy(17) leyendo el video..
tenemos(17) frame k lo guardo ..
voy(17) leyendo el video..
tenemos(17) frame k lo guardo ..
cara encontrada en: /var/www/html/reconocimientoFacial/proyecto_definitivo/admin/files/videos_registro_videos/1_otraprueba_17.avi
cara guardada en /0_2022-10-24_18:18:24.410284.avi_76.65051603317261.jpg con esta confidence:0.983959
cara encontrada en: /var/www/html/reconocimientoFacial/proyecto_definitivo/admin/files/videos_registro_videos/1_otraprueba_17.avi
cara guardada en /0_2022-10-24_18:18:24.555597.avi_76.79582858085632.jpg con esta confidence:0.965822
cara encontrada en: /var/www/html/reconocimientoFacial/proyecto_definitivo/admin/files/videos_registro_videos/1_otraprueba_17.avi
cara guardada en /0_2022-10-24_18:18:24.756223.avi_76.99645447731018.jpg con esta confidence:0.9119513
cara encontrada en: /var/www/html/reconocimientoFacial/proyecto_definitivo/admin/files/videos_registro_videos/1_otraprueba_17.avi
cara guardada en /0_2022-10-24_18:18:24.905815.avi_77.14604687690735.jpg con esta confidence:0.72600263
voy(17) leyendo el video..
tenemos(17) frame k lo guardo ..
voy(17) leyendo el video..
tenemos(17) frame k lo guardo ..
cara encontrada en: /var/www/html/reconocimientoFacial/proyecto_definitivo/admin/files/videos_registro_videos/1_otraprueba_17.avi
cara guardada en /0_2022-10-24_18:18:28.071048.avi_80.31127977371216.jpg con esta confidence:0.99152666
cara encontrada en: /var/www/html/reconocimientoFacial/proyecto_definitivo/admin/files/videos_registro_videos/1_otraprueba_17.avi
cara guardada en /0_2022-10-24_18:18:28.204377.avi_80.44460940361023.jpg con esta confidence:0.98743105
cara encontrada en: /var/www/html/reconocimientoFacial/proyecto_definitivo/admin/files/videos_registro_videos/1_otraprueba_17.avi
cara guardada en /0_2022-10-24_18:18:28.504964.avi_80.74519562721252.jpg con esta confidence:0.9744454
cara encontrada en: /var/www/html/reconocimientoFacial/proyecto_definitivo/admin/files/videos_registro_videos/1_otraprueba_17.avi
cara guardada en /0_2022-10-24_18:18:28.588164.avi_80.82839703559875.jpg con esta confidence:0.84833527
cara encontrada en: /var/www/html/reconocimientoFacial/proyecto_definitivo/admin/files/videos_registro_videos/1_otraprueba_17.avi
cara guardada en /0_2022-10-24_18:18:28.838561.avi_81.07879114151001.jpg con esta confidence:0.7380662
cara encontrada en: /var/www/html/reconocimientoFacial/proyecto_definitivo/admin/files/videos_registro_videos/1_otraprueba_17.avi
cara guardada en /0_2022-10-24_18:18:28.947820.avi_81.18804740905762.jpg con esta confidence:0.7126169
voy(17) leyendo el video..
tenemos(17) frame k lo guardo ..
voy(17) leyendo el video..
tenemos(17) frame k lo guardo ..
cara encontrada en: /var/www/html/reconocimientoFacial/proyecto_definitivo/admin/files/videos_registro_videos/1_otraprueba_17.avi
cara guardada en /0_2022-10-24_18:18:31.792312.avi_84.03254413604736.jpg con esta confidence:0.9975298
cara encontrada en: /var/www/html/reconocimientoFacial/proyecto_definitivo/admin/files/videos_registro_videos/1_otraprueba_17.avi
cara guardada en /0_2022-10-24_18:18:31.885057.avi_84.12528848648071.jpg con esta confidence:0.99373347
cara encontrada en: /var/www/html/reconocimientoFacial/proyecto_definitivo/admin/files/videos_registro_videos/1_otraprueba_17.avi
cara guardada en /0_2022-10-24_18:18:31.897852.avi_84.13808345794678.jpg con esta confidence:0.99333596
cara encontrada en: /var/www/html/reconocimientoFacial/proyecto_definitivo/admin/files/videos_registro_videos/1_otraprueba_17.avi
cara guardada en /0_2022-10-24_18:18:32.152558.avi_84.39278864860535.jpg con esta confidence:0.9865173
cara encontrada en: /var/www/html/reconocimientoFacial/proyecto_definitivo/admin/files/videos_registro_videos/1_otraprueba_17.avi
cara guardada en /0_2022-10-24_18:18:32.382170.avi_84.62240028381348.jpg con esta confidence:0.974428
cara encontrada en: /var/www/html/reconocimientoFacial/proyecto_definitivo/admin/files/videos_registro_videos/1_otraprueba_17.avi
cara guardada en /0_2022-10-24_18:18:32.714566.avi_84.95479822158813.jpg con esta confidence:0.75649524
cara encontrada en: /var/www/html/reconocimientoFacial/proyecto_definitivo/admin/files/videos_registro_videos/1_otraprueba_17.avi
cara guardada en /0_2022-10-24_18:18:33.051234.avi_85.29146647453308.jpg con esta confidence:0.6879095
voy(17) leyendo el video..
tenemos(17) frame k lo guardo ..
voy(17) leyendo el video..
tenemos(17) frame k lo guardo ..
cara encontrada en: /var/www/html/reconocimientoFacial/proyecto_definitivo/admin/files/videos_registro_videos/1_otraprueba_17.avi
cara guardada en /0_2022-10-24_18:18:36.576276.avi_88.8165078163147.jpg con esta confidence:0.99956673
cara encontrada en: /var/www/html/reconocimientoFacial/proyecto_definitivo/admin/files/videos_registro_videos/1_otraprueba_17.avi
cara guardada en /0_2022-10-24_18:18:36.727698.avi_88.96792960166931.jpg con esta confidence:0.9981111
cara encontrada en: /var/www/html/reconocimientoFacial/proyecto_definitivo/admin/files/videos_registro_videos/1_otraprueba_17.avi
cara guardada en /0_2022-10-24_18:18:36.920336.avi_89.16056799888611.jpg con esta confidence:0.9926866
cara encontrada en: /var/www/html/reconocimientoFacial/proyecto_definitivo/admin/files/videos_registro_videos/1_otraprueba_17.avi
cara guardada en /0_2022-10-24_18:18:37.131358.avi_89.37159037590027.jpg con esta confidence:0.987609
cara encontrada en: /var/www/html/reconocimientoFacial/proyecto_definitivo/admin/files/videos_registro_videos/1_otraprueba_17.avi
cara guardada en /0_2022-10-24_18:18:37.339426.avi_89.57965683937073.jpg con esta confidence:0.979673
cara encontrada en: /var/www/html/reconocimientoFacial/proyecto_definitivo/admin/files/videos_registro_videos/1_otraprueba_17.avi
cara guardada en /0_2022-10-24_18:18:37.547594.avi_89.78782367706299.jpg con esta confidence:0.9294738
cara encontrada en: /var/www/html/reconocimientoFacial/proyecto_definitivo/admin/files/videos_registro_videos/1_otraprueba_17.avi
cara guardada en /0_2022-10-24_18:18:37.743248.avi_89.98347973823547.jpg con esta confidence:0.9278048
cara encontrada en: /var/www/html/reconocimientoFacial/proyecto_definitivo/admin/files/videos_registro_videos/1_otraprueba_17.avi
cara guardada en /0_2022-10-24_18:18:37.961633.avi_90.20186519622803.jpg con esta confidence:0.80115294
voy(17) leyendo el video..
tenemos(17) frame k lo guardo ..
voy(17) leyendo el video..
tenemos(17) frame k lo guardo ..
cara encontrada en: /var/www/html/reconocimientoFacial/proyecto_definitivo/admin/files/videos_registro_videos/1_otraprueba_17.avi
cara guardada en /0_2022-10-24_18:18:41.368515.avi_93.6087429523468.jpg con esta confidence:0.9996997
cara encontrada en: /var/www/html/reconocimientoFacial/proyecto_definitivo/admin/files/videos_registro_videos/1_otraprueba_17.avi
cara guardada en /0_2022-10-24_18:18:41.534293.avi_93.7745246887207.jpg con esta confidence:0.99904376
cara encontrada en: /var/www/html/reconocimientoFacial/proyecto_definitivo/admin/files/videos_registro_videos/1_otraprueba_17.avi
cara guardada en /0_2022-10-24_18:18:41.687162.avi_93.92739343643188.jpg con esta confidence:0.98885673
cara encontrada en: /var/www/html/reconocimientoFacial/proyecto_definitivo/admin/files/videos_registro_videos/1_otraprueba_17.avi
cara guardada en /0_2022-10-24_18:18:41.881172.avi_94.12140345573425.jpg con esta confidence:0.9812019
cara encontrada en: /var/www/html/reconocimientoFacial/proyecto_definitivo/admin/files/videos_registro_videos/1_otraprueba_17.avi
cara guardada en /0_2022-10-24_18:18:42.028256.avi_94.26848840713501.jpg con esta confidence:0.98053485
cara encontrada en: /var/www/html/reconocimientoFacial/proyecto_definitivo/admin/files/videos_registro_videos/1_otraprueba_17.avi
cara guardada en /0_2022-10-24_18:18:42.459730.avi_94.69996190071106.jpg con esta confidence:0.9552699
cara encontrada en: /var/www/html/reconocimientoFacial/proyecto_definitivo/admin/files/videos_registro_videos/1_otraprueba_17.avi
cara guardada en /0_2022-10-24_18:18:42.784917.avi_95.02514958381653.jpg con esta confidence:0.9435788
cara encontrada en: /var/www/html/reconocimientoFacial/proyecto_definitivo/admin/files/videos_registro_videos/1_otraprueba_17.avi
cara guardada en /0_2022-10-24_18:18:42.798971.avi_95.03920245170593.jpg con esta confidence:0.93843895
voy(17) leyendo el video..
tenemos(17) frame k lo guardo ..
voy(17) leyendo el video..
tenemos(17) frame k lo guardo ..
cara encontrada en: /var/www/html/reconocimientoFacial/proyecto_definitivo/admin/files/videos_registro_videos/1_otraprueba_17.avi
cara guardada en /0_2022-10-24_18:18:45.559516.avi_97.79974555969238.jpg con esta confidence:0.9997894
cara encontrada en: /var/www/html/reconocimientoFacial/proyecto_definitivo/admin/files/videos_registro_videos/1_otraprueba_17.avi
cara guardada en /0_2022-10-24_18:18:45.680157.avi_97.9203884601593.jpg con esta confidence:0.99944335
cara encontrada en: /var/www/html/reconocimientoFacial/proyecto_definitivo/admin/files/videos_registro_videos/1_otraprueba_17.avi
cara guardada en /0_2022-10-24_18:18:46.029342.avi_98.26957321166992.jpg con esta confidence:0.9882356
cara encontrada en: /var/www/html/reconocimientoFacial/proyecto_definitivo/admin/files/videos_registro_videos/1_otraprueba_17.avi
cara guardada en /0_2022-10-24_18:18:46.225446.avi_98.46567797660828.jpg con esta confidence:0.9870984
cara encontrada en: /var/www/html/reconocimientoFacial/proyecto_definitivo/admin/files/videos_registro_videos/1_otraprueba_17.avi
cara guardada en /0_2022-10-24_18:18:46.460792.avi_98.70102095603943.jpg con esta confidence:0.9835207
cara encontrada en: /var/www/html/reconocimientoFacial/proyecto_definitivo/admin/files/videos_registro_videos/1_otraprueba_17.avi
cara guardada en /0_2022-10-24_18:18:46.648671.avi_98.88890194892883.jpg con esta confidence:0.97887087
cara encontrada en: /var/www/html/reconocimientoFacial/proyecto_definitivo/admin/files/videos_registro_videos/1_otraprueba_17.avi
cara guardada en /0_2022-10-24_18:18:46.908536.avi_99.14876770973206.jpg con esta confidence:0.95356286
cara encontrada en: /var/www/html/reconocimientoFacial/proyecto_definitivo/admin/files/videos_registro_videos/1_otraprueba_17.avi
cara guardada en /0_2022-10-24_18:18:47.157432.avi_99.39766335487366.jpg con esta confidence:0.95042294
cara encontrada en: /var/www/html/reconocimientoFacial/proyecto_definitivo/admin/files/videos_registro_videos/1_otraprueba_17.avi
cara guardada en /0_2022-10-24_18:18:47.263729.avi_99.50396060943604.jpg con esta confidence:0.74016994
voy(17) leyendo el video..
tenemos(17) frame k lo guardo ..
voy(17) leyendo el video..
Llego al final y remuevo el video!
Tiempo de analizar el video:100.36243295669556
