tenemos este video:/var/www/html/reconocimientoFacial/proyecto_definitivo/admin/files/videos_registro_videos/1_otraprueba_7.avi
voy(7) leyendo el video..
tenemos(7) frame k lo guardo ..
voy(7) leyendo el video..
tenemos(7) frame k lo guardo ..
cara encontrada en: /var/www/html/reconocimientoFacial/proyecto_definitivo/admin/files/videos_registro_videos/1_otraprueba_7.avi
cara guardada en /0_2022-10-24_18:17:00.080546.avi_1.2927262783050537.jpg con esta confidence:0.9999739
cara encontrada en: /var/www/html/reconocimientoFacial/proyecto_definitivo/admin/files/videos_registro_videos/1_otraprueba_7.avi
cara guardada en /0_2022-10-24_18:17:00.147228.avi_1.359412670135498.jpg con esta confidence:0.9988757
cara encontrada en: /var/www/html/reconocimientoFacial/proyecto_definitivo/admin/files/videos_registro_videos/1_otraprueba_7.avi
cara guardada en /0_2022-10-24_18:17:00.213197.avi_1.4253826141357422.jpg con esta confidence:0.99869686
cara encontrada en: /var/www/html/reconocimientoFacial/proyecto_definitivo/admin/files/videos_registro_videos/1_otraprueba_7.avi
cara guardada en /0_2022-10-24_18:17:00.281805.avi_1.493990421295166.jpg con esta confidence:0.9985398
cara encontrada en: /var/www/html/reconocimientoFacial/proyecto_definitivo/admin/files/videos_registro_videos/1_otraprueba_7.avi
cara guardada en /0_2022-10-24_18:17:00.342430.avi_1.5546143054962158.jpg con esta confidence:0.9982305
cara encontrada en: /var/www/html/reconocimientoFacial/proyecto_definitivo/admin/files/videos_registro_videos/1_otraprueba_7.avi
cara guardada en /0_2022-10-24_18:17:00.436933.avi_1.6491172313690186.jpg con esta confidence:0.9873016
cara encontrada en: /var/www/html/reconocimientoFacial/proyecto_definitivo/admin/files/videos_registro_videos/1_otraprueba_7.avi
cara guardada en /0_2022-10-24_18:17:00.552220.avi_1.7644047737121582.jpg con esta confidence:0.97109115
cara encontrada en: /var/www/html/reconocimientoFacial/proyecto_definitivo/admin/files/videos_registro_videos/1_otraprueba_7.avi
cara guardada en /0_2022-10-24_18:17:00.635408.avi_1.8475935459136963.jpg con esta confidence:0.96543145
cara encontrada en: /var/www/html/reconocimientoFacial/proyecto_definitivo/admin/files/videos_registro_videos/1_otraprueba_7.avi
cara guardada en /0_2022-10-24_18:17:00.715353.avi_1.9275381565093994.jpg con esta confidence:0.8502506
cara encontrada en: /var/www/html/reconocimientoFacial/proyecto_definitivo/admin/files/videos_registro_videos/1_otraprueba_7.avi
cara guardada en /0_2022-10-24_18:17:00.794083.avi_2.0062687397003174.jpg con esta confidence:0.8149882
voy(7) leyendo el video..
tenemos(7) frame k lo guardo ..
voy(7) leyendo el video..
tenemos(7) frame k lo guardo ..
cara encontrada en: /var/www/html/reconocimientoFacial/proyecto_definitivo/admin/files/videos_registro_videos/1_otraprueba_7.avi
cara guardada en /0_2022-10-24_18:17:02.179527.avi_3.3917109966278076.jpg con esta confidence:0.9999819
cara encontrada en: /var/www/html/reconocimientoFacial/proyecto_definitivo/admin/files/videos_registro_videos/1_otraprueba_7.avi
cara guardada en /0_2022-10-24_18:17:02.278527.avi_3.4907114505767822.jpg con esta confidence:0.99923
cara encontrada en: /var/www/html/reconocimientoFacial/proyecto_definitivo/admin/files/videos_registro_videos/1_otraprueba_7.avi
cara guardada en /0_2022-10-24_18:17:02.323549.avi_3.535733222961426.jpg con esta confidence:0.99905473
cara encontrada en: /var/www/html/reconocimientoFacial/proyecto_definitivo/admin/files/videos_registro_videos/1_otraprueba_7.avi
cara guardada en /0_2022-10-24_18:17:02.410788.avi_3.6229679584503174.jpg con esta confidence:0.9985322
cara encontrada en: /var/www/html/reconocimientoFacial/proyecto_definitivo/admin/files/videos_registro_videos/1_otraprueba_7.avi
cara guardada en /0_2022-10-24_18:17:02.471419.avi_3.683603525161743.jpg con esta confidence:0.99829227
cara encontrada en: /var/www/html/reconocimientoFacial/proyecto_definitivo/admin/files/videos_registro_videos/1_otraprueba_7.avi
cara guardada en /0_2022-10-24_18:17:02.565339.avi_3.77752423286438.jpg con esta confidence:0.99212897
cara encontrada en: /var/www/html/reconocimientoFacial/proyecto_definitivo/admin/files/videos_registro_videos/1_otraprueba_7.avi
cara guardada en /0_2022-10-24_18:17:02.588125.avi_3.8003079891204834.jpg con esta confidence:0.97430676
cara encontrada en: /var/www/html/reconocimientoFacial/proyecto_definitivo/admin/files/videos_registro_videos/1_otraprueba_7.avi
cara guardada en /0_2022-10-24_18:17:02.663749.avi_3.875934600830078.jpg con esta confidence:0.9728171
cara encontrada en: /var/www/html/reconocimientoFacial/proyecto_definitivo/admin/files/videos_registro_videos/1_otraprueba_7.avi
cara guardada en /0_2022-10-24_18:17:02.764991.avi_3.977175235748291.jpg con esta confidence:0.90263754
cara encontrada en: /var/www/html/reconocimientoFacial/proyecto_definitivo/admin/files/videos_registro_videos/1_otraprueba_7.avi
cara guardada en /0_2022-10-24_18:17:02.832372.avi_4.0445568561553955.jpg con esta confidence:0.8513589
voy(7) leyendo el video..
tenemos(7) frame k lo guardo ..
voy(7) leyendo el video..
tenemos(7) frame k lo guardo ..
cara encontrada en: /var/www/html/reconocimientoFacial/proyecto_definitivo/admin/files/videos_registro_videos/1_otraprueba_7.avi
cara guardada en /0_2022-10-24_18:17:04.430945.avi_5.643128156661987.jpg con esta confidence:0.99998057
cara encontrada en: /var/www/html/reconocimientoFacial/proyecto_definitivo/admin/files/videos_registro_videos/1_otraprueba_7.avi
cara guardada en /0_2022-10-24_18:17:04.518168.avi_5.730353832244873.jpg con esta confidence:0.9992316
cara encontrada en: /var/www/html/reconocimientoFacial/proyecto_definitivo/admin/files/videos_registro_videos/1_otraprueba_7.avi
cara guardada en /0_2022-10-24_18:17:04.599615.avi_5.811800718307495.jpg con esta confidence:0.9991097
cara encontrada en: /var/www/html/reconocimientoFacial/proyecto_definitivo/admin/files/videos_registro_videos/1_otraprueba_7.avi
cara guardada en /0_2022-10-24_18:17:04.693127.avi_5.905312538146973.jpg con esta confidence:0.9983797
cara encontrada en: /var/www/html/reconocimientoFacial/proyecto_definitivo/admin/files/videos_registro_videos/1_otraprueba_7.avi
cara guardada en /0_2022-10-24_18:17:04.721905.avi_5.934089660644531.jpg con esta confidence:0.99826175
cara encontrada en: /var/www/html/reconocimientoFacial/proyecto_definitivo/admin/files/videos_registro_videos/1_otraprueba_7.avi
cara guardada en /0_2022-10-24_18:17:04.775879.avi_5.988064289093018.jpg con esta confidence:0.9908947
cara encontrada en: /var/www/html/reconocimientoFacial/proyecto_definitivo/admin/files/videos_registro_videos/1_otraprueba_7.avi
cara guardada en /0_2022-10-24_18:17:04.900902.avi_6.11308741569519.jpg con esta confidence:0.97662354
cara encontrada en: /var/www/html/reconocimientoFacial/proyecto_definitivo/admin/files/videos_registro_videos/1_otraprueba_7.avi
cara guardada en /0_2022-10-24_18:17:04.973864.avi_6.186048269271851.jpg con esta confidence:0.973243
cara encontrada en: /var/www/html/reconocimientoFacial/proyecto_definitivo/admin/files/videos_registro_videos/1_otraprueba_7.avi
cara guardada en /0_2022-10-24_18:17:05.139798.avi_6.351974248886108.jpg con esta confidence:0.8981297
cara encontrada en: /var/www/html/reconocimientoFacial/proyecto_definitivo/admin/files/videos_registro_videos/1_otraprueba_7.avi
cara guardada en /0_2022-10-24_18:17:05.262586.avi_6.474769830703735.jpg con esta confidence:0.8290047
voy(7) leyendo el video..
tenemos(7) frame k lo guardo ..
voy(7) leyendo el video..
tenemos(7) frame k lo guardo ..
cara encontrada en: /var/www/html/reconocimientoFacial/proyecto_definitivo/admin/files/videos_registro_videos/1_otraprueba_7.avi
cara guardada en /0_2022-10-24_18:17:06.779931.avi_7.992115259170532.jpg con esta confidence:0.99997854
cara encontrada en: /var/www/html/reconocimientoFacial/proyecto_definitivo/admin/files/videos_registro_videos/1_otraprueba_7.avi
cara guardada en /0_2022-10-24_18:17:07.263902.avi_8.476084232330322.jpg con esta confidence:0.9992447
cara encontrada en: /var/www/html/reconocimientoFacial/proyecto_definitivo/admin/files/videos_registro_videos/1_otraprueba_7.avi
cara guardada en /0_2022-10-24_18:17:07.330800.avi_8.542984962463379.jpg con esta confidence:0.99920255
cara encontrada en: /var/www/html/reconocimientoFacial/proyecto_definitivo/admin/files/videos_registro_videos/1_otraprueba_7.avi
cara guardada en /0_2022-10-24_18:17:07.408166.avi_8.62035083770752.jpg con esta confidence:0.9982607
cara encontrada en: /var/www/html/reconocimientoFacial/proyecto_definitivo/admin/files/videos_registro_videos/1_otraprueba_7.avi
cara guardada en /0_2022-10-24_18:17:07.471070.avi_8.683255434036255.jpg con esta confidence:0.9977932
cara encontrada en: /var/www/html/reconocimientoFacial/proyecto_definitivo/admin/files/videos_registro_videos/1_otraprueba_7.avi
cara guardada en /0_2022-10-24_18:17:07.536457.avi_8.748639345169067.jpg con esta confidence:0.98771286
cara encontrada en: /var/www/html/reconocimientoFacial/proyecto_definitivo/admin/files/videos_registro_videos/1_otraprueba_7.avi
cara guardada en /0_2022-10-24_18:17:07.575344.avi_8.78752851486206.jpg con esta confidence:0.9810395
cara encontrada en: /var/www/html/reconocimientoFacial/proyecto_definitivo/admin/files/videos_registro_videos/1_otraprueba_7.avi
cara guardada en /0_2022-10-24_18:17:07.682345.avi_8.894529819488525.jpg con esta confidence:0.9763748
cara encontrada en: /var/www/html/reconocimientoFacial/proyecto_definitivo/admin/files/videos_registro_videos/1_otraprueba_7.avi
cara guardada en /0_2022-10-24_18:17:07.784026.avi_8.996208429336548.jpg con esta confidence:0.8749865
cara encontrada en: /var/www/html/reconocimientoFacial/proyecto_definitivo/admin/files/videos_registro_videos/1_otraprueba_7.avi
cara guardada en /0_2022-10-24_18:17:07.856862.avi_9.069046974182129.jpg con esta confidence:0.79722244
voy(7) leyendo el video..
tenemos(7) frame k lo guardo ..
voy(7) leyendo el video..
tenemos(7) frame k lo guardo ..
cara encontrada en: /var/www/html/reconocimientoFacial/proyecto_definitivo/admin/files/videos_registro_videos/1_otraprueba_7.avi
cara guardada en /0_2022-10-24_18:17:10.216159.avi_11.428343296051025.jpg con esta confidence:0.99997807
cara encontrada en: /var/www/html/reconocimientoFacial/proyecto_definitivo/admin/files/videos_registro_videos/1_otraprueba_7.avi
cara guardada en /0_2022-10-24_18:17:10.347816.avi_11.560001134872437.jpg con esta confidence:0.99937564
cara encontrada en: /var/www/html/reconocimientoFacial/proyecto_definitivo/admin/files/videos_registro_videos/1_otraprueba_7.avi
cara guardada en /0_2022-10-24_18:17:10.552831.avi_11.765015125274658.jpg con esta confidence:0.99928194
cara encontrada en: /var/www/html/reconocimientoFacial/proyecto_definitivo/admin/files/videos_registro_videos/1_otraprueba_7.avi
cara guardada en /0_2022-10-24_18:17:10.658821.avi_11.871004104614258.jpg con esta confidence:0.99791914
cara encontrada en: /var/www/html/reconocimientoFacial/proyecto_definitivo/admin/files/videos_registro_videos/1_otraprueba_7.avi
cara guardada en /0_2022-10-24_18:17:10.776739.avi_11.98892331123352.jpg con esta confidence:0.99758923
cara encontrada en: /var/www/html/reconocimientoFacial/proyecto_definitivo/admin/files/videos_registro_videos/1_otraprueba_7.avi
cara guardada en /0_2022-10-24_18:17:11.326736.avi_12.538921117782593.jpg con esta confidence:0.98534924
cara encontrada en: /var/www/html/reconocimientoFacial/proyecto_definitivo/admin/files/videos_registro_videos/1_otraprueba_7.avi
cara guardada en /0_2022-10-24_18:17:11.683513.avi_12.895698547363281.jpg con esta confidence:0.9852123
cara encontrada en: /var/www/html/reconocimientoFacial/proyecto_definitivo/admin/files/videos_registro_videos/1_otraprueba_7.avi
cara guardada en /0_2022-10-24_18:17:11.713830.avi_12.92601466178894.jpg con esta confidence:0.9768312
cara encontrada en: /var/www/html/reconocimientoFacial/proyecto_definitivo/admin/files/videos_registro_videos/1_otraprueba_7.avi
cara guardada en /0_2022-10-24_18:17:11.800331.avi_13.012516021728516.jpg con esta confidence:0.86934686
cara encontrada en: /var/www/html/reconocimientoFacial/proyecto_definitivo/admin/files/videos_registro_videos/1_otraprueba_7.avi
cara guardada en /0_2022-10-24_18:17:11.889432.avi_13.101617574691772.jpg con esta confidence:0.75362897
voy(7) leyendo el video..
tenemos(7) frame k lo guardo ..
voy(7) leyendo el video..
tenemos(7) frame k lo guardo ..
cara encontrada en: /var/www/html/reconocimientoFacial/proyecto_definitivo/admin/files/videos_registro_videos/1_otraprueba_7.avi
cara guardada en /0_2022-10-24_18:17:14.425379.avi_15.637561321258545.jpg con esta confidence:0.99997616
cara encontrada en: /var/www/html/reconocimientoFacial/proyecto_definitivo/admin/files/videos_registro_videos/1_otraprueba_7.avi
cara guardada en /0_2022-10-24_18:17:14.518078.avi_15.730263471603394.jpg con esta confidence:0.99936765
cara encontrada en: /var/www/html/reconocimientoFacial/proyecto_definitivo/admin/files/videos_registro_videos/1_otraprueba_7.avi
cara guardada en /0_2022-10-24_18:17:14.813083.avi_16.025264739990234.jpg con esta confidence:0.99925
cara encontrada en: /var/www/html/reconocimientoFacial/proyecto_definitivo/admin/files/videos_registro_videos/1_otraprueba_7.avi
cara guardada en /0_2022-10-24_18:17:14.940563.avi_16.152748346328735.jpg con esta confidence:0.997701
cara encontrada en: /var/www/html/reconocimientoFacial/proyecto_definitivo/admin/files/videos_registro_videos/1_otraprueba_7.avi
cara guardada en /0_2022-10-24_18:17:15.027947.avi_16.240131378173828.jpg con esta confidence:0.9976427
cara encontrada en: /var/www/html/reconocimientoFacial/proyecto_definitivo/admin/files/videos_registro_videos/1_otraprueba_7.avi
cara guardada en /0_2022-10-24_18:17:15.126105.avi_16.3382887840271.jpg con esta confidence:0.9852867
cara encontrada en: /var/www/html/reconocimientoFacial/proyecto_definitivo/admin/files/videos_registro_videos/1_otraprueba_7.avi
cara guardada en /0_2022-10-24_18:17:15.233570.avi_16.44575595855713.jpg con esta confidence:0.9826984
cara encontrada en: /var/www/html/reconocimientoFacial/proyecto_definitivo/admin/files/videos_registro_videos/1_otraprueba_7.avi
cara guardada en /0_2022-10-24_18:17:15.332292.avi_16.54447650909424.jpg con esta confidence:0.97659665
cara encontrada en: /var/www/html/reconocimientoFacial/proyecto_definitivo/admin/files/videos_registro_videos/1_otraprueba_7.avi
cara guardada en /0_2022-10-24_18:17:15.469473.avi_16.68165898323059.jpg con esta confidence:0.85913724
cara encontrada en: /var/www/html/reconocimientoFacial/proyecto_definitivo/admin/files/videos_registro_videos/1_otraprueba_7.avi
cara guardada en /0_2022-10-24_18:17:15.645266.avi_16.85745072364807.jpg con esta confidence:0.7194909
voy(7) leyendo el video..
tenemos(7) frame k lo guardo ..
voy(7) leyendo el video..
tenemos(7) frame k lo guardo ..
cara encontrada en: /var/www/html/reconocimientoFacial/proyecto_definitivo/admin/files/videos_registro_videos/1_otraprueba_7.avi
cara guardada en /0_2022-10-24_18:17:18.472141.avi_19.684326887130737.jpg con esta confidence:0.9999753
cara encontrada en: /var/www/html/reconocimientoFacial/proyecto_definitivo/admin/files/videos_registro_videos/1_otraprueba_7.avi
cara guardada en /0_2022-10-24_18:17:18.733294.avi_19.945478916168213.jpg con esta confidence:0.99930525
cara encontrada en: /var/www/html/reconocimientoFacial/proyecto_definitivo/admin/files/videos_registro_videos/1_otraprueba_7.avi
cara guardada en /0_2022-10-24_18:17:19.219379.avi_20.43156385421753.jpg con esta confidence:0.9992768
cara encontrada en: /var/www/html/reconocimientoFacial/proyecto_definitivo/admin/files/videos_registro_videos/1_otraprueba_7.avi
cara guardada en /0_2022-10-24_18:17:19.272145.avi_20.48432993888855.jpg con esta confidence:0.99764097
cara encontrada en: /var/www/html/reconocimientoFacial/proyecto_definitivo/admin/files/videos_registro_videos/1_otraprueba_7.avi
cara guardada en /0_2022-10-24_18:17:19.373405.avi_20.58558988571167.jpg con esta confidence:0.9974974
cara encontrada en: /var/www/html/reconocimientoFacial/proyecto_definitivo/admin/files/videos_registro_videos/1_otraprueba_7.avi
cara guardada en /0_2022-10-24_18:17:19.524109.avi_20.736294269561768.jpg con esta confidence:0.98507047
cara encontrada en: /var/www/html/reconocimientoFacial/proyecto_definitivo/admin/files/videos_registro_videos/1_otraprueba_7.avi
cara guardada en /0_2022-10-24_18:17:19.656143.avi_20.86832904815674.jpg con esta confidence:0.98359424
cara encontrada en: /var/www/html/reconocimientoFacial/proyecto_definitivo/admin/files/videos_registro_videos/1_otraprueba_7.avi
cara guardada en /0_2022-10-24_18:17:19.757653.avi_20.96983814239502.jpg con esta confidence:0.97311336
cara encontrada en: /var/www/html/reconocimientoFacial/proyecto_definitivo/admin/files/videos_registro_videos/1_otraprueba_7.avi
cara guardada en /0_2022-10-24_18:17:19.856860.avi_21.069044828414917.jpg con esta confidence:0.8682958
cara encontrada en: /var/www/html/reconocimientoFacial/proyecto_definitivo/admin/files/videos_registro_videos/1_otraprueba_7.avi
cara guardada en /0_2022-10-24_18:17:19.992577.avi_21.204761743545532.jpg con esta confidence:0.72371227
voy(7) leyendo el video..
tenemos(7) frame k lo guardo ..
voy(7) leyendo el video..
tenemos(7) frame k lo guardo ..
cara encontrada en: /var/www/html/reconocimientoFacial/proyecto_definitivo/admin/files/videos_registro_videos/1_otraprueba_7.avi
cara guardada en /0_2022-10-24_18:17:23.468093.avi_24.680277824401855.jpg con esta confidence:0.9999752
cara encontrada en: /var/www/html/reconocimientoFacial/proyecto_definitivo/admin/files/videos_registro_videos/1_otraprueba_7.avi
cara guardada en /0_2022-10-24_18:17:23.683537.avi_24.895721912384033.jpg con esta confidence:0.99932337
cara encontrada en: /var/www/html/reconocimientoFacial/proyecto_definitivo/admin/files/videos_registro_videos/1_otraprueba_7.avi
cara guardada en /0_2022-10-24_18:17:23.853423.avi_25.065608263015747.jpg con esta confidence:0.99926716
cara encontrada en: /var/www/html/reconocimientoFacial/proyecto_definitivo/admin/files/videos_registro_videos/1_otraprueba_7.avi
cara guardada en /0_2022-10-24_18:17:24.006238.avi_25.21842360496521.jpg con esta confidence:0.99754024
cara encontrada en: /var/www/html/reconocimientoFacial/proyecto_definitivo/admin/files/videos_registro_videos/1_otraprueba_7.avi
cara guardada en /0_2022-10-24_18:17:24.137103.avi_25.349287033081055.jpg con esta confidence:0.9974159
cara encontrada en: /var/www/html/reconocimientoFacial/proyecto_definitivo/admin/files/videos_registro_videos/1_otraprueba_7.avi
cara guardada en /0_2022-10-24_18:17:24.173840.avi_25.386025190353394.jpg con esta confidence:0.9855304
cara encontrada en: /var/www/html/reconocimientoFacial/proyecto_definitivo/admin/files/videos_registro_videos/1_otraprueba_7.avi
cara guardada en /0_2022-10-24_18:17:24.327594.avi_25.539777755737305.jpg con esta confidence:0.98332834
cara encontrada en: /var/www/html/reconocimientoFacial/proyecto_definitivo/admin/files/videos_registro_videos/1_otraprueba_7.avi
cara guardada en /0_2022-10-24_18:17:24.435312.avi_25.64749789237976.jpg con esta confidence:0.973973
cara encontrada en: /var/www/html/reconocimientoFacial/proyecto_definitivo/admin/files/videos_registro_videos/1_otraprueba_7.avi
cara guardada en /0_2022-10-24_18:17:24.724138.avi_25.936322927474976.jpg con esta confidence:0.864201
cara encontrada en: /var/www/html/reconocimientoFacial/proyecto_definitivo/admin/files/videos_registro_videos/1_otraprueba_7.avi
cara guardada en /0_2022-10-24_18:17:24.871887.avi_26.084069967269897.jpg con esta confidence:0.7268936
voy(7) leyendo el video..
tenemos(7) frame k lo guardo ..
voy(7) leyendo el video..
tenemos(7) frame k lo guardo ..
cara encontrada en: /var/www/html/reconocimientoFacial/proyecto_definitivo/admin/files/videos_registro_videos/1_otraprueba_7.avi
cara guardada en /0_2022-10-24_18:17:28.207819.avi_29.42000389099121.jpg con esta confidence:0.9999752
cara encontrada en: /var/www/html/reconocimientoFacial/proyecto_definitivo/admin/files/videos_registro_videos/1_otraprueba_7.avi
cara guardada en /0_2022-10-24_18:17:28.359747.avi_29.571929454803467.jpg con esta confidence:0.99932075
cara encontrada en: /var/www/html/reconocimientoFacial/proyecto_definitivo/admin/files/videos_registro_videos/1_otraprueba_7.avi
cara guardada en /0_2022-10-24_18:17:28.507911.avi_29.72009515762329.jpg con esta confidence:0.9992823
cara encontrada en: /var/www/html/reconocimientoFacial/proyecto_definitivo/admin/files/videos_registro_videos/1_otraprueba_7.avi
cara guardada en /0_2022-10-24_18:17:28.662312.avi_29.87448787689209.jpg con esta confidence:0.9975909
cara encontrada en: /var/www/html/reconocimientoFacial/proyecto_definitivo/admin/files/videos_registro_videos/1_otraprueba_7.avi
cara guardada en /0_2022-10-24_18:17:28.781458.avi_29.993643522262573.jpg con esta confidence:0.99729425
cara encontrada en: /var/www/html/reconocimientoFacial/proyecto_definitivo/admin/files/videos_registro_videos/1_otraprueba_7.avi
cara guardada en /0_2022-10-24_18:17:28.848432.avi_30.06061577796936.jpg con esta confidence:0.98558426
cara encontrada en: /var/www/html/reconocimientoFacial/proyecto_definitivo/admin/files/videos_registro_videos/1_otraprueba_7.avi
cara guardada en /0_2022-10-24_18:17:29.054811.avi_30.2669939994812.jpg con esta confidence:0.9834011
cara encontrada en: /var/www/html/reconocimientoFacial/proyecto_definitivo/admin/files/videos_registro_videos/1_otraprueba_7.avi
cara guardada en /0_2022-10-24_18:17:29.223757.avi_30.43594217300415.jpg con esta confidence:0.97472024
cara encontrada en: /var/www/html/reconocimientoFacial/proyecto_definitivo/admin/files/videos_registro_videos/1_otraprueba_7.avi
cara guardada en /0_2022-10-24_18:17:29.518168.avi_30.73035192489624.jpg con esta confidence:0.8667111
cara encontrada en: /var/www/html/reconocimientoFacial/proyecto_definitivo/admin/files/videos_registro_videos/1_otraprueba_7.avi
cara guardada en /0_2022-10-24_18:17:29.554508.avi_30.766693830490112.jpg con esta confidence:0.72779244
voy(7) leyendo el video..
tenemos(7) frame k lo guardo ..
voy(7) leyendo el video..
tenemos(7) frame k lo guardo ..
cara encontrada en: /var/www/html/reconocimientoFacial/proyecto_definitivo/admin/files/videos_registro_videos/1_otraprueba_7.avi
cara guardada en /0_2022-10-24_18:17:32.212104.avi_33.42428755760193.jpg con esta confidence:0.99997663
cara encontrada en: /var/www/html/reconocimientoFacial/proyecto_definitivo/admin/files/videos_registro_videos/1_otraprueba_7.avi
cara guardada en /0_2022-10-24_18:17:32.442602.avi_33.654786348342896.jpg con esta confidence:0.9993414
cara encontrada en: /var/www/html/reconocimientoFacial/proyecto_definitivo/admin/files/videos_registro_videos/1_otraprueba_7.avi
cara guardada en /0_2022-10-24_18:17:32.645844.avi_33.85802936553955.jpg con esta confidence:0.99925226
cara encontrada en: /var/www/html/reconocimientoFacial/proyecto_definitivo/admin/files/videos_registro_videos/1_otraprueba_7.avi
cara guardada en /0_2022-10-24_18:17:32.703901.avi_33.91608548164368.jpg con esta confidence:0.9976076
cara encontrada en: /var/www/html/reconocimientoFacial/proyecto_definitivo/admin/files/videos_registro_videos/1_otraprueba_7.avi
cara guardada en /0_2022-10-24_18:17:33.224622.avi_34.436803340911865.jpg con esta confidence:0.99745375
cara encontrada en: /var/www/html/reconocimientoFacial/proyecto_definitivo/admin/files/videos_registro_videos/1_otraprueba_7.avi
cara guardada en /0_2022-10-24_18:17:33.408303.avi_34.62048697471619.jpg con esta confidence:0.98580974
cara encontrada en: /var/www/html/reconocimientoFacial/proyecto_definitivo/admin/files/videos_registro_videos/1_otraprueba_7.avi
cara guardada en /0_2022-10-24_18:17:33.535619.avi_34.74780249595642.jpg con esta confidence:0.9846432
cara encontrada en: /var/www/html/reconocimientoFacial/proyecto_definitivo/admin/files/videos_registro_videos/1_otraprueba_7.avi
cara guardada en /0_2022-10-24_18:17:33.782310.avi_34.99449348449707.jpg con esta confidence:0.97184056
cara encontrada en: /var/www/html/reconocimientoFacial/proyecto_definitivo/admin/files/videos_registro_videos/1_otraprueba_7.avi
cara guardada en /0_2022-10-24_18:17:34.041488.avi_35.25367307662964.jpg con esta confidence:0.8817438
cara encontrada en: /var/www/html/reconocimientoFacial/proyecto_definitivo/admin/files/videos_registro_videos/1_otraprueba_7.avi
cara guardada en /0_2022-10-24_18:17:34.137268.avi_35.349451541900635.jpg con esta confidence:0.74971855
voy(7) leyendo el video..
tenemos(7) frame k lo guardo ..
voy(7) leyendo el video..
tenemos(7) frame k lo guardo ..
cara encontrada en: /var/www/html/reconocimientoFacial/proyecto_definitivo/admin/files/videos_registro_videos/1_otraprueba_7.avi
cara guardada en /0_2022-10-24_18:17:36.448423.avi_37.660605907440186.jpg con esta confidence:0.99997735
cara encontrada en: /var/www/html/reconocimientoFacial/proyecto_definitivo/admin/files/videos_registro_videos/1_otraprueba_7.avi
cara guardada en /0_2022-10-24_18:17:36.511938.avi_37.724122285842896.jpg con esta confidence:0.9994337
cara encontrada en: /var/www/html/reconocimientoFacial/proyecto_definitivo/admin/files/videos_registro_videos/1_otraprueba_7.avi
cara guardada en /0_2022-10-24_18:17:36.837998.avi_38.05018067359924.jpg con esta confidence:0.99924195
cara encontrada en: /var/www/html/reconocimientoFacial/proyecto_definitivo/admin/files/videos_registro_videos/1_otraprueba_7.avi
cara guardada en /0_2022-10-24_18:17:36.907363.avi_38.119547843933105.jpg con esta confidence:0.997528
cara encontrada en: /var/www/html/reconocimientoFacial/proyecto_definitivo/admin/files/videos_registro_videos/1_otraprueba_7.avi
cara guardada en /0_2022-10-24_18:17:36.925938.avi_38.13812303543091.jpg con esta confidence:0.997224
cara encontrada en: /var/www/html/reconocimientoFacial/proyecto_definitivo/admin/files/videos_registro_videos/1_otraprueba_7.avi
cara guardada en /0_2022-10-24_18:17:37.018613.avi_38.23079800605774.jpg con esta confidence:0.9872399
cara encontrada en: /var/www/html/reconocimientoFacial/proyecto_definitivo/admin/files/videos_registro_videos/1_otraprueba_7.avi
cara guardada en /0_2022-10-24_18:17:37.152567.avi_38.3647518157959.jpg con esta confidence:0.9858115
cara encontrada en: /var/www/html/reconocimientoFacial/proyecto_definitivo/admin/files/videos_registro_videos/1_otraprueba_7.avi
cara guardada en /0_2022-10-24_18:17:37.527519.avi_38.73970413208008.jpg con esta confidence:0.9703929
cara encontrada en: /var/www/html/reconocimientoFacial/proyecto_definitivo/admin/files/videos_registro_videos/1_otraprueba_7.avi
cara guardada en /0_2022-10-24_18:17:37.628402.avi_38.84058737754822.jpg con esta confidence:0.897434
cara encontrada en: /var/www/html/reconocimientoFacial/proyecto_definitivo/admin/files/videos_registro_videos/1_otraprueba_7.avi
cara guardada en /0_2022-10-24_18:17:37.734688.avi_38.94686961174011.jpg con esta confidence:0.75918686
voy(7) leyendo el video..
tenemos(7) frame k lo guardo ..
voy(7) leyendo el video..
tenemos(7) frame k lo guardo ..
cara encontrada en: /var/www/html/reconocimientoFacial/proyecto_definitivo/admin/files/videos_registro_videos/1_otraprueba_7.avi
cara guardada en /0_2022-10-24_18:17:40.573250.avi_41.785433530807495.jpg con esta confidence:0.9999807
cara encontrada en: /var/www/html/reconocimientoFacial/proyecto_definitivo/admin/files/videos_registro_videos/1_otraprueba_7.avi
cara guardada en /0_2022-10-24_18:17:40.775001.avi_41.987186431884766.jpg con esta confidence:0.99959725
cara encontrada en: /var/www/html/reconocimientoFacial/proyecto_definitivo/admin/files/videos_registro_videos/1_otraprueba_7.avi
cara guardada en /0_2022-10-24_18:17:40.942245.avi_42.15442967414856.jpg con esta confidence:0.9993017
cara encontrada en: /var/www/html/reconocimientoFacial/proyecto_definitivo/admin/files/videos_registro_videos/1_otraprueba_7.avi
cara guardada en /0_2022-10-24_18:17:41.183377.avi_42.395559310913086.jpg con esta confidence:0.99767226
cara encontrada en: /var/www/html/reconocimientoFacial/proyecto_definitivo/admin/files/videos_registro_videos/1_otraprueba_7.avi
cara guardada en /0_2022-10-24_18:17:41.346383.avi_42.55856728553772.jpg con esta confidence:0.99667066
cara encontrada en: /var/www/html/reconocimientoFacial/proyecto_definitivo/admin/files/videos_registro_videos/1_otraprueba_7.avi
cara guardada en /0_2022-10-24_18:17:41.472254.avi_42.684438943862915.jpg con esta confidence:0.9891545
cara encontrada en: /var/www/html/reconocimientoFacial/proyecto_definitivo/admin/files/videos_registro_videos/1_otraprueba_7.avi
cara guardada en /0_2022-10-24_18:17:41.590485.avi_42.80266976356506.jpg con esta confidence:0.98883384
cara encontrada en: /var/www/html/reconocimientoFacial/proyecto_definitivo/admin/files/videos_registro_videos/1_otraprueba_7.avi
cara guardada en /0_2022-10-24_18:17:41.812563.avi_43.024747371673584.jpg con esta confidence:0.96956044
cara encontrada en: /var/www/html/reconocimientoFacial/proyecto_definitivo/admin/files/videos_registro_videos/1_otraprueba_7.avi
cara guardada en /0_2022-10-24_18:17:41.977331.avi_43.18951463699341.jpg con esta confidence:0.9160922
cara encontrada en: /var/www/html/reconocimientoFacial/proyecto_definitivo/admin/files/videos_registro_videos/1_otraprueba_7.avi
cara guardada en /0_2022-10-24_18:17:42.174323.avi_43.38650703430176.jpg con esta confidence:0.77053833
voy(7) leyendo el video..
tenemos(7) frame k lo guardo ..
voy(7) leyendo el video..
tenemos(7) frame k lo guardo ..
cara encontrada en: /var/www/html/reconocimientoFacial/proyecto_definitivo/admin/files/videos_registro_videos/1_otraprueba_7.avi
cara guardada en /0_2022-10-24_18:17:45.732707.avi_46.94489097595215.jpg con esta confidence:0.9999808
cara encontrada en: /var/www/html/reconocimientoFacial/proyecto_definitivo/admin/files/videos_registro_videos/1_otraprueba_7.avi
cara guardada en /0_2022-10-24_18:17:45.779837.avi_46.99202227592468.jpg con esta confidence:0.9995852
cara encontrada en: /var/www/html/reconocimientoFacial/proyecto_definitivo/admin/files/videos_registro_videos/1_otraprueba_7.avi
cara guardada en /0_2022-10-24_18:17:45.963901.avi_47.176085472106934.jpg con esta confidence:0.99932706
cara encontrada en: /var/www/html/reconocimientoFacial/proyecto_definitivo/admin/files/videos_registro_videos/1_otraprueba_7.avi
cara guardada en /0_2022-10-24_18:17:46.022868.avi_47.23505187034607.jpg con esta confidence:0.9976799
cara encontrada en: /var/www/html/reconocimientoFacial/proyecto_definitivo/admin/files/videos_registro_videos/1_otraprueba_7.avi
cara guardada en /0_2022-10-24_18:17:46.146281.avi_47.358463525772095.jpg con esta confidence:0.99685955
cara encontrada en: /var/www/html/reconocimientoFacial/proyecto_definitivo/admin/files/videos_registro_videos/1_otraprueba_7.avi
cara guardada en /0_2022-10-24_18:17:46.192291.avi_47.4044725894928.jpg con esta confidence:0.9890603
cara encontrada en: /var/www/html/reconocimientoFacial/proyecto_definitivo/admin/files/videos_registro_videos/1_otraprueba_7.avi
cara guardada en /0_2022-10-24_18:17:46.510581.avi_47.72276544570923.jpg con esta confidence:0.98859006
cara encontrada en: /var/www/html/reconocimientoFacial/proyecto_definitivo/admin/files/videos_registro_videos/1_otraprueba_7.avi
cara guardada en /0_2022-10-24_18:17:46.662217.avi_47.8743999004364.jpg con esta confidence:0.9702848
cara encontrada en: /var/www/html/reconocimientoFacial/proyecto_definitivo/admin/files/videos_registro_videos/1_otraprueba_7.avi
cara guardada en /0_2022-10-24_18:17:46.734119.avi_47.946303367614746.jpg con esta confidence:0.91427493
cara encontrada en: /var/www/html/reconocimientoFacial/proyecto_definitivo/admin/files/videos_registro_videos/1_otraprueba_7.avi
cara guardada en /0_2022-10-24_18:17:47.176961.avi_48.389145374298096.jpg con esta confidence:0.7668202
voy(7) leyendo el video..
tenemos(7) frame k lo guardo ..
voy(7) leyendo el video..
tenemos(7) frame k lo guardo ..
cara encontrada en: /var/www/html/reconocimientoFacial/proyecto_definitivo/admin/files/videos_registro_videos/1_otraprueba_7.avi
cara guardada en /0_2022-10-24_18:17:49.956695.avi_51.168877363204956.jpg con esta confidence:0.9999802
cara encontrada en: /var/www/html/reconocimientoFacial/proyecto_definitivo/admin/files/videos_registro_videos/1_otraprueba_7.avi
cara guardada en /0_2022-10-24_18:17:50.029406.avi_51.24159073829651.jpg con esta confidence:0.99960655
cara encontrada en: /var/www/html/reconocimientoFacial/proyecto_definitivo/admin/files/videos_registro_videos/1_otraprueba_7.avi
cara guardada en /0_2022-10-24_18:17:50.148115.avi_51.36029934883118.jpg con esta confidence:0.99942386
cara encontrada en: /var/www/html/reconocimientoFacial/proyecto_definitivo/admin/files/videos_registro_videos/1_otraprueba_7.avi
cara guardada en /0_2022-10-24_18:17:50.305298.avi_51.51748275756836.jpg con esta confidence:0.9976528
cara encontrada en: /var/www/html/reconocimientoFacial/proyecto_definitivo/admin/files/videos_registro_videos/1_otraprueba_7.avi
cara guardada en /0_2022-10-24_18:17:50.412359.avi_51.62454390525818.jpg con esta confidence:0.9961618
cara encontrada en: /var/www/html/reconocimientoFacial/proyecto_definitivo/admin/files/videos_registro_videos/1_otraprueba_7.avi
cara guardada en /0_2022-10-24_18:17:50.584044.avi_51.7962281703949.jpg con esta confidence:0.990986
cara encontrada en: /var/www/html/reconocimientoFacial/proyecto_definitivo/admin/files/videos_registro_videos/1_otraprueba_7.avi
cara guardada en /0_2022-10-24_18:17:50.660300.avi_51.87248373031616.jpg con esta confidence:0.9865181
cara encontrada en: /var/www/html/reconocimientoFacial/proyecto_definitivo/admin/files/videos_registro_videos/1_otraprueba_7.avi
cara guardada en /0_2022-10-24_18:17:50.894695.avi_52.10688018798828.jpg con esta confidence:0.9741281
cara encontrada en: /var/www/html/reconocimientoFacial/proyecto_definitivo/admin/files/videos_registro_videos/1_otraprueba_7.avi
cara guardada en /0_2022-10-24_18:17:51.082584.avi_52.294766426086426.jpg con esta confidence:0.9075642
cara encontrada en: /var/www/html/reconocimientoFacial/proyecto_definitivo/admin/files/videos_registro_videos/1_otraprueba_7.avi
cara guardada en /0_2022-10-24_18:17:51.275559.avi_52.487744092941284.jpg con esta confidence:0.7418017
voy(7) leyendo el video..
tenemos(7) frame k lo guardo ..
voy(7) leyendo el video..
tenemos(7) frame k lo guardo ..
cara encontrada en: /var/www/html/reconocimientoFacial/proyecto_definitivo/admin/files/videos_registro_videos/1_otraprueba_7.avi
cara guardada en /0_2022-10-24_18:17:54.585448.avi_55.797632932662964.jpg con esta confidence:0.9999826
cara encontrada en: /var/www/html/reconocimientoFacial/proyecto_definitivo/admin/files/videos_registro_videos/1_otraprueba_7.avi
cara guardada en /0_2022-10-24_18:17:54.764914.avi_55.97709918022156.jpg con esta confidence:0.9996798
cara encontrada en: /var/www/html/reconocimientoFacial/proyecto_definitivo/admin/files/videos_registro_videos/1_otraprueba_7.avi
cara guardada en /0_2022-10-24_18:17:55.084165.avi_56.296347856521606.jpg con esta confidence:0.9995309
cara encontrada en: /var/www/html/reconocimientoFacial/proyecto_definitivo/admin/files/videos_registro_videos/1_otraprueba_7.avi
cara guardada en /0_2022-10-24_18:17:55.220277.avi_56.432461738586426.jpg con esta confidence:0.99765307
cara encontrada en: /var/www/html/reconocimientoFacial/proyecto_definitivo/admin/files/videos_registro_videos/1_otraprueba_7.avi
cara guardada en /0_2022-10-24_18:17:55.533964.avi_56.74614858627319.jpg con esta confidence:0.9958688
cara encontrada en: /var/www/html/reconocimientoFacial/proyecto_definitivo/admin/files/videos_registro_videos/1_otraprueba_7.avi
cara guardada en /0_2022-10-24_18:17:55.604818.avi_56.81700134277344.jpg con esta confidence:0.99331784
cara encontrada en: /var/www/html/reconocimientoFacial/proyecto_definitivo/admin/files/videos_registro_videos/1_otraprueba_7.avi
cara guardada en /0_2022-10-24_18:17:55.735237.avi_56.94742250442505.jpg con esta confidence:0.98574024
cara encontrada en: /var/www/html/reconocimientoFacial/proyecto_definitivo/admin/files/videos_registro_videos/1_otraprueba_7.avi
cara guardada en /0_2022-10-24_18:17:55.989279.avi_57.2014639377594.jpg con esta confidence:0.97494996
cara encontrada en: /var/www/html/reconocimientoFacial/proyecto_definitivo/admin/files/videos_registro_videos/1_otraprueba_7.avi
cara guardada en /0_2022-10-24_18:17:56.223749.avi_57.435932874679565.jpg con esta confidence:0.9062143
cara encontrada en: /var/www/html/reconocimientoFacial/proyecto_definitivo/admin/files/videos_registro_videos/1_otraprueba_7.avi
cara guardada en /0_2022-10-24_18:17:56.384015.avi_57.59620022773743.jpg con esta confidence:0.724151
voy(7) leyendo el video..
tenemos(7) frame k lo guardo ..
voy(7) leyendo el video..
tenemos(7) frame k lo guardo ..
cara encontrada en: /var/www/html/reconocimientoFacial/proyecto_definitivo/admin/files/videos_registro_videos/1_otraprueba_7.avi
cara guardada en /0_2022-10-24_18:17:58.673972.avi_59.88615584373474.jpg con esta confidence:0.999982
cara encontrada en: /var/www/html/reconocimientoFacial/proyecto_definitivo/admin/files/videos_registro_videos/1_otraprueba_7.avi
cara guardada en /0_2022-10-24_18:17:58.756183.avi_59.9683678150177.jpg con esta confidence:0.9996854
cara encontrada en: /var/www/html/reconocimientoFacial/proyecto_definitivo/admin/files/videos_registro_videos/1_otraprueba_7.avi
cara guardada en /0_2022-10-24_18:17:59.081736.avi_60.293919801712036.jpg con esta confidence:0.99951077
cara encontrada en: /var/www/html/reconocimientoFacial/proyecto_definitivo/admin/files/videos_registro_videos/1_otraprueba_7.avi
cara guardada en /0_2022-10-24_18:17:59.196050.avi_60.40823483467102.jpg con esta confidence:0.997445
cara encontrada en: /var/www/html/reconocimientoFacial/proyecto_definitivo/admin/files/videos_registro_videos/1_otraprueba_7.avi
cara guardada en /0_2022-10-24_18:17:59.449132.avi_60.66131639480591.jpg con esta confidence:0.9955199
cara encontrada en: /var/www/html/reconocimientoFacial/proyecto_definitivo/admin/files/videos_registro_videos/1_otraprueba_7.avi
cara guardada en /0_2022-10-24_18:17:59.644983.avi_60.85716676712036.jpg con esta confidence:0.9936819
cara encontrada en: /var/www/html/reconocimientoFacial/proyecto_definitivo/admin/files/videos_registro_videos/1_otraprueba_7.avi
cara guardada en /0_2022-10-24_18:17:59.771395.avi_60.983580112457275.jpg con esta confidence:0.9856683
cara encontrada en: /var/www/html/reconocimientoFacial/proyecto_definitivo/admin/files/videos_registro_videos/1_otraprueba_7.avi
cara guardada en /0_2022-10-24_18:17:59.943824.avi_61.15600919723511.jpg con esta confidence:0.972622
cara encontrada en: /var/www/html/reconocimientoFacial/proyecto_definitivo/admin/files/videos_registro_videos/1_otraprueba_7.avi
cara guardada en /0_2022-10-24_18:18:00.166376.avi_61.37855863571167.jpg con esta confidence:0.9036598
cara encontrada en: /var/www/html/reconocimientoFacial/proyecto_definitivo/admin/files/videos_registro_videos/1_otraprueba_7.avi
cara guardada en /0_2022-10-24_18:18:00.365148.avi_61.57733225822449.jpg con esta confidence:0.7219286
voy(7) leyendo el video..
tenemos(7) frame k lo guardo ..
voy(7) leyendo el video..
tenemos(7) frame k lo guardo ..
cara encontrada en: /var/www/html/reconocimientoFacial/proyecto_definitivo/admin/files/videos_registro_videos/1_otraprueba_7.avi
cara guardada en /0_2022-10-24_18:18:03.288564.avi_64.50074887275696.jpg con esta confidence:0.99998164
cara encontrada en: /var/www/html/reconocimientoFacial/proyecto_definitivo/admin/files/videos_registro_videos/1_otraprueba_7.avi
cara guardada en /0_2022-10-24_18:18:03.480437.avi_64.69262099266052.jpg con esta confidence:0.9996854
cara encontrada en: /var/www/html/reconocimientoFacial/proyecto_definitivo/admin/files/videos_registro_videos/1_otraprueba_7.avi
cara guardada en /0_2022-10-24_18:18:03.656487.avi_64.86867141723633.jpg con esta confidence:0.9995448
cara encontrada en: /var/www/html/reconocimientoFacial/proyecto_definitivo/admin/files/videos_registro_videos/1_otraprueba_7.avi
cara guardada en /0_2022-10-24_18:18:03.939564.avi_65.15174865722656.jpg con esta confidence:0.9974778
cara encontrada en: /var/www/html/reconocimientoFacial/proyecto_definitivo/admin/files/videos_registro_videos/1_otraprueba_7.avi
cara guardada en /0_2022-10-24_18:18:03.993421.avi_65.20560431480408.jpg con esta confidence:0.9952206
cara encontrada en: /var/www/html/reconocimientoFacial/proyecto_definitivo/admin/files/videos_registro_videos/1_otraprueba_7.avi
cara guardada en /0_2022-10-24_18:18:04.252669.avi_65.46485257148743.jpg con esta confidence:0.9941156
cara encontrada en: /var/www/html/reconocimientoFacial/proyecto_definitivo/admin/files/videos_registro_videos/1_otraprueba_7.avi
cara guardada en /0_2022-10-24_18:18:04.597810.avi_65.80999326705933.jpg con esta confidence:0.98438185
cara encontrada en: /var/www/html/reconocimientoFacial/proyecto_definitivo/admin/files/videos_registro_videos/1_otraprueba_7.avi
cara guardada en /0_2022-10-24_18:18:04.720030.avi_65.93221402168274.jpg con esta confidence:0.97471523
cara encontrada en: /var/www/html/reconocimientoFacial/proyecto_definitivo/admin/files/videos_registro_videos/1_otraprueba_7.avi
cara guardada en /0_2022-10-24_18:18:04.994263.avi_66.20644354820251.jpg con esta confidence:0.8986754
cara encontrada en: /var/www/html/reconocimientoFacial/proyecto_definitivo/admin/files/videos_registro_videos/1_otraprueba_7.avi
cara guardada en /0_2022-10-24_18:18:05.199914.avi_66.41209840774536.jpg con esta confidence:0.70883185
voy(7) leyendo el video..
tenemos(7) frame k lo guardo ..
voy(7) leyendo el video..
tenemos(7) frame k lo guardo ..
cara encontrada en: /var/www/html/reconocimientoFacial/proyecto_definitivo/admin/files/videos_registro_videos/1_otraprueba_7.avi
cara guardada en /0_2022-10-24_18:18:07.481357.avi_68.69354224205017.jpg con esta confidence:0.999982
cara encontrada en: /var/www/html/reconocimientoFacial/proyecto_definitivo/admin/files/videos_registro_videos/1_otraprueba_7.avi
cara guardada en /0_2022-10-24_18:18:07.576098.avi_68.78828263282776.jpg con esta confidence:0.9996977
cara encontrada en: /var/www/html/reconocimientoFacial/proyecto_definitivo/admin/files/videos_registro_videos/1_otraprueba_7.avi
cara guardada en /0_2022-10-24_18:18:07.747735.avi_68.9599187374115.jpg con esta confidence:0.99957174
cara encontrada en: /var/www/html/reconocimientoFacial/proyecto_definitivo/admin/files/videos_registro_videos/1_otraprueba_7.avi
cara guardada en /0_2022-10-24_18:18:08.035727.avi_69.24791216850281.jpg con esta confidence:0.99739623
cara encontrada en: /var/www/html/reconocimientoFacial/proyecto_definitivo/admin/files/videos_registro_videos/1_otraprueba_7.avi
cara guardada en /0_2022-10-24_18:18:08.183743.avi_69.3959276676178.jpg con esta confidence:0.9950854
cara encontrada en: /var/www/html/reconocimientoFacial/proyecto_definitivo/admin/files/videos_registro_videos/1_otraprueba_7.avi
cara guardada en /0_2022-10-24_18:18:08.276536.avi_69.48872137069702.jpg con esta confidence:0.9945258
cara encontrada en: /var/www/html/reconocimientoFacial/proyecto_definitivo/admin/files/videos_registro_videos/1_otraprueba_7.avi
cara guardada en /0_2022-10-24_18:18:08.625122.avi_69.83730697631836.jpg con esta confidence:0.98415875
cara encontrada en: /var/www/html/reconocimientoFacial/proyecto_definitivo/admin/files/videos_registro_videos/1_otraprueba_7.avi
cara guardada en /0_2022-10-24_18:18:08.834383.avi_70.0465669631958.jpg con esta confidence:0.9744546
cara encontrada en: /var/www/html/reconocimientoFacial/proyecto_definitivo/admin/files/videos_registro_videos/1_otraprueba_7.avi
cara guardada en /0_2022-10-24_18:18:09.010203.avi_70.22238755226135.jpg con esta confidence:0.8986314
cara encontrada en: /var/www/html/reconocimientoFacial/proyecto_definitivo/admin/files/videos_registro_videos/1_otraprueba_7.avi
cara guardada en /0_2022-10-24_18:18:09.186307.avi_70.39849185943604.jpg con esta confidence:0.7039342
voy(7) leyendo el video..
tenemos(7) frame k lo guardo ..
voy(7) leyendo el video..
tenemos(7) frame k lo guardo ..
cara encontrada en: /var/www/html/reconocimientoFacial/proyecto_definitivo/admin/files/videos_registro_videos/1_otraprueba_7.avi
cara guardada en /0_2022-10-24_18:18:12.651210.avi_73.8633942604065.jpg con esta confidence:0.99997914
cara encontrada en: /var/www/html/reconocimientoFacial/proyecto_definitivo/admin/files/videos_registro_videos/1_otraprueba_7.avi
cara guardada en /0_2022-10-24_18:18:12.890712.avi_74.10289764404297.jpg con esta confidence:0.9996941
cara encontrada en: /var/www/html/reconocimientoFacial/proyecto_definitivo/admin/files/videos_registro_videos/1_otraprueba_7.avi
cara guardada en /0_2022-10-24_18:18:13.132827.avi_74.34501099586487.jpg con esta confidence:0.99948883
cara encontrada en: /var/www/html/reconocimientoFacial/proyecto_definitivo/admin/files/videos_registro_videos/1_otraprueba_7.avi
cara guardada en /0_2022-10-24_18:18:13.242713.avi_74.45489835739136.jpg con esta confidence:0.9969522
cara encontrada en: /var/www/html/reconocimientoFacial/proyecto_definitivo/admin/files/videos_registro_videos/1_otraprueba_7.avi
cara guardada en /0_2022-10-24_18:18:13.445109.avi_74.65729236602783.jpg con esta confidence:0.99480045
cara encontrada en: /var/www/html/reconocimientoFacial/proyecto_definitivo/admin/files/videos_registro_videos/1_otraprueba_7.avi
cara guardada en /0_2022-10-24_18:18:13.694842.avi_74.90702605247498.jpg con esta confidence:0.9942977
cara encontrada en: /var/www/html/reconocimientoFacial/proyecto_definitivo/admin/files/videos_registro_videos/1_otraprueba_7.avi
cara guardada en /0_2022-10-24_18:18:13.810345.avi_75.02252912521362.jpg con esta confidence:0.98346406
cara encontrada en: /var/www/html/reconocimientoFacial/proyecto_definitivo/admin/files/videos_registro_videos/1_otraprueba_7.avi
cara guardada en /0_2022-10-24_18:18:14.113816.avi_75.32600164413452.jpg con esta confidence:0.9703212
cara encontrada en: /var/www/html/reconocimientoFacial/proyecto_definitivo/admin/files/videos_registro_videos/1_otraprueba_7.avi
cara guardada en /0_2022-10-24_18:18:14.287105.avi_75.49928832054138.jpg con esta confidence:0.90042955
cara encontrada en: /var/www/html/reconocimientoFacial/proyecto_definitivo/admin/files/videos_registro_videos/1_otraprueba_7.avi
cara guardada en /0_2022-10-24_18:18:14.592276.avi_75.80446171760559.jpg con esta confidence:0.6909571
voy(7) leyendo el video..
tenemos(7) frame k lo guardo ..
voy(7) leyendo el video..
tenemos(7) frame k lo guardo ..
cara encontrada en: /var/www/html/reconocimientoFacial/proyecto_definitivo/admin/files/videos_registro_videos/1_otraprueba_7.avi
cara guardada en /0_2022-10-24_18:18:17.750064.avi_78.96224856376648.jpg con esta confidence:0.99997985
cara encontrada en: /var/www/html/reconocimientoFacial/proyecto_definitivo/admin/files/videos_registro_videos/1_otraprueba_7.avi
cara guardada en /0_2022-10-24_18:18:17.865694.avi_79.07787775993347.jpg con esta confidence:0.99969935
cara encontrada en: /var/www/html/reconocimientoFacial/proyecto_definitivo/admin/files/videos_registro_videos/1_otraprueba_7.avi
cara guardada en /0_2022-10-24_18:18:17.913399.avi_79.12558460235596.jpg con esta confidence:0.99955183
cara encontrada en: /var/www/html/reconocimientoFacial/proyecto_definitivo/admin/files/videos_registro_videos/1_otraprueba_7.avi
cara guardada en /0_2022-10-24_18:18:18.150069.avi_79.36225390434265.jpg con esta confidence:0.9971138
cara encontrada en: /var/www/html/reconocimientoFacial/proyecto_definitivo/admin/files/videos_registro_videos/1_otraprueba_7.avi
cara guardada en /0_2022-10-24_18:18:18.325765.avi_79.53795075416565.jpg con esta confidence:0.9948047
cara encontrada en: /var/www/html/reconocimientoFacial/proyecto_definitivo/admin/files/videos_registro_videos/1_otraprueba_7.avi
cara guardada en /0_2022-10-24_18:18:18.503372.avi_79.71555662155151.jpg con esta confidence:0.99418914
cara encontrada en: /var/www/html/reconocimientoFacial/proyecto_definitivo/admin/files/videos_registro_videos/1_otraprueba_7.avi
cara guardada en /0_2022-10-24_18:18:18.945067.avi_80.15725231170654.jpg con esta confidence:0.9828091
cara encontrada en: /var/www/html/reconocimientoFacial/proyecto_definitivo/admin/files/videos_registro_videos/1_otraprueba_7.avi
cara guardada en /0_2022-10-24_18:18:19.175417.avi_80.38760209083557.jpg con esta confidence:0.974196
cara encontrada en: /var/www/html/reconocimientoFacial/proyecto_definitivo/admin/files/videos_registro_videos/1_otraprueba_7.avi
cara guardada en /0_2022-10-24_18:18:19.231537.avi_80.4437210559845.jpg con esta confidence:0.8966898
cara encontrada en: /var/www/html/reconocimientoFacial/proyecto_definitivo/admin/files/videos_registro_videos/1_otraprueba_7.avi
cara guardada en /0_2022-10-24_18:18:19.496176.avi_80.70836091041565.jpg con esta confidence:0.68801916
voy(7) leyendo el video..
tenemos(7) frame k lo guardo ..
voy(7) leyendo el video..
tenemos(7) frame k lo guardo ..
cara encontrada en: /var/www/html/reconocimientoFacial/proyecto_definitivo/admin/files/videos_registro_videos/1_otraprueba_7.avi
cara guardada en /0_2022-10-24_18:18:21.178458.avi_82.39064049720764.jpg con esta confidence:0.99997914
cara encontrada en: /var/www/html/reconocimientoFacial/proyecto_definitivo/admin/files/videos_registro_videos/1_otraprueba_7.avi
cara guardada en /0_2022-10-24_18:18:21.466753.avi_82.6789391040802.jpg con esta confidence:0.9996779
cara encontrada en: /var/www/html/reconocimientoFacial/proyecto_definitivo/admin/files/videos_registro_videos/1_otraprueba_7.avi
cara guardada en /0_2022-10-24_18:18:21.614307.avi_82.82649183273315.jpg con esta confidence:0.99956876
cara encontrada en: /var/www/html/reconocimientoFacial/proyecto_definitivo/admin/files/videos_registro_videos/1_otraprueba_7.avi
cara guardada en /0_2022-10-24_18:18:21.782140.avi_82.99432611465454.jpg con esta confidence:0.9971137
cara encontrada en: /var/www/html/reconocimientoFacial/proyecto_definitivo/admin/files/videos_registro_videos/1_otraprueba_7.avi
cara guardada en /0_2022-10-24_18:18:21.957213.avi_83.1693983078003.jpg con esta confidence:0.9948763
cara encontrada en: /var/www/html/reconocimientoFacial/proyecto_definitivo/admin/files/videos_registro_videos/1_otraprueba_7.avi
cara guardada en /0_2022-10-24_18:18:22.317492.avi_83.52967619895935.jpg con esta confidence:0.99387485
cara encontrada en: /var/www/html/reconocimientoFacial/proyecto_definitivo/admin/files/videos_registro_videos/1_otraprueba_7.avi
cara guardada en /0_2022-10-24_18:18:22.485223.avi_83.69740724563599.jpg con esta confidence:0.9810542
cara encontrada en: /var/www/html/reconocimientoFacial/proyecto_definitivo/admin/files/videos_registro_videos/1_otraprueba_7.avi
cara guardada en /0_2022-10-24_18:18:22.749584.avi_83.9617691040039.jpg con esta confidence:0.97488266
cara encontrada en: /var/www/html/reconocimientoFacial/proyecto_definitivo/admin/files/videos_registro_videos/1_otraprueba_7.avi
cara guardada en /0_2022-10-24_18:18:23.129422.avi_84.3416063785553.jpg con esta confidence:0.88659537
voy(7) leyendo el video..
tenemos(7) frame k lo guardo ..
voy(7) leyendo el video..
tenemos(7) frame k lo guardo ..
cara encontrada en: /var/www/html/reconocimientoFacial/proyecto_definitivo/admin/files/videos_registro_videos/1_otraprueba_7.avi
cara guardada en /0_2022-10-24_18:18:26.022440.avi_87.23462581634521.jpg con esta confidence:0.9999802
cara encontrada en: /var/www/html/reconocimientoFacial/proyecto_definitivo/admin/files/videos_registro_videos/1_otraprueba_7.avi
cara guardada en /0_2022-10-24_18:18:26.225201.avi_87.43738436698914.jpg con esta confidence:0.99968576
cara encontrada en: /var/www/html/reconocimientoFacial/proyecto_definitivo/admin/files/videos_registro_videos/1_otraprueba_7.avi
cara guardada en /0_2022-10-24_18:18:26.409442.avi_87.62162756919861.jpg con esta confidence:0.99961925
cara encontrada en: /var/www/html/reconocimientoFacial/proyecto_definitivo/admin/files/videos_registro_videos/1_otraprueba_7.avi
cara guardada en /0_2022-10-24_18:18:26.552427.avi_87.76461219787598.jpg con esta confidence:0.9972173
cara encontrada en: /var/www/html/reconocimientoFacial/proyecto_definitivo/admin/files/videos_registro_videos/1_otraprueba_7.avi
cara guardada en /0_2022-10-24_18:18:26.833888.avi_88.046071767807.jpg con esta confidence:0.9954183
cara encontrada en: /var/www/html/reconocimientoFacial/proyecto_definitivo/admin/files/videos_registro_videos/1_otraprueba_7.avi
cara guardada en /0_2022-10-24_18:18:27.008403.avi_88.2205879688263.jpg con esta confidence:0.993626
cara encontrada en: /var/www/html/reconocimientoFacial/proyecto_definitivo/admin/files/videos_registro_videos/1_otraprueba_7.avi
cara guardada en /0_2022-10-24_18:18:27.025793.avi_88.23797821998596.jpg con esta confidence:0.9802316
cara encontrada en: /var/www/html/reconocimientoFacial/proyecto_definitivo/admin/files/videos_registro_videos/1_otraprueba_7.avi
cara guardada en /0_2022-10-24_18:18:27.049572.avi_88.26175260543823.jpg con esta confidence:0.97667766
cara encontrada en: /var/www/html/reconocimientoFacial/proyecto_definitivo/admin/files/videos_registro_videos/1_otraprueba_7.avi
cara guardada en /0_2022-10-24_18:18:27.101434.avi_88.31361865997314.jpg con esta confidence:0.8798703
voy(7) leyendo el video..
tenemos(7) frame k lo guardo ..
voy(7) leyendo el video..
tenemos(7) frame k lo guardo ..
cara encontrada en: /var/www/html/reconocimientoFacial/proyecto_definitivo/admin/files/videos_registro_videos/1_otraprueba_7.avi
cara guardada en /0_2022-10-24_18:18:29.928237.avi_91.14042067527771.jpg con esta confidence:0.9999813
cara encontrada en: /var/www/html/reconocimientoFacial/proyecto_definitivo/admin/files/videos_registro_videos/1_otraprueba_7.avi
cara guardada en /0_2022-10-24_18:18:30.066333.avi_91.27851629257202.jpg con esta confidence:0.99965084
cara encontrada en: /var/www/html/reconocimientoFacial/proyecto_definitivo/admin/files/videos_registro_videos/1_otraprueba_7.avi
cara guardada en /0_2022-10-24_18:18:30.173054.avi_91.38523888587952.jpg con esta confidence:0.9996394
cara encontrada en: /var/www/html/reconocimientoFacial/proyecto_definitivo/admin/files/videos_registro_videos/1_otraprueba_7.avi
cara guardada en /0_2022-10-24_18:18:30.300297.avi_91.51248145103455.jpg con esta confidence:0.9974904
cara encontrada en: /var/www/html/reconocimientoFacial/proyecto_definitivo/admin/files/videos_registro_videos/1_otraprueba_7.avi
cara guardada en /0_2022-10-24_18:18:30.567610.avi_91.77979445457458.jpg con esta confidence:0.99477166
cara encontrada en: /var/www/html/reconocimientoFacial/proyecto_definitivo/admin/files/videos_registro_videos/1_otraprueba_7.avi
cara guardada en /0_2022-10-24_18:18:30.812731.avi_92.02491545677185.jpg con esta confidence:0.9946938
cara encontrada en: /var/www/html/reconocimientoFacial/proyecto_definitivo/admin/files/videos_registro_videos/1_otraprueba_7.avi
cara guardada en /0_2022-10-24_18:18:31.014265.avi_92.22644996643066.jpg con esta confidence:0.9808684
cara encontrada en: /var/www/html/reconocimientoFacial/proyecto_definitivo/admin/files/videos_registro_videos/1_otraprueba_7.avi
cara guardada en /0_2022-10-24_18:18:31.141918.avi_92.35410284996033.jpg con esta confidence:0.9796409
cara encontrada en: /var/www/html/reconocimientoFacial/proyecto_definitivo/admin/files/videos_registro_videos/1_otraprueba_7.avi
cara guardada en /0_2022-10-24_18:18:31.384986.avi_92.59717011451721.jpg con esta confidence:0.87727356
voy(7) leyendo el video..
tenemos(7) frame k lo guardo ..
voy(7) leyendo el video..
tenemos(7) frame k lo guardo ..
cara encontrada en: /var/www/html/reconocimientoFacial/proyecto_definitivo/admin/files/videos_registro_videos/1_otraprueba_7.avi
cara guardada en /0_2022-10-24_18:18:34.805514.avi_96.0176990032196.jpg con esta confidence:0.99997795
cara encontrada en: /var/www/html/reconocimientoFacial/proyecto_definitivo/admin/files/videos_registro_videos/1_otraprueba_7.avi
cara guardada en /0_2022-10-24_18:18:34.941620.avi_96.15380430221558.jpg con esta confidence:0.999424
cara encontrada en: /var/www/html/reconocimientoFacial/proyecto_definitivo/admin/files/videos_registro_videos/1_otraprueba_7.avi
cara guardada en /0_2022-10-24_18:18:35.121232.avi_96.33341717720032.jpg con esta confidence:0.99865997
cara encontrada en: /var/www/html/reconocimientoFacial/proyecto_definitivo/admin/files/videos_registro_videos/1_otraprueba_7.avi
cara guardada en /0_2022-10-24_18:18:35.394903.avi_96.60708832740784.jpg con esta confidence:0.9984665
cara encontrada en: /var/www/html/reconocimientoFacial/proyecto_definitivo/admin/files/videos_registro_videos/1_otraprueba_7.avi
cara guardada en /0_2022-10-24_18:18:35.683329.avi_96.89551448822021.jpg con esta confidence:0.9980096
cara encontrada en: /var/www/html/reconocimientoFacial/proyecto_definitivo/admin/files/videos_registro_videos/1_otraprueba_7.avi
cara guardada en /0_2022-10-24_18:18:35.808823.avi_97.02100801467896.jpg con esta confidence:0.98402965
cara encontrada en: /var/www/html/reconocimientoFacial/proyecto_definitivo/admin/files/videos_registro_videos/1_otraprueba_7.avi
cara guardada en /0_2022-10-24_18:18:35.956018.avi_97.1682026386261.jpg con esta confidence:0.9820563
cara encontrada en: /var/www/html/reconocimientoFacial/proyecto_definitivo/admin/files/videos_registro_videos/1_otraprueba_7.avi
cara guardada en /0_2022-10-24_18:18:36.112872.avi_97.32505631446838.jpg con esta confidence:0.9769395
cara encontrada en: /var/www/html/reconocimientoFacial/proyecto_definitivo/admin/files/videos_registro_videos/1_otraprueba_7.avi
cara guardada en /0_2022-10-24_18:18:36.183962.avi_97.39614653587341.jpg con esta confidence:0.7850601
cara encontrada en: /var/www/html/reconocimientoFacial/proyecto_definitivo/admin/files/videos_registro_videos/1_otraprueba_7.avi
cara guardada en /0_2022-10-24_18:18:36.440813.avi_97.65299701690674.jpg con esta confidence:0.77705956
voy(7) leyendo el video..
tenemos(7) frame k lo guardo ..
voy(7) leyendo el video..
tenemos(7) frame k lo guardo ..
cara encontrada en: /var/www/html/reconocimientoFacial/proyecto_definitivo/admin/files/videos_registro_videos/1_otraprueba_7.avi
cara guardada en /0_2022-10-24_18:18:39.655658.avi_100.86784219741821.jpg con esta confidence:0.9999752
cara encontrada en: /var/www/html/reconocimientoFacial/proyecto_definitivo/admin/files/videos_registro_videos/1_otraprueba_7.avi
cara guardada en /0_2022-10-24_18:18:39.847636.avi_101.0598201751709.jpg con esta confidence:0.99938476
cara encontrada en: /var/www/html/reconocimientoFacial/proyecto_definitivo/admin/files/videos_registro_videos/1_otraprueba_7.avi
cara guardada en /0_2022-10-24_18:18:40.142124.avi_101.35430788993835.jpg con esta confidence:0.99881566
cara encontrada en: /var/www/html/reconocimientoFacial/proyecto_definitivo/admin/files/videos_registro_videos/1_otraprueba_7.avi
cara guardada en /0_2022-10-24_18:18:40.380684.avi_101.59286856651306.jpg con esta confidence:0.99848384
cara encontrada en: /var/www/html/reconocimientoFacial/proyecto_definitivo/admin/files/videos_registro_videos/1_otraprueba_7.avi
cara guardada en /0_2022-10-24_18:18:40.562171.avi_101.77435660362244.jpg con esta confidence:0.99724376
cara encontrada en: /var/www/html/reconocimientoFacial/proyecto_definitivo/admin/files/videos_registro_videos/1_otraprueba_7.avi
cara guardada en /0_2022-10-24_18:18:40.738462.avi_101.9506471157074.jpg con esta confidence:0.9845183
cara encontrada en: /var/www/html/reconocimientoFacial/proyecto_definitivo/admin/files/videos_registro_videos/1_otraprueba_7.avi
cara guardada en /0_2022-10-24_18:18:41.086435.avi_102.29861950874329.jpg con esta confidence:0.97861344
cara encontrada en: /var/www/html/reconocimientoFacial/proyecto_definitivo/admin/files/videos_registro_videos/1_otraprueba_7.avi
cara guardada en /0_2022-10-24_18:18:41.318283.avi_102.53046751022339.jpg con esta confidence:0.967293
cara encontrada en: /var/www/html/reconocimientoFacial/proyecto_definitivo/admin/files/videos_registro_videos/1_otraprueba_7.avi
cara guardada en /0_2022-10-24_18:18:41.464101.avi_102.67628526687622.jpg con esta confidence:0.8034541
cara encontrada en: /var/www/html/reconocimientoFacial/proyecto_definitivo/admin/files/videos_registro_videos/1_otraprueba_7.avi
cara guardada en /0_2022-10-24_18:18:41.609482.avi_102.82166647911072.jpg con esta confidence:0.6901196
voy(7) leyendo el video..
tenemos(7) frame k lo guardo ..
voy(7) leyendo el video..
tenemos(7) frame k lo guardo ..
cara encontrada en: /var/www/html/reconocimientoFacial/proyecto_definitivo/admin/files/videos_registro_videos/1_otraprueba_7.avi
cara guardada en /0_2022-10-24_18:18:44.656282.avi_105.86846542358398.jpg con esta confidence:0.9999734
cara encontrada en: /var/www/html/reconocimientoFacial/proyecto_definitivo/admin/files/videos_registro_videos/1_otraprueba_7.avi
cara guardada en /0_2022-10-24_18:18:44.851064.avi_106.06324911117554.jpg con esta confidence:0.99926347
cara encontrada en: /var/www/html/reconocimientoFacial/proyecto_definitivo/admin/files/videos_registro_videos/1_otraprueba_7.avi
cara guardada en /0_2022-10-24_18:18:45.023035.avi_106.23521947860718.jpg con esta confidence:0.99904996
cara encontrada en: /var/www/html/reconocimientoFacial/proyecto_definitivo/admin/files/videos_registro_videos/1_otraprueba_7.avi
cara guardada en /0_2022-10-24_18:18:45.194763.avi_106.40694832801819.jpg con esta confidence:0.99871147
cara encontrada en: /var/www/html/reconocimientoFacial/proyecto_definitivo/admin/files/videos_registro_videos/1_otraprueba_7.avi
cara guardada en /0_2022-10-24_18:18:45.565575.avi_106.77775835990906.jpg con esta confidence:0.99578947
cara encontrada en: /var/www/html/reconocimientoFacial/proyecto_definitivo/admin/files/videos_registro_videos/1_otraprueba_7.avi
cara guardada en /0_2022-10-24_18:18:45.816741.avi_107.0289249420166.jpg con esta confidence:0.98678166
cara encontrada en: /var/www/html/reconocimientoFacial/proyecto_definitivo/admin/files/videos_registro_videos/1_otraprueba_7.avi
cara guardada en /0_2022-10-24_18:18:45.924292.avi_107.13647699356079.jpg con esta confidence:0.97787696
cara encontrada en: /var/www/html/reconocimientoFacial/proyecto_definitivo/admin/files/videos_registro_videos/1_otraprueba_7.avi
cara guardada en /0_2022-10-24_18:18:46.135643.avi_107.34782695770264.jpg con esta confidence:0.9467549
cara encontrada en: /var/www/html/reconocimientoFacial/proyecto_definitivo/admin/files/videos_registro_videos/1_otraprueba_7.avi
cara guardada en /0_2022-10-24_18:18:46.385587.avi_107.5977714061737.jpg con esta confidence:0.81831896
voy(7) leyendo el video..
tenemos(7) frame k lo guardo ..
voy(7) leyendo el video..
tenemos(7) frame k lo guardo ..
cara encontrada en: /var/www/html/reconocimientoFacial/proyecto_definitivo/admin/files/videos_registro_videos/1_otraprueba_7.avi
cara guardada en /0_2022-10-24_18:18:49.254259.avi_110.4664421081543.jpg con esta confidence:0.9999733
cara encontrada en: /var/www/html/reconocimientoFacial/proyecto_definitivo/admin/files/videos_registro_videos/1_otraprueba_7.avi
cara guardada en /0_2022-10-24_18:18:49.560194.avi_110.77237820625305.jpg con esta confidence:0.99930274
cara encontrada en: /var/www/html/reconocimientoFacial/proyecto_definitivo/admin/files/videos_registro_videos/1_otraprueba_7.avi
cara guardada en /0_2022-10-24_18:18:49.716741.avi_110.92892217636108.jpg con esta confidence:0.999046
cara encontrada en: /var/www/html/reconocimientoFacial/proyecto_definitivo/admin/files/videos_registro_videos/1_otraprueba_7.avi
cara guardada en /0_2022-10-24_18:18:49.810258.avi_111.02244257926941.jpg con esta confidence:0.9986455
cara encontrada en: /var/www/html/reconocimientoFacial/proyecto_definitivo/admin/files/videos_registro_videos/1_otraprueba_7.avi
cara guardada en /0_2022-10-24_18:18:49.862569.avi_111.07475328445435.jpg con esta confidence:0.9956624
cara encontrada en: /var/www/html/reconocimientoFacial/proyecto_definitivo/admin/files/videos_registro_videos/1_otraprueba_7.avi
cara guardada en /0_2022-10-24_18:18:49.960652.avi_111.17283654212952.jpg con esta confidence:0.9873975
cara encontrada en: /var/www/html/reconocimientoFacial/proyecto_definitivo/admin/files/videos_registro_videos/1_otraprueba_7.avi
cara guardada en /0_2022-10-24_18:18:50.057759.avi_111.26994299888611.jpg con esta confidence:0.97734594
cara encontrada en: /var/www/html/reconocimientoFacial/proyecto_definitivo/admin/files/videos_registro_videos/1_otraprueba_7.avi
cara guardada en /0_2022-10-24_18:18:50.177370.avi_111.38955616950989.jpg con esta confidence:0.9475831
cara encontrada en: /var/www/html/reconocimientoFacial/proyecto_definitivo/admin/files/videos_registro_videos/1_otraprueba_7.avi
cara guardada en /0_2022-10-24_18:18:50.246475.avi_111.45865964889526.jpg con esta confidence:0.8151656
voy(7) leyendo el video..
tenemos(7) frame k lo guardo ..
voy(7) leyendo el video..
tenemos(7) frame k lo guardo ..
cara encontrada en: /var/www/html/reconocimientoFacial/proyecto_definitivo/admin/files/videos_registro_videos/1_otraprueba_7.avi
cara guardada en /0_2022-10-24_18:18:53.614712.avi_114.82689690589905.jpg con esta confidence:0.99997246
cara encontrada en: /var/www/html/reconocimientoFacial/proyecto_definitivo/admin/files/videos_registro_videos/1_otraprueba_7.avi
cara guardada en /0_2022-10-24_18:18:54.473027.avi_115.68521165847778.jpg con esta confidence:0.9992681
cara encontrada en: /var/www/html/reconocimientoFacial/proyecto_definitivo/admin/files/videos_registro_videos/1_otraprueba_7.avi
cara guardada en /0_2022-10-24_18:18:54.545599.avi_115.75778365135193.jpg con esta confidence:0.99886924
cara encontrada en: /var/www/html/reconocimientoFacial/proyecto_definitivo/admin/files/videos_registro_videos/1_otraprueba_7.avi
cara guardada en /0_2022-10-24_18:18:54.655726.avi_115.86791133880615.jpg con esta confidence:0.99874157
cara encontrada en: /var/www/html/reconocimientoFacial/proyecto_definitivo/admin/files/videos_registro_videos/1_otraprueba_7.avi
cara guardada en /0_2022-10-24_18:18:54.735420.avi_115.94477844238281.jpg con esta confidence:0.99634665
cara encontrada en: /var/www/html/reconocimientoFacial/proyecto_definitivo/admin/files/videos_registro_videos/1_otraprueba_7.avi
cara guardada en /0_2022-10-24_18:18:54.828382.avi_116.04056692123413.jpg con esta confidence:0.9854336
cara encontrada en: /var/www/html/reconocimientoFacial/proyecto_definitivo/admin/files/videos_registro_videos/1_otraprueba_7.avi
cara guardada en /0_2022-10-24_18:18:54.890751.avi_116.10293507575989.jpg con esta confidence:0.9774983
cara encontrada en: /var/www/html/reconocimientoFacial/proyecto_definitivo/admin/files/videos_registro_videos/1_otraprueba_7.avi
cara guardada en /0_2022-10-24_18:18:54.978179.avi_116.19036388397217.jpg con esta confidence:0.95345634
cara encontrada en: /var/www/html/reconocimientoFacial/proyecto_definitivo/admin/files/videos_registro_videos/1_otraprueba_7.avi
cara guardada en /0_2022-10-24_18:18:55.031132.avi_116.24331593513489.jpg con esta confidence:0.7995468
voy(7) leyendo el video..
tenemos(7) frame k lo guardo ..
voy(7) leyendo el video..
tenemos(7) frame k lo guardo ..
cara encontrada en: /var/www/html/reconocimientoFacial/proyecto_definitivo/admin/files/videos_registro_videos/1_otraprueba_7.avi
cara guardada en /0_2022-10-24_18:18:57.999186.avi_119.21136999130249.jpg con esta confidence:0.999972
cara encontrada en: /var/www/html/reconocimientoFacial/proyecto_definitivo/admin/files/videos_registro_videos/1_otraprueba_7.avi
cara guardada en /0_2022-10-24_18:18:58.014383.avi_119.22656655311584.jpg con esta confidence:0.99927515
cara encontrada en: /var/www/html/reconocimientoFacial/proyecto_definitivo/admin/files/videos_registro_videos/1_otraprueba_7.avi
cara guardada en /0_2022-10-24_18:18:58.022956.avi_119.23514080047607.jpg con esta confidence:0.99881244
cara encontrada en: /var/www/html/reconocimientoFacial/proyecto_definitivo/admin/files/videos_registro_videos/1_otraprueba_7.avi
cara guardada en /0_2022-10-24_18:18:58.031884.avi_119.24406933784485.jpg con esta confidence:0.998787
cara encontrada en: /var/www/html/reconocimientoFacial/proyecto_definitivo/admin/files/videos_registro_videos/1_otraprueba_7.avi
cara guardada en /0_2022-10-24_18:18:58.114132.avi_119.32631659507751.jpg con esta confidence:0.9963966
cara encontrada en: /var/www/html/reconocimientoFacial/proyecto_definitivo/admin/files/videos_registro_videos/1_otraprueba_7.avi
cara guardada en /0_2022-10-24_18:18:58.182714.avi_119.39489698410034.jpg con esta confidence:0.98481315
cara encontrada en: /var/www/html/reconocimientoFacial/proyecto_definitivo/admin/files/videos_registro_videos/1_otraprueba_7.avi
cara guardada en /0_2022-10-24_18:18:58.292441.avi_119.50462579727173.jpg con esta confidence:0.97696084
cara encontrada en: /var/www/html/reconocimientoFacial/proyecto_definitivo/admin/files/videos_registro_videos/1_otraprueba_7.avi
cara guardada en /0_2022-10-24_18:18:58.367601.avi_119.57978558540344.jpg con esta confidence:0.9550517
cara encontrada en: /var/www/html/reconocimientoFacial/proyecto_definitivo/admin/files/videos_registro_videos/1_otraprueba_7.avi
cara guardada en /0_2022-10-24_18:18:58.491024.avi_119.70320868492126.jpg con esta confidence:0.79325
voy(7) leyendo el video..
Llego al final y remuevo el video!
Tiempo de analizar el video:120.02741837501526
