tenemos este video:/var/www/html/reconocimientoFacial/proyecto_definitivo/admin/files/videos_registro_videos/1_otraprueba_5.avi
voy(5) leyendo el video..
tenemos(5) frame k lo guardo ..
voy(5) leyendo el video..
tenemos(5) frame k lo guardo ..
cara encontrada en: /var/www/html/reconocimientoFacial/proyecto_definitivo/admin/files/videos_registro_videos/1_otraprueba_5.avi
cara guardada en /0_2022-10-24_18:17:00.214086.avi_1.2699298858642578.jpg con esta confidence:0.99554837
cara encontrada en: /var/www/html/reconocimientoFacial/proyecto_definitivo/admin/files/videos_registro_videos/1_otraprueba_5.avi
cara guardada en /0_2022-10-24_18:17:00.317090.avi_1.3729350566864014.jpg con esta confidence:0.99464583
cara encontrada en: /var/www/html/reconocimientoFacial/proyecto_definitivo/admin/files/videos_registro_videos/1_otraprueba_5.avi
cara guardada en /0_2022-10-24_18:17:00.367001.avi_1.4228458404541016.jpg con esta confidence:0.95583135
cara encontrada en: /var/www/html/reconocimientoFacial/proyecto_definitivo/admin/files/videos_registro_videos/1_otraprueba_5.avi
cara guardada en /0_2022-10-24_18:17:00.440253.avi_1.4960987567901611.jpg con esta confidence:0.95333564
cara encontrada en: /var/www/html/reconocimientoFacial/proyecto_definitivo/admin/files/videos_registro_videos/1_otraprueba_5.avi
cara guardada en /0_2022-10-24_18:17:00.509055.avi_1.5648994445800781.jpg con esta confidence:0.9449965
cara encontrada en: /var/www/html/reconocimientoFacial/proyecto_definitivo/admin/files/videos_registro_videos/1_otraprueba_5.avi
cara guardada en /0_2022-10-24_18:17:00.592970.avi_1.6488144397735596.jpg con esta confidence:0.8968651
cara encontrada en: /var/www/html/reconocimientoFacial/proyecto_definitivo/admin/files/videos_registro_videos/1_otraprueba_5.avi
cara guardada en /0_2022-10-24_18:17:00.666675.avi_1.722520112991333.jpg con esta confidence:0.8296594
cara encontrada en: /var/www/html/reconocimientoFacial/proyecto_definitivo/admin/files/videos_registro_videos/1_otraprueba_5.avi
cara guardada en /0_2022-10-24_18:17:00.748327.avi_1.8041727542877197.jpg con esta confidence:0.7646809
cara encontrada en: /var/www/html/reconocimientoFacial/proyecto_definitivo/admin/files/videos_registro_videos/1_otraprueba_5.avi
cara guardada en /0_2022-10-24_18:17:00.805538.avi_1.8613831996917725.jpg con esta confidence:0.71421003
voy(5) leyendo el video..
tenemos(5) frame k lo guardo ..
voy(5) leyendo el video..
tenemos(5) frame k lo guardo ..
cara encontrada en: /var/www/html/reconocimientoFacial/proyecto_definitivo/admin/files/videos_registro_videos/1_otraprueba_5.avi
cara guardada en /0_2022-10-24_18:17:02.100350.avi_3.156196117401123.jpg con esta confidence:0.9922975
cara encontrada en: /var/www/html/reconocimientoFacial/proyecto_definitivo/admin/files/videos_registro_videos/1_otraprueba_5.avi
cara guardada en /0_2022-10-24_18:17:02.160264.avi_3.216109275817871.jpg con esta confidence:0.990742
cara encontrada en: /var/www/html/reconocimientoFacial/proyecto_definitivo/admin/files/videos_registro_videos/1_otraprueba_5.avi
cara guardada en /0_2022-10-24_18:17:02.259794.avi_3.3156399726867676.jpg con esta confidence:0.9108344
cara encontrada en: /var/www/html/reconocimientoFacial/proyecto_definitivo/admin/files/videos_registro_videos/1_otraprueba_5.avi
cara guardada en /0_2022-10-24_18:17:02.343030.avi_3.3988754749298096.jpg con esta confidence:0.89536506
cara encontrada en: /var/www/html/reconocimientoFacial/proyecto_definitivo/admin/files/videos_registro_videos/1_otraprueba_5.avi
cara guardada en /0_2022-10-24_18:17:02.424578.avi_3.480423927307129.jpg con esta confidence:0.8815301
cara encontrada en: /var/www/html/reconocimientoFacial/proyecto_definitivo/admin/files/videos_registro_videos/1_otraprueba_5.avi
cara guardada en /0_2022-10-24_18:17:02.519979.avi_3.5758254528045654.jpg con esta confidence:0.8298572
cara encontrada en: /var/www/html/reconocimientoFacial/proyecto_definitivo/admin/files/videos_registro_videos/1_otraprueba_5.avi
cara guardada en /0_2022-10-24_18:17:02.617999.avi_3.6738431453704834.jpg con esta confidence:0.7893405
cara encontrada en: /var/www/html/reconocimientoFacial/proyecto_definitivo/admin/files/videos_registro_videos/1_otraprueba_5.avi
cara guardada en /0_2022-10-24_18:17:02.741524.avi_3.7973685264587402.jpg con esta confidence:0.78091294
cara encontrada en: /var/www/html/reconocimientoFacial/proyecto_definitivo/admin/files/videos_registro_videos/1_otraprueba_5.avi
cara guardada en /0_2022-10-24_18:17:02.858199.avi_3.914044141769409.jpg con esta confidence:0.74309266
voy(5) leyendo el video..
tenemos(5) frame k lo guardo ..
voy(5) leyendo el video..
tenemos(5) frame k lo guardo ..
cara encontrada en: /var/www/html/reconocimientoFacial/proyecto_definitivo/admin/files/videos_registro_videos/1_otraprueba_5.avi
cara guardada en /0_2022-10-24_18:17:04.432747.avi_5.488592147827148.jpg con esta confidence:0.99580175
cara encontrada en: /var/www/html/reconocimientoFacial/proyecto_definitivo/admin/files/videos_registro_videos/1_otraprueba_5.avi
cara guardada en /0_2022-10-24_18:17:04.492161.avi_5.548006534576416.jpg con esta confidence:0.9917672
cara encontrada en: /var/www/html/reconocimientoFacial/proyecto_definitivo/admin/files/videos_registro_videos/1_otraprueba_5.avi
cara guardada en /0_2022-10-24_18:17:04.572468.avi_5.628313779830933.jpg con esta confidence:0.9522599
cara encontrada en: /var/www/html/reconocimientoFacial/proyecto_definitivo/admin/files/videos_registro_videos/1_otraprueba_5.avi
cara guardada en /0_2022-10-24_18:17:04.689702.avi_5.7455480098724365.jpg con esta confidence:0.9242081
cara encontrada en: /var/www/html/reconocimientoFacial/proyecto_definitivo/admin/files/videos_registro_videos/1_otraprueba_5.avi
cara guardada en /0_2022-10-24_18:17:04.727103.avi_5.782944440841675.jpg con esta confidence:0.8959595
cara encontrada en: /var/www/html/reconocimientoFacial/proyecto_definitivo/admin/files/videos_registro_videos/1_otraprueba_5.avi
cara guardada en /0_2022-10-24_18:17:04.830456.avi_5.886300086975098.jpg con esta confidence:0.882324
cara encontrada en: /var/www/html/reconocimientoFacial/proyecto_definitivo/admin/files/videos_registro_videos/1_otraprueba_5.avi
cara guardada en /0_2022-10-24_18:17:04.932169.avi_5.988006353378296.jpg con esta confidence:0.8697197
cara encontrada en: /var/www/html/reconocimientoFacial/proyecto_definitivo/admin/files/videos_registro_videos/1_otraprueba_5.avi
cara guardada en /0_2022-10-24_18:17:05.037543.avi_6.093388795852661.jpg con esta confidence:0.79786533
voy(5) leyendo el video..
tenemos(5) frame k lo guardo ..
voy(5) leyendo el video..
tenemos(5) frame k lo guardo ..
cara encontrada en: /var/www/html/reconocimientoFacial/proyecto_definitivo/admin/files/videos_registro_videos/1_otraprueba_5.avi
cara guardada en /0_2022-10-24_18:17:06.779717.avi_7.835560321807861.jpg con esta confidence:0.9948007
cara encontrada en: /var/www/html/reconocimientoFacial/proyecto_definitivo/admin/files/videos_registro_videos/1_otraprueba_5.avi
cara guardada en /0_2022-10-24_18:17:07.267439.avi_8.323282480239868.jpg con esta confidence:0.9927124
cara encontrada en: /var/www/html/reconocimientoFacial/proyecto_definitivo/admin/files/videos_registro_videos/1_otraprueba_5.avi
cara guardada en /0_2022-10-24_18:17:07.308101.avi_8.363945484161377.jpg con esta confidence:0.95856756
cara encontrada en: /var/www/html/reconocimientoFacial/proyecto_definitivo/admin/files/videos_registro_videos/1_otraprueba_5.avi
cara guardada en /0_2022-10-24_18:17:07.421548.avi_8.47739052772522.jpg con esta confidence:0.9042396
cara encontrada en: /var/www/html/reconocimientoFacial/proyecto_definitivo/admin/files/videos_registro_videos/1_otraprueba_5.avi
cara guardada en /0_2022-10-24_18:17:07.455727.avi_8.511572122573853.jpg con esta confidence:0.8959688
cara encontrada en: /var/www/html/reconocimientoFacial/proyecto_definitivo/admin/files/videos_registro_videos/1_otraprueba_5.avi
cara guardada en /0_2022-10-24_18:17:07.607554.avi_8.663399696350098.jpg con esta confidence:0.8929252
cara encontrada en: /var/www/html/reconocimientoFacial/proyecto_definitivo/admin/files/videos_registro_videos/1_otraprueba_5.avi
cara guardada en /0_2022-10-24_18:17:07.715446.avi_8.771291255950928.jpg con esta confidence:0.8045931
cara encontrada en: /var/www/html/reconocimientoFacial/proyecto_definitivo/admin/files/videos_registro_videos/1_otraprueba_5.avi
cara guardada en /0_2022-10-24_18:17:07.818247.avi_8.874087810516357.jpg con esta confidence:0.7692577
voy(5) leyendo el video..
tenemos(5) frame k lo guardo ..
voy(5) leyendo el video..
tenemos(5) frame k lo guardo ..
cara encontrada en: /var/www/html/reconocimientoFacial/proyecto_definitivo/admin/files/videos_registro_videos/1_otraprueba_5.avi
cara guardada en /0_2022-10-24_18:17:10.465444.avi_11.521288394927979.jpg con esta confidence:0.9939162
cara encontrada en: /var/www/html/reconocimientoFacial/proyecto_definitivo/admin/files/videos_registro_videos/1_otraprueba_5.avi
cara guardada en /0_2022-10-24_18:17:10.592873.avi_11.648715734481812.jpg con esta confidence:0.98950374
cara encontrada en: /var/www/html/reconocimientoFacial/proyecto_definitivo/admin/files/videos_registro_videos/1_otraprueba_5.avi
cara guardada en /0_2022-10-24_18:17:10.687644.avi_11.743489503860474.jpg con esta confidence:0.945094
cara encontrada en: /var/www/html/reconocimientoFacial/proyecto_definitivo/admin/files/videos_registro_videos/1_otraprueba_5.avi
cara guardada en /0_2022-10-24_18:17:10.747863.avi_11.803707838058472.jpg con esta confidence:0.9434788
cara encontrada en: /var/www/html/reconocimientoFacial/proyecto_definitivo/admin/files/videos_registro_videos/1_otraprueba_5.avi
cara guardada en /0_2022-10-24_18:17:11.317726.avi_12.373570680618286.jpg con esta confidence:0.89710355
cara encontrada en: /var/www/html/reconocimientoFacial/proyecto_definitivo/admin/files/videos_registro_videos/1_otraprueba_5.avi
cara guardada en /0_2022-10-24_18:17:11.331912.avi_12.387757539749146.jpg con esta confidence:0.8746229
cara encontrada en: /var/www/html/reconocimientoFacial/proyecto_definitivo/admin/files/videos_registro_videos/1_otraprueba_5.avi
cara guardada en /0_2022-10-24_18:17:11.370820.avi_12.426664113998413.jpg con esta confidence:0.84192735
cara encontrada en: /var/www/html/reconocimientoFacial/proyecto_definitivo/admin/files/videos_registro_videos/1_otraprueba_5.avi
cara guardada en /0_2022-10-24_18:17:11.722034.avi_12.777878046035767.jpg con esta confidence:0.73795354
voy(5) leyendo el video..
tenemos(5) frame k lo guardo ..
voy(5) leyendo el video..
tenemos(5) frame k lo guardo ..
cara encontrada en: /var/www/html/reconocimientoFacial/proyecto_definitivo/admin/files/videos_registro_videos/1_otraprueba_5.avi
cara guardada en /0_2022-10-24_18:17:14.707230.avi_15.763074159622192.jpg con esta confidence:0.9835539
cara encontrada en: /var/www/html/reconocimientoFacial/proyecto_definitivo/admin/files/videos_registro_videos/1_otraprueba_5.avi
cara guardada en /0_2022-10-24_18:17:14.818670.avi_15.87451434135437.jpg con esta confidence:0.9826064
cara encontrada en: /var/www/html/reconocimientoFacial/proyecto_definitivo/admin/files/videos_registro_videos/1_otraprueba_5.avi
cara guardada en /0_2022-10-24_18:17:14.957916.avi_16.013761043548584.jpg con esta confidence:0.9325868
cara encontrada en: /var/www/html/reconocimientoFacial/proyecto_definitivo/admin/files/videos_registro_videos/1_otraprueba_5.avi
cara guardada en /0_2022-10-24_18:17:15.133130.avi_16.1889750957489.jpg con esta confidence:0.874559
cara encontrada en: /var/www/html/reconocimientoFacial/proyecto_definitivo/admin/files/videos_registro_videos/1_otraprueba_5.avi
cara guardada en /0_2022-10-24_18:17:15.275160.avi_16.331005096435547.jpg con esta confidence:0.8305064
cara encontrada en: /var/www/html/reconocimientoFacial/proyecto_definitivo/admin/files/videos_registro_videos/1_otraprueba_5.avi
cara guardada en /0_2022-10-24_18:17:15.387489.avi_16.443334341049194.jpg con esta confidence:0.81902045
cara encontrada en: /var/www/html/reconocimientoFacial/proyecto_definitivo/admin/files/videos_registro_videos/1_otraprueba_5.avi
cara guardada en /0_2022-10-24_18:17:15.500115.avi_16.555960178375244.jpg con esta confidence:0.8095757
voy(5) leyendo el video..
tenemos(5) frame k lo guardo ..
voy(5) leyendo el video..
tenemos(5) frame k lo guardo ..
cara encontrada en: /var/www/html/reconocimientoFacial/proyecto_definitivo/admin/files/videos_registro_videos/1_otraprueba_5.avi
cara guardada en /0_2022-10-24_18:17:18.229150.avi_19.28499460220337.jpg con esta confidence:0.99539465
cara encontrada en: /var/www/html/reconocimientoFacial/proyecto_definitivo/admin/files/videos_registro_videos/1_otraprueba_5.avi
cara guardada en /0_2022-10-24_18:17:18.417720.avi_19.473564624786377.jpg con esta confidence:0.9939513
cara encontrada en: /var/www/html/reconocimientoFacial/proyecto_definitivo/admin/files/videos_registro_videos/1_otraprueba_5.avi
cara guardada en /0_2022-10-24_18:17:18.547979.avi_19.603824853897095.jpg con esta confidence:0.94940805
cara encontrada en: /var/www/html/reconocimientoFacial/proyecto_definitivo/admin/files/videos_registro_videos/1_otraprueba_5.avi
cara guardada en /0_2022-10-24_18:17:18.748099.avi_19.80394148826599.jpg con esta confidence:0.94889516
cara encontrada en: /var/www/html/reconocimientoFacial/proyecto_definitivo/admin/files/videos_registro_videos/1_otraprueba_5.avi
cara guardada en /0_2022-10-24_18:17:19.229805.avi_20.28564953804016.jpg con esta confidence:0.9358668
cara encontrada en: /var/www/html/reconocimientoFacial/proyecto_definitivo/admin/files/videos_registro_videos/1_otraprueba_5.avi
cara guardada en /0_2022-10-24_18:17:19.290120.avi_20.34596610069275.jpg con esta confidence:0.8974868
cara encontrada en: /var/www/html/reconocimientoFacial/proyecto_definitivo/admin/files/videos_registro_videos/1_otraprueba_5.avi
cara guardada en /0_2022-10-24_18:17:19.382195.avi_20.438040256500244.jpg con esta confidence:0.84547424
cara encontrada en: /var/www/html/reconocimientoFacial/proyecto_definitivo/admin/files/videos_registro_videos/1_otraprueba_5.avi
cara guardada en /0_2022-10-24_18:17:19.549718.avi_20.605563402175903.jpg con esta confidence:0.7316119
cara encontrada en: /var/www/html/reconocimientoFacial/proyecto_definitivo/admin/files/videos_registro_videos/1_otraprueba_5.avi
cara guardada en /0_2022-10-24_18:17:19.664400.avi_20.720245838165283.jpg con esta confidence:0.68672824
voy(5) leyendo el video..
tenemos(5) frame k lo guardo ..
voy(5) leyendo el video..
tenemos(5) frame k lo guardo ..
cara encontrada en: /var/www/html/reconocimientoFacial/proyecto_definitivo/admin/files/videos_registro_videos/1_otraprueba_5.avi
cara guardada en /0_2022-10-24_18:17:22.631140.avi_23.68698501586914.jpg con esta confidence:0.9978054
cara encontrada en: /var/www/html/reconocimientoFacial/proyecto_definitivo/admin/files/videos_registro_videos/1_otraprueba_5.avi
cara guardada en /0_2022-10-24_18:17:22.917592.avi_23.97343611717224.jpg con esta confidence:0.9966535
cara encontrada en: /var/www/html/reconocimientoFacial/proyecto_definitivo/admin/files/videos_registro_videos/1_otraprueba_5.avi
cara guardada en /0_2022-10-24_18:17:23.074393.avi_24.130237817764282.jpg con esta confidence:0.9844637
cara encontrada en: /var/www/html/reconocimientoFacial/proyecto_definitivo/admin/files/videos_registro_videos/1_otraprueba_5.avi
cara guardada en /0_2022-10-24_18:17:23.301179.avi_24.357022285461426.jpg con esta confidence:0.9790812
cara encontrada en: /var/www/html/reconocimientoFacial/proyecto_definitivo/admin/files/videos_registro_videos/1_otraprueba_5.avi
cara guardada en /0_2022-10-24_18:17:23.513869.avi_24.5697124004364.jpg con esta confidence:0.95319706
cara encontrada en: /var/www/html/reconocimientoFacial/proyecto_definitivo/admin/files/videos_registro_videos/1_otraprueba_5.avi
cara guardada en /0_2022-10-24_18:17:23.603331.avi_24.659176111221313.jpg con esta confidence:0.90030605
cara encontrada en: /var/www/html/reconocimientoFacial/proyecto_definitivo/admin/files/videos_registro_videos/1_otraprueba_5.avi
cara guardada en /0_2022-10-24_18:17:23.819044.avi_24.874889135360718.jpg con esta confidence:0.8972342
cara encontrada en: /var/www/html/reconocimientoFacial/proyecto_definitivo/admin/files/videos_registro_videos/1_otraprueba_5.avi
cara guardada en /0_2022-10-24_18:17:23.955526.avi_25.011372327804565.jpg con esta confidence:0.80031216
cara encontrada en: /var/www/html/reconocimientoFacial/proyecto_definitivo/admin/files/videos_registro_videos/1_otraprueba_5.avi
cara guardada en /0_2022-10-24_18:17:24.143405.avi_25.19925045967102.jpg con esta confidence:0.72963166
cara encontrada en: /var/www/html/reconocimientoFacial/proyecto_definitivo/admin/files/videos_registro_videos/1_otraprueba_5.avi
cara guardada en /0_2022-10-24_18:17:24.254407.avi_25.31025195121765.jpg con esta confidence:0.7083444
voy(5) leyendo el video..
tenemos(5) frame k lo guardo ..
voy(5) leyendo el video..
tenemos(5) frame k lo guardo ..
cara encontrada en: /var/www/html/reconocimientoFacial/proyecto_definitivo/admin/files/videos_registro_videos/1_otraprueba_5.avi
cara guardada en /0_2022-10-24_18:17:27.774401.avi_28.830245971679688.jpg con esta confidence:0.99988806
cara encontrada en: /var/www/html/reconocimientoFacial/proyecto_definitivo/admin/files/videos_registro_videos/1_otraprueba_5.avi
cara guardada en /0_2022-10-24_18:17:27.963014.avi_29.018859386444092.jpg con esta confidence:0.99897385
cara encontrada en: /var/www/html/reconocimientoFacial/proyecto_definitivo/admin/files/videos_registro_videos/1_otraprueba_5.avi
cara guardada en /0_2022-10-24_18:17:28.100383.avi_29.1562283039093.jpg con esta confidence:0.99876535
cara encontrada en: /var/www/html/reconocimientoFacial/proyecto_definitivo/admin/files/videos_registro_videos/1_otraprueba_5.avi
cara guardada en /0_2022-10-24_18:17:28.271002.avi_29.326847314834595.jpg con esta confidence:0.99841833
cara encontrada en: /var/www/html/reconocimientoFacial/proyecto_definitivo/admin/files/videos_registro_videos/1_otraprueba_5.avi
cara guardada en /0_2022-10-24_18:17:28.421244.avi_29.477088928222656.jpg con esta confidence:0.996114
cara encontrada en: /var/www/html/reconocimientoFacial/proyecto_definitivo/admin/files/videos_registro_videos/1_otraprueba_5.avi
cara guardada en /0_2022-10-24_18:17:28.536949.avi_29.59279441833496.jpg con esta confidence:0.99311924
cara encontrada en: /var/www/html/reconocimientoFacial/proyecto_definitivo/admin/files/videos_registro_videos/1_otraprueba_5.avi
cara guardada en /0_2022-10-24_18:17:28.684864.avi_29.74070930480957.jpg con esta confidence:0.9813747
cara encontrada en: /var/www/html/reconocimientoFacial/proyecto_definitivo/admin/files/videos_registro_videos/1_otraprueba_5.avi
cara guardada en /0_2022-10-24_18:17:28.767068.avi_29.82291269302368.jpg con esta confidence:0.9700285
cara encontrada en: /var/www/html/reconocimientoFacial/proyecto_definitivo/admin/files/videos_registro_videos/1_otraprueba_5.avi
cara guardada en /0_2022-10-24_18:17:28.894222.avi_29.950066089630127.jpg con esta confidence:0.96301675
cara encontrada en: /var/www/html/reconocimientoFacial/proyecto_definitivo/admin/files/videos_registro_videos/1_otraprueba_5.avi
cara guardada en /0_2022-10-24_18:17:29.169755.avi_30.225600242614746.jpg con esta confidence:0.7586606
cara encontrada en: /var/www/html/reconocimientoFacial/proyecto_definitivo/admin/files/videos_registro_videos/1_otraprueba_5.avi
cara guardada en /0_2022-10-24_18:17:29.418273.avi_30.474117755889893.jpg con esta confidence:0.7422848
cara encontrada en: /var/www/html/reconocimientoFacial/proyecto_definitivo/admin/files/videos_registro_videos/1_otraprueba_5.avi
cara guardada en /0_2022-10-24_18:17:29.491372.avi_30.54721760749817.jpg con esta confidence:0.7290394
voy(5) leyendo el video..
tenemos(5) frame k lo guardo ..
voy(5) leyendo el video..
tenemos(5) frame k lo guardo ..
cara encontrada en: /var/www/html/reconocimientoFacial/proyecto_definitivo/admin/files/videos_registro_videos/1_otraprueba_5.avi
cara guardada en /0_2022-10-24_18:17:32.630483.avi_33.686326026916504.jpg con esta confidence:0.9999795
cara encontrada en: /var/www/html/reconocimientoFacial/proyecto_definitivo/admin/files/videos_registro_videos/1_otraprueba_5.avi
cara guardada en /0_2022-10-24_18:17:32.775957.avi_33.83180236816406.jpg con esta confidence:0.9999677
cara encontrada en: /var/www/html/reconocimientoFacial/proyecto_definitivo/admin/files/videos_registro_videos/1_otraprueba_5.avi
cara guardada en /0_2022-10-24_18:17:32.917866.avi_33.973710775375366.jpg con esta confidence:0.9998691
cara encontrada en: /var/www/html/reconocimientoFacial/proyecto_definitivo/admin/files/videos_registro_videos/1_otraprueba_5.avi
cara guardada en /0_2022-10-24_18:17:33.085736.avi_34.1415810585022.jpg con esta confidence:0.99972886
cara encontrada en: /var/www/html/reconocimientoFacial/proyecto_definitivo/admin/files/videos_registro_videos/1_otraprueba_5.avi
cara guardada en /0_2022-10-24_18:17:33.279499.avi_34.33534383773804.jpg con esta confidence:0.99721885
cara encontrada en: /var/www/html/reconocimientoFacial/proyecto_definitivo/admin/files/videos_registro_videos/1_otraprueba_5.avi
cara guardada en /0_2022-10-24_18:17:33.562751.avi_34.61859631538391.jpg con esta confidence:0.9962664
cara encontrada en: /var/www/html/reconocimientoFacial/proyecto_definitivo/admin/files/videos_registro_videos/1_otraprueba_5.avi
cara guardada en /0_2022-10-24_18:17:33.768716.avi_34.82455897331238.jpg con esta confidence:0.9957254
cara encontrada en: /var/www/html/reconocimientoFacial/proyecto_definitivo/admin/files/videos_registro_videos/1_otraprueba_5.avi
cara guardada en /0_2022-10-24_18:17:33.941523.avi_34.997366428375244.jpg con esta confidence:0.99412715
cara encontrada en: /var/www/html/reconocimientoFacial/proyecto_definitivo/admin/files/videos_registro_videos/1_otraprueba_5.avi
cara guardada en /0_2022-10-24_18:17:34.112753.avi_35.16859745979309.jpg con esta confidence:0.99151564
cara encontrada en: /var/www/html/reconocimientoFacial/proyecto_definitivo/admin/files/videos_registro_videos/1_otraprueba_5.avi
cara guardada en /0_2022-10-24_18:17:34.217206.avi_35.27305054664612.jpg con esta confidence:0.9804504
cara encontrada en: /var/www/html/reconocimientoFacial/proyecto_definitivo/admin/files/videos_registro_videos/1_otraprueba_5.avi
cara guardada en /0_2022-10-24_18:17:34.373645.avi_35.429489850997925.jpg con esta confidence:0.8673374
cara encontrada en: /var/www/html/reconocimientoFacial/proyecto_definitivo/admin/files/videos_registro_videos/1_otraprueba_5.avi
cara guardada en /0_2022-10-24_18:17:34.569327.avi_35.62517189979553.jpg con esta confidence:0.8419971
cara encontrada en: /var/www/html/reconocimientoFacial/proyecto_definitivo/admin/files/videos_registro_videos/1_otraprueba_5.avi
cara guardada en /0_2022-10-24_18:17:34.777589.avi_35.83343482017517.jpg con esta confidence:0.7782728
cara encontrada en: /var/www/html/reconocimientoFacial/proyecto_definitivo/admin/files/videos_registro_videos/1_otraprueba_5.avi
cara guardada en /0_2022-10-24_18:17:34.962111.avi_36.01795554161072.jpg con esta confidence:0.76597255
voy(5) leyendo el video..
tenemos(5) frame k lo guardo ..
voy(5) leyendo el video..
tenemos(5) frame k lo guardo ..
cara encontrada en: /var/www/html/reconocimientoFacial/proyecto_definitivo/admin/files/videos_registro_videos/1_otraprueba_5.avi
cara guardada en /0_2022-10-24_18:17:38.205106.avi_39.26094889640808.jpg con esta confidence:0.99997866
cara encontrada en: /var/www/html/reconocimientoFacial/proyecto_definitivo/admin/files/videos_registro_videos/1_otraprueba_5.avi
cara guardada en /0_2022-10-24_18:17:38.213496.avi_39.269341230392456.jpg con esta confidence:0.99995756
cara encontrada en: /var/www/html/reconocimientoFacial/proyecto_definitivo/admin/files/videos_registro_videos/1_otraprueba_5.avi
cara guardada en /0_2022-10-24_18:17:38.315425.avi_39.371269941329956.jpg con esta confidence:0.99994624
cara encontrada en: /var/www/html/reconocimientoFacial/proyecto_definitivo/admin/files/videos_registro_videos/1_otraprueba_5.avi
cara guardada en /0_2022-10-24_18:17:38.522056.avi_39.57790184020996.jpg con esta confidence:0.99985456
cara encontrada en: /var/www/html/reconocimientoFacial/proyecto_definitivo/admin/files/videos_registro_videos/1_otraprueba_5.avi
cara guardada en /0_2022-10-24_18:17:38.648991.avi_39.704835653305054.jpg con esta confidence:0.99912244
cara encontrada en: /var/www/html/reconocimientoFacial/proyecto_definitivo/admin/files/videos_registro_videos/1_otraprueba_5.avi
cara guardada en /0_2022-10-24_18:17:38.824643.avi_39.88048815727234.jpg con esta confidence:0.99827933
cara encontrada en: /var/www/html/reconocimientoFacial/proyecto_definitivo/admin/files/videos_registro_videos/1_otraprueba_5.avi
cara guardada en /0_2022-10-24_18:17:38.992245.avi_40.04809021949768.jpg con esta confidence:0.9929957
cara encontrada en: /var/www/html/reconocimientoFacial/proyecto_definitivo/admin/files/videos_registro_videos/1_otraprueba_5.avi
cara guardada en /0_2022-10-24_18:17:39.127278.avi_40.183122873306274.jpg con esta confidence:0.98871326
cara encontrada en: /var/www/html/reconocimientoFacial/proyecto_definitivo/admin/files/videos_registro_videos/1_otraprueba_5.avi
cara guardada en /0_2022-10-24_18:17:39.298541.avi_40.35438537597656.jpg con esta confidence:0.97662306
cara encontrada en: /var/www/html/reconocimientoFacial/proyecto_definitivo/admin/files/videos_registro_videos/1_otraprueba_5.avi
cara guardada en /0_2022-10-24_18:17:39.520236.avi_40.57607960700989.jpg con esta confidence:0.9402904
cara encontrada en: /var/www/html/reconocimientoFacial/proyecto_definitivo/admin/files/videos_registro_videos/1_otraprueba_5.avi
cara guardada en /0_2022-10-24_18:17:39.761271.avi_40.817116498947144.jpg con esta confidence:0.93506634
cara encontrada en: /var/www/html/reconocimientoFacial/proyecto_definitivo/admin/files/videos_registro_videos/1_otraprueba_5.avi
cara guardada en /0_2022-10-24_18:17:39.840459.avi_40.89630460739136.jpg con esta confidence:0.8760804
cara encontrada en: /var/www/html/reconocimientoFacial/proyecto_definitivo/admin/files/videos_registro_videos/1_otraprueba_5.avi
cara guardada en /0_2022-10-24_18:17:40.252625.avi_41.30846929550171.jpg con esta confidence:0.85595334
cara encontrada en: /var/www/html/reconocimientoFacial/proyecto_definitivo/admin/files/videos_registro_videos/1_otraprueba_5.avi
cara guardada en /0_2022-10-24_18:17:40.419727.avi_41.47557210922241.jpg con esta confidence:0.7376297
cara encontrada en: /var/www/html/reconocimientoFacial/proyecto_definitivo/admin/files/videos_registro_videos/1_otraprueba_5.avi
cara guardada en /0_2022-10-24_18:17:40.550790.avi_41.60663437843323.jpg con esta confidence:0.68692815
voy(5) leyendo el video..
tenemos(5) frame k lo guardo ..
voy(5) leyendo el video..
tenemos(5) frame k lo guardo ..
cara encontrada en: /var/www/html/reconocimientoFacial/proyecto_definitivo/admin/files/videos_registro_videos/1_otraprueba_5.avi
cara guardada en /0_2022-10-24_18:17:42.958784.avi_44.01462769508362.jpg con esta confidence:0.9999802
cara encontrada en: /var/www/html/reconocimientoFacial/proyecto_definitivo/admin/files/videos_registro_videos/1_otraprueba_5.avi
cara guardada en /0_2022-10-24_18:17:45.765810.avi_46.82165598869324.jpg con esta confidence:0.9999496
cara encontrada en: /var/www/html/reconocimientoFacial/proyecto_definitivo/admin/files/videos_registro_videos/1_otraprueba_5.avi
cara guardada en /0_2022-10-24_18:17:45.774166.avi_46.83001136779785.jpg con esta confidence:0.99967694
cara encontrada en: /var/www/html/reconocimientoFacial/proyecto_definitivo/admin/files/videos_registro_videos/1_otraprueba_5.avi
cara guardada en /0_2022-10-24_18:17:45.781694.avi_46.83753848075867.jpg con esta confidence:0.99953675
cara encontrada en: /var/www/html/reconocimientoFacial/proyecto_definitivo/admin/files/videos_registro_videos/1_otraprueba_5.avi
cara guardada en /0_2022-10-24_18:17:45.789383.avi_46.84522795677185.jpg con esta confidence:0.9993231
cara encontrada en: /var/www/html/reconocimientoFacial/proyecto_definitivo/admin/files/videos_registro_videos/1_otraprueba_5.avi
cara guardada en /0_2022-10-24_18:17:45.838814.avi_46.89465928077698.jpg con esta confidence:0.99860877
cara encontrada en: /var/www/html/reconocimientoFacial/proyecto_definitivo/admin/files/videos_registro_videos/1_otraprueba_5.avi
cara guardada en /0_2022-10-24_18:17:45.917593.avi_46.97343945503235.jpg con esta confidence:0.9938783
cara encontrada en: /var/www/html/reconocimientoFacial/proyecto_definitivo/admin/files/videos_registro_videos/1_otraprueba_5.avi
cara guardada en /0_2022-10-24_18:17:45.985183.avi_47.04102849960327.jpg con esta confidence:0.99348456
cara encontrada en: /var/www/html/reconocimientoFacial/proyecto_definitivo/admin/files/videos_registro_videos/1_otraprueba_5.avi
cara guardada en /0_2022-10-24_18:17:46.067051.avi_47.122896909713745.jpg con esta confidence:0.98823583
cara encontrada en: /var/www/html/reconocimientoFacial/proyecto_definitivo/admin/files/videos_registro_videos/1_otraprueba_5.avi
cara guardada en /0_2022-10-24_18:17:46.138046.avi_47.193891525268555.jpg con esta confidence:0.9537793
cara encontrada en: /var/www/html/reconocimientoFacial/proyecto_definitivo/admin/files/videos_registro_videos/1_otraprueba_5.avi
cara guardada en /0_2022-10-24_18:17:46.290866.avi_47.34670901298523.jpg con esta confidence:0.89254665
cara encontrada en: /var/www/html/reconocimientoFacial/proyecto_definitivo/admin/files/videos_registro_videos/1_otraprueba_5.avi
cara guardada en /0_2022-10-24_18:17:46.420575.avi_47.476420879364014.jpg con esta confidence:0.8413677
cara encontrada en: /var/www/html/reconocimientoFacial/proyecto_definitivo/admin/files/videos_registro_videos/1_otraprueba_5.avi
cara guardada en /0_2022-10-24_18:17:46.735131.avi_47.790976762771606.jpg con esta confidence:0.8135215
cara encontrada en: /var/www/html/reconocimientoFacial/proyecto_definitivo/admin/files/videos_registro_videos/1_otraprueba_5.avi
cara guardada en /0_2022-10-24_18:17:47.082565.avi_48.13840937614441.jpg con esta confidence:0.69566435
voy(5) leyendo el video..
tenemos(5) frame k lo guardo ..
voy(5) leyendo el video..
tenemos(5) frame k lo guardo ..
cara encontrada en: /var/www/html/reconocimientoFacial/proyecto_definitivo/admin/files/videos_registro_videos/1_otraprueba_5.avi
cara guardada en /0_2022-10-24_18:17:50.023837.avi_51.07968044281006.jpg con esta confidence:0.99991024
cara encontrada en: /var/www/html/reconocimientoFacial/proyecto_definitivo/admin/files/videos_registro_videos/1_otraprueba_5.avi
cara guardada en /0_2022-10-24_18:17:50.137758.avi_51.19360160827637.jpg con esta confidence:0.99990225
cara encontrada en: /var/www/html/reconocimientoFacial/proyecto_definitivo/admin/files/videos_registro_videos/1_otraprueba_5.avi
cara guardada en /0_2022-10-24_18:17:50.224560.avi_51.280404806137085.jpg con esta confidence:0.99985707
cara encontrada en: /var/www/html/reconocimientoFacial/proyecto_definitivo/admin/files/videos_registro_videos/1_otraprueba_5.avi
cara guardada en /0_2022-10-24_18:17:50.296841.avi_51.352686405181885.jpg con esta confidence:0.99979335
cara encontrada en: /var/www/html/reconocimientoFacial/proyecto_definitivo/admin/files/videos_registro_videos/1_otraprueba_5.avi
cara guardada en /0_2022-10-24_18:17:50.462636.avi_51.51847958564758.jpg con esta confidence:0.99851483
cara encontrada en: /var/www/html/reconocimientoFacial/proyecto_definitivo/admin/files/videos_registro_videos/1_otraprueba_5.avi
cara guardada en /0_2022-10-24_18:17:50.572825.avi_51.628668785095215.jpg con esta confidence:0.9982955
cara encontrada en: /var/www/html/reconocimientoFacial/proyecto_definitivo/admin/files/videos_registro_videos/1_otraprueba_5.avi
cara guardada en /0_2022-10-24_18:17:50.889647.avi_51.9454927444458.jpg con esta confidence:0.9737604
cara encontrada en: /var/www/html/reconocimientoFacial/proyecto_definitivo/admin/files/videos_registro_videos/1_otraprueba_5.avi
cara guardada en /0_2022-10-24_18:17:51.254772.avi_52.3106164932251.jpg con esta confidence:0.9699931
cara encontrada en: /var/www/html/reconocimientoFacial/proyecto_definitivo/admin/files/videos_registro_videos/1_otraprueba_5.avi
cara guardada en /0_2022-10-24_18:17:51.378570.avi_52.434415102005005.jpg con esta confidence:0.9456783
cara encontrada en: /var/www/html/reconocimientoFacial/proyecto_definitivo/admin/files/videos_registro_videos/1_otraprueba_5.avi
cara guardada en /0_2022-10-24_18:17:51.504344.avi_52.56018853187561.jpg con esta confidence:0.94152033
cara encontrada en: /var/www/html/reconocimientoFacial/proyecto_definitivo/admin/files/videos_registro_videos/1_otraprueba_5.avi
cara guardada en /0_2022-10-24_18:17:51.657979.avi_52.713823080062866.jpg con esta confidence:0.9115592
cara encontrada en: /var/www/html/reconocimientoFacial/proyecto_definitivo/admin/files/videos_registro_videos/1_otraprueba_5.avi
cara guardada en /0_2022-10-24_18:17:51.909185.avi_52.96502947807312.jpg con esta confidence:0.8918787
cara encontrada en: /var/www/html/reconocimientoFacial/proyecto_definitivo/admin/files/videos_registro_videos/1_otraprueba_5.avi
cara guardada en /0_2022-10-24_18:17:52.157784.avi_53.21362924575806.jpg con esta confidence:0.8806623
cara encontrada en: /var/www/html/reconocimientoFacial/proyecto_definitivo/admin/files/videos_registro_videos/1_otraprueba_5.avi
cara guardada en /0_2022-10-24_18:17:52.269240.avi_53.32508301734924.jpg con esta confidence:0.86689407
cara encontrada en: /var/www/html/reconocimientoFacial/proyecto_definitivo/admin/files/videos_registro_videos/1_otraprueba_5.avi
cara guardada en /0_2022-10-24_18:17:52.378543.avi_53.43438458442688.jpg con esta confidence:0.8394807
cara encontrada en: /var/www/html/reconocimientoFacial/proyecto_definitivo/admin/files/videos_registro_videos/1_otraprueba_5.avi
cara guardada en /0_2022-10-24_18:17:52.390988.avi_53.44683313369751.jpg con esta confidence:0.8278185
cara encontrada en: /var/www/html/reconocimientoFacial/proyecto_definitivo/admin/files/videos_registro_videos/1_otraprueba_5.avi
cara guardada en /0_2022-10-24_18:17:52.399171.avi_53.455016136169434.jpg con esta confidence:0.74422425
voy(5) leyendo el video..
tenemos(5) frame k lo guardo ..
voy(5) leyendo el video..
tenemos(5) frame k lo guardo ..
cara encontrada en: /var/www/html/reconocimientoFacial/proyecto_definitivo/admin/files/videos_registro_videos/1_otraprueba_5.avi
cara guardada en /0_2022-10-24_18:17:54.837603.avi_55.893447399139404.jpg con esta confidence:0.9999553
cara encontrada en: /var/www/html/reconocimientoFacial/proyecto_definitivo/admin/files/videos_registro_videos/1_otraprueba_5.avi
cara guardada en /0_2022-10-24_18:17:55.060866.avi_56.11671185493469.jpg con esta confidence:0.9999366
cara encontrada en: /var/www/html/reconocimientoFacial/proyecto_definitivo/admin/files/videos_registro_videos/1_otraprueba_5.avi
cara guardada en /0_2022-10-24_18:17:55.301675.avi_56.35751986503601.jpg con esta confidence:0.99990404
cara encontrada en: /var/www/html/reconocimientoFacial/proyecto_definitivo/admin/files/videos_registro_videos/1_otraprueba_5.avi
cara guardada en /0_2022-10-24_18:17:55.418605.avi_56.47445011138916.jpg con esta confidence:0.99986374
cara encontrada en: /var/www/html/reconocimientoFacial/proyecto_definitivo/admin/files/videos_registro_videos/1_otraprueba_5.avi
cara guardada en /0_2022-10-24_18:17:55.680287.avi_56.73613238334656.jpg con esta confidence:0.9993143
cara encontrada en: /var/www/html/reconocimientoFacial/proyecto_definitivo/admin/files/videos_registro_videos/1_otraprueba_5.avi
cara guardada en /0_2022-10-24_18:17:55.843116.avi_56.89896011352539.jpg con esta confidence:0.99909437
cara encontrada en: /var/www/html/reconocimientoFacial/proyecto_definitivo/admin/files/videos_registro_videos/1_otraprueba_5.avi
cara guardada en /0_2022-10-24_18:17:56.137045.avi_57.19289016723633.jpg con esta confidence:0.9870482
cara encontrada en: /var/www/html/reconocimientoFacial/proyecto_definitivo/admin/files/videos_registro_videos/1_otraprueba_5.avi
cara guardada en /0_2022-10-24_18:17:56.344204.avi_57.400049448013306.jpg con esta confidence:0.9738583
cara encontrada en: /var/www/html/reconocimientoFacial/proyecto_definitivo/admin/files/videos_registro_videos/1_otraprueba_5.avi
cara guardada en /0_2022-10-24_18:17:56.545678.avi_57.60152244567871.jpg con esta confidence:0.9517789
cara encontrada en: /var/www/html/reconocimientoFacial/proyecto_definitivo/admin/files/videos_registro_videos/1_otraprueba_5.avi
cara guardada en /0_2022-10-24_18:17:56.833186.avi_57.88903045654297.jpg con esta confidence:0.9448416
cara encontrada en: /var/www/html/reconocimientoFacial/proyecto_definitivo/admin/files/videos_registro_videos/1_otraprueba_5.avi
cara guardada en /0_2022-10-24_18:17:57.061561.avi_58.11740589141846.jpg con esta confidence:0.9389166
cara encontrada en: /var/www/html/reconocimientoFacial/proyecto_definitivo/admin/files/videos_registro_videos/1_otraprueba_5.avi
cara guardada en /0_2022-10-24_18:17:57.157400.avi_58.21324419975281.jpg con esta confidence:0.93460447
cara encontrada en: /var/www/html/reconocimientoFacial/proyecto_definitivo/admin/files/videos_registro_videos/1_otraprueba_5.avi
cara guardada en /0_2022-10-24_18:17:57.289453.avi_58.34529662132263.jpg con esta confidence:0.9244718
cara encontrada en: /var/www/html/reconocimientoFacial/proyecto_definitivo/admin/files/videos_registro_videos/1_otraprueba_5.avi
cara guardada en /0_2022-10-24_18:17:57.448389.avi_58.50423526763916.jpg con esta confidence:0.92247415
cara encontrada en: /var/www/html/reconocimientoFacial/proyecto_definitivo/admin/files/videos_registro_videos/1_otraprueba_5.avi
cara guardada en /0_2022-10-24_18:17:57.548195.avi_58.604039430618286.jpg con esta confidence:0.8993041
cara encontrada en: /var/www/html/reconocimientoFacial/proyecto_definitivo/admin/files/videos_registro_videos/1_otraprueba_5.avi
cara guardada en /0_2022-10-24_18:17:57.649107.avi_58.70495104789734.jpg con esta confidence:0.8831357
voy(5) leyendo el video..
tenemos(5) frame k lo guardo ..
voy(5) leyendo el video..
tenemos(5) frame k lo guardo ..
cara encontrada en: /var/www/html/reconocimientoFacial/proyecto_definitivo/admin/files/videos_registro_videos/1_otraprueba_5.avi
cara guardada en /0_2022-10-24_18:18:00.696095.avi_61.75194048881531.jpg con esta confidence:0.9999473
cara encontrada en: /var/www/html/reconocimientoFacial/proyecto_definitivo/admin/files/videos_registro_videos/1_otraprueba_5.avi
cara guardada en /0_2022-10-24_18:18:00.845680.avi_61.90152621269226.jpg con esta confidence:0.99989057
cara encontrada en: /var/www/html/reconocimientoFacial/proyecto_definitivo/admin/files/videos_registro_videos/1_otraprueba_5.avi
cara guardada en /0_2022-10-24_18:18:01.011011.avi_62.06685543060303.jpg con esta confidence:0.99926776
cara encontrada en: /var/www/html/reconocimientoFacial/proyecto_definitivo/admin/files/videos_registro_videos/1_otraprueba_5.avi
cara guardada en /0_2022-10-24_18:18:01.169664.avi_62.225507736206055.jpg con esta confidence:0.9990872
cara encontrada en: /var/www/html/reconocimientoFacial/proyecto_definitivo/admin/files/videos_registro_videos/1_otraprueba_5.avi
cara guardada en /0_2022-10-24_18:18:01.385358.avi_62.441203117370605.jpg con esta confidence:0.99877626
cara encontrada en: /var/www/html/reconocimientoFacial/proyecto_definitivo/admin/files/videos_registro_videos/1_otraprueba_5.avi
cara guardada en /0_2022-10-24_18:18:01.499124.avi_62.5549693107605.jpg con esta confidence:0.9979533
cara encontrada en: /var/www/html/reconocimientoFacial/proyecto_definitivo/admin/files/videos_registro_videos/1_otraprueba_5.avi
cara guardada en /0_2022-10-24_18:18:01.724538.avi_62.780383348464966.jpg con esta confidence:0.9969875
cara encontrada en: /var/www/html/reconocimientoFacial/proyecto_definitivo/admin/files/videos_registro_videos/1_otraprueba_5.avi
cara guardada en /0_2022-10-24_18:18:01.862969.avi_62.918813943862915.jpg con esta confidence:0.9939427
cara encontrada en: /var/www/html/reconocimientoFacial/proyecto_definitivo/admin/files/videos_registro_videos/1_otraprueba_5.avi
cara guardada en /0_2022-10-24_18:18:02.121515.avi_63.17736029624939.jpg con esta confidence:0.99299955
cara encontrada en: /var/www/html/reconocimientoFacial/proyecto_definitivo/admin/files/videos_registro_videos/1_otraprueba_5.avi
cara guardada en /0_2022-10-24_18:18:02.287078.avi_63.34292268753052.jpg con esta confidence:0.98925555
cara encontrada en: /var/www/html/reconocimientoFacial/proyecto_definitivo/admin/files/videos_registro_videos/1_otraprueba_5.avi
cara guardada en /0_2022-10-24_18:18:02.442473.avi_63.49831938743591.jpg con esta confidence:0.9599358
cara encontrada en: /var/www/html/reconocimientoFacial/proyecto_definitivo/admin/files/videos_registro_videos/1_otraprueba_5.avi
cara guardada en /0_2022-10-24_18:18:02.535894.avi_63.59173893928528.jpg con esta confidence:0.9499748
cara encontrada en: /var/www/html/reconocimientoFacial/proyecto_definitivo/admin/files/videos_registro_videos/1_otraprueba_5.avi
cara guardada en /0_2022-10-24_18:18:02.706330.avi_63.7621750831604.jpg con esta confidence:0.8083205
cara encontrada en: /var/www/html/reconocimientoFacial/proyecto_definitivo/admin/files/videos_registro_videos/1_otraprueba_5.avi
cara guardada en /0_2022-10-24_18:18:02.879850.avi_63.93569588661194.jpg con esta confidence:0.7951062
cara encontrada en: /var/www/html/reconocimientoFacial/proyecto_definitivo/admin/files/videos_registro_videos/1_otraprueba_5.avi
cara guardada en /0_2022-10-24_18:18:03.156026.avi_64.2118706703186.jpg con esta confidence:0.7904074
cara encontrada en: /var/www/html/reconocimientoFacial/proyecto_definitivo/admin/files/videos_registro_videos/1_otraprueba_5.avi
cara guardada en /0_2022-10-24_18:18:03.326471.avi_64.38231635093689.jpg con esta confidence:0.7647363
cara encontrada en: /var/www/html/reconocimientoFacial/proyecto_definitivo/admin/files/videos_registro_videos/1_otraprueba_5.avi
cara guardada en /0_2022-10-24_18:18:03.787404.avi_64.84324955940247.jpg con esta confidence:0.68277854
voy(5) leyendo el video..
tenemos(5) frame k lo guardo ..
voy(5) leyendo el video..
tenemos(5) frame k lo guardo ..
cara encontrada en: /var/www/html/reconocimientoFacial/proyecto_definitivo/admin/files/videos_registro_videos/1_otraprueba_5.avi
cara guardada en /0_2022-10-24_18:18:06.960974.avi_68.0168194770813.jpg con esta confidence:0.9990539
cara encontrada en: /var/www/html/reconocimientoFacial/proyecto_definitivo/admin/files/videos_registro_videos/1_otraprueba_5.avi
cara guardada en /0_2022-10-24_18:18:07.373271.avi_68.42911672592163.jpg con esta confidence:0.99856085
cara encontrada en: /var/www/html/reconocimientoFacial/proyecto_definitivo/admin/files/videos_registro_videos/1_otraprueba_5.avi
cara guardada en /0_2022-10-24_18:18:07.467528.avi_68.52337336540222.jpg con esta confidence:0.9965507
cara encontrada en: /var/www/html/reconocimientoFacial/proyecto_definitivo/admin/files/videos_registro_videos/1_otraprueba_5.avi
cara guardada en /0_2022-10-24_18:18:07.666181.avi_68.63899302482605.jpg con esta confidence:0.9962219
cara encontrada en: /var/www/html/reconocimientoFacial/proyecto_definitivo/admin/files/videos_registro_videos/1_otraprueba_5.avi
cara guardada en /0_2022-10-24_18:18:07.720310.avi_68.77615571022034.jpg con esta confidence:0.99615186
cara encontrada en: /var/www/html/reconocimientoFacial/proyecto_definitivo/admin/files/videos_registro_videos/1_otraprueba_5.avi
cara guardada en /0_2022-10-24_18:18:07.965681.avi_69.02152633666992.jpg con esta confidence:0.9924346
cara encontrada en: /var/www/html/reconocimientoFacial/proyecto_definitivo/admin/files/videos_registro_videos/1_otraprueba_5.avi
cara guardada en /0_2022-10-24_18:18:08.149625.avi_69.20546960830688.jpg con esta confidence:0.9911634
cara encontrada en: /var/www/html/reconocimientoFacial/proyecto_definitivo/admin/files/videos_registro_videos/1_otraprueba_5.avi
cara guardada en /0_2022-10-24_18:18:08.382639.avi_69.43848538398743.jpg con esta confidence:0.98974085
cara encontrada en: /var/www/html/reconocimientoFacial/proyecto_definitivo/admin/files/videos_registro_videos/1_otraprueba_5.avi
cara guardada en /0_2022-10-24_18:18:08.491468.avi_69.5473120212555.jpg con esta confidence:0.9819651
cara encontrada en: /var/www/html/reconocimientoFacial/proyecto_definitivo/admin/files/videos_registro_videos/1_otraprueba_5.avi
cara guardada en /0_2022-10-24_18:18:08.738312.avi_69.79415726661682.jpg con esta confidence:0.9390778
cara encontrada en: /var/www/html/reconocimientoFacial/proyecto_definitivo/admin/files/videos_registro_videos/1_otraprueba_5.avi
cara guardada en /0_2022-10-24_18:18:09.001312.avi_70.05715680122375.jpg con esta confidence:0.9228014
cara encontrada en: /var/www/html/reconocimientoFacial/proyecto_definitivo/admin/files/videos_registro_videos/1_otraprueba_5.avi
cara guardada en /0_2022-10-24_18:18:09.268059.avi_70.32390403747559.jpg con esta confidence:0.8906297
cara encontrada en: /var/www/html/reconocimientoFacial/proyecto_definitivo/admin/files/videos_registro_videos/1_otraprueba_5.avi
cara guardada en /0_2022-10-24_18:18:09.542050.avi_70.59789419174194.jpg con esta confidence:0.8843614
cara encontrada en: /var/www/html/reconocimientoFacial/proyecto_definitivo/admin/files/videos_registro_videos/1_otraprueba_5.avi
cara guardada en /0_2022-10-24_18:18:09.709714.avi_70.76555895805359.jpg con esta confidence:0.8457321
cara encontrada en: /var/www/html/reconocimientoFacial/proyecto_definitivo/admin/files/videos_registro_videos/1_otraprueba_5.avi
cara guardada en /0_2022-10-24_18:18:09.856586.avi_70.91243124008179.jpg con esta confidence:0.8158046
cara encontrada en: /var/www/html/reconocimientoFacial/proyecto_definitivo/admin/files/videos_registro_videos/1_otraprueba_5.avi
cara guardada en /0_2022-10-24_18:18:10.039952.avi_71.09579610824585.jpg con esta confidence:0.7963505
cara encontrada en: /var/www/html/reconocimientoFacial/proyecto_definitivo/admin/files/videos_registro_videos/1_otraprueba_5.avi
cara guardada en /0_2022-10-24_18:18:10.154205.avi_71.21005010604858.jpg con esta confidence:0.7422818
voy(5) leyendo el video..
tenemos(5) frame k lo guardo ..
voy(5) leyendo el video..
tenemos(5) frame k lo guardo ..
cara encontrada en: /var/www/html/reconocimientoFacial/proyecto_definitivo/admin/files/videos_registro_videos/1_otraprueba_5.avi
cara guardada en /0_2022-10-24_18:18:12.789138.avi_73.84498381614685.jpg con esta confidence:0.9996667
cara encontrada en: /var/www/html/reconocimientoFacial/proyecto_definitivo/admin/files/videos_registro_videos/1_otraprueba_5.avi
cara guardada en /0_2022-10-24_18:18:12.995926.avi_74.05177068710327.jpg con esta confidence:0.9994412
cara encontrada en: /var/www/html/reconocimientoFacial/proyecto_definitivo/admin/files/videos_registro_videos/1_otraprueba_5.avi
cara guardada en /0_2022-10-24_18:18:13.237155.avi_74.29300093650818.jpg con esta confidence:0.9991184
cara encontrada en: /var/www/html/reconocimientoFacial/proyecto_definitivo/admin/files/videos_registro_videos/1_otraprueba_5.avi
cara guardada en /0_2022-10-24_18:18:13.346163.avi_74.40200853347778.jpg con esta confidence:0.9984232
cara encontrada en: /var/www/html/reconocimientoFacial/proyecto_definitivo/admin/files/videos_registro_videos/1_otraprueba_5.avi
cara guardada en /0_2022-10-24_18:18:13.749959.avi_74.80580377578735.jpg con esta confidence:0.99754995
cara encontrada en: /var/www/html/reconocimientoFacial/proyecto_definitivo/admin/files/videos_registro_videos/1_otraprueba_5.avi
cara guardada en /0_2022-10-24_18:18:13.931272.avi_74.98711729049683.jpg con esta confidence:0.9954646
cara encontrada en: /var/www/html/reconocimientoFacial/proyecto_definitivo/admin/files/videos_registro_videos/1_otraprueba_5.avi
cara guardada en /0_2022-10-24_18:18:14.130393.avi_75.18623685836792.jpg con esta confidence:0.9947765
cara encontrada en: /var/www/html/reconocimientoFacial/proyecto_definitivo/admin/files/videos_registro_videos/1_otraprueba_5.avi
cara guardada en /0_2022-10-24_18:18:14.311700.avi_75.36754560470581.jpg con esta confidence:0.99304575
cara encontrada en: /var/www/html/reconocimientoFacial/proyecto_definitivo/admin/files/videos_registro_videos/1_otraprueba_5.avi
cara guardada en /0_2022-10-24_18:18:14.518684.avi_75.57452940940857.jpg con esta confidence:0.9886779
cara encontrada en: /var/www/html/reconocimientoFacial/proyecto_definitivo/admin/files/videos_registro_videos/1_otraprueba_5.avi
cara guardada en /0_2022-10-24_18:18:14.659013.avi_75.71485304832458.jpg con esta confidence:0.9840146
cara encontrada en: /var/www/html/reconocimientoFacial/proyecto_definitivo/admin/files/videos_registro_videos/1_otraprueba_5.avi
cara guardada en /0_2022-10-24_18:18:14.897292.avi_75.95313715934753.jpg con esta confidence:0.98307437
cara encontrada en: /var/www/html/reconocimientoFacial/proyecto_definitivo/admin/files/videos_registro_videos/1_otraprueba_5.avi
cara guardada en /0_2022-10-24_18:18:14.990561.avi_76.04640650749207.jpg con esta confidence:0.96953875
cara encontrada en: /var/www/html/reconocimientoFacial/proyecto_definitivo/admin/files/videos_registro_videos/1_otraprueba_5.avi
cara guardada en /0_2022-10-24_18:18:15.231189.avi_76.28703427314758.jpg con esta confidence:0.95948255
cara encontrada en: /var/www/html/reconocimientoFacial/proyecto_definitivo/admin/files/videos_registro_videos/1_otraprueba_5.avi
cara guardada en /0_2022-10-24_18:18:15.392543.avi_76.44838285446167.jpg con esta confidence:0.9569259
cara encontrada en: /var/www/html/reconocimientoFacial/proyecto_definitivo/admin/files/videos_registro_videos/1_otraprueba_5.avi
cara guardada en /0_2022-10-24_18:18:15.677586.avi_76.73342967033386.jpg con esta confidence:0.94485563
cara encontrada en: /var/www/html/reconocimientoFacial/proyecto_definitivo/admin/files/videos_registro_videos/1_otraprueba_5.avi
cara guardada en /0_2022-10-24_18:18:15.866625.avi_76.92246866226196.jpg con esta confidence:0.9343488
cara encontrada en: /var/www/html/reconocimientoFacial/proyecto_definitivo/admin/files/videos_registro_videos/1_otraprueba_5.avi
cara guardada en /0_2022-10-24_18:18:16.132877.avi_77.18872308731079.jpg con esta confidence:0.8000426
cara encontrada en: /var/www/html/reconocimientoFacial/proyecto_definitivo/admin/files/videos_registro_videos/1_otraprueba_5.avi
cara guardada en /0_2022-10-24_18:18:16.421473.avi_77.4773178100586.jpg con esta confidence:0.730817
cara encontrada en: /var/www/html/reconocimientoFacial/proyecto_definitivo/admin/files/videos_registro_videos/1_otraprueba_5.avi
cara guardada en /0_2022-10-24_18:18:16.650809.avi_77.70665431022644.jpg con esta confidence:0.7208247
cara encontrada en: /var/www/html/reconocimientoFacial/proyecto_definitivo/admin/files/videos_registro_videos/1_otraprueba_5.avi
cara guardada en /0_2022-10-24_18:18:16.871886.avi_77.92773032188416.jpg con esta confidence:0.6968917
voy(5) leyendo el video..
tenemos(5) frame k lo guardo ..
voy(5) leyendo el video..
tenemos(5) frame k lo guardo ..
cara encontrada en: /var/www/html/reconocimientoFacial/proyecto_definitivo/admin/files/videos_registro_videos/1_otraprueba_5.avi
cara guardada en /0_2022-10-24_18:18:19.883157.avi_80.9390013217926.jpg con esta confidence:0.99845076
cara encontrada en: /var/www/html/reconocimientoFacial/proyecto_definitivo/admin/files/videos_registro_videos/1_otraprueba_5.avi
cara guardada en /0_2022-10-24_18:18:21.075683.avi_82.13152885437012.jpg con esta confidence:0.9974407
cara encontrada en: /var/www/html/reconocimientoFacial/proyecto_definitivo/admin/files/videos_registro_videos/1_otraprueba_5.avi
cara guardada en /0_2022-10-24_18:18:21.152782.avi_82.20861864089966.jpg con esta confidence:0.99693274
cara encontrada en: /var/www/html/reconocimientoFacial/proyecto_definitivo/admin/files/videos_registro_videos/1_otraprueba_5.avi
cara guardada en /0_2022-10-24_18:18:21.243347.avi_82.29919195175171.jpg con esta confidence:0.99678576
cara encontrada en: /var/www/html/reconocimientoFacial/proyecto_definitivo/admin/files/videos_registro_videos/1_otraprueba_5.avi
cara guardada en /0_2022-10-24_18:18:21.288251.avi_82.34409618377686.jpg con esta confidence:0.9951024
cara encontrada en: /var/www/html/reconocimientoFacial/proyecto_definitivo/admin/files/videos_registro_videos/1_otraprueba_5.avi
cara guardada en /0_2022-10-24_18:18:21.425433.avi_82.48127794265747.jpg con esta confidence:0.995001
cara encontrada en: /var/www/html/reconocimientoFacial/proyecto_definitivo/admin/files/videos_registro_videos/1_otraprueba_5.avi
cara guardada en /0_2022-10-24_18:18:21.485436.avi_82.54127883911133.jpg con esta confidence:0.9840432
cara encontrada en: /var/www/html/reconocimientoFacial/proyecto_definitivo/admin/files/videos_registro_videos/1_otraprueba_5.avi
cara guardada en /0_2022-10-24_18:18:21.660853.avi_82.71669816970825.jpg con esta confidence:0.982802
cara encontrada en: /var/www/html/reconocimientoFacial/proyecto_definitivo/admin/files/videos_registro_videos/1_otraprueba_5.avi
cara guardada en /0_2022-10-24_18:18:21.813099.avi_82.8689444065094.jpg con esta confidence:0.9677362
cara encontrada en: /var/www/html/reconocimientoFacial/proyecto_definitivo/admin/files/videos_registro_videos/1_otraprueba_5.avi
cara guardada en /0_2022-10-24_18:18:21.940165.avi_82.9960105419159.jpg con esta confidence:0.96699154
cara encontrada en: /var/www/html/reconocimientoFacial/proyecto_definitivo/admin/files/videos_registro_videos/1_otraprueba_5.avi
cara guardada en /0_2022-10-24_18:18:22.138331.avi_83.19417238235474.jpg con esta confidence:0.9647069
cara encontrada en: /var/www/html/reconocimientoFacial/proyecto_definitivo/admin/files/videos_registro_videos/1_otraprueba_5.avi
cara guardada en /0_2022-10-24_18:18:22.180427.avi_83.23627209663391.jpg con esta confidence:0.96088064
cara encontrada en: /var/www/html/reconocimientoFacial/proyecto_definitivo/admin/files/videos_registro_videos/1_otraprueba_5.avi
cara guardada en /0_2022-10-24_18:18:22.445525.avi_83.50137066841125.jpg con esta confidence:0.9486537
cara encontrada en: /var/www/html/reconocimientoFacial/proyecto_definitivo/admin/files/videos_registro_videos/1_otraprueba_5.avi
cara guardada en /0_2022-10-24_18:18:22.679269.avi_83.73511505126953.jpg con esta confidence:0.9112247
cara encontrada en: /var/www/html/reconocimientoFacial/proyecto_definitivo/admin/files/videos_registro_videos/1_otraprueba_5.avi
cara guardada en /0_2022-10-24_18:18:22.878012.avi_83.93385648727417.jpg con esta confidence:0.90515685
cara encontrada en: /var/www/html/reconocimientoFacial/proyecto_definitivo/admin/files/videos_registro_videos/1_otraprueba_5.avi
cara guardada en /0_2022-10-24_18:18:23.092819.avi_84.14866304397583.jpg con esta confidence:0.902521
cara encontrada en: /var/www/html/reconocimientoFacial/proyecto_definitivo/admin/files/videos_registro_videos/1_otraprueba_5.avi
cara guardada en /0_2022-10-24_18:18:23.349129.avi_84.40497422218323.jpg con esta confidence:0.8806956
cara encontrada en: /var/www/html/reconocimientoFacial/proyecto_definitivo/admin/files/videos_registro_videos/1_otraprueba_5.avi
cara guardada en /0_2022-10-24_18:18:23.500575.avi_84.55642056465149.jpg con esta confidence:0.8295978
cara encontrada en: /var/www/html/reconocimientoFacial/proyecto_definitivo/admin/files/videos_registro_videos/1_otraprueba_5.avi
cara guardada en /0_2022-10-24_18:18:23.850811.avi_84.90665626525879.jpg con esta confidence:0.75833476
cara encontrada en: /var/www/html/reconocimientoFacial/proyecto_definitivo/admin/files/videos_registro_videos/1_otraprueba_5.avi
cara guardada en /0_2022-10-24_18:18:24.024865.avi_85.0807089805603.jpg con esta confidence:0.7343827
voy(5) leyendo el video..
tenemos(5) frame k lo guardo ..
voy(5) leyendo el video..
tenemos(5) frame k lo guardo ..
cara encontrada en: /var/www/html/reconocimientoFacial/proyecto_definitivo/admin/files/videos_registro_videos/1_otraprueba_5.avi
cara guardada en /0_2022-10-24_18:18:27.040898.avi_88.09674191474915.jpg con esta confidence:0.9824377
cara encontrada en: /var/www/html/reconocimientoFacial/proyecto_definitivo/admin/files/videos_registro_videos/1_otraprueba_5.avi
cara guardada en /0_2022-10-24_18:18:27.178354.avi_88.23419880867004.jpg con esta confidence:0.96448255
cara encontrada en: /var/www/html/reconocimientoFacial/proyecto_definitivo/admin/files/videos_registro_videos/1_otraprueba_5.avi
cara guardada en /0_2022-10-24_18:18:27.462067.avi_88.51789832115173.jpg con esta confidence:0.9508998
cara encontrada en: /var/www/html/reconocimientoFacial/proyecto_definitivo/admin/files/videos_registro_videos/1_otraprueba_5.avi
cara guardada en /0_2022-10-24_18:18:27.703348.avi_88.75919246673584.jpg con esta confidence:0.94778234
cara encontrada en: /var/www/html/reconocimientoFacial/proyecto_definitivo/admin/files/videos_registro_videos/1_otraprueba_5.avi
cara guardada en /0_2022-10-24_18:18:27.884997.avi_88.940842628479.jpg con esta confidence:0.92922515
cara encontrada en: /var/www/html/reconocimientoFacial/proyecto_definitivo/admin/files/videos_registro_videos/1_otraprueba_5.avi
cara guardada en /0_2022-10-24_18:18:28.174811.avi_89.23065543174744.jpg con esta confidence:0.8122086
cara encontrada en: /var/www/html/reconocimientoFacial/proyecto_definitivo/admin/files/videos_registro_videos/1_otraprueba_5.avi
cara guardada en /0_2022-10-24_18:18:28.446467.avi_89.50231051445007.jpg con esta confidence:0.790665
cara encontrada en: /var/www/html/reconocimientoFacial/proyecto_definitivo/admin/files/videos_registro_videos/1_otraprueba_5.avi
cara guardada en /0_2022-10-24_18:18:28.645263.avi_89.70110702514648.jpg con esta confidence:0.78497046
voy(5) leyendo el video..
tenemos(5) frame k lo guardo ..
voy(5) leyendo el video..
tenemos(5) frame k lo guardo ..
cara encontrada en: /var/www/html/reconocimientoFacial/proyecto_definitivo/admin/files/videos_registro_videos/1_otraprueba_5.avi
cara guardada en /0_2022-10-24_18:18:31.396186.avi_92.45202898979187.jpg con esta confidence:0.89072704
cara encontrada en: /var/www/html/reconocimientoFacial/proyecto_definitivo/admin/files/videos_registro_videos/1_otraprueba_5.avi
cara guardada en /0_2022-10-24_18:18:31.522295.avi_92.5781364440918.jpg con esta confidence:0.8873815
cara encontrada en: /var/www/html/reconocimientoFacial/proyecto_definitivo/admin/files/videos_registro_videos/1_otraprueba_5.avi
cara guardada en /0_2022-10-24_18:18:31.969669.avi_93.02551174163818.jpg con esta confidence:0.8584716
cara encontrada en: /var/www/html/reconocimientoFacial/proyecto_definitivo/admin/files/videos_registro_videos/1_otraprueba_5.avi
cara guardada en /0_2022-10-24_18:18:32.056877.avi_93.11272168159485.jpg con esta confidence:0.8465596
voy(5) leyendo el video..
tenemos(5) frame k lo guardo ..
voy(5) leyendo el video..
tenemos(5) frame k lo guardo ..
cara encontrada en: /var/www/html/reconocimientoFacial/proyecto_definitivo/admin/files/videos_registro_videos/1_otraprueba_5.avi
cara guardada en /0_2022-10-24_18:18:35.755428.avi_96.8112735748291.jpg con esta confidence:0.99975485
cara encontrada en: /var/www/html/reconocimientoFacial/proyecto_definitivo/admin/files/videos_registro_videos/1_otraprueba_5.avi
cara guardada en /0_2022-10-24_18:18:36.020995.avi_97.07683992385864.jpg con esta confidence:0.99856347
cara encontrada en: /var/www/html/reconocimientoFacial/proyecto_definitivo/admin/files/videos_registro_videos/1_otraprueba_5.avi
cara guardada en /0_2022-10-24_18:18:36.224935.avi_97.28077960014343.jpg con esta confidence:0.99347526
cara encontrada en: /var/www/html/reconocimientoFacial/proyecto_definitivo/admin/files/videos_registro_videos/1_otraprueba_5.avi
cara guardada en /0_2022-10-24_18:18:36.384144.avi_97.43998837471008.jpg con esta confidence:0.99020946
cara encontrada en: /var/www/html/reconocimientoFacial/proyecto_definitivo/admin/files/videos_registro_videos/1_otraprueba_5.avi
cara guardada en /0_2022-10-24_18:18:36.653682.avi_97.70952725410461.jpg con esta confidence:0.97556883
cara encontrada en: /var/www/html/reconocimientoFacial/proyecto_definitivo/admin/files/videos_registro_videos/1_otraprueba_5.avi
cara guardada en /0_2022-10-24_18:18:36.872814.avi_97.92865657806396.jpg con esta confidence:0.96403927
cara encontrada en: /var/www/html/reconocimientoFacial/proyecto_definitivo/admin/files/videos_registro_videos/1_otraprueba_5.avi
cara guardada en /0_2022-10-24_18:18:37.029678.avi_98.08552312850952.jpg con esta confidence:0.95781994
cara encontrada en: /var/www/html/reconocimientoFacial/proyecto_definitivo/admin/files/videos_registro_videos/1_otraprueba_5.avi
cara guardada en /0_2022-10-24_18:18:37.132762.avi_98.18860459327698.jpg con esta confidence:0.95391744
cara encontrada en: /var/www/html/reconocimientoFacial/proyecto_definitivo/admin/files/videos_registro_videos/1_otraprueba_5.avi
cara guardada en /0_2022-10-24_18:18:37.351761.avi_98.40760660171509.jpg con esta confidence:0.76672345
voy(5) leyendo el video..
tenemos(5) frame k lo guardo ..
voy(5) leyendo el video..
tenemos(5) frame k lo guardo ..
cara encontrada en: /var/www/html/reconocimientoFacial/proyecto_definitivo/admin/files/videos_registro_videos/1_otraprueba_5.avi
cara guardada en /0_2022-10-24_18:18:40.444299.avi_101.50014352798462.jpg con esta confidence:0.9999801
cara encontrada en: /var/www/html/reconocimientoFacial/proyecto_definitivo/admin/files/videos_registro_videos/1_otraprueba_5.avi
cara guardada en /0_2022-10-24_18:18:40.542489.avi_101.59833407402039.jpg con esta confidence:0.9996778
cara encontrada en: /var/www/html/reconocimientoFacial/proyecto_definitivo/admin/files/videos_registro_videos/1_otraprueba_5.avi
cara guardada en /0_2022-10-24_18:18:40.622758.avi_101.67860317230225.jpg con esta confidence:0.99902356
cara encontrada en: /var/www/html/reconocimientoFacial/proyecto_definitivo/admin/files/videos_registro_videos/1_otraprueba_5.avi
cara guardada en /0_2022-10-24_18:18:40.845211.avi_101.90105366706848.jpg con esta confidence:0.9988016
cara encontrada en: /var/www/html/reconocimientoFacial/proyecto_definitivo/admin/files/videos_registro_videos/1_otraprueba_5.avi
cara guardada en /0_2022-10-24_18:18:40.869039.avi_101.92488384246826.jpg con esta confidence:0.99404705
cara encontrada en: /var/www/html/reconocimientoFacial/proyecto_definitivo/admin/files/videos_registro_videos/1_otraprueba_5.avi
cara guardada en /0_2022-10-24_18:18:40.893571.avi_101.94941592216492.jpg con esta confidence:0.9901231
cara encontrada en: /var/www/html/reconocimientoFacial/proyecto_definitivo/admin/files/videos_registro_videos/1_otraprueba_5.avi
cara guardada en /0_2022-10-24_18:18:40.913373.avi_101.96921825408936.jpg con esta confidence:0.98927605
cara encontrada en: /var/www/html/reconocimientoFacial/proyecto_definitivo/admin/files/videos_registro_videos/1_otraprueba_5.avi
cara guardada en /0_2022-10-24_18:18:40.966751.avi_102.02259540557861.jpg con esta confidence:0.9843091
cara encontrada en: /var/www/html/reconocimientoFacial/proyecto_definitivo/admin/files/videos_registro_videos/1_otraprueba_5.avi
cara guardada en /0_2022-10-24_18:18:41.281281.avi_102.33712553977966.jpg con esta confidence:0.8238364
cara encontrada en: /var/www/html/reconocimientoFacial/proyecto_definitivo/admin/files/videos_registro_videos/1_otraprueba_5.avi
cara guardada en /0_2022-10-24_18:18:41.445559.avi_102.50140261650085.jpg con esta confidence:0.80926913
voy(5) leyendo el video..
tenemos(5) frame k lo guardo ..
voy(5) leyendo el video..
tenemos(5) frame k lo guardo ..
cara encontrada en: /var/www/html/reconocimientoFacial/proyecto_definitivo/admin/files/videos_registro_videos/1_otraprueba_5.avi
cara guardada en /0_2022-10-24_18:18:44.656048.avi_105.71189045906067.jpg con esta confidence:0.9999242
cara encontrada en: /var/www/html/reconocimientoFacial/proyecto_definitivo/admin/files/videos_registro_videos/1_otraprueba_5.avi
cara guardada en /0_2022-10-24_18:18:44.816799.avi_105.87264347076416.jpg con esta confidence:0.9993507
cara encontrada en: /var/www/html/reconocimientoFacial/proyecto_definitivo/admin/files/videos_registro_videos/1_otraprueba_5.avi
cara guardada en /0_2022-10-24_18:18:45.050054.avi_106.10589957237244.jpg con esta confidence:0.9992988
cara encontrada en: /var/www/html/reconocimientoFacial/proyecto_definitivo/admin/files/videos_registro_videos/1_otraprueba_5.avi
cara guardada en /0_2022-10-24_18:18:45.322386.avi_106.37822914123535.jpg con esta confidence:0.99719197
cara encontrada en: /var/www/html/reconocimientoFacial/proyecto_definitivo/admin/files/videos_registro_videos/1_otraprueba_5.avi
cara guardada en /0_2022-10-24_18:18:45.583004.avi_106.6388487815857.jpg con esta confidence:0.99516726
cara encontrada en: /var/www/html/reconocimientoFacial/proyecto_definitivo/admin/files/videos_registro_videos/1_otraprueba_5.avi
cara guardada en /0_2022-10-24_18:18:45.844123.avi_106.89996838569641.jpg con esta confidence:0.96412146
cara encontrada en: /var/www/html/reconocimientoFacial/proyecto_definitivo/admin/files/videos_registro_videos/1_otraprueba_5.avi
cara guardada en /0_2022-10-24_18:18:46.059787.avi_107.11562943458557.jpg con esta confidence:0.9140223
cara encontrada en: /var/www/html/reconocimientoFacial/proyecto_definitivo/admin/files/videos_registro_videos/1_otraprueba_5.avi
cara guardada en /0_2022-10-24_18:18:46.271320.avi_107.32716464996338.jpg con esta confidence:0.8578694
cara encontrada en: /var/www/html/reconocimientoFacial/proyecto_definitivo/admin/files/videos_registro_videos/1_otraprueba_5.avi
cara guardada en /0_2022-10-24_18:18:46.416266.avi_107.47211027145386.jpg con esta confidence:0.77339333
voy(5) leyendo el video..
tenemos(5) frame k lo guardo ..
voy(5) leyendo el video..
tenemos(5) frame k lo guardo ..
cara encontrada en: /var/www/html/reconocimientoFacial/proyecto_definitivo/admin/files/videos_registro_videos/1_otraprueba_5.avi
cara guardada en /0_2022-10-24_18:18:49.013599.avi_110.06944417953491.jpg con esta confidence:0.9998
cara encontrada en: /var/www/html/reconocimientoFacial/proyecto_definitivo/admin/files/videos_registro_videos/1_otraprueba_5.avi
cara guardada en /0_2022-10-24_18:18:49.411583.avi_110.46742796897888.jpg con esta confidence:0.9996145
cara encontrada en: /var/www/html/reconocimientoFacial/proyecto_definitivo/admin/files/videos_registro_videos/1_otraprueba_5.avi
cara guardada en /0_2022-10-24_18:18:49.604660.avi_110.66050481796265.jpg con esta confidence:0.99917763
cara encontrada en: /var/www/html/reconocimientoFacial/proyecto_definitivo/admin/files/videos_registro_videos/1_otraprueba_5.avi
cara guardada en /0_2022-10-24_18:18:49.725146.avi_110.78099203109741.jpg con esta confidence:0.9983584
cara encontrada en: /var/www/html/reconocimientoFacial/proyecto_definitivo/admin/files/videos_registro_videos/1_otraprueba_5.avi
cara guardada en /0_2022-10-24_18:18:49.817054.avi_110.87289953231812.jpg con esta confidence:0.9868413
cara encontrada en: /var/www/html/reconocimientoFacial/proyecto_definitivo/admin/files/videos_registro_videos/1_otraprueba_5.avi
cara guardada en /0_2022-10-24_18:18:49.866770.avi_110.92261600494385.jpg con esta confidence:0.8863343
cara encontrada en: /var/www/html/reconocimientoFacial/proyecto_definitivo/admin/files/videos_registro_videos/1_otraprueba_5.avi
cara guardada en /0_2022-10-24_18:18:49.963979.avi_111.0198245048523.jpg con esta confidence:0.83672816
cara encontrada en: /var/www/html/reconocimientoFacial/proyecto_definitivo/admin/files/videos_registro_videos/1_otraprueba_5.avi
cara guardada en /0_2022-10-24_18:18:50.062155.avi_111.11800003051758.jpg con esta confidence:0.74022835
voy(5) leyendo el video..
tenemos(5) frame k lo guardo ..
voy(5) leyendo el video..
tenemos(5) frame k lo guardo ..
cara encontrada en: /var/www/html/reconocimientoFacial/proyecto_definitivo/admin/files/videos_registro_videos/1_otraprueba_5.avi
cara guardada en /0_2022-10-24_18:18:52.693293.avi_113.74913430213928.jpg con esta confidence:0.9998832
cara encontrada en: /var/www/html/reconocimientoFacial/proyecto_definitivo/admin/files/videos_registro_videos/1_otraprueba_5.avi
cara guardada en /0_2022-10-24_18:18:52.849591.avi_113.90543699264526.jpg con esta confidence:0.9997043
cara encontrada en: /var/www/html/reconocimientoFacial/proyecto_definitivo/admin/files/videos_registro_videos/1_otraprueba_5.avi
cara guardada en /0_2022-10-24_18:18:52.899087.avi_113.95493221282959.jpg con esta confidence:0.99791163
cara encontrada en: /var/www/html/reconocimientoFacial/proyecto_definitivo/admin/files/videos_registro_videos/1_otraprueba_5.avi
cara guardada en /0_2022-10-24_18:18:53.116480.avi_114.17232537269592.jpg con esta confidence:0.9958949
cara encontrada en: /var/www/html/reconocimientoFacial/proyecto_definitivo/admin/files/videos_registro_videos/1_otraprueba_5.avi
cara guardada en /0_2022-10-24_18:18:53.375544.avi_114.43138837814331.jpg con esta confidence:0.99363685
cara encontrada en: /var/www/html/reconocimientoFacial/proyecto_definitivo/admin/files/videos_registro_videos/1_otraprueba_5.avi
cara guardada en /0_2022-10-24_18:18:53.602194.avi_114.65803956985474.jpg con esta confidence:0.9696377
cara encontrada en: /var/www/html/reconocimientoFacial/proyecto_definitivo/admin/files/videos_registro_videos/1_otraprueba_5.avi
cara guardada en /0_2022-10-24_18:18:53.759396.avi_114.81524133682251.jpg con esta confidence:0.9485979
cara encontrada en: /var/www/html/reconocimientoFacial/proyecto_definitivo/admin/files/videos_registro_videos/1_otraprueba_5.avi
cara guardada en /0_2022-10-24_18:18:53.985440.avi_115.0412859916687.jpg con esta confidence:0.7998851
cara encontrada en: /var/www/html/reconocimientoFacial/proyecto_definitivo/admin/files/videos_registro_videos/1_otraprueba_5.avi
cara guardada en /0_2022-10-24_18:18:54.461668.avi_115.51751255989075.jpg con esta confidence:0.70820004
voy(5) leyendo el video..
tenemos(5) frame k lo guardo ..
voy(5) leyendo el video..
tenemos(5) frame k lo guardo ..
cara encontrada en: /var/www/html/reconocimientoFacial/proyecto_definitivo/admin/files/videos_registro_videos/1_otraprueba_5.avi
cara guardada en /0_2022-10-24_18:18:57.402892.avi_118.45873618125916.jpg con esta confidence:0.999925
cara encontrada en: /var/www/html/reconocimientoFacial/proyecto_definitivo/admin/files/videos_registro_videos/1_otraprueba_5.avi
cara guardada en /0_2022-10-24_18:18:57.613407.avi_118.66925287246704.jpg con esta confidence:0.99944085
cara encontrada en: /var/www/html/reconocimientoFacial/proyecto_definitivo/admin/files/videos_registro_videos/1_otraprueba_5.avi
cara guardada en /0_2022-10-24_18:18:57.756189.avi_118.81203436851501.jpg con esta confidence:0.9984295
cara encontrada en: /var/www/html/reconocimientoFacial/proyecto_definitivo/admin/files/videos_registro_videos/1_otraprueba_5.avi
cara guardada en /0_2022-10-24_18:18:57.868259.avi_118.92410516738892.jpg con esta confidence:0.99490106
cara encontrada en: /var/www/html/reconocimientoFacial/proyecto_definitivo/admin/files/videos_registro_videos/1_otraprueba_5.avi
cara guardada en /0_2022-10-24_18:18:58.023194.avi_119.07904028892517.jpg con esta confidence:0.9929519
cara encontrada en: /var/www/html/reconocimientoFacial/proyecto_definitivo/admin/files/videos_registro_videos/1_otraprueba_5.avi
cara guardada en /0_2022-10-24_18:18:58.169292.avi_119.22513794898987.jpg con esta confidence:0.976358
cara encontrada en: /var/www/html/reconocimientoFacial/proyecto_definitivo/admin/files/videos_registro_videos/1_otraprueba_5.avi
cara guardada en /0_2022-10-24_18:18:58.204885.avi_119.26072978973389.jpg con esta confidence:0.96998817
cara encontrada en: /var/www/html/reconocimientoFacial/proyecto_definitivo/admin/files/videos_registro_videos/1_otraprueba_5.avi
cara guardada en /0_2022-10-24_18:18:58.305689.avi_119.36153435707092.jpg con esta confidence:0.87461233
cara encontrada en: /var/www/html/reconocimientoFacial/proyecto_definitivo/admin/files/videos_registro_videos/1_otraprueba_5.avi
cara guardada en /0_2022-10-24_18:18:58.366894.avi_119.42273879051208.jpg con esta confidence:0.868133
voy(5) leyendo el video..
tenemos(5) frame k lo guardo ..
voy(5) leyendo el video..
tenemos(5) frame k lo guardo ..
cara encontrada en: /var/www/html/reconocimientoFacial/proyecto_definitivo/admin/files/videos_registro_videos/1_otraprueba_5.avi
cara guardada en /0_2022-10-24_18:19:01.660871.avi_122.71671390533447.jpg con esta confidence:0.9999286
cara encontrada en: /var/www/html/reconocimientoFacial/proyecto_definitivo/admin/files/videos_registro_videos/1_otraprueba_5.avi
cara guardada en /0_2022-10-24_18:19:01.796965.avi_122.8528048992157.jpg con esta confidence:0.99908876
cara encontrada en: /var/www/html/reconocimientoFacial/proyecto_definitivo/admin/files/videos_registro_videos/1_otraprueba_5.avi
cara guardada en /0_2022-10-24_18:19:01.948736.avi_123.00457549095154.jpg con esta confidence:0.9988865
cara encontrada en: /var/www/html/reconocimientoFacial/proyecto_definitivo/admin/files/videos_registro_videos/1_otraprueba_5.avi
cara guardada en /0_2022-10-24_18:19:02.031054.avi_123.08689880371094.jpg con esta confidence:0.9956564
cara encontrada en: /var/www/html/reconocimientoFacial/proyecto_definitivo/admin/files/videos_registro_videos/1_otraprueba_5.avi
cara guardada en /0_2022-10-24_18:19:02.133116.avi_123.18896126747131.jpg con esta confidence:0.9928738
cara encontrada en: /var/www/html/reconocimientoFacial/proyecto_definitivo/admin/files/videos_registro_videos/1_otraprueba_5.avi
cara guardada en /0_2022-10-24_18:19:02.244758.avi_123.30060267448425.jpg con esta confidence:0.9688685
cara encontrada en: /var/www/html/reconocimientoFacial/proyecto_definitivo/admin/files/videos_registro_videos/1_otraprueba_5.avi
cara guardada en /0_2022-10-24_18:19:02.385275.avi_123.44112133979797.jpg con esta confidence:0.95560324
cara encontrada en: /var/www/html/reconocimientoFacial/proyecto_definitivo/admin/files/videos_registro_videos/1_otraprueba_5.avi
cara guardada en /0_2022-10-24_18:19:02.560878.avi_123.61672306060791.jpg con esta confidence:0.9169854
cara encontrada en: /var/www/html/reconocimientoFacial/proyecto_definitivo/admin/files/videos_registro_videos/1_otraprueba_5.avi
cara guardada en /0_2022-10-24_18:19:02.693325.avi_123.74917006492615.jpg con esta confidence:0.87454295
voy(5) leyendo el video..
tenemos(5) frame k lo guardo ..
voy(5) leyendo el video..
tenemos(5) frame k lo guardo ..
cara encontrada en: /var/www/html/reconocimientoFacial/proyecto_definitivo/admin/files/videos_registro_videos/1_otraprueba_5.avi
cara guardada en /0_2022-10-24_18:19:04.504284.avi_125.5601282119751.jpg con esta confidence:0.99994254
cara encontrada en: /var/www/html/reconocimientoFacial/proyecto_definitivo/admin/files/videos_registro_videos/1_otraprueba_5.avi
cara guardada en /0_2022-10-24_18:19:04.641169.avi_125.6970100402832.jpg con esta confidence:0.9995383
cara encontrada en: /var/www/html/reconocimientoFacial/proyecto_definitivo/admin/files/videos_registro_videos/1_otraprueba_5.avi
cara guardada en /0_2022-10-24_18:19:04.759905.avi_125.81574988365173.jpg con esta confidence:0.99791294
cara encontrada en: /var/www/html/reconocimientoFacial/proyecto_definitivo/admin/files/videos_registro_videos/1_otraprueba_5.avi
cara guardada en /0_2022-10-24_18:19:04.811806.avi_125.86765098571777.jpg con esta confidence:0.99699247
cara encontrada en: /var/www/html/reconocimientoFacial/proyecto_definitivo/admin/files/videos_registro_videos/1_otraprueba_5.avi
cara guardada en /0_2022-10-24_18:19:04.865933.avi_125.92177820205688.jpg con esta confidence:0.99473554
cara encontrada en: /var/www/html/reconocimientoFacial/proyecto_definitivo/admin/files/videos_registro_videos/1_otraprueba_5.avi
cara guardada en /0_2022-10-24_18:19:04.879695.avi_125.93554043769836.jpg con esta confidence:0.9850095
cara encontrada en: /var/www/html/reconocimientoFacial/proyecto_definitivo/admin/files/videos_registro_videos/1_otraprueba_5.avi
cara guardada en /0_2022-10-24_18:19:04.905899.avi_125.96174240112305.jpg con esta confidence:0.9744931
cara encontrada en: /var/www/html/reconocimientoFacial/proyecto_definitivo/admin/files/videos_registro_videos/1_otraprueba_5.avi
cara guardada en /0_2022-10-24_18:19:05.047434.avi_126.10327935218811.jpg con esta confidence:0.8995168
cara encontrada en: /var/www/html/reconocimientoFacial/proyecto_definitivo/admin/files/videos_registro_videos/1_otraprueba_5.avi
cara guardada en /0_2022-10-24_18:19:05.118575.avi_126.17441987991333.jpg con esta confidence:0.79691684
voy(5) leyendo el video..
tenemos(5) frame k lo guardo ..
voy(5) leyendo el video..
tenemos(5) frame k lo guardo ..
cara encontrada en: /var/www/html/reconocimientoFacial/proyecto_definitivo/admin/files/videos_registro_videos/1_otraprueba_5.avi
cara guardada en /0_2022-10-24_18:19:06.064982.avi_127.12082648277283.jpg con esta confidence:0.9999249
cara encontrada en: /var/www/html/reconocimientoFacial/proyecto_definitivo/admin/files/videos_registro_videos/1_otraprueba_5.avi
cara guardada en /0_2022-10-24_18:19:06.086398.avi_127.14224147796631.jpg con esta confidence:0.99989855
cara encontrada en: /var/www/html/reconocimientoFacial/proyecto_definitivo/admin/files/videos_registro_videos/1_otraprueba_5.avi
cara guardada en /0_2022-10-24_18:19:06.151076.avi_127.2069206237793.jpg con esta confidence:0.9959512
cara encontrada en: /var/www/html/reconocimientoFacial/proyecto_definitivo/admin/files/videos_registro_videos/1_otraprueba_5.avi
cara guardada en /0_2022-10-24_18:19:06.230222.avi_127.28606748580933.jpg con esta confidence:0.9953334
cara encontrada en: /var/www/html/reconocimientoFacial/proyecto_definitivo/admin/files/videos_registro_videos/1_otraprueba_5.avi
cara guardada en /0_2022-10-24_18:19:06.289307.avi_127.34515166282654.jpg con esta confidence:0.9951316
cara encontrada en: /var/www/html/reconocimientoFacial/proyecto_definitivo/admin/files/videos_registro_videos/1_otraprueba_5.avi
cara guardada en /0_2022-10-24_18:19:06.384952.avi_127.44079685211182.jpg con esta confidence:0.99412364
cara encontrada en: /var/www/html/reconocimientoFacial/proyecto_definitivo/admin/files/videos_registro_videos/1_otraprueba_5.avi
cara guardada en /0_2022-10-24_18:19:06.425321.avi_127.48116397857666.jpg con esta confidence:0.9914575
cara encontrada en: /var/www/html/reconocimientoFacial/proyecto_definitivo/admin/files/videos_registro_videos/1_otraprueba_5.avi
cara guardada en /0_2022-10-24_18:19:06.477111.avi_127.53295636177063.jpg con esta confidence:0.70975614
voy(5) leyendo el video..
Llego al final y remuevo el video!
Tiempo de analizar el video:127.77586150169373
