tenemos este video:/var/www/html/reconocimientoFacial/proyecto_definitivo/admin/files/videos_registro_videos/1_otraprueba_1.avi
voy(1) leyendo el video..
tenemos(1) frame k lo guardo ..
voy(1) leyendo el video..
tenemos(1) frame k lo guardo ..
cara encontrada en: /var/www/html/reconocimientoFacial/proyecto_definitivo/admin/files/videos_registro_videos/1_otraprueba_1.avi
cara guardada en /0_2022-10-24_18:16:59.731799.avi_1.1388168334960938.jpg con esta confidence:0.99924916
cara encontrada en: /var/www/html/reconocimientoFacial/proyecto_definitivo/admin/files/videos_registro_videos/1_otraprueba_1.avi
cara guardada en /0_2022-10-24_18:16:59.813640.avi_1.2206616401672363.jpg con esta confidence:0.99841845
cara encontrada en: /var/www/html/reconocimientoFacial/proyecto_definitivo/admin/files/videos_registro_videos/1_otraprueba_1.avi
cara guardada en /0_2022-10-24_18:16:59.913517.avi_1.3205387592315674.jpg con esta confidence:0.9981646
cara encontrada en: /var/www/html/reconocimientoFacial/proyecto_definitivo/admin/files/videos_registro_videos/1_otraprueba_1.avi
cara guardada en /0_2022-10-24_18:16:59.950618.avi_1.3576388359069824.jpg con esta confidence:0.9972364
cara encontrada en: /var/www/html/reconocimientoFacial/proyecto_definitivo/admin/files/videos_registro_videos/1_otraprueba_1.avi
cara guardada en /0_2022-10-24_18:16:59.997874.avi_1.4048962593078613.jpg con esta confidence:0.9956528
cara encontrada en: /var/www/html/reconocimientoFacial/proyecto_definitivo/admin/files/videos_registro_videos/1_otraprueba_1.avi
cara guardada en /0_2022-10-24_18:17:00.029864.avi_1.4368865489959717.jpg con esta confidence:0.9898976
cara encontrada en: /var/www/html/reconocimientoFacial/proyecto_definitivo/admin/files/videos_registro_videos/1_otraprueba_1.avi
cara guardada en /0_2022-10-24_18:17:00.064565.avi_1.4715871810913086.jpg con esta confidence:0.98552555
cara encontrada en: /var/www/html/reconocimientoFacial/proyecto_definitivo/admin/files/videos_registro_videos/1_otraprueba_1.avi
cara guardada en /0_2022-10-24_18:17:00.100450.avi_1.5074713230133057.jpg con esta confidence:0.97637844
cara encontrada en: /var/www/html/reconocimientoFacial/proyecto_definitivo/admin/files/videos_registro_videos/1_otraprueba_1.avi
cara guardada en /0_2022-10-24_18:17:00.159137.avi_1.5661594867706299.jpg con esta confidence:0.9523101
cara encontrada en: /var/www/html/reconocimientoFacial/proyecto_definitivo/admin/files/videos_registro_videos/1_otraprueba_1.avi
cara guardada en /0_2022-10-24_18:17:00.220891.avi_1.627912998199463.jpg con esta confidence:0.94573224
cara encontrada en: /var/www/html/reconocimientoFacial/proyecto_definitivo/admin/files/videos_registro_videos/1_otraprueba_1.avi
cara guardada en /0_2022-10-24_18:17:00.292205.avi_1.6992273330688477.jpg con esta confidence:0.9228075
cara encontrada en: /var/www/html/reconocimientoFacial/proyecto_definitivo/admin/files/videos_registro_videos/1_otraprueba_1.avi
cara guardada en /0_2022-10-24_18:17:00.389503.avi_1.796525239944458.jpg con esta confidence:0.89883125
cara encontrada en: /var/www/html/reconocimientoFacial/proyecto_definitivo/admin/files/videos_registro_videos/1_otraprueba_1.avi
cara guardada en /0_2022-10-24_18:17:00.537874.avi_1.9448966979980469.jpg con esta confidence:0.86815137
cara encontrada en: /var/www/html/reconocimientoFacial/proyecto_definitivo/admin/files/videos_registro_videos/1_otraprueba_1.avi
cara guardada en /0_2022-10-24_18:17:00.577129.avi_1.9841504096984863.jpg con esta confidence:0.84982646
cara encontrada en: /var/www/html/reconocimientoFacial/proyecto_definitivo/admin/files/videos_registro_videos/1_otraprueba_1.avi
cara guardada en /0_2022-10-24_18:17:00.633937.avi_2.040959596633911.jpg con esta confidence:0.8056146
cara encontrada en: /var/www/html/reconocimientoFacial/proyecto_definitivo/admin/files/videos_registro_videos/1_otraprueba_1.avi
cara guardada en /0_2022-10-24_18:17:00.696878.avi_2.1038999557495117.jpg con esta confidence:0.7277771
cara encontrada en: /var/www/html/reconocimientoFacial/proyecto_definitivo/admin/files/videos_registro_videos/1_otraprueba_1.avi
cara guardada en /0_2022-10-24_18:17:00.738875.avi_2.14589786529541.jpg con esta confidence:0.7213287
cara encontrada en: /var/www/html/reconocimientoFacial/proyecto_definitivo/admin/files/videos_registro_videos/1_otraprueba_1.avi
cara guardada en /0_2022-10-24_18:17:00.814096.avi_2.2211177349090576.jpg con esta confidence:0.7002208
cara encontrada en: /var/www/html/reconocimientoFacial/proyecto_definitivo/admin/files/videos_registro_videos/1_otraprueba_1.avi
cara guardada en /0_2022-10-24_18:17:00.905356.avi_2.312378168106079.jpg con esta confidence:0.6863093
voy(1) leyendo el video..
tenemos(1) frame k lo guardo ..
voy(1) leyendo el video..
tenemos(1) frame k lo guardo ..
cara encontrada en: /var/www/html/reconocimientoFacial/proyecto_definitivo/admin/files/videos_registro_videos/1_otraprueba_1.avi
cara guardada en /0_2022-10-24_18:17:02.111611.avi_3.518632411956787.jpg con esta confidence:0.9991615
cara encontrada en: /var/www/html/reconocimientoFacial/proyecto_definitivo/admin/files/videos_registro_videos/1_otraprueba_1.avi
cara guardada en /0_2022-10-24_18:17:02.209443.avi_3.6164658069610596.jpg con esta confidence:0.99809486
cara encontrada en: /var/www/html/reconocimientoFacial/proyecto_definitivo/admin/files/videos_registro_videos/1_otraprueba_1.avi
cara guardada en /0_2022-10-24_18:17:02.263957.avi_3.6709790229797363.jpg con esta confidence:0.9980261
cara encontrada en: /var/www/html/reconocimientoFacial/proyecto_definitivo/admin/files/videos_registro_videos/1_otraprueba_1.avi
cara guardada en /0_2022-10-24_18:17:02.355149.avi_3.762171506881714.jpg con esta confidence:0.9967781
cara encontrada en: /var/www/html/reconocimientoFacial/proyecto_definitivo/admin/files/videos_registro_videos/1_otraprueba_1.avi
cara guardada en /0_2022-10-24_18:17:02.437730.avi_3.844752073287964.jpg con esta confidence:0.9941049
cara encontrada en: /var/www/html/reconocimientoFacial/proyecto_definitivo/admin/files/videos_registro_videos/1_otraprueba_1.avi
cara guardada en /0_2022-10-24_18:17:02.476319.avi_3.8833415508270264.jpg con esta confidence:0.9894929
cara encontrada en: /var/www/html/reconocimientoFacial/proyecto_definitivo/admin/files/videos_registro_videos/1_otraprueba_1.avi
cara guardada en /0_2022-10-24_18:17:02.584510.avi_3.991532325744629.jpg con esta confidence:0.987518
cara encontrada en: /var/www/html/reconocimientoFacial/proyecto_definitivo/admin/files/videos_registro_videos/1_otraprueba_1.avi
cara guardada en /0_2022-10-24_18:17:02.694966.avi_4.101986885070801.jpg con esta confidence:0.9807195
cara encontrada en: /var/www/html/reconocimientoFacial/proyecto_definitivo/admin/files/videos_registro_videos/1_otraprueba_1.avi
cara guardada en /0_2022-10-24_18:17:02.823812.avi_4.2308337688446045.jpg con esta confidence:0.9511738
cara encontrada en: /var/www/html/reconocimientoFacial/proyecto_definitivo/admin/files/videos_registro_videos/1_otraprueba_1.avi
cara guardada en /0_2022-10-24_18:17:02.962790.avi_4.369811534881592.jpg con esta confidence:0.9476431
cara encontrada en: /var/www/html/reconocimientoFacial/proyecto_definitivo/admin/files/videos_registro_videos/1_otraprueba_1.avi
cara guardada en /0_2022-10-24_18:17:03.098596.avi_4.505618333816528.jpg con esta confidence:0.9459355
cara encontrada en: /var/www/html/reconocimientoFacial/proyecto_definitivo/admin/files/videos_registro_videos/1_otraprueba_1.avi
cara guardada en /0_2022-10-24_18:17:03.273594.avi_4.68061637878418.jpg con esta confidence:0.9024041
cara encontrada en: /var/www/html/reconocimientoFacial/proyecto_definitivo/admin/files/videos_registro_videos/1_otraprueba_1.avi
cara guardada en /0_2022-10-24_18:17:03.412921.avi_4.819943189620972.jpg con esta confidence:0.8644849
cara encontrada en: /var/www/html/reconocimientoFacial/proyecto_definitivo/admin/files/videos_registro_videos/1_otraprueba_1.avi
cara guardada en /0_2022-10-24_18:17:03.509930.avi_4.916952133178711.jpg con esta confidence:0.84210753
cara encontrada en: /var/www/html/reconocimientoFacial/proyecto_definitivo/admin/files/videos_registro_videos/1_otraprueba_1.avi
cara guardada en /0_2022-10-24_18:17:03.632946.avi_5.039968252182007.jpg con esta confidence:0.797159
cara encontrada en: /var/www/html/reconocimientoFacial/proyecto_definitivo/admin/files/videos_registro_videos/1_otraprueba_1.avi
cara guardada en /0_2022-10-24_18:17:03.742907.avi_5.149929761886597.jpg con esta confidence:0.7820884
cara encontrada en: /var/www/html/reconocimientoFacial/proyecto_definitivo/admin/files/videos_registro_videos/1_otraprueba_1.avi
cara guardada en /0_2022-10-24_18:17:03.922613.avi_5.329633951187134.jpg con esta confidence:0.7373717
cara encontrada en: /var/www/html/reconocimientoFacial/proyecto_definitivo/admin/files/videos_registro_videos/1_otraprueba_1.avi
cara guardada en /0_2022-10-24_18:17:03.932535.avi_5.339558124542236.jpg con esta confidence:0.731516
cara encontrada en: /var/www/html/reconocimientoFacial/proyecto_definitivo/admin/files/videos_registro_videos/1_otraprueba_1.avi
cara guardada en /0_2022-10-24_18:17:04.089203.avi_5.496224403381348.jpg con esta confidence:0.7105151
cara encontrada en: /var/www/html/reconocimientoFacial/proyecto_definitivo/admin/files/videos_registro_videos/1_otraprueba_1.avi
cara guardada en /0_2022-10-24_18:17:04.173680.avi_5.580700874328613.jpg con esta confidence:0.6947768
cara encontrada en: /var/www/html/reconocimientoFacial/proyecto_definitivo/admin/files/videos_registro_videos/1_otraprueba_1.avi
cara guardada en /0_2022-10-24_18:17:04.277744.avi_5.684766054153442.jpg con esta confidence:0.6824013
voy(1) leyendo el video..
tenemos(1) frame k lo guardo ..
voy(1) leyendo el video..
tenemos(1) frame k lo guardo ..
cara encontrada en: /var/www/html/reconocimientoFacial/proyecto_definitivo/admin/files/videos_registro_videos/1_otraprueba_1.avi
cara guardada en /0_2022-10-24_18:17:05.815806.avi_7.222827672958374.jpg con esta confidence:0.9989403
cara encontrada en: /var/www/html/reconocimientoFacial/proyecto_definitivo/admin/files/videos_registro_videos/1_otraprueba_1.avi
cara guardada en /0_2022-10-24_18:17:05.884798.avi_7.291818857192993.jpg con esta confidence:0.99837387
cara encontrada en: /var/www/html/reconocimientoFacial/proyecto_definitivo/admin/files/videos_registro_videos/1_otraprueba_1.avi
cara guardada en /0_2022-10-24_18:17:05.958906.avi_7.365920543670654.jpg con esta confidence:0.9982975
cara encontrada en: /var/www/html/reconocimientoFacial/proyecto_definitivo/admin/files/videos_registro_videos/1_otraprueba_1.avi
cara guardada en /0_2022-10-24_18:17:06.077149.avi_7.48417067527771.jpg con esta confidence:0.99437743
cara encontrada en: /var/www/html/reconocimientoFacial/proyecto_definitivo/admin/files/videos_registro_videos/1_otraprueba_1.avi
cara guardada en /0_2022-10-24_18:17:06.205879.avi_7.61290168762207.jpg con esta confidence:0.9940864
cara encontrada en: /var/www/html/reconocimientoFacial/proyecto_definitivo/admin/files/videos_registro_videos/1_otraprueba_1.avi
cara guardada en /0_2022-10-24_18:17:06.259933.avi_7.666955232620239.jpg con esta confidence:0.9917441
cara encontrada en: /var/www/html/reconocimientoFacial/proyecto_definitivo/admin/files/videos_registro_videos/1_otraprueba_1.avi
cara guardada en /0_2022-10-24_18:17:06.403617.avi_7.810638904571533.jpg con esta confidence:0.99075294
cara encontrada en: /var/www/html/reconocimientoFacial/proyecto_definitivo/admin/files/videos_registro_videos/1_otraprueba_1.avi
cara guardada en /0_2022-10-24_18:17:06.526107.avi_7.933128356933594.jpg con esta confidence:0.97084606
cara encontrada en: /var/www/html/reconocimientoFacial/proyecto_definitivo/admin/files/videos_registro_videos/1_otraprueba_1.avi
cara guardada en /0_2022-10-24_18:17:07.234278.avi_8.641299724578857.jpg con esta confidence:0.96360904
cara encontrada en: /var/www/html/reconocimientoFacial/proyecto_definitivo/admin/files/videos_registro_videos/1_otraprueba_1.avi
cara guardada en /0_2022-10-24_18:17:07.334407.avi_8.741428852081299.jpg con esta confidence:0.9001367
cara encontrada en: /var/www/html/reconocimientoFacial/proyecto_definitivo/admin/files/videos_registro_videos/1_otraprueba_1.avi
cara guardada en /0_2022-10-24_18:17:07.419280.avi_8.826299667358398.jpg con esta confidence:0.85978866
cara encontrada en: /var/www/html/reconocimientoFacial/proyecto_definitivo/admin/files/videos_registro_videos/1_otraprueba_1.avi
cara guardada en /0_2022-10-24_18:17:07.479612.avi_8.886635065078735.jpg con esta confidence:0.85517645
cara encontrada en: /var/www/html/reconocimientoFacial/proyecto_definitivo/admin/files/videos_registro_videos/1_otraprueba_1.avi
cara guardada en /0_2022-10-24_18:17:07.534872.avi_8.941892147064209.jpg con esta confidence:0.8342206
cara encontrada en: /var/www/html/reconocimientoFacial/proyecto_definitivo/admin/files/videos_registro_videos/1_otraprueba_1.avi
cara guardada en /0_2022-10-24_18:17:07.664913.avi_9.07193374633789.jpg con esta confidence:0.83222693
cara encontrada en: /var/www/html/reconocimientoFacial/proyecto_definitivo/admin/files/videos_registro_videos/1_otraprueba_1.avi
cara guardada en /0_2022-10-24_18:17:07.720399.avi_9.127420663833618.jpg con esta confidence:0.8159057
cara encontrada en: /var/www/html/reconocimientoFacial/proyecto_definitivo/admin/files/videos_registro_videos/1_otraprueba_1.avi
cara guardada en /0_2022-10-24_18:17:07.803119.avi_9.210140943527222.jpg con esta confidence:0.7803905
cara encontrada en: /var/www/html/reconocimientoFacial/proyecto_definitivo/admin/files/videos_registro_videos/1_otraprueba_1.avi
cara guardada en /0_2022-10-24_18:17:07.869319.avi_9.276342153549194.jpg con esta confidence:0.75525296
cara encontrada en: /var/www/html/reconocimientoFacial/proyecto_definitivo/admin/files/videos_registro_videos/1_otraprueba_1.avi
cara guardada en /0_2022-10-24_18:17:08.100198.avi_9.507220029830933.jpg con esta confidence:0.7533476
cara encontrada en: /var/www/html/reconocimientoFacial/proyecto_definitivo/admin/files/videos_registro_videos/1_otraprueba_1.avi
cara guardada en /0_2022-10-24_18:17:08.119931.avi_9.526953935623169.jpg con esta confidence:0.7436804
cara encontrada en: /var/www/html/reconocimientoFacial/proyecto_definitivo/admin/files/videos_registro_videos/1_otraprueba_1.avi
cara guardada en /0_2022-10-24_18:17:08.259897.avi_9.666918516159058.jpg con esta confidence:0.7009147
voy(1) leyendo el video..
tenemos(1) frame k lo guardo ..
voy(1) leyendo el video..
tenemos(1) frame k lo guardo ..
cara encontrada en: /var/www/html/reconocimientoFacial/proyecto_definitivo/admin/files/videos_registro_videos/1_otraprueba_1.avi
cara guardada en /0_2022-10-24_18:17:10.776789.avi_12.183810949325562.jpg con esta confidence:0.9991505
cara encontrada en: /var/www/html/reconocimientoFacial/proyecto_definitivo/admin/files/videos_registro_videos/1_otraprueba_1.avi
cara guardada en /0_2022-10-24_18:17:11.325432.avi_12.732454776763916.jpg con esta confidence:0.9977622
cara encontrada en: /var/www/html/reconocimientoFacial/proyecto_definitivo/admin/files/videos_registro_videos/1_otraprueba_1.avi
cara guardada en /0_2022-10-24_18:17:11.402070.avi_12.80909276008606.jpg con esta confidence:0.99770314
cara encontrada en: /var/www/html/reconocimientoFacial/proyecto_definitivo/admin/files/videos_registro_videos/1_otraprueba_1.avi
cara guardada en /0_2022-10-24_18:17:11.710597.avi_13.117619276046753.jpg con esta confidence:0.9969607
cara encontrada en: /var/www/html/reconocimientoFacial/proyecto_definitivo/admin/files/videos_registro_videos/1_otraprueba_1.avi
cara guardada en /0_2022-10-24_18:17:11.806287.avi_13.213309288024902.jpg con esta confidence:0.99300414
cara encontrada en: /var/www/html/reconocimientoFacial/proyecto_definitivo/admin/files/videos_registro_videos/1_otraprueba_1.avi
cara guardada en /0_2022-10-24_18:17:11.890656.avi_13.297678232192993.jpg con esta confidence:0.98667043
cara encontrada en: /var/www/html/reconocimientoFacial/proyecto_definitivo/admin/files/videos_registro_videos/1_otraprueba_1.avi
cara guardada en /0_2022-10-24_18:17:12.087147.avi_13.494168758392334.jpg con esta confidence:0.9855096
cara encontrada en: /var/www/html/reconocimientoFacial/proyecto_definitivo/admin/files/videos_registro_videos/1_otraprueba_1.avi
cara guardada en /0_2022-10-24_18:17:12.248584.avi_13.655606031417847.jpg con esta confidence:0.9783478
cara encontrada en: /var/www/html/reconocimientoFacial/proyecto_definitivo/admin/files/videos_registro_videos/1_otraprueba_1.avi
cara guardada en /0_2022-10-24_18:17:12.426153.avi_13.83317494392395.jpg con esta confidence:0.958347
cara encontrada en: /var/www/html/reconocimientoFacial/proyecto_definitivo/admin/files/videos_registro_videos/1_otraprueba_1.avi
cara guardada en /0_2022-10-24_18:17:12.531044.avi_13.938066244125366.jpg con esta confidence:0.94067866
cara encontrada en: /var/www/html/reconocimientoFacial/proyecto_definitivo/admin/files/videos_registro_videos/1_otraprueba_1.avi
cara guardada en /0_2022-10-24_18:17:12.643890.avi_14.050911903381348.jpg con esta confidence:0.91525203
cara encontrada en: /var/www/html/reconocimientoFacial/proyecto_definitivo/admin/files/videos_registro_videos/1_otraprueba_1.avi
cara guardada en /0_2022-10-24_18:17:12.938133.avi_14.345154762268066.jpg con esta confidence:0.9100506
cara encontrada en: /var/www/html/reconocimientoFacial/proyecto_definitivo/admin/files/videos_registro_videos/1_otraprueba_1.avi
cara guardada en /0_2022-10-24_18:17:13.151541.avi_14.558562517166138.jpg con esta confidence:0.90572053
cara encontrada en: /var/www/html/reconocimientoFacial/proyecto_definitivo/admin/files/videos_registro_videos/1_otraprueba_1.avi
cara guardada en /0_2022-10-24_18:17:13.663864.avi_15.070884227752686.jpg con esta confidence:0.805793
cara encontrada en: /var/www/html/reconocimientoFacial/proyecto_definitivo/admin/files/videos_registro_videos/1_otraprueba_1.avi
cara guardada en /0_2022-10-24_18:17:13.883985.avi_15.29100751876831.jpg con esta confidence:0.7884035
cara encontrada en: /var/www/html/reconocimientoFacial/proyecto_definitivo/admin/files/videos_registro_videos/1_otraprueba_1.avi
cara guardada en /0_2022-10-24_18:17:14.150139.avi_15.557159423828125.jpg con esta confidence:0.7514092
cara encontrada en: /var/www/html/reconocimientoFacial/proyecto_definitivo/admin/files/videos_registro_videos/1_otraprueba_1.avi
cara guardada en /0_2022-10-24_18:17:14.205303.avi_15.612324714660645.jpg con esta confidence:0.74697655
cara encontrada en: /var/www/html/reconocimientoFacial/proyecto_definitivo/admin/files/videos_registro_videos/1_otraprueba_1.avi
cara guardada en /0_2022-10-24_18:17:14.260354.avi_15.667376041412354.jpg con esta confidence:0.7322975
cara encontrada en: /var/www/html/reconocimientoFacial/proyecto_definitivo/admin/files/videos_registro_videos/1_otraprueba_1.avi
cara guardada en /0_2022-10-24_18:17:14.459523.avi_15.8665452003479.jpg con esta confidence:0.7143079
voy(1) leyendo el video..
tenemos(1) frame k lo guardo ..
voy(1) leyendo el video..
tenemos(1) frame k lo guardo ..
cara encontrada en: /var/www/html/reconocimientoFacial/proyecto_definitivo/admin/files/videos_registro_videos/1_otraprueba_1.avi
cara guardada en /0_2022-10-24_18:17:16.427971.avi_17.83499312400818.jpg con esta confidence:0.99908495
cara encontrada en: /var/www/html/reconocimientoFacial/proyecto_definitivo/admin/files/videos_registro_videos/1_otraprueba_1.avi
cara guardada en /0_2022-10-24_18:17:16.748589.avi_18.15561056137085.jpg con esta confidence:0.9989336
cara encontrada en: /var/www/html/reconocimientoFacial/proyecto_definitivo/admin/files/videos_registro_videos/1_otraprueba_1.avi
cara guardada en /0_2022-10-24_18:17:16.996569.avi_18.40358877182007.jpg con esta confidence:0.9980046
cara encontrada en: /var/www/html/reconocimientoFacial/proyecto_definitivo/admin/files/videos_registro_videos/1_otraprueba_1.avi
cara guardada en /0_2022-10-24_18:17:17.225760.avi_18.632781744003296.jpg con esta confidence:0.9954
cara encontrada en: /var/www/html/reconocimientoFacial/proyecto_definitivo/admin/files/videos_registro_videos/1_otraprueba_1.avi
cara guardada en /0_2022-10-24_18:17:17.456761.avi_18.863782167434692.jpg con esta confidence:0.9947153
cara encontrada en: /var/www/html/reconocimientoFacial/proyecto_definitivo/admin/files/videos_registro_videos/1_otraprueba_1.avi
cara guardada en /0_2022-10-24_18:17:17.525324.avi_18.93234658241272.jpg con esta confidence:0.9921266
cara encontrada en: /var/www/html/reconocimientoFacial/proyecto_definitivo/admin/files/videos_registro_videos/1_otraprueba_1.avi
cara guardada en /0_2022-10-24_18:17:17.565506.avi_18.972527265548706.jpg con esta confidence:0.97842604
cara encontrada en: /var/www/html/reconocimientoFacial/proyecto_definitivo/admin/files/videos_registro_videos/1_otraprueba_1.avi
cara guardada en /0_2022-10-24_18:17:17.657289.avi_19.064310312271118.jpg con esta confidence:0.9590112
cara encontrada en: /var/www/html/reconocimientoFacial/proyecto_definitivo/admin/files/videos_registro_videos/1_otraprueba_1.avi
cara guardada en /0_2022-10-24_18:17:17.809842.avi_19.21686315536499.jpg con esta confidence:0.9343975
cara encontrada en: /var/www/html/reconocimientoFacial/proyecto_definitivo/admin/files/videos_registro_videos/1_otraprueba_1.avi
cara guardada en /0_2022-10-24_18:17:18.006533.avi_19.413553953170776.jpg con esta confidence:0.9176458
cara encontrada en: /var/www/html/reconocimientoFacial/proyecto_definitivo/admin/files/videos_registro_videos/1_otraprueba_1.avi
cara guardada en /0_2022-10-24_18:17:18.240867.avi_19.647889137268066.jpg con esta confidence:0.8862707
cara encontrada en: /var/www/html/reconocimientoFacial/proyecto_definitivo/admin/files/videos_registro_videos/1_otraprueba_1.avi
cara guardada en /0_2022-10-24_18:17:18.419177.avi_19.826200246810913.jpg con esta confidence:0.87401736
cara encontrada en: /var/www/html/reconocimientoFacial/proyecto_definitivo/admin/files/videos_registro_videos/1_otraprueba_1.avi
cara guardada en /0_2022-10-24_18:17:18.460589.avi_19.867610692977905.jpg con esta confidence:0.8510211
cara encontrada en: /var/www/html/reconocimientoFacial/proyecto_definitivo/admin/files/videos_registro_videos/1_otraprueba_1.avi
cara guardada en /0_2022-10-24_18:17:18.504389.avi_19.91141152381897.jpg con esta confidence:0.8178942
cara encontrada en: /var/www/html/reconocimientoFacial/proyecto_definitivo/admin/files/videos_registro_videos/1_otraprueba_1.avi
cara guardada en /0_2022-10-24_18:17:18.525338.avi_19.93236017227173.jpg con esta confidence:0.7936366
cara encontrada en: /var/www/html/reconocimientoFacial/proyecto_definitivo/admin/files/videos_registro_videos/1_otraprueba_1.avi
cara guardada en /0_2022-10-24_18:17:18.599226.avi_20.0062472820282.jpg con esta confidence:0.78634155
cara encontrada en: /var/www/html/reconocimientoFacial/proyecto_definitivo/admin/files/videos_registro_videos/1_otraprueba_1.avi
cara guardada en /0_2022-10-24_18:17:18.702482.avi_20.109503984451294.jpg con esta confidence:0.7552912
cara encontrada en: /var/www/html/reconocimientoFacial/proyecto_definitivo/admin/files/videos_registro_videos/1_otraprueba_1.avi
cara guardada en /0_2022-10-24_18:17:18.817469.avi_20.224492073059082.jpg con esta confidence:0.73510486
cara encontrada en: /var/www/html/reconocimientoFacial/proyecto_definitivo/admin/files/videos_registro_videos/1_otraprueba_1.avi
cara guardada en /0_2022-10-24_18:17:19.270369.avi_20.677390813827515.jpg con esta confidence:0.7108834
voy(1) leyendo el video..
tenemos(1) frame k lo guardo ..
voy(1) leyendo el video..
tenemos(1) frame k lo guardo ..
cara encontrada en: /var/www/html/reconocimientoFacial/proyecto_definitivo/admin/files/videos_registro_videos/1_otraprueba_1.avi
cara guardada en /0_2022-10-24_18:17:22.049089.avi_23.456109523773193.jpg con esta confidence:0.9994862
cara encontrada en: /var/www/html/reconocimientoFacial/proyecto_definitivo/admin/files/videos_registro_videos/1_otraprueba_1.avi
cara guardada en /0_2022-10-24_18:17:22.381983.avi_23.789004802703857.jpg con esta confidence:0.9988883
cara encontrada en: /var/www/html/reconocimientoFacial/proyecto_definitivo/admin/files/videos_registro_videos/1_otraprueba_1.avi
cara guardada en /0_2022-10-24_18:17:22.519272.avi_23.926286220550537.jpg con esta confidence:0.99877983
cara encontrada en: /var/www/html/reconocimientoFacial/proyecto_definitivo/admin/files/videos_registro_videos/1_otraprueba_1.avi
cara guardada en /0_2022-10-24_18:17:22.711355.avi_24.118377208709717.jpg con esta confidence:0.99525106
cara encontrada en: /var/www/html/reconocimientoFacial/proyecto_definitivo/admin/files/videos_registro_videos/1_otraprueba_1.avi
cara guardada en /0_2022-10-24_18:17:22.828183.avi_24.235204935073853.jpg con esta confidence:0.99440974
cara encontrada en: /var/www/html/reconocimientoFacial/proyecto_definitivo/admin/files/videos_registro_videos/1_otraprueba_1.avi
cara guardada en /0_2022-10-24_18:17:23.086031.avi_24.493053436279297.jpg con esta confidence:0.9930346
cara encontrada en: /var/www/html/reconocimientoFacial/proyecto_definitivo/admin/files/videos_registro_videos/1_otraprueba_1.avi
cara guardada en /0_2022-10-24_18:17:23.325874.avi_24.73289656639099.jpg con esta confidence:0.99140173
cara encontrada en: /var/www/html/reconocimientoFacial/proyecto_definitivo/admin/files/videos_registro_videos/1_otraprueba_1.avi
cara guardada en /0_2022-10-24_18:17:23.448565.avi_24.855586767196655.jpg con esta confidence:0.9902305
cara encontrada en: /var/www/html/reconocimientoFacial/proyecto_definitivo/admin/files/videos_registro_videos/1_otraprueba_1.avi
cara guardada en /0_2022-10-24_18:17:23.518230.avi_24.925251722335815.jpg con esta confidence:0.9740656
cara encontrada en: /var/www/html/reconocimientoFacial/proyecto_definitivo/admin/files/videos_registro_videos/1_otraprueba_1.avi
cara guardada en /0_2022-10-24_18:17:23.684697.avi_25.09171986579895.jpg con esta confidence:0.9670641
cara encontrada en: /var/www/html/reconocimientoFacial/proyecto_definitivo/admin/files/videos_registro_videos/1_otraprueba_1.avi
cara guardada en /0_2022-10-24_18:17:23.857862.avi_25.26488423347473.jpg con esta confidence:0.9509179
cara encontrada en: /var/www/html/reconocimientoFacial/proyecto_definitivo/admin/files/videos_registro_videos/1_otraprueba_1.avi
cara guardada en /0_2022-10-24_18:17:23.961798.avi_25.368820667266846.jpg con esta confidence:0.9475
cara encontrada en: /var/www/html/reconocimientoFacial/proyecto_definitivo/admin/files/videos_registro_videos/1_otraprueba_1.avi
cara guardada en /0_2022-10-24_18:17:24.040935.avi_25.44795799255371.jpg con esta confidence:0.942135
cara encontrada en: /var/www/html/reconocimientoFacial/proyecto_definitivo/admin/files/videos_registro_videos/1_otraprueba_1.avi
cara guardada en /0_2022-10-24_18:17:24.225013.avi_25.632034301757812.jpg con esta confidence:0.85548717
cara encontrada en: /var/www/html/reconocimientoFacial/proyecto_definitivo/admin/files/videos_registro_videos/1_otraprueba_1.avi
cara guardada en /0_2022-10-24_18:17:24.346388.avi_25.753409385681152.jpg con esta confidence:0.850313
cara encontrada en: /var/www/html/reconocimientoFacial/proyecto_definitivo/admin/files/videos_registro_videos/1_otraprueba_1.avi
cara guardada en /0_2022-10-24_18:17:24.526379.avi_25.933400869369507.jpg con esta confidence:0.84286815
cara encontrada en: /var/www/html/reconocimientoFacial/proyecto_definitivo/admin/files/videos_registro_videos/1_otraprueba_1.avi
cara guardada en /0_2022-10-24_18:17:24.711508.avi_26.118529558181763.jpg con esta confidence:0.81694174
cara encontrada en: /var/www/html/reconocimientoFacial/proyecto_definitivo/admin/files/videos_registro_videos/1_otraprueba_1.avi
cara guardada en /0_2022-10-24_18:17:25.001493.avi_26.408514499664307.jpg con esta confidence:0.79659474
cara encontrada en: /var/www/html/reconocimientoFacial/proyecto_definitivo/admin/files/videos_registro_videos/1_otraprueba_1.avi
cara guardada en /0_2022-10-24_18:17:25.278755.avi_26.685777187347412.jpg con esta confidence:0.7832831
cara encontrada en: /var/www/html/reconocimientoFacial/proyecto_definitivo/admin/files/videos_registro_videos/1_otraprueba_1.avi
cara guardada en /0_2022-10-24_18:17:25.546351.avi_26.953373432159424.jpg con esta confidence:0.7689745
cara encontrada en: /var/www/html/reconocimientoFacial/proyecto_definitivo/admin/files/videos_registro_videos/1_otraprueba_1.avi
cara guardada en /0_2022-10-24_18:17:25.687694.avi_27.09471583366394.jpg con esta confidence:0.76790386
cara encontrada en: /var/www/html/reconocimientoFacial/proyecto_definitivo/admin/files/videos_registro_videos/1_otraprueba_1.avi
cara guardada en /0_2022-10-24_18:17:25.937338.avi_27.34436058998108.jpg con esta confidence:0.69486964
voy(1) leyendo el video..
tenemos(1) frame k lo guardo ..
voy(1) leyendo el video..
tenemos(1) frame k lo guardo ..
cara encontrada en: /var/www/html/reconocimientoFacial/proyecto_definitivo/admin/files/videos_registro_videos/1_otraprueba_1.avi
cara guardada en /0_2022-10-24_18:17:28.679342.avi_30.086364269256592.jpg con esta confidence:0.99983275
cara encontrada en: /var/www/html/reconocimientoFacial/proyecto_definitivo/admin/files/videos_registro_videos/1_otraprueba_1.avi
cara guardada en /0_2022-10-24_18:17:28.794411.avi_30.201433897018433.jpg con esta confidence:0.9989374
cara encontrada en: /var/www/html/reconocimientoFacial/proyecto_definitivo/admin/files/videos_registro_videos/1_otraprueba_1.avi
cara guardada en /0_2022-10-24_18:17:28.937848.avi_30.34487009048462.jpg con esta confidence:0.99889755
cara encontrada en: /var/www/html/reconocimientoFacial/proyecto_definitivo/admin/files/videos_registro_videos/1_otraprueba_1.avi
cara guardada en /0_2022-10-24_18:17:29.013758.avi_30.42077875137329.jpg con esta confidence:0.9987941
cara encontrada en: /var/www/html/reconocimientoFacial/proyecto_definitivo/admin/files/videos_registro_videos/1_otraprueba_1.avi
cara guardada en /0_2022-10-24_18:17:29.174747.avi_30.581769227981567.jpg con esta confidence:0.9971564
cara encontrada en: /var/www/html/reconocimientoFacial/proyecto_definitivo/admin/files/videos_registro_videos/1_otraprueba_1.avi
cara guardada en /0_2022-10-24_18:17:29.214817.avi_30.62183904647827.jpg con esta confidence:0.99537045
cara encontrada en: /var/www/html/reconocimientoFacial/proyecto_definitivo/admin/files/videos_registro_videos/1_otraprueba_1.avi
cara guardada en /0_2022-10-24_18:17:29.456814.avi_30.86383581161499.jpg con esta confidence:0.9950631
cara encontrada en: /var/www/html/reconocimientoFacial/proyecto_definitivo/admin/files/videos_registro_videos/1_otraprueba_1.avi
cara guardada en /0_2022-10-24_18:17:29.702537.avi_31.109557151794434.jpg con esta confidence:0.98884577
cara encontrada en: /var/www/html/reconocimientoFacial/proyecto_definitivo/admin/files/videos_registro_videos/1_otraprueba_1.avi
cara guardada en /0_2022-10-24_18:17:29.835631.avi_31.242652893066406.jpg con esta confidence:0.9810511
cara encontrada en: /var/www/html/reconocimientoFacial/proyecto_definitivo/admin/files/videos_registro_videos/1_otraprueba_1.avi
cara guardada en /0_2022-10-24_18:17:29.940494.avi_31.34751582145691.jpg con esta confidence:0.9706058
cara encontrada en: /var/www/html/reconocimientoFacial/proyecto_definitivo/admin/files/videos_registro_videos/1_otraprueba_1.avi
cara guardada en /0_2022-10-24_18:17:30.165132.avi_31.572154760360718.jpg con esta confidence:0.9478258
cara encontrada en: /var/www/html/reconocimientoFacial/proyecto_definitivo/admin/files/videos_registro_videos/1_otraprueba_1.avi
cara guardada en /0_2022-10-24_18:17:30.396173.avi_31.803194761276245.jpg con esta confidence:0.91249347
cara encontrada en: /var/www/html/reconocimientoFacial/proyecto_definitivo/admin/files/videos_registro_videos/1_otraprueba_1.avi
cara guardada en /0_2022-10-24_18:17:30.622632.avi_32.02965426445007.jpg con esta confidence:0.9077903
cara encontrada en: /var/www/html/reconocimientoFacial/proyecto_definitivo/admin/files/videos_registro_videos/1_otraprueba_1.avi
cara guardada en /0_2022-10-24_18:17:30.986817.avi_32.39383912086487.jpg con esta confidence:0.8690475
cara encontrada en: /var/www/html/reconocimientoFacial/proyecto_definitivo/admin/files/videos_registro_videos/1_otraprueba_1.avi
cara guardada en /0_2022-10-24_18:17:31.200502.avi_32.6075234413147.jpg con esta confidence:0.8368238
cara encontrada en: /var/www/html/reconocimientoFacial/proyecto_definitivo/admin/files/videos_registro_videos/1_otraprueba_1.avi
cara guardada en /0_2022-10-24_18:17:31.379309.avi_32.786330699920654.jpg con esta confidence:0.78577214
cara encontrada en: /var/www/html/reconocimientoFacial/proyecto_definitivo/admin/files/videos_registro_videos/1_otraprueba_1.avi
cara guardada en /0_2022-10-24_18:17:31.561800.avi_32.96882200241089.jpg con esta confidence:0.7582928
cara encontrada en: /var/www/html/reconocimientoFacial/proyecto_definitivo/admin/files/videos_registro_videos/1_otraprueba_1.avi
cara guardada en /0_2022-10-24_18:17:31.867746.avi_33.274768590927124.jpg con esta confidence:0.73211795
cara encontrada en: /var/www/html/reconocimientoFacial/proyecto_definitivo/admin/files/videos_registro_videos/1_otraprueba_1.avi
cara guardada en /0_2022-10-24_18:17:32.038670.avi_33.445690870285034.jpg con esta confidence:0.730998
voy(1) leyendo el video..
tenemos(1) frame k lo guardo ..
voy(1) leyendo el video..
tenemos(1) frame k lo guardo ..
cara encontrada en: /var/www/html/reconocimientoFacial/proyecto_definitivo/admin/files/videos_registro_videos/1_otraprueba_1.avi
cara guardada en /0_2022-10-24_18:17:34.934868.avi_36.34189033508301.jpg con esta confidence:0.99980706
cara encontrada en: /var/www/html/reconocimientoFacial/proyecto_definitivo/admin/files/videos_registro_videos/1_otraprueba_1.avi
cara guardada en /0_2022-10-24_18:17:35.208642.avi_36.615663290023804.jpg con esta confidence:0.9997217
cara encontrada en: /var/www/html/reconocimientoFacial/proyecto_definitivo/admin/files/videos_registro_videos/1_otraprueba_1.avi
cara guardada en /0_2022-10-24_18:17:35.320357.avi_36.727379322052.jpg con esta confidence:0.999652
cara encontrada en: /var/www/html/reconocimientoFacial/proyecto_definitivo/admin/files/videos_registro_videos/1_otraprueba_1.avi
cara guardada en /0_2022-10-24_18:17:35.480729.avi_36.887749910354614.jpg con esta confidence:0.9995616
cara encontrada en: /var/www/html/reconocimientoFacial/proyecto_definitivo/admin/files/videos_registro_videos/1_otraprueba_1.avi
cara guardada en /0_2022-10-24_18:17:35.757416.avi_37.164438009262085.jpg con esta confidence:0.9983071
cara encontrada en: /var/www/html/reconocimientoFacial/proyecto_definitivo/admin/files/videos_registro_videos/1_otraprueba_1.avi
cara guardada en /0_2022-10-24_18:17:36.005336.avi_37.412357807159424.jpg con esta confidence:0.9980161
cara encontrada en: /var/www/html/reconocimientoFacial/proyecto_definitivo/admin/files/videos_registro_videos/1_otraprueba_1.avi
cara guardada en /0_2022-10-24_18:17:36.148570.avi_37.55559182167053.jpg con esta confidence:0.99767894
cara encontrada en: /var/www/html/reconocimientoFacial/proyecto_definitivo/admin/files/videos_registro_videos/1_otraprueba_1.avi
cara guardada en /0_2022-10-24_18:17:36.495377.avi_37.9023973941803.jpg con esta confidence:0.99619484
cara encontrada en: /var/www/html/reconocimientoFacial/proyecto_definitivo/admin/files/videos_registro_videos/1_otraprueba_1.avi
cara guardada en /0_2022-10-24_18:17:36.642038.avi_38.04905915260315.jpg con esta confidence:0.9958515
cara encontrada en: /var/www/html/reconocimientoFacial/proyecto_definitivo/admin/files/videos_registro_videos/1_otraprueba_1.avi
cara guardada en /0_2022-10-24_18:17:36.747449.avi_38.15447115898132.jpg con esta confidence:0.991731
cara encontrada en: /var/www/html/reconocimientoFacial/proyecto_definitivo/admin/files/videos_registro_videos/1_otraprueba_1.avi
cara guardada en /0_2022-10-24_18:17:36.901868.avi_38.308889389038086.jpg con esta confidence:0.9908208
cara encontrada en: /var/www/html/reconocimientoFacial/proyecto_definitivo/admin/files/videos_registro_videos/1_otraprueba_1.avi
cara guardada en /0_2022-10-24_18:17:36.918711.avi_38.32571983337402.jpg con esta confidence:0.9814616
cara encontrada en: /var/www/html/reconocimientoFacial/proyecto_definitivo/admin/files/videos_registro_videos/1_otraprueba_1.avi
cara guardada en /0_2022-10-24_18:17:37.006295.avi_38.41331720352173.jpg con esta confidence:0.9784259
cara encontrada en: /var/www/html/reconocimientoFacial/proyecto_definitivo/admin/files/videos_registro_videos/1_otraprueba_1.avi
cara guardada en /0_2022-10-24_18:17:37.136355.avi_38.543376445770264.jpg con esta confidence:0.97655016
cara encontrada en: /var/www/html/reconocimientoFacial/proyecto_definitivo/admin/files/videos_registro_videos/1_otraprueba_1.avi
cara guardada en /0_2022-10-24_18:17:37.544498.avi_38.95151996612549.jpg con esta confidence:0.95722383
cara encontrada en: /var/www/html/reconocimientoFacial/proyecto_definitivo/admin/files/videos_registro_videos/1_otraprueba_1.avi
cara guardada en /0_2022-10-24_18:17:37.634075.avi_39.041096925735474.jpg con esta confidence:0.9505033
cara encontrada en: /var/www/html/reconocimientoFacial/proyecto_definitivo/admin/files/videos_registro_videos/1_otraprueba_1.avi
cara guardada en /0_2022-10-24_18:17:37.750848.avi_39.15786933898926.jpg con esta confidence:0.9428684
cara encontrada en: /var/www/html/reconocimientoFacial/proyecto_definitivo/admin/files/videos_registro_videos/1_otraprueba_1.avi
cara guardada en /0_2022-10-24_18:17:38.100803.avi_39.507824659347534.jpg con esta confidence:0.8799351
cara encontrada en: /var/www/html/reconocimientoFacial/proyecto_definitivo/admin/files/videos_registro_videos/1_otraprueba_1.avi
cara guardada en /0_2022-10-24_18:17:38.119913.avi_39.52693510055542.jpg con esta confidence:0.8738613
voy(1) leyendo el video..
tenemos(1) frame k lo guardo ..
voy(1) leyendo el video..
tenemos(1) frame k lo guardo ..
cara encontrada en: /var/www/html/reconocimientoFacial/proyecto_definitivo/admin/files/videos_registro_videos/1_otraprueba_1.avi
cara guardada en /0_2022-10-24_18:17:40.986599.avi_42.39362120628357.jpg con esta confidence:0.9999263
cara encontrada en: /var/www/html/reconocimientoFacial/proyecto_definitivo/admin/files/videos_registro_videos/1_otraprueba_1.avi
cara guardada en /0_2022-10-24_18:17:41.214609.avi_42.62163066864014.jpg con esta confidence:0.9999238
cara encontrada en: /var/www/html/reconocimientoFacial/proyecto_definitivo/admin/files/videos_registro_videos/1_otraprueba_1.avi
cara guardada en /0_2022-10-24_18:17:41.336916.avi_42.743937969207764.jpg con esta confidence:0.9996234
cara encontrada en: /var/www/html/reconocimientoFacial/proyecto_definitivo/admin/files/videos_registro_videos/1_otraprueba_1.avi
cara guardada en /0_2022-10-24_18:17:41.490882.avi_42.89790439605713.jpg con esta confidence:0.99960464
cara encontrada en: /var/www/html/reconocimientoFacial/proyecto_definitivo/admin/files/videos_registro_videos/1_otraprueba_1.avi
cara guardada en /0_2022-10-24_18:17:41.776241.avi_43.183263540267944.jpg con esta confidence:0.9995447
cara encontrada en: /var/www/html/reconocimientoFacial/proyecto_definitivo/admin/files/videos_registro_videos/1_otraprueba_1.avi
cara guardada en /0_2022-10-24_18:17:41.914640.avi_43.32166242599487.jpg con esta confidence:0.99944884
cara encontrada en: /var/www/html/reconocimientoFacial/proyecto_definitivo/admin/files/videos_registro_videos/1_otraprueba_1.avi
cara guardada en /0_2022-10-24_18:17:42.023979.avi_43.43100094795227.jpg con esta confidence:0.9976931
cara encontrada en: /var/www/html/reconocimientoFacial/proyecto_definitivo/admin/files/videos_registro_videos/1_otraprueba_1.avi
cara guardada en /0_2022-10-24_18:17:42.050673.avi_43.457695722579956.jpg con esta confidence:0.99747795
cara encontrada en: /var/www/html/reconocimientoFacial/proyecto_definitivo/admin/files/videos_registro_videos/1_otraprueba_1.avi
cara guardada en /0_2022-10-24_18:17:42.076218.avi_43.48324012756348.jpg con esta confidence:0.992093
cara encontrada en: /var/www/html/reconocimientoFacial/proyecto_definitivo/admin/files/videos_registro_videos/1_otraprueba_1.avi
cara guardada en /0_2022-10-24_18:17:42.104699.avi_43.51172137260437.jpg con esta confidence:0.9847172
cara encontrada en: /var/www/html/reconocimientoFacial/proyecto_definitivo/admin/files/videos_registro_videos/1_otraprueba_1.avi
cara guardada en /0_2022-10-24_18:17:42.192292.avi_43.59931421279907.jpg con esta confidence:0.9711222
cara encontrada en: /var/www/html/reconocimientoFacial/proyecto_definitivo/admin/files/videos_registro_videos/1_otraprueba_1.avi
cara guardada en /0_2022-10-24_18:17:42.319948.avi_43.72697114944458.jpg con esta confidence:0.97043276
cara encontrada en: /var/www/html/reconocimientoFacial/proyecto_definitivo/admin/files/videos_registro_videos/1_otraprueba_1.avi
cara guardada en /0_2022-10-24_18:17:42.507654.avi_43.91467523574829.jpg con esta confidence:0.96714616
cara encontrada en: /var/www/html/reconocimientoFacial/proyecto_definitivo/admin/files/videos_registro_videos/1_otraprueba_1.avi
cara guardada en /0_2022-10-24_18:17:42.688314.avi_44.09533667564392.jpg con esta confidence:0.9283416
cara encontrada en: /var/www/html/reconocimientoFacial/proyecto_definitivo/admin/files/videos_registro_videos/1_otraprueba_1.avi
cara guardada en /0_2022-10-24_18:17:42.830348.avi_44.23737049102783.jpg con esta confidence:0.92685705
cara encontrada en: /var/www/html/reconocimientoFacial/proyecto_definitivo/admin/files/videos_registro_videos/1_otraprueba_1.avi
cara guardada en /0_2022-10-24_18:17:42.946460.avi_44.353482723236084.jpg con esta confidence:0.80922496
cara encontrada en: /var/www/html/reconocimientoFacial/proyecto_definitivo/admin/files/videos_registro_videos/1_otraprueba_1.avi
cara guardada en /0_2022-10-24_18:17:45.800239.avi_47.20726180076599.jpg con esta confidence:0.79752237
cara encontrada en: /var/www/html/reconocimientoFacial/proyecto_definitivo/admin/files/videos_registro_videos/1_otraprueba_1.avi
cara guardada en /0_2022-10-24_18:17:45.891739.avi_47.29876255989075.jpg con esta confidence:0.72749853
cara encontrada en: /var/www/html/reconocimientoFacial/proyecto_definitivo/admin/files/videos_registro_videos/1_otraprueba_1.avi
cara guardada en /0_2022-10-24_18:17:45.959948.avi_47.36696982383728.jpg con esta confidence:0.7265272
voy(1) leyendo el video..
tenemos(1) frame k lo guardo ..
voy(1) leyendo el video..
tenemos(1) frame k lo guardo ..
cara encontrada en: /var/www/html/reconocimientoFacial/proyecto_definitivo/admin/files/videos_registro_videos/1_otraprueba_1.avi
cara guardada en /0_2022-10-24_18:17:49.391188.avi_50.79821038246155.jpg con esta confidence:0.9999603
cara encontrada en: /var/www/html/reconocimientoFacial/proyecto_definitivo/admin/files/videos_registro_videos/1_otraprueba_1.avi
cara guardada en /0_2022-10-24_18:17:49.514130.avi_50.921152114868164.jpg con esta confidence:0.9999565
cara encontrada en: /var/www/html/reconocimientoFacial/proyecto_definitivo/admin/files/videos_registro_videos/1_otraprueba_1.avi
cara guardada en /0_2022-10-24_18:17:49.553692.avi_50.96071457862854.jpg con esta confidence:0.9998418
cara encontrada en: /var/www/html/reconocimientoFacial/proyecto_definitivo/admin/files/videos_registro_videos/1_otraprueba_1.avi
cara guardada en /0_2022-10-24_18:17:49.654677.avi_51.0616979598999.jpg con esta confidence:0.9997714
cara encontrada en: /var/www/html/reconocimientoFacial/proyecto_definitivo/admin/files/videos_registro_videos/1_otraprueba_1.avi
cara guardada en /0_2022-10-24_18:17:49.764034.avi_51.17105579376221.jpg con esta confidence:0.9989556
cara encontrada en: /var/www/html/reconocimientoFacial/proyecto_definitivo/admin/files/videos_registro_videos/1_otraprueba_1.avi
cara guardada en /0_2022-10-24_18:17:49.875084.avi_51.28210639953613.jpg con esta confidence:0.9989046
cara encontrada en: /var/www/html/reconocimientoFacial/proyecto_definitivo/admin/files/videos_registro_videos/1_otraprueba_1.avi
cara guardada en /0_2022-10-24_18:17:50.049124.avi_51.45614504814148.jpg con esta confidence:0.9975834
cara encontrada en: /var/www/html/reconocimientoFacial/proyecto_definitivo/admin/files/videos_registro_videos/1_otraprueba_1.avi
cara guardada en /0_2022-10-24_18:17:50.088771.avi_51.495792627334595.jpg con esta confidence:0.99712545
cara encontrada en: /var/www/html/reconocimientoFacial/proyecto_definitivo/admin/files/videos_registro_videos/1_otraprueba_1.avi
cara guardada en /0_2022-10-24_18:17:50.183522.avi_51.59054446220398.jpg con esta confidence:0.9963576
cara encontrada en: /var/www/html/reconocimientoFacial/proyecto_definitivo/admin/files/videos_registro_videos/1_otraprueba_1.avi
cara guardada en /0_2022-10-24_18:17:50.354536.avi_51.761558055877686.jpg con esta confidence:0.9918188
cara encontrada en: /var/www/html/reconocimientoFacial/proyecto_definitivo/admin/files/videos_registro_videos/1_otraprueba_1.avi
cara guardada en /0_2022-10-24_18:17:50.483316.avi_51.890336990356445.jpg con esta confidence:0.97869223
cara encontrada en: /var/www/html/reconocimientoFacial/proyecto_definitivo/admin/files/videos_registro_videos/1_otraprueba_1.avi
cara guardada en /0_2022-10-24_18:17:50.630162.avi_52.03718400001526.jpg con esta confidence:0.969736
cara encontrada en: /var/www/html/reconocimientoFacial/proyecto_definitivo/admin/files/videos_registro_videos/1_otraprueba_1.avi
cara guardada en /0_2022-10-24_18:17:50.786206.avi_52.19322872161865.jpg con esta confidence:0.9220794
cara encontrada en: /var/www/html/reconocimientoFacial/proyecto_definitivo/admin/files/videos_registro_videos/1_otraprueba_1.avi
cara guardada en /0_2022-10-24_18:17:50.994367.avi_52.40138912200928.jpg con esta confidence:0.9040378
cara encontrada en: /var/www/html/reconocimientoFacial/proyecto_definitivo/admin/files/videos_registro_videos/1_otraprueba_1.avi
cara guardada en /0_2022-10-24_18:17:51.245365.avi_52.652387619018555.jpg con esta confidence:0.8928826
cara encontrada en: /var/www/html/reconocimientoFacial/proyecto_definitivo/admin/files/videos_registro_videos/1_otraprueba_1.avi
cara guardada en /0_2022-10-24_18:17:51.311647.avi_52.71866846084595.jpg con esta confidence:0.7233615
voy(1) leyendo el video..
tenemos(1) frame k lo guardo ..
voy(1) leyendo el video..
tenemos(1) frame k lo guardo ..
cara encontrada en: /var/www/html/reconocimientoFacial/proyecto_definitivo/admin/files/videos_registro_videos/1_otraprueba_1.avi
cara guardada en /0_2022-10-24_18:17:54.447430.avi_55.85445189476013.jpg con esta confidence:0.99997103
cara encontrada en: /var/www/html/reconocimientoFacial/proyecto_definitivo/admin/files/videos_registro_videos/1_otraprueba_1.avi
cara guardada en /0_2022-10-24_18:17:54.639805.avi_56.046825647354126.jpg con esta confidence:0.9999565
cara encontrada en: /var/www/html/reconocimientoFacial/proyecto_definitivo/admin/files/videos_registro_videos/1_otraprueba_1.avi
cara guardada en /0_2022-10-24_18:17:54.817130.avi_56.22415232658386.jpg con esta confidence:0.99988496
cara encontrada en: /var/www/html/reconocimientoFacial/proyecto_definitivo/admin/files/videos_registro_videos/1_otraprueba_1.avi
cara guardada en /0_2022-10-24_18:17:54.957826.avi_56.364847898483276.jpg con esta confidence:0.9998641
cara encontrada en: /var/www/html/reconocimientoFacial/proyecto_definitivo/admin/files/videos_registro_videos/1_otraprueba_1.avi
cara guardada en /0_2022-10-24_18:17:55.143812.avi_56.55083394050598.jpg con esta confidence:0.9993781
cara encontrada en: /var/www/html/reconocimientoFacial/proyecto_definitivo/admin/files/videos_registro_videos/1_otraprueba_1.avi
cara guardada en /0_2022-10-24_18:17:55.276306.avi_56.6833279132843.jpg con esta confidence:0.9986091
cara encontrada en: /var/www/html/reconocimientoFacial/proyecto_definitivo/admin/files/videos_registro_videos/1_otraprueba_1.avi
cara guardada en /0_2022-10-24_18:17:55.480720.avi_56.887741565704346.jpg con esta confidence:0.99613696
cara encontrada en: /var/www/html/reconocimientoFacial/proyecto_definitivo/admin/files/videos_registro_videos/1_otraprueba_1.avi
cara guardada en /0_2022-10-24_18:17:55.864888.avi_57.27190971374512.jpg con esta confidence:0.9904327
cara encontrada en: /var/www/html/reconocimientoFacial/proyecto_definitivo/admin/files/videos_registro_videos/1_otraprueba_1.avi
cara guardada en /0_2022-10-24_18:17:55.996506.avi_57.40352749824524.jpg con esta confidence:0.98990434
cara encontrada en: /var/www/html/reconocimientoFacial/proyecto_definitivo/admin/files/videos_registro_videos/1_otraprueba_1.avi
cara guardada en /0_2022-10-24_18:17:56.341870.avi_57.74889087677002.jpg con esta confidence:0.9895454
cara encontrada en: /var/www/html/reconocimientoFacial/proyecto_definitivo/admin/files/videos_registro_videos/1_otraprueba_1.avi
cara guardada en /0_2022-10-24_18:17:56.540408.avi_57.94743013381958.jpg con esta confidence:0.9876724
cara encontrada en: /var/www/html/reconocimientoFacial/proyecto_definitivo/admin/files/videos_registro_videos/1_otraprueba_1.avi
cara guardada en /0_2022-10-24_18:17:56.665460.avi_58.072482109069824.jpg con esta confidence:0.9861503
cara encontrada en: /var/www/html/reconocimientoFacial/proyecto_definitivo/admin/files/videos_registro_videos/1_otraprueba_1.avi
cara guardada en /0_2022-10-24_18:17:56.880139.avi_58.287161350250244.jpg con esta confidence:0.94360554
cara encontrada en: /var/www/html/reconocimientoFacial/proyecto_definitivo/admin/files/videos_registro_videos/1_otraprueba_1.avi
cara guardada en /0_2022-10-24_18:17:57.151477.avi_58.558499336242676.jpg con esta confidence:0.82919586
cara encontrada en: /var/www/html/reconocimientoFacial/proyecto_definitivo/admin/files/videos_registro_videos/1_otraprueba_1.avi
cara guardada en /0_2022-10-24_18:17:57.426471.avi_58.833492040634155.jpg con esta confidence:0.7553782
cara encontrada en: /var/www/html/reconocimientoFacial/proyecto_definitivo/admin/files/videos_registro_videos/1_otraprueba_1.avi
cara guardada en /0_2022-10-24_18:17:57.565905.avi_58.97292757034302.jpg con esta confidence:0.754538
voy(1) leyendo el video..
tenemos(1) frame k lo guardo ..
voy(1) leyendo el video..
tenemos(1) frame k lo guardo ..
cara encontrada en: /var/www/html/reconocimientoFacial/proyecto_definitivo/admin/files/videos_registro_videos/1_otraprueba_1.avi
cara guardada en /0_2022-10-24_18:18:00.325914.avi_61.732935190200806.jpg con esta confidence:0.99997735
cara encontrada en: /var/www/html/reconocimientoFacial/proyecto_definitivo/admin/files/videos_registro_videos/1_otraprueba_1.avi
cara guardada en /0_2022-10-24_18:18:00.587401.avi_61.994423627853394.jpg con esta confidence:0.99994755
cara encontrada en: /var/www/html/reconocimientoFacial/proyecto_definitivo/admin/files/videos_registro_videos/1_otraprueba_1.avi
cara guardada en /0_2022-10-24_18:18:00.865782.avi_62.27280330657959.jpg con esta confidence:0.9998443
cara encontrada en: /var/www/html/reconocimientoFacial/proyecto_definitivo/admin/files/videos_registro_videos/1_otraprueba_1.avi
cara guardada en /0_2022-10-24_18:18:01.101836.avi_62.50885796546936.jpg con esta confidence:0.9998084
cara encontrada en: /var/www/html/reconocimientoFacial/proyecto_definitivo/admin/files/videos_registro_videos/1_otraprueba_1.avi
cara guardada en /0_2022-10-24_18:18:01.267313.avi_62.67433547973633.jpg con esta confidence:0.99973446
cara encontrada en: /var/www/html/reconocimientoFacial/proyecto_definitivo/admin/files/videos_registro_videos/1_otraprueba_1.avi
cara guardada en /0_2022-10-24_18:18:01.460568.avi_62.8675901889801.jpg con esta confidence:0.9995209
cara encontrada en: /var/www/html/reconocimientoFacial/proyecto_definitivo/admin/files/videos_registro_videos/1_otraprueba_1.avi
cara guardada en /0_2022-10-24_18:18:01.665039.avi_63.07206058502197.jpg con esta confidence:0.99482614
cara encontrada en: /var/www/html/reconocimientoFacial/proyecto_definitivo/admin/files/videos_registro_videos/1_otraprueba_1.avi
cara guardada en /0_2022-10-24_18:18:01.740919.avi_63.14794087409973.jpg con esta confidence:0.9846245
cara encontrada en: /var/www/html/reconocimientoFacial/proyecto_definitivo/admin/files/videos_registro_videos/1_otraprueba_1.avi
cara guardada en /0_2022-10-24_18:18:01.831495.avi_63.23851680755615.jpg con esta confidence:0.9814833
cara encontrada en: /var/www/html/reconocimientoFacial/proyecto_definitivo/admin/files/videos_registro_videos/1_otraprueba_1.avi
cara guardada en /0_2022-10-24_18:18:01.963433.avi_63.37045431137085.jpg con esta confidence:0.9812739
cara encontrada en: /var/www/html/reconocimientoFacial/proyecto_definitivo/admin/files/videos_registro_videos/1_otraprueba_1.avi
cara guardada en /0_2022-10-24_18:18:02.095948.avi_63.50296998023987.jpg con esta confidence:0.9662446
cara encontrada en: /var/www/html/reconocimientoFacial/proyecto_definitivo/admin/files/videos_registro_videos/1_otraprueba_1.avi
cara guardada en /0_2022-10-24_18:18:02.234692.avi_63.64171361923218.jpg con esta confidence:0.95424235
cara encontrada en: /var/www/html/reconocimientoFacial/proyecto_definitivo/admin/files/videos_registro_videos/1_otraprueba_1.avi
cara guardada en /0_2022-10-24_18:18:02.364411.avi_63.771432876586914.jpg con esta confidence:0.9417874
cara encontrada en: /var/www/html/reconocimientoFacial/proyecto_definitivo/admin/files/videos_registro_videos/1_otraprueba_1.avi
cara guardada en /0_2022-10-24_18:18:02.442184.avi_63.84920525550842.jpg con esta confidence:0.8247267
cara encontrada en: /var/www/html/reconocimientoFacial/proyecto_definitivo/admin/files/videos_registro_videos/1_otraprueba_1.avi
cara guardada en /0_2022-10-24_18:18:02.550158.avi_63.9571807384491.jpg con esta confidence:0.7118739
cara encontrada en: /var/www/html/reconocimientoFacial/proyecto_definitivo/admin/files/videos_registro_videos/1_otraprueba_1.avi
cara guardada en /0_2022-10-24_18:18:02.679112.avi_64.08613443374634.jpg con esta confidence:0.6890629
voy(1) leyendo el video..
tenemos(1) frame k lo guardo ..
voy(1) leyendo el video..
tenemos(1) frame k lo guardo ..
cara encontrada en: /var/www/html/reconocimientoFacial/proyecto_definitivo/admin/files/videos_registro_videos/1_otraprueba_1.avi
cara guardada en /0_2022-10-24_18:18:05.964644.avi_67.37166476249695.jpg con esta confidence:0.99998045
cara encontrada en: /var/www/html/reconocimientoFacial/proyecto_definitivo/admin/files/videos_registro_videos/1_otraprueba_1.avi
cara guardada en /0_2022-10-24_18:18:06.222104.avi_67.62912321090698.jpg con esta confidence:0.9999763
cara encontrada en: /var/www/html/reconocimientoFacial/proyecto_definitivo/admin/files/videos_registro_videos/1_otraprueba_1.avi
cara guardada en /0_2022-10-24_18:18:06.316714.avi_67.72373533248901.jpg con esta confidence:0.99984396
cara encontrada en: /var/www/html/reconocimientoFacial/proyecto_definitivo/admin/files/videos_registro_videos/1_otraprueba_1.avi
cara guardada en /0_2022-10-24_18:18:06.513069.avi_67.92009162902832.jpg con esta confidence:0.999821
cara encontrada en: /var/www/html/reconocimientoFacial/proyecto_definitivo/admin/files/videos_registro_videos/1_otraprueba_1.avi
cara guardada en /0_2022-10-24_18:18:06.575985.avi_67.98300671577454.jpg con esta confidence:0.99946946
cara encontrada en: /var/www/html/reconocimientoFacial/proyecto_definitivo/admin/files/videos_registro_videos/1_otraprueba_1.avi
cara guardada en /0_2022-10-24_18:18:06.640841.avi_68.04786396026611.jpg con esta confidence:0.9977602
cara encontrada en: /var/www/html/reconocimientoFacial/proyecto_definitivo/admin/files/videos_registro_videos/1_otraprueba_1.avi
cara guardada en /0_2022-10-24_18:18:06.765992.avi_68.17301440238953.jpg con esta confidence:0.9964587
cara encontrada en: /var/www/html/reconocimientoFacial/proyecto_definitivo/admin/files/videos_registro_videos/1_otraprueba_1.avi
cara guardada en /0_2022-10-24_18:18:06.994566.avi_68.40158891677856.jpg con esta confidence:0.9955101
cara encontrada en: /var/www/html/reconocimientoFacial/proyecto_definitivo/admin/files/videos_registro_videos/1_otraprueba_1.avi
cara guardada en /0_2022-10-24_18:18:07.359248.avi_68.76626968383789.jpg con esta confidence:0.99391407
cara encontrada en: /var/www/html/reconocimientoFacial/proyecto_definitivo/admin/files/videos_registro_videos/1_otraprueba_1.avi
cara guardada en /0_2022-10-24_18:18:07.402170.avi_68.80919218063354.jpg con esta confidence:0.9763
cara encontrada en: /var/www/html/reconocimientoFacial/proyecto_definitivo/admin/files/videos_registro_videos/1_otraprueba_1.avi
cara guardada en /0_2022-10-24_18:18:07.670711.avi_69.07773232460022.jpg con esta confidence:0.9586666
cara encontrada en: /var/www/html/reconocimientoFacial/proyecto_definitivo/admin/files/videos_registro_videos/1_otraprueba_1.avi
cara guardada en /0_2022-10-24_18:18:07.894836.avi_69.30185747146606.jpg con esta confidence:0.87765914
cara encontrada en: /var/www/html/reconocimientoFacial/proyecto_definitivo/admin/files/videos_registro_videos/1_otraprueba_1.avi
cara guardada en /0_2022-10-24_18:18:08.272675.avi_69.67969751358032.jpg con esta confidence:0.8306306
cara encontrada en: /var/www/html/reconocimientoFacial/proyecto_definitivo/admin/files/videos_registro_videos/1_otraprueba_1.avi
cara guardada en /0_2022-10-24_18:18:08.389987.avi_69.79700946807861.jpg con esta confidence:0.8297204
cara encontrada en: /var/www/html/reconocimientoFacial/proyecto_definitivo/admin/files/videos_registro_videos/1_otraprueba_1.avi
cara guardada en /0_2022-10-24_18:18:08.434306.avi_69.84132766723633.jpg con esta confidence:0.7701394
cara encontrada en: /var/www/html/reconocimientoFacial/proyecto_definitivo/admin/files/videos_registro_videos/1_otraprueba_1.avi
cara guardada en /0_2022-10-24_18:18:08.626175.avi_70.03319597244263.jpg con esta confidence:0.75749767
cara encontrada en: /var/www/html/reconocimientoFacial/proyecto_definitivo/admin/files/videos_registro_videos/1_otraprueba_1.avi
cara guardada en /0_2022-10-24_18:18:08.850403.avi_70.25742411613464.jpg con esta confidence:0.6838264
voy(1) leyendo el video..
tenemos(1) frame k lo guardo ..
voy(1) leyendo el video..
tenemos(1) frame k lo guardo ..
cara encontrada en: /var/www/html/reconocimientoFacial/proyecto_definitivo/admin/files/videos_registro_videos/1_otraprueba_1.avi
cara guardada en /0_2022-10-24_18:18:11.719074.avi_73.12609601020813.jpg con esta confidence:0.9999728
cara encontrada en: /var/www/html/reconocimientoFacial/proyecto_definitivo/admin/files/videos_registro_videos/1_otraprueba_1.avi
cara guardada en /0_2022-10-24_18:18:11.971068.avi_73.37808990478516.jpg con esta confidence:0.99986947
cara encontrada en: /var/www/html/reconocimientoFacial/proyecto_definitivo/admin/files/videos_registro_videos/1_otraprueba_1.avi
cara guardada en /0_2022-10-24_18:18:12.041207.avi_73.44822931289673.jpg con esta confidence:0.99986386
cara encontrada en: /var/www/html/reconocimientoFacial/proyecto_definitivo/admin/files/videos_registro_videos/1_otraprueba_1.avi
cara guardada en /0_2022-10-24_18:18:12.174909.avi_73.58193039894104.jpg con esta confidence:0.9991768
cara encontrada en: /var/www/html/reconocimientoFacial/proyecto_definitivo/admin/files/videos_registro_videos/1_otraprueba_1.avi
cara guardada en /0_2022-10-24_18:18:12.390653.avi_73.79767417907715.jpg con esta confidence:0.99855584
cara encontrada en: /var/www/html/reconocimientoFacial/proyecto_definitivo/admin/files/videos_registro_videos/1_otraprueba_1.avi
cara guardada en /0_2022-10-24_18:18:12.583594.avi_73.99061584472656.jpg con esta confidence:0.9956697
cara encontrada en: /var/www/html/reconocimientoFacial/proyecto_definitivo/admin/files/videos_registro_videos/1_otraprueba_1.avi
cara guardada en /0_2022-10-24_18:18:12.789657.avi_74.19668006896973.jpg con esta confidence:0.9878342
cara encontrada en: /var/www/html/reconocimientoFacial/proyecto_definitivo/admin/files/videos_registro_videos/1_otraprueba_1.avi
cara guardada en /0_2022-10-24_18:18:12.991676.avi_74.39869809150696.jpg con esta confidence:0.9866909
cara encontrada en: /var/www/html/reconocimientoFacial/proyecto_definitivo/admin/files/videos_registro_videos/1_otraprueba_1.avi
cara guardada en /0_2022-10-24_18:18:13.224918.avi_74.63194060325623.jpg con esta confidence:0.9813052
cara encontrada en: /var/www/html/reconocimientoFacial/proyecto_definitivo/admin/files/videos_registro_videos/1_otraprueba_1.avi
cara guardada en /0_2022-10-24_18:18:13.350200.avi_74.75722193717957.jpg con esta confidence:0.9442875
cara encontrada en: /var/www/html/reconocimientoFacial/proyecto_definitivo/admin/files/videos_registro_videos/1_otraprueba_1.avi
cara guardada en /0_2022-10-24_18:18:13.612541.avi_75.01956272125244.jpg con esta confidence:0.81428295
cara encontrada en: /var/www/html/reconocimientoFacial/proyecto_definitivo/admin/files/videos_registro_videos/1_otraprueba_1.avi
cara guardada en /0_2022-10-24_18:18:13.840854.avi_75.24787640571594.jpg con esta confidence:0.75760245
cara encontrada en: /var/www/html/reconocimientoFacial/proyecto_definitivo/admin/files/videos_registro_videos/1_otraprueba_1.avi
cara guardada en /0_2022-10-24_18:18:14.067280.avi_75.4743025302887.jpg con esta confidence:0.7541375
cara encontrada en: /var/www/html/reconocimientoFacial/proyecto_definitivo/admin/files/videos_registro_videos/1_otraprueba_1.avi
cara guardada en /0_2022-10-24_18:18:14.143660.avi_75.55068063735962.jpg con esta confidence:0.7100301
voy(1) leyendo el video..
tenemos(1) frame k lo guardo ..
voy(1) leyendo el video..
tenemos(1) frame k lo guardo ..
cara encontrada en: /var/www/html/reconocimientoFacial/proyecto_definitivo/admin/files/videos_registro_videos/1_otraprueba_1.avi
cara guardada en /0_2022-10-24_18:18:17.632008.avi_79.03902983665466.jpg con esta confidence:0.9999757
cara encontrada en: /var/www/html/reconocimientoFacial/proyecto_definitivo/admin/files/videos_registro_videos/1_otraprueba_1.avi
cara guardada en /0_2022-10-24_18:18:17.860044.avi_79.26706504821777.jpg con esta confidence:0.9998692
cara encontrada en: /var/www/html/reconocimientoFacial/proyecto_definitivo/admin/files/videos_registro_videos/1_otraprueba_1.avi
cara guardada en /0_2022-10-24_18:18:17.907957.avi_79.31497931480408.jpg con esta confidence:0.9994299
cara encontrada en: /var/www/html/reconocimientoFacial/proyecto_definitivo/admin/files/videos_registro_videos/1_otraprueba_1.avi
cara guardada en /0_2022-10-24_18:18:18.118496.avi_79.52551746368408.jpg con esta confidence:0.9983821
cara encontrada en: /var/www/html/reconocimientoFacial/proyecto_definitivo/admin/files/videos_registro_videos/1_otraprueba_1.avi
cara guardada en /0_2022-10-24_18:18:18.415830.avi_79.82285165786743.jpg con esta confidence:0.99833554
cara encontrada en: /var/www/html/reconocimientoFacial/proyecto_definitivo/admin/files/videos_registro_videos/1_otraprueba_1.avi
cara guardada en /0_2022-10-24_18:18:18.656313.avi_80.06333446502686.jpg con esta confidence:0.9911712
cara encontrada en: /var/www/html/reconocimientoFacial/proyecto_definitivo/admin/files/videos_registro_videos/1_otraprueba_1.avi
cara guardada en /0_2022-10-24_18:18:18.892048.avi_80.29906964302063.jpg con esta confidence:0.97731453
cara encontrada en: /var/www/html/reconocimientoFacial/proyecto_definitivo/admin/files/videos_registro_videos/1_otraprueba_1.avi
cara guardada en /0_2022-10-24_18:18:18.995265.avi_80.40228724479675.jpg con esta confidence:0.9767254
cara encontrada en: /var/www/html/reconocimientoFacial/proyecto_definitivo/admin/files/videos_registro_videos/1_otraprueba_1.avi
cara guardada en /0_2022-10-24_18:18:19.371708.avi_80.77872800827026.jpg con esta confidence:0.9753321
cara encontrada en: /var/www/html/reconocimientoFacial/proyecto_definitivo/admin/files/videos_registro_videos/1_otraprueba_1.avi
cara guardada en /0_2022-10-24_18:18:19.497950.avi_80.90497279167175.jpg con esta confidence:0.95505184
cara encontrada en: /var/www/html/reconocimientoFacial/proyecto_definitivo/admin/files/videos_registro_videos/1_otraprueba_1.avi
cara guardada en /0_2022-10-24_18:18:19.715088.avi_81.12211084365845.jpg con esta confidence:0.88764054
cara encontrada en: /var/www/html/reconocimientoFacial/proyecto_definitivo/admin/files/videos_registro_videos/1_otraprueba_1.avi
cara guardada en /0_2022-10-24_18:18:21.034521.avi_82.44154405593872.jpg con esta confidence:0.8220067
voy(1) leyendo el video..
tenemos(1) frame k lo guardo ..
voy(1) leyendo el video..
tenemos(1) frame k lo guardo ..
cara encontrada en: /var/www/html/reconocimientoFacial/proyecto_definitivo/admin/files/videos_registro_videos/1_otraprueba_1.avi
cara guardada en /0_2022-10-24_18:18:24.044905.avi_85.45192646980286.jpg con esta confidence:0.99997044
cara encontrada en: /var/www/html/reconocimientoFacial/proyecto_definitivo/admin/files/videos_registro_videos/1_otraprueba_1.avi
cara guardada en /0_2022-10-24_18:18:24.173571.avi_85.58059287071228.jpg con esta confidence:0.99975556
cara encontrada en: /var/www/html/reconocimientoFacial/proyecto_definitivo/admin/files/videos_registro_videos/1_otraprueba_1.avi
cara guardada en /0_2022-10-24_18:18:24.391703.avi_85.79872465133667.jpg con esta confidence:0.999739
cara encontrada en: /var/www/html/reconocimientoFacial/proyecto_definitivo/admin/files/videos_registro_videos/1_otraprueba_1.avi
cara guardada en /0_2022-10-24_18:18:24.565015.avi_85.97203540802002.jpg con esta confidence:0.9985813
cara encontrada en: /var/www/html/reconocimientoFacial/proyecto_definitivo/admin/files/videos_registro_videos/1_otraprueba_1.avi
cara guardada en /0_2022-10-24_18:18:24.765077.avi_86.17209887504578.jpg con esta confidence:0.9979631
cara encontrada en: /var/www/html/reconocimientoFacial/proyecto_definitivo/admin/files/videos_registro_videos/1_otraprueba_1.avi
cara guardada en /0_2022-10-24_18:18:24.896331.avi_86.30335283279419.jpg con esta confidence:0.99234325
cara encontrada en: /var/www/html/reconocimientoFacial/proyecto_definitivo/admin/files/videos_registro_videos/1_otraprueba_1.avi
cara guardada en /0_2022-10-24_18:18:25.028145.avi_86.43516683578491.jpg con esta confidence:0.97927034
cara encontrada en: /var/www/html/reconocimientoFacial/proyecto_definitivo/admin/files/videos_registro_videos/1_otraprueba_1.avi
cara guardada en /0_2022-10-24_18:18:25.283999.avi_86.69102144241333.jpg con esta confidence:0.95039475
cara encontrada en: /var/www/html/reconocimientoFacial/proyecto_definitivo/admin/files/videos_registro_videos/1_otraprueba_1.avi
cara guardada en /0_2022-10-24_18:18:25.473040.avi_86.88006114959717.jpg con esta confidence:0.9437393
cara encontrada en: /var/www/html/reconocimientoFacial/proyecto_definitivo/admin/files/videos_registro_videos/1_otraprueba_1.avi
cara guardada en /0_2022-10-24_18:18:25.638855.avi_87.04587745666504.jpg con esta confidence:0.9427683
cara encontrada en: /var/www/html/reconocimientoFacial/proyecto_definitivo/admin/files/videos_registro_videos/1_otraprueba_1.avi
cara guardada en /0_2022-10-24_18:18:25.755302.avi_87.16232371330261.jpg con esta confidence:0.81610215
cara encontrada en: /var/www/html/reconocimientoFacial/proyecto_definitivo/admin/files/videos_registro_videos/1_otraprueba_1.avi
cara guardada en /0_2022-10-24_18:18:25.905375.avi_87.31239748001099.jpg con esta confidence:0.7499351
voy(1) leyendo el video..
tenemos(1) frame k lo guardo ..
voy(1) leyendo el video..
tenemos(1) frame k lo guardo ..
cara encontrada en: /var/www/html/reconocimientoFacial/proyecto_definitivo/admin/files/videos_registro_videos/1_otraprueba_1.avi
cara guardada en /0_2022-10-24_18:18:29.230410.avi_90.63743185997009.jpg con esta confidence:0.999962
cara encontrada en: /var/www/html/reconocimientoFacial/proyecto_definitivo/admin/files/videos_registro_videos/1_otraprueba_1.avi
cara guardada en /0_2022-10-24_18:18:29.445714.avi_90.85273241996765.jpg con esta confidence:0.999948
cara encontrada en: /var/www/html/reconocimientoFacial/proyecto_definitivo/admin/files/videos_registro_videos/1_otraprueba_1.avi
cara guardada en /0_2022-10-24_18:18:29.602968.avi_91.00999021530151.jpg con esta confidence:0.99952304
cara encontrada en: /var/www/html/reconocimientoFacial/proyecto_definitivo/admin/files/videos_registro_videos/1_otraprueba_1.avi
cara guardada en /0_2022-10-24_18:18:30.052131.avi_91.459153175354.jpg con esta confidence:0.99951065
cara encontrada en: /var/www/html/reconocimientoFacial/proyecto_definitivo/admin/files/videos_registro_videos/1_otraprueba_1.avi
cara guardada en /0_2022-10-24_18:18:30.210247.avi_91.6172685623169.jpg con esta confidence:0.9993771
cara encontrada en: /var/www/html/reconocimientoFacial/proyecto_definitivo/admin/files/videos_registro_videos/1_otraprueba_1.avi
cara guardada en /0_2022-10-24_18:18:30.398791.avi_91.80581188201904.jpg con esta confidence:0.99892694
cara encontrada en: /var/www/html/reconocimientoFacial/proyecto_definitivo/admin/files/videos_registro_videos/1_otraprueba_1.avi
cara guardada en /0_2022-10-24_18:18:30.503304.avi_91.91032648086548.jpg con esta confidence:0.9325479
cara encontrada en: /var/www/html/reconocimientoFacial/proyecto_definitivo/admin/files/videos_registro_videos/1_otraprueba_1.avi
cara guardada en /0_2022-10-24_18:18:30.728492.avi_92.13551354408264.jpg con esta confidence:0.9301241
cara encontrada en: /var/www/html/reconocimientoFacial/proyecto_definitivo/admin/files/videos_registro_videos/1_otraprueba_1.avi
cara guardada en /0_2022-10-24_18:18:30.914118.avi_92.32113933563232.jpg con esta confidence:0.9259511
cara encontrada en: /var/www/html/reconocimientoFacial/proyecto_definitivo/admin/files/videos_registro_videos/1_otraprueba_1.avi
cara guardada en /0_2022-10-24_18:18:31.121566.avi_92.5285849571228.jpg con esta confidence:0.9033671
cara encontrada en: /var/www/html/reconocimientoFacial/proyecto_definitivo/admin/files/videos_registro_videos/1_otraprueba_1.avi
cara guardada en /0_2022-10-24_18:18:31.324073.avi_92.7310962677002.jpg con esta confidence:0.7704084
cara encontrada en: /var/www/html/reconocimientoFacial/proyecto_definitivo/admin/files/videos_registro_videos/1_otraprueba_1.avi
cara guardada en /0_2022-10-24_18:18:31.483394.avi_92.89041495323181.jpg con esta confidence:0.7614122
cara encontrada en: /var/www/html/reconocimientoFacial/proyecto_definitivo/admin/files/videos_registro_videos/1_otraprueba_1.avi
cara guardada en /0_2022-10-24_18:18:31.793988.avi_93.20101046562195.jpg con esta confidence:0.7593121
voy(1) leyendo el video..
tenemos(1) frame k lo guardo ..
voy(1) leyendo el video..
tenemos(1) frame k lo guardo ..
cara encontrada en: /var/www/html/reconocimientoFacial/proyecto_definitivo/admin/files/videos_registro_videos/1_otraprueba_1.avi
cara guardada en /0_2022-10-24_18:18:35.672790.avi_97.07981181144714.jpg con esta confidence:0.999949
cara encontrada en: /var/www/html/reconocimientoFacial/proyecto_definitivo/admin/files/videos_registro_videos/1_otraprueba_1.avi
cara guardada en /0_2022-10-24_18:18:35.808710.avi_97.21573233604431.jpg con esta confidence:0.9999443
cara encontrada en: /var/www/html/reconocimientoFacial/proyecto_definitivo/admin/files/videos_registro_videos/1_otraprueba_1.avi
cara guardada en /0_2022-10-24_18:18:35.947869.avi_97.35489130020142.jpg con esta confidence:0.999683
cara encontrada en: /var/www/html/reconocimientoFacial/proyecto_definitivo/admin/files/videos_registro_videos/1_otraprueba_1.avi
cara guardada en /0_2022-10-24_18:18:36.185132.avi_97.59215450286865.jpg con esta confidence:0.99958557
cara encontrada en: /var/www/html/reconocimientoFacial/proyecto_definitivo/admin/files/videos_registro_videos/1_otraprueba_1.avi
cara guardada en /0_2022-10-24_18:18:36.340275.avi_97.74729561805725.jpg con esta confidence:0.9992417
cara encontrada en: /var/www/html/reconocimientoFacial/proyecto_definitivo/admin/files/videos_registro_videos/1_otraprueba_1.avi
cara guardada en /0_2022-10-24_18:18:36.595942.avi_98.00296449661255.jpg con esta confidence:0.9992132
cara encontrada en: /var/www/html/reconocimientoFacial/proyecto_definitivo/admin/files/videos_registro_videos/1_otraprueba_1.avi
cara guardada en /0_2022-10-24_18:18:36.900838.avi_98.30785894393921.jpg con esta confidence:0.9284121
cara encontrada en: /var/www/html/reconocimientoFacial/proyecto_definitivo/admin/files/videos_registro_videos/1_otraprueba_1.avi
cara guardada en /0_2022-10-24_18:18:37.035842.avi_98.44286513328552.jpg con esta confidence:0.9258707
cara encontrada en: /var/www/html/reconocimientoFacial/proyecto_definitivo/admin/files/videos_registro_videos/1_otraprueba_1.avi
cara guardada en /0_2022-10-24_18:18:37.140778.avi_98.54779982566833.jpg con esta confidence:0.8999398
cara encontrada en: /var/www/html/reconocimientoFacial/proyecto_definitivo/admin/files/videos_registro_videos/1_otraprueba_1.avi
cara guardada en /0_2022-10-24_18:18:37.264555.avi_98.67157697677612.jpg con esta confidence:0.8865059
cara encontrada en: /var/www/html/reconocimientoFacial/proyecto_definitivo/admin/files/videos_registro_videos/1_otraprueba_1.avi
cara guardada en /0_2022-10-24_18:18:37.514897.avi_98.92191648483276.jpg con esta confidence:0.75429815
cara encontrada en: /var/www/html/reconocimientoFacial/proyecto_definitivo/admin/files/videos_registro_videos/1_otraprueba_1.avi
cara guardada en /0_2022-10-24_18:18:37.670037.avi_99.07705903053284.jpg con esta confidence:0.7533528
cara encontrada en: /var/www/html/reconocimientoFacial/proyecto_definitivo/admin/files/videos_registro_videos/1_otraprueba_1.avi
cara guardada en /0_2022-10-24_18:18:37.969110.avi_99.37613320350647.jpg con esta confidence:0.75277144
cara encontrada en: /var/www/html/reconocimientoFacial/proyecto_definitivo/admin/files/videos_registro_videos/1_otraprueba_1.avi
cara guardada en /0_2022-10-24_18:18:38.006121.avi_99.41314363479614.jpg con esta confidence:0.72526824
cara encontrada en: /var/www/html/reconocimientoFacial/proyecto_definitivo/admin/files/videos_registro_videos/1_otraprueba_1.avi
cara guardada en /0_2022-10-24_18:18:38.167958.avi_99.57497930526733.jpg con esta confidence:0.7091546
cara encontrada en: /var/www/html/reconocimientoFacial/proyecto_definitivo/admin/files/videos_registro_videos/1_otraprueba_1.avi
cara guardada en /0_2022-10-24_18:18:38.406199.avi_99.81322169303894.jpg con esta confidence:0.68586445
voy(1) leyendo el video..
tenemos(1) frame k lo guardo ..
voy(1) leyendo el video..
tenemos(1) frame k lo guardo ..
cara encontrada en: /var/www/html/reconocimientoFacial/proyecto_definitivo/admin/files/videos_registro_videos/1_otraprueba_1.avi
cara guardada en /0_2022-10-24_18:18:41.675783.avi_103.08280515670776.jpg con esta confidence:0.9999801
cara encontrada en: /var/www/html/reconocimientoFacial/proyecto_definitivo/admin/files/videos_registro_videos/1_otraprueba_1.avi
cara guardada en /0_2022-10-24_18:18:41.843434.avi_103.25045585632324.jpg con esta confidence:0.9999037
cara encontrada en: /var/www/html/reconocimientoFacial/proyecto_definitivo/admin/files/videos_registro_videos/1_otraprueba_1.avi
cara guardada en /0_2022-10-24_18:18:42.034850.avi_103.44187259674072.jpg con esta confidence:0.9996692
cara encontrada en: /var/www/html/reconocimientoFacial/proyecto_definitivo/admin/files/videos_registro_videos/1_otraprueba_1.avi
cara guardada en /0_2022-10-24_18:18:42.362796.avi_103.76981735229492.jpg con esta confidence:0.99956506
cara encontrada en: /var/www/html/reconocimientoFacial/proyecto_definitivo/admin/files/videos_registro_videos/1_otraprueba_1.avi
cara guardada en /0_2022-10-24_18:18:42.592446.avi_103.99946784973145.jpg con esta confidence:0.9976718
cara encontrada en: /var/www/html/reconocimientoFacial/proyecto_definitivo/admin/files/videos_registro_videos/1_otraprueba_1.avi
cara guardada en /0_2022-10-24_18:18:42.844132.avi_104.25115466117859.jpg con esta confidence:0.9973097
cara encontrada en: /var/www/html/reconocimientoFacial/proyecto_definitivo/admin/files/videos_registro_videos/1_otraprueba_1.avi
cara guardada en /0_2022-10-24_18:18:43.019642.avi_104.42666339874268.jpg con esta confidence:0.9961385
cara encontrada en: /var/www/html/reconocimientoFacial/proyecto_definitivo/admin/files/videos_registro_videos/1_otraprueba_1.avi
cara guardada en /0_2022-10-24_18:18:43.109205.avi_104.51622700691223.jpg con esta confidence:0.98758286
cara encontrada en: /var/www/html/reconocimientoFacial/proyecto_definitivo/admin/files/videos_registro_videos/1_otraprueba_1.avi
cara guardada en /0_2022-10-24_18:18:43.218432.avi_104.6254529953003.jpg con esta confidence:0.9791292
cara encontrada en: /var/www/html/reconocimientoFacial/proyecto_definitivo/admin/files/videos_registro_videos/1_otraprueba_1.avi
cara guardada en /0_2022-10-24_18:18:43.501925.avi_104.90894412994385.jpg con esta confidence:0.94437784
cara encontrada en: /var/www/html/reconocimientoFacial/proyecto_definitivo/admin/files/videos_registro_videos/1_otraprueba_1.avi
cara guardada en /0_2022-10-24_18:18:43.613418.avi_105.02044034004211.jpg con esta confidence:0.938366
cara encontrada en: /var/www/html/reconocimientoFacial/proyecto_definitivo/admin/files/videos_registro_videos/1_otraprueba_1.avi
cara guardada en /0_2022-10-24_18:18:43.805895.avi_105.21291780471802.jpg con esta confidence:0.87522274
cara encontrada en: /var/www/html/reconocimientoFacial/proyecto_definitivo/admin/files/videos_registro_videos/1_otraprueba_1.avi
cara guardada en /0_2022-10-24_18:18:44.091831.avi_105.49885392189026.jpg con esta confidence:0.7510668
voy(1) leyendo el video..
tenemos(1) frame k lo guardo ..
voy(1) leyendo el video..
tenemos(1) frame k lo guardo ..
cara encontrada en: /var/www/html/reconocimientoFacial/proyecto_definitivo/admin/files/videos_registro_videos/1_otraprueba_1.avi
cara guardada en /0_2022-10-24_18:18:47.372029.avi_108.77904987335205.jpg con esta confidence:0.99999094
cara encontrada en: /var/www/html/reconocimientoFacial/proyecto_definitivo/admin/files/videos_registro_videos/1_otraprueba_1.avi
cara guardada en /0_2022-10-24_18:18:47.582661.avi_108.98968315124512.jpg con esta confidence:0.999946
cara encontrada en: /var/www/html/reconocimientoFacial/proyecto_definitivo/admin/files/videos_registro_videos/1_otraprueba_1.avi
cara guardada en /0_2022-10-24_18:18:47.802953.avi_109.20997476577759.jpg con esta confidence:0.9999224
cara encontrada en: /var/www/html/reconocimientoFacial/proyecto_definitivo/admin/files/videos_registro_videos/1_otraprueba_1.avi
cara guardada en /0_2022-10-24_18:18:47.987286.avi_109.39430832862854.jpg con esta confidence:0.9998869
cara encontrada en: /var/www/html/reconocimientoFacial/proyecto_definitivo/admin/files/videos_registro_videos/1_otraprueba_1.avi
cara guardada en /0_2022-10-24_18:18:48.136326.avi_109.54334759712219.jpg con esta confidence:0.9996045
cara encontrada en: /var/www/html/reconocimientoFacial/proyecto_definitivo/admin/files/videos_registro_videos/1_otraprueba_1.avi
cara guardada en /0_2022-10-24_18:18:48.418074.avi_109.8250961303711.jpg con esta confidence:0.9993716
cara encontrada en: /var/www/html/reconocimientoFacial/proyecto_definitivo/admin/files/videos_registro_videos/1_otraprueba_1.avi
cara guardada en /0_2022-10-24_18:18:48.875143.avi_110.28216481208801.jpg con esta confidence:0.9948808
cara encontrada en: /var/www/html/reconocimientoFacial/proyecto_definitivo/admin/files/videos_registro_videos/1_otraprueba_1.avi
cara guardada en /0_2022-10-24_18:18:49.407648.avi_110.8146710395813.jpg con esta confidence:0.98409754
cara encontrada en: /var/www/html/reconocimientoFacial/proyecto_definitivo/admin/files/videos_registro_videos/1_otraprueba_1.avi
cara guardada en /0_2022-10-24_18:18:49.508148.avi_110.91516995429993.jpg con esta confidence:0.983851
cara encontrada en: /var/www/html/reconocimientoFacial/proyecto_definitivo/admin/files/videos_registro_videos/1_otraprueba_1.avi
cara guardada en /0_2022-10-24_18:18:49.663944.avi_111.07096576690674.jpg con esta confidence:0.95048404
cara encontrada en: /var/www/html/reconocimientoFacial/proyecto_definitivo/admin/files/videos_registro_videos/1_otraprueba_1.avi
cara guardada en /0_2022-10-24_18:18:49.840549.avi_111.24757099151611.jpg con esta confidence:0.94933856
cara encontrada en: /var/www/html/reconocimientoFacial/proyecto_definitivo/admin/files/videos_registro_videos/1_otraprueba_1.avi
cara guardada en /0_2022-10-24_18:18:50.078688.avi_111.4857108592987.jpg con esta confidence:0.8947055
cara encontrada en: /var/www/html/reconocimientoFacial/proyecto_definitivo/admin/files/videos_registro_videos/1_otraprueba_1.avi
cara guardada en /0_2022-10-24_18:18:50.177333.avi_111.58435416221619.jpg con esta confidence:0.7887706
cara encontrada en: /var/www/html/reconocimientoFacial/proyecto_definitivo/admin/files/videos_registro_videos/1_otraprueba_1.avi
cara guardada en /0_2022-10-24_18:18:50.327089.avi_111.73411130905151.jpg con esta confidence:0.76451975
cara encontrada en: /var/www/html/reconocimientoFacial/proyecto_definitivo/admin/files/videos_registro_videos/1_otraprueba_1.avi
cara guardada en /0_2022-10-24_18:18:50.464915.avi_111.8719367980957.jpg con esta confidence:0.7471796
voy(1) leyendo el video..
tenemos(1) frame k lo guardo ..
voy(1) leyendo el video..
tenemos(1) frame k lo guardo ..
cara encontrada en: /var/www/html/reconocimientoFacial/proyecto_definitivo/admin/files/videos_registro_videos/1_otraprueba_1.avi
cara guardada en /0_2022-10-24_18:18:53.368928.avi_114.77594661712646.jpg con esta confidence:0.9999857
cara encontrada en: /var/www/html/reconocimientoFacial/proyecto_definitivo/admin/files/videos_registro_videos/1_otraprueba_1.avi
cara guardada en /0_2022-10-24_18:18:53.476253.avi_114.88327312469482.jpg con esta confidence:0.99995315
cara encontrada en: /var/www/html/reconocimientoFacial/proyecto_definitivo/admin/files/videos_registro_videos/1_otraprueba_1.avi
cara guardada en /0_2022-10-24_18:18:53.603747.avi_115.01076984405518.jpg con esta confidence:0.9998759
cara encontrada en: /var/www/html/reconocimientoFacial/proyecto_definitivo/admin/files/videos_registro_videos/1_otraprueba_1.avi
cara guardada en /0_2022-10-24_18:18:53.813533.avi_115.22055530548096.jpg con esta confidence:0.99980444
cara encontrada en: /var/www/html/reconocimientoFacial/proyecto_definitivo/admin/files/videos_registro_videos/1_otraprueba_1.avi
cara guardada en /0_2022-10-24_18:18:53.959555.avi_115.36657786369324.jpg con esta confidence:0.99969923
cara encontrada en: /var/www/html/reconocimientoFacial/proyecto_definitivo/admin/files/videos_registro_videos/1_otraprueba_1.avi
cara guardada en /0_2022-10-24_18:18:54.419173.avi_115.82619524002075.jpg con esta confidence:0.99934775
cara encontrada en: /var/www/html/reconocimientoFacial/proyecto_definitivo/admin/files/videos_registro_videos/1_otraprueba_1.avi
cara guardada en /0_2022-10-24_18:18:54.483996.avi_115.8910186290741.jpg con esta confidence:0.993489
cara encontrada en: /var/www/html/reconocimientoFacial/proyecto_definitivo/admin/files/videos_registro_videos/1_otraprueba_1.avi
cara guardada en /0_2022-10-24_18:18:54.670830.avi_116.07785153388977.jpg con esta confidence:0.9857999
cara encontrada en: /var/www/html/reconocimientoFacial/proyecto_definitivo/admin/files/videos_registro_videos/1_otraprueba_1.avi
cara guardada en /0_2022-10-24_18:18:54.759186.avi_116.16620898246765.jpg con esta confidence:0.97421944
cara encontrada en: /var/www/html/reconocimientoFacial/proyecto_definitivo/admin/files/videos_registro_videos/1_otraprueba_1.avi
cara guardada en /0_2022-10-24_18:18:54.901454.avi_116.30847549438477.jpg con esta confidence:0.9728344
cara encontrada en: /var/www/html/reconocimientoFacial/proyecto_definitivo/admin/files/videos_registro_videos/1_otraprueba_1.avi
cara guardada en /0_2022-10-24_18:18:54.973452.avi_116.38047361373901.jpg con esta confidence:0.9452651
cara encontrada en: /var/www/html/reconocimientoFacial/proyecto_definitivo/admin/files/videos_registro_videos/1_otraprueba_1.avi
cara guardada en /0_2022-10-24_18:18:55.061869.avi_116.46889042854309.jpg con esta confidence:0.9158061
cara encontrada en: /var/www/html/reconocimientoFacial/proyecto_definitivo/admin/files/videos_registro_videos/1_otraprueba_1.avi
cara guardada en /0_2022-10-24_18:18:55.143352.avi_116.55037426948547.jpg con esta confidence:0.82512194
cara encontrada en: /var/www/html/reconocimientoFacial/proyecto_definitivo/admin/files/videos_registro_videos/1_otraprueba_1.avi
cara guardada en /0_2022-10-24_18:18:55.235467.avi_116.6424880027771.jpg con esta confidence:0.70993286
voy(1) leyendo el video..
tenemos(1) frame k lo guardo ..
voy(1) leyendo el video..
tenemos(1) frame k lo guardo ..
cara encontrada en: /var/www/html/reconocimientoFacial/proyecto_definitivo/admin/files/videos_registro_videos/1_otraprueba_1.avi
cara guardada en /0_2022-10-24_18:18:58.161243.avi_119.56826519966125.jpg con esta confidence:0.999987
cara encontrada en: /var/www/html/reconocimientoFacial/proyecto_definitivo/admin/files/videos_registro_videos/1_otraprueba_1.avi
cara guardada en /0_2022-10-24_18:18:58.206164.avi_119.61318635940552.jpg con esta confidence:0.9998987
cara encontrada en: /var/www/html/reconocimientoFacial/proyecto_definitivo/admin/files/videos_registro_videos/1_otraprueba_1.avi
cara guardada en /0_2022-10-24_18:18:58.307024.avi_119.71404695510864.jpg con esta confidence:0.9998957
cara encontrada en: /var/www/html/reconocimientoFacial/proyecto_definitivo/admin/files/videos_registro_videos/1_otraprueba_1.avi
cara guardada en /0_2022-10-24_18:18:58.366724.avi_119.77374482154846.jpg con esta confidence:0.99978584
cara encontrada en: /var/www/html/reconocimientoFacial/proyecto_definitivo/admin/files/videos_registro_videos/1_otraprueba_1.avi
cara guardada en /0_2022-10-24_18:18:58.472137.avi_119.87915849685669.jpg con esta confidence:0.9994936
cara encontrada en: /var/www/html/reconocimientoFacial/proyecto_definitivo/admin/files/videos_registro_videos/1_otraprueba_1.avi
cara guardada en /0_2022-10-24_18:18:58.619528.avi_120.02655005455017.jpg con esta confidence:0.9981
cara encontrada en: /var/www/html/reconocimientoFacial/proyecto_definitivo/admin/files/videos_registro_videos/1_otraprueba_1.avi
cara guardada en /0_2022-10-24_18:18:58.764897.avi_120.17191886901855.jpg con esta confidence:0.99727446
cara encontrada en: /var/www/html/reconocimientoFacial/proyecto_definitivo/admin/files/videos_registro_videos/1_otraprueba_1.avi
cara guardada en /0_2022-10-24_18:18:58.974383.avi_120.38140559196472.jpg con esta confidence:0.993068
cara encontrada en: /var/www/html/reconocimientoFacial/proyecto_definitivo/admin/files/videos_registro_videos/1_otraprueba_1.avi
cara guardada en /0_2022-10-24_18:18:59.160967.avi_120.56798911094666.jpg con esta confidence:0.98970187
cara encontrada en: /var/www/html/reconocimientoFacial/proyecto_definitivo/admin/files/videos_registro_videos/1_otraprueba_1.avi
cara guardada en /0_2022-10-24_18:18:59.300022.avi_120.70704412460327.jpg con esta confidence:0.97603536
cara encontrada en: /var/www/html/reconocimientoFacial/proyecto_definitivo/admin/files/videos_registro_videos/1_otraprueba_1.avi
cara guardada en /0_2022-10-24_18:18:59.571944.avi_120.97896671295166.jpg con esta confidence:0.9705099
cara encontrada en: /var/www/html/reconocimientoFacial/proyecto_definitivo/admin/files/videos_registro_videos/1_otraprueba_1.avi
cara guardada en /0_2022-10-24_18:18:59.820937.avi_121.22795867919922.jpg con esta confidence:0.823548
cara encontrada en: /var/www/html/reconocimientoFacial/proyecto_definitivo/admin/files/videos_registro_videos/1_otraprueba_1.avi
cara guardada en /0_2022-10-24_18:18:59.920396.avi_121.32741785049438.jpg con esta confidence:0.7969846
cara encontrada en: /var/www/html/reconocimientoFacial/proyecto_definitivo/admin/files/videos_registro_videos/1_otraprueba_1.avi
cara guardada en /0_2022-10-24_18:19:00.163070.avi_121.57009196281433.jpg con esta confidence:0.73759794
voy(1) leyendo el video..
tenemos(1) frame k lo guardo ..
voy(1) leyendo el video..
tenemos(1) frame k lo guardo ..
cara encontrada en: /var/www/html/reconocimientoFacial/proyecto_definitivo/admin/files/videos_registro_videos/1_otraprueba_1.avi
cara guardada en /0_2022-10-24_18:19:02.179421.avi_123.58644318580627.jpg con esta confidence:0.9999894
cara encontrada en: /var/www/html/reconocimientoFacial/proyecto_definitivo/admin/files/videos_registro_videos/1_otraprueba_1.avi
cara guardada en /0_2022-10-24_18:19:02.252069.avi_123.65909194946289.jpg con esta confidence:0.99993503
cara encontrada en: /var/www/html/reconocimientoFacial/proyecto_definitivo/admin/files/videos_registro_videos/1_otraprueba_1.avi
cara guardada en /0_2022-10-24_18:19:02.324435.avi_123.73145627975464.jpg con esta confidence:0.9999012
cara encontrada en: /var/www/html/reconocimientoFacial/proyecto_definitivo/admin/files/videos_registro_videos/1_otraprueba_1.avi
cara guardada en /0_2022-10-24_18:19:02.421512.avi_123.82853412628174.jpg con esta confidence:0.9997626
cara encontrada en: /var/www/html/reconocimientoFacial/proyecto_definitivo/admin/files/videos_registro_videos/1_otraprueba_1.avi
cara guardada en /0_2022-10-24_18:19:02.500092.avi_123.90711426734924.jpg con esta confidence:0.9995764
cara encontrada en: /var/www/html/reconocimientoFacial/proyecto_definitivo/admin/files/videos_registro_videos/1_otraprueba_1.avi
cara guardada en /0_2022-10-24_18:19:02.597239.avi_124.00426149368286.jpg con esta confidence:0.9978523
cara encontrada en: /var/www/html/reconocimientoFacial/proyecto_definitivo/admin/files/videos_registro_videos/1_otraprueba_1.avi
cara guardada en /0_2022-10-24_18:19:02.667738.avi_124.07475972175598.jpg con esta confidence:0.9977731
cara encontrada en: /var/www/html/reconocimientoFacial/proyecto_definitivo/admin/files/videos_registro_videos/1_otraprueba_1.avi
cara guardada en /0_2022-10-24_18:19:02.762681.avi_124.1697027683258.jpg con esta confidence:0.99745923
cara encontrada en: /var/www/html/reconocimientoFacial/proyecto_definitivo/admin/files/videos_registro_videos/1_otraprueba_1.avi
cara guardada en /0_2022-10-24_18:19:02.902819.avi_124.30984163284302.jpg con esta confidence:0.99377394
cara encontrada en: /var/www/html/reconocimientoFacial/proyecto_definitivo/admin/files/videos_registro_videos/1_otraprueba_1.avi
cara guardada en /0_2022-10-24_18:19:02.999037.avi_124.40605926513672.jpg con esta confidence:0.9869537
cara encontrada en: /var/www/html/reconocimientoFacial/proyecto_definitivo/admin/files/videos_registro_videos/1_otraprueba_1.avi
cara guardada en /0_2022-10-24_18:19:03.082630.avi_124.48965239524841.jpg con esta confidence:0.9685166
cara encontrada en: /var/www/html/reconocimientoFacial/proyecto_definitivo/admin/files/videos_registro_videos/1_otraprueba_1.avi
cara guardada en /0_2022-10-24_18:19:03.284951.avi_124.69197344779968.jpg con esta confidence:0.9116337
cara encontrada en: /var/www/html/reconocimientoFacial/proyecto_definitivo/admin/files/videos_registro_videos/1_otraprueba_1.avi
cara guardada en /0_2022-10-24_18:19:03.350716.avi_124.75773811340332.jpg con esta confidence:0.81449974
cara encontrada en: /var/www/html/reconocimientoFacial/proyecto_definitivo/admin/files/videos_registro_videos/1_otraprueba_1.avi
cara guardada en /0_2022-10-24_18:19:03.468026.avi_124.87504768371582.jpg con esta confidence:0.7447899
voy(1) leyendo el video..
tenemos(1) frame k lo guardo ..
voy(1) leyendo el video..
tenemos(1) frame k lo guardo ..
cara encontrada en: /var/www/html/reconocimientoFacial/proyecto_definitivo/admin/files/videos_registro_videos/1_otraprueba_1.avi
cara guardada en /0_2022-10-24_18:19:05.128350.avi_126.53537130355835.jpg con esta confidence:0.99998903
cara encontrada en: /var/www/html/reconocimientoFacial/proyecto_definitivo/admin/files/videos_registro_videos/1_otraprueba_1.avi
cara guardada en /0_2022-10-24_18:19:05.193460.avi_126.60048127174377.jpg con esta confidence:0.99993634
cara encontrada en: /var/www/html/reconocimientoFacial/proyecto_definitivo/admin/files/videos_registro_videos/1_otraprueba_1.avi
cara guardada en /0_2022-10-24_18:19:05.315649.avi_126.72267031669617.jpg con esta confidence:0.99986756
cara encontrada en: /var/www/html/reconocimientoFacial/proyecto_definitivo/admin/files/videos_registro_videos/1_otraprueba_1.avi
cara guardada en /0_2022-10-24_18:19:05.372552.avi_126.77957439422607.jpg con esta confidence:0.99976677
cara encontrada en: /var/www/html/reconocimientoFacial/proyecto_definitivo/admin/files/videos_registro_videos/1_otraprueba_1.avi
cara guardada en /0_2022-10-24_18:19:05.415707.avi_126.82272839546204.jpg con esta confidence:0.9994487
cara encontrada en: /var/www/html/reconocimientoFacial/proyecto_definitivo/admin/files/videos_registro_videos/1_otraprueba_1.avi
cara guardada en /0_2022-10-24_18:19:05.489611.avi_126.89663338661194.jpg con esta confidence:0.99817
cara encontrada en: /var/www/html/reconocimientoFacial/proyecto_definitivo/admin/files/videos_registro_videos/1_otraprueba_1.avi
cara guardada en /0_2022-10-24_18:19:05.562385.avi_126.96940636634827.jpg con esta confidence:0.99782914
cara encontrada en: /var/www/html/reconocimientoFacial/proyecto_definitivo/admin/files/videos_registro_videos/1_otraprueba_1.avi
cara guardada en /0_2022-10-24_18:19:05.677864.avi_127.08488392829895.jpg con esta confidence:0.9974935
cara encontrada en: /var/www/html/reconocimientoFacial/proyecto_definitivo/admin/files/videos_registro_videos/1_otraprueba_1.avi
cara guardada en /0_2022-10-24_18:19:05.698193.avi_127.1052143573761.jpg con esta confidence:0.9951304
cara encontrada en: /var/www/html/reconocimientoFacial/proyecto_definitivo/admin/files/videos_registro_videos/1_otraprueba_1.avi
cara guardada en /0_2022-10-24_18:19:05.742877.avi_127.14989876747131.jpg con esta confidence:0.9866824
cara encontrada en: /var/www/html/reconocimientoFacial/proyecto_definitivo/admin/files/videos_registro_videos/1_otraprueba_1.avi
cara guardada en /0_2022-10-24_18:19:05.786654.avi_127.19367599487305.jpg con esta confidence:0.972345
cara encontrada en: /var/www/html/reconocimientoFacial/proyecto_definitivo/admin/files/videos_registro_videos/1_otraprueba_1.avi
cara guardada en /0_2022-10-24_18:19:05.802872.avi_127.20989298820496.jpg con esta confidence:0.9311607
cara encontrada en: /var/www/html/reconocimientoFacial/proyecto_definitivo/admin/files/videos_registro_videos/1_otraprueba_1.avi
cara guardada en /0_2022-10-24_18:19:05.846978.avi_127.25400018692017.jpg con esta confidence:0.7789402
cara encontrada en: /var/www/html/reconocimientoFacial/proyecto_definitivo/admin/files/videos_registro_videos/1_otraprueba_1.avi
cara guardada en /0_2022-10-24_18:19:05.865983.avi_127.27300453186035.jpg con esta confidence:0.7115557
voy(1) leyendo el video..
tenemos(1) frame k lo guardo ..
voy(1) leyendo el video..
tenemos(1) frame k lo guardo ..
cara encontrada en: /var/www/html/reconocimientoFacial/proyecto_definitivo/admin/files/videos_registro_videos/1_otraprueba_1.avi
cara guardada en /0_2022-10-24_18:19:06.581200.avi_127.98822069168091.jpg con esta confidence:0.9999672
cara encontrada en: /var/www/html/reconocimientoFacial/proyecto_definitivo/admin/files/videos_registro_videos/1_otraprueba_1.avi
cara guardada en /0_2022-10-24_18:19:06.609546.avi_128.01656794548035.jpg con esta confidence:0.9999343
cara encontrada en: /var/www/html/reconocimientoFacial/proyecto_definitivo/admin/files/videos_registro_videos/1_otraprueba_1.avi
cara guardada en /0_2022-10-24_18:19:06.627765.avi_128.0347864627838.jpg con esta confidence:0.99993205
cara encontrada en: /var/www/html/reconocimientoFacial/proyecto_definitivo/admin/files/videos_registro_videos/1_otraprueba_1.avi
cara guardada en /0_2022-10-24_18:19:06.638089.avi_128.04511046409607.jpg con esta confidence:0.99984443
cara encontrada en: /var/www/html/reconocimientoFacial/proyecto_definitivo/admin/files/videos_registro_videos/1_otraprueba_1.avi
cara guardada en /0_2022-10-24_18:19:06.653356.avi_128.06037759780884.jpg con esta confidence:0.9989526
cara encontrada en: /var/www/html/reconocimientoFacial/proyecto_definitivo/admin/files/videos_registro_videos/1_otraprueba_1.avi
cara guardada en /0_2022-10-24_18:19:06.680184.avi_128.08720636367798.jpg con esta confidence:0.9983176
cara encontrada en: /var/www/html/reconocimientoFacial/proyecto_definitivo/admin/files/videos_registro_videos/1_otraprueba_1.avi
cara guardada en /0_2022-10-24_18:19:06.701389.avi_128.1084098815918.jpg con esta confidence:0.99740714
cara encontrada en: /var/www/html/reconocimientoFacial/proyecto_definitivo/admin/files/videos_registro_videos/1_otraprueba_1.avi
cara guardada en /0_2022-10-24_18:19:06.733516.avi_128.14053773880005.jpg con esta confidence:0.99679655
cara encontrada en: /var/www/html/reconocimientoFacial/proyecto_definitivo/admin/files/videos_registro_videos/1_otraprueba_1.avi
cara guardada en /0_2022-10-24_18:19:06.751147.avi_128.1581687927246.jpg con esta confidence:0.98625356
cara encontrada en: /var/www/html/reconocimientoFacial/proyecto_definitivo/admin/files/videos_registro_videos/1_otraprueba_1.avi
cara guardada en /0_2022-10-24_18:19:06.759128.avi_128.1661500930786.jpg con esta confidence:0.9837451
cara encontrada en: /var/www/html/reconocimientoFacial/proyecto_definitivo/admin/files/videos_registro_videos/1_otraprueba_1.avi
cara guardada en /0_2022-10-24_18:19:06.768205.avi_128.1752269268036.jpg con esta confidence:0.91681975
cara encontrada en: /var/www/html/reconocimientoFacial/proyecto_definitivo/admin/files/videos_registro_videos/1_otraprueba_1.avi
cara guardada en /0_2022-10-24_18:19:06.780928.avi_128.18794465065002.jpg con esta confidence:0.9146719
cara encontrada en: /var/www/html/reconocimientoFacial/proyecto_definitivo/admin/files/videos_registro_videos/1_otraprueba_1.avi
cara guardada en /0_2022-10-24_18:19:06.794714.avi_128.201735496521.jpg con esta confidence:0.9125576
cara encontrada en: /var/www/html/reconocimientoFacial/proyecto_definitivo/admin/files/videos_registro_videos/1_otraprueba_1.avi
cara guardada en /0_2022-10-24_18:19:06.802618.avi_128.20963978767395.jpg con esta confidence:0.7659458
cara encontrada en: /var/www/html/reconocimientoFacial/proyecto_definitivo/admin/files/videos_registro_videos/1_otraprueba_1.avi
cara guardada en /0_2022-10-24_18:19:06.809891.avi_128.21691274642944.jpg con esta confidence:0.74886125
cara encontrada en: /var/www/html/reconocimientoFacial/proyecto_definitivo/admin/files/videos_registro_videos/1_otraprueba_1.avi
cara guardada en /0_2022-10-24_18:19:06.823138.avi_128.23015975952148.jpg con esta confidence:0.6874346
voy(1) leyendo el video..
tenemos(1) frame k lo guardo ..
voy(1) leyendo el video..
Llego al final y remuevo el video!
Tiempo de analizar el video:128.45417141914368
