tenemos este video:/var/www/html/reconocimientoFacial/proyecto_definitivo/admin/files/videos_registro_videos/1_otraprueba_20.avi
voy(20) leyendo el video..
tenemos(20) frame k lo guardo ..
voy(20) leyendo el video..
tenemos(20) frame k lo guardo ..
cara encontrada en: /var/www/html/reconocimientoFacial/proyecto_definitivo/admin/files/videos_registro_videos/1_otraprueba_20.avi
cara guardada en /0_2022-10-24_18:17:10.443442.avi_2.7177932262420654.jpg con esta confidence:0.999887
cara encontrada en: /var/www/html/reconocimientoFacial/proyecto_definitivo/admin/files/videos_registro_videos/1_otraprueba_20.avi
cara guardada en /0_2022-10-24_18:17:10.594801.avi_2.8691556453704834.jpg con esta confidence:0.999691
cara encontrada en: /var/www/html/reconocimientoFacial/proyecto_definitivo/admin/files/videos_registro_videos/1_otraprueba_20.avi
cara guardada en /0_2022-10-24_18:17:10.693113.avi_2.967467784881592.jpg con esta confidence:0.9994443
cara encontrada en: /var/www/html/reconocimientoFacial/proyecto_definitivo/admin/files/videos_registro_videos/1_otraprueba_20.avi
cara guardada en /0_2022-10-24_18:17:10.751585.avi_3.0259392261505127.jpg con esta confidence:0.9985574
cara encontrada en: /var/www/html/reconocimientoFacial/proyecto_definitivo/admin/files/videos_registro_videos/1_otraprueba_20.avi
cara guardada en /0_2022-10-24_18:17:11.672994.avi_3.9473493099212646.jpg con esta confidence:0.9764282
cara encontrada en: /var/www/html/reconocimientoFacial/proyecto_definitivo/admin/files/videos_registro_videos/1_otraprueba_20.avi
cara guardada en /0_2022-10-24_18:17:11.762198.avi_4.036549091339111.jpg con esta confidence:0.9659424
cara encontrada en: /var/www/html/reconocimientoFacial/proyecto_definitivo/admin/files/videos_registro_videos/1_otraprueba_20.avi
cara guardada en /0_2022-10-24_18:17:11.847051.avi_4.12140417098999.jpg con esta confidence:0.9321846
cara encontrada en: /var/www/html/reconocimientoFacial/proyecto_definitivo/admin/files/videos_registro_videos/1_otraprueba_20.avi
cara guardada en /0_2022-10-24_18:17:11.876581.avi_4.150935649871826.jpg con esta confidence:0.9201635
cara encontrada en: /var/www/html/reconocimientoFacial/proyecto_definitivo/admin/files/videos_registro_videos/1_otraprueba_20.avi
cara guardada en /0_2022-10-24_18:17:12.080070.avi_4.3544228076934814.jpg con esta confidence:0.85044247
cara encontrada en: /var/www/html/reconocimientoFacial/proyecto_definitivo/admin/files/videos_registro_videos/1_otraprueba_20.avi
cara guardada en /0_2022-10-24_18:17:12.197223.avi_4.471577882766724.jpg con esta confidence:0.78212047
voy(20) leyendo el video..
tenemos(20) frame k lo guardo ..
voy(20) leyendo el video..
tenemos(20) frame k lo guardo ..
cara encontrada en: /var/www/html/reconocimientoFacial/proyecto_definitivo/admin/files/videos_registro_videos/1_otraprueba_20.avi
cara guardada en /0_2022-10-24_18:17:14.851538.avi_7.125892162322998.jpg con esta confidence:0.99993706
cara encontrada en: /var/www/html/reconocimientoFacial/proyecto_definitivo/admin/files/videos_registro_videos/1_otraprueba_20.avi
cara guardada en /0_2022-10-24_18:17:14.981688.avi_7.25604248046875.jpg con esta confidence:0.9998449
cara encontrada en: /var/www/html/reconocimientoFacial/proyecto_definitivo/admin/files/videos_registro_videos/1_otraprueba_20.avi
cara guardada en /0_2022-10-24_18:17:15.044497.avi_7.318850040435791.jpg con esta confidence:0.99952924
cara encontrada en: /var/www/html/reconocimientoFacial/proyecto_definitivo/admin/files/videos_registro_videos/1_otraprueba_20.avi
cara guardada en /0_2022-10-24_18:17:15.092347.avi_7.366700172424316.jpg con esta confidence:0.99835396
cara encontrada en: /var/www/html/reconocimientoFacial/proyecto_definitivo/admin/files/videos_registro_videos/1_otraprueba_20.avi
cara guardada en /0_2022-10-24_18:17:15.170595.avi_7.444945573806763.jpg con esta confidence:0.9795943
cara encontrada en: /var/www/html/reconocimientoFacial/proyecto_definitivo/admin/files/videos_registro_videos/1_otraprueba_20.avi
cara guardada en /0_2022-10-24_18:17:15.215525.avi_7.48987889289856.jpg con esta confidence:0.9760132
cara encontrada en: /var/www/html/reconocimientoFacial/proyecto_definitivo/admin/files/videos_registro_videos/1_otraprueba_20.avi
cara guardada en /0_2022-10-24_18:17:15.316241.avi_7.590595006942749.jpg con esta confidence:0.95619655
cara encontrada en: /var/www/html/reconocimientoFacial/proyecto_definitivo/admin/files/videos_registro_videos/1_otraprueba_20.avi
cara guardada en /0_2022-10-24_18:17:15.390939.avi_7.665293455123901.jpg con esta confidence:0.91971433
cara encontrada en: /var/www/html/reconocimientoFacial/proyecto_definitivo/admin/files/videos_registro_videos/1_otraprueba_20.avi
cara guardada en /0_2022-10-24_18:17:15.503182.avi_7.777536392211914.jpg con esta confidence:0.91751754
cara encontrada en: /var/www/html/reconocimientoFacial/proyecto_definitivo/admin/files/videos_registro_videos/1_otraprueba_20.avi
cara guardada en /0_2022-10-24_18:17:15.600324.avi_7.874676942825317.jpg con esta confidence:0.82791805
voy(20) leyendo el video..
tenemos(20) frame k lo guardo ..
voy(20) leyendo el video..
tenemos(20) frame k lo guardo ..
cara encontrada en: /var/www/html/reconocimientoFacial/proyecto_definitivo/admin/files/videos_registro_videos/1_otraprueba_20.avi
cara guardada en /0_2022-10-24_18:17:18.547517.avi_10.821871757507324.jpg con esta confidence:0.9999633
cara encontrada en: /var/www/html/reconocimientoFacial/proyecto_definitivo/admin/files/videos_registro_videos/1_otraprueba_20.avi
cara guardada en /0_2022-10-24_18:17:18.725175.avi_10.999528169631958.jpg con esta confidence:0.99983525
cara encontrada en: /var/www/html/reconocimientoFacial/proyecto_definitivo/admin/files/videos_registro_videos/1_otraprueba_20.avi
cara guardada en /0_2022-10-24_18:17:18.820804.avi_11.095158338546753.jpg con esta confidence:0.998099
cara encontrada en: /var/www/html/reconocimientoFacial/proyecto_definitivo/admin/files/videos_registro_videos/1_otraprueba_20.avi
cara guardada en /0_2022-10-24_18:17:19.327800.avi_11.602153301239014.jpg con esta confidence:0.99598855
cara encontrada en: /var/www/html/reconocimientoFacial/proyecto_definitivo/admin/files/videos_registro_videos/1_otraprueba_20.avi
cara guardada en /0_2022-10-24_18:17:19.447689.avi_11.722042560577393.jpg con esta confidence:0.99320847
cara encontrada en: /var/www/html/reconocimientoFacial/proyecto_definitivo/admin/files/videos_registro_videos/1_otraprueba_20.avi
cara guardada en /0_2022-10-24_18:17:19.570037.avi_11.84439206123352.jpg con esta confidence:0.9920218
cara encontrada en: /var/www/html/reconocimientoFacial/proyecto_definitivo/admin/files/videos_registro_videos/1_otraprueba_20.avi
cara guardada en /0_2022-10-24_18:17:19.655337.avi_11.929692268371582.jpg con esta confidence:0.98800683
cara encontrada en: /var/www/html/reconocimientoFacial/proyecto_definitivo/admin/files/videos_registro_videos/1_otraprueba_20.avi
cara guardada en /0_2022-10-24_18:17:19.736381.avi_12.010735034942627.jpg con esta confidence:0.97609204
cara encontrada en: /var/www/html/reconocimientoFacial/proyecto_definitivo/admin/files/videos_registro_videos/1_otraprueba_20.avi
cara guardada en /0_2022-10-24_18:17:19.839074.avi_12.113429069519043.jpg con esta confidence:0.8644311
cara encontrada en: /var/www/html/reconocimientoFacial/proyecto_definitivo/admin/files/videos_registro_videos/1_otraprueba_20.avi
cara guardada en /0_2022-10-24_18:17:19.969977.avi_12.244331359863281.jpg con esta confidence:0.7907804
cara encontrada en: /var/www/html/reconocimientoFacial/proyecto_definitivo/admin/files/videos_registro_videos/1_otraprueba_20.avi
cara guardada en /0_2022-10-24_18:17:20.102627.avi_12.376980543136597.jpg con esta confidence:0.6911635
voy(20) leyendo el video..
tenemos(20) frame k lo guardo ..
voy(20) leyendo el video..
tenemos(20) frame k lo guardo ..
cara encontrada en: /var/www/html/reconocimientoFacial/proyecto_definitivo/admin/files/videos_registro_videos/1_otraprueba_20.avi
cara guardada en /0_2022-10-24_18:17:23.641711.avi_15.916055917739868.jpg con esta confidence:0.99996495
cara encontrada en: /var/www/html/reconocimientoFacial/proyecto_definitivo/admin/files/videos_registro_videos/1_otraprueba_20.avi
cara guardada en /0_2022-10-24_18:17:23.807189.avi_16.081543922424316.jpg con esta confidence:0.9998031
cara encontrada en: /var/www/html/reconocimientoFacial/proyecto_definitivo/admin/files/videos_registro_videos/1_otraprueba_20.avi
cara guardada en /0_2022-10-24_18:17:23.960938.avi_16.235291004180908.jpg con esta confidence:0.998055
cara encontrada en: /var/www/html/reconocimientoFacial/proyecto_definitivo/admin/files/videos_registro_videos/1_otraprueba_20.avi
cara guardada en /0_2022-10-24_18:17:24.014754.avi_16.28910779953003.jpg con esta confidence:0.99694675
cara encontrada en: /var/www/html/reconocimientoFacial/proyecto_definitivo/admin/files/videos_registro_videos/1_otraprueba_20.avi
cara guardada en /0_2022-10-24_18:17:24.146492.avi_16.420846223831177.jpg con esta confidence:0.9938048
cara encontrada en: /var/www/html/reconocimientoFacial/proyecto_definitivo/admin/files/videos_registro_videos/1_otraprueba_20.avi
cara guardada en /0_2022-10-24_18:17:24.258286.avi_16.53264045715332.jpg con esta confidence:0.9899879
cara encontrada en: /var/www/html/reconocimientoFacial/proyecto_definitivo/admin/files/videos_registro_videos/1_otraprueba_20.avi
cara guardada en /0_2022-10-24_18:17:24.348581.avi_16.62293529510498.jpg con esta confidence:0.98702836
cara encontrada en: /var/www/html/reconocimientoFacial/proyecto_definitivo/admin/files/videos_registro_videos/1_otraprueba_20.avi
cara guardada en /0_2022-10-24_18:17:24.605639.avi_16.879990816116333.jpg con esta confidence:0.97462136
cara encontrada en: /var/www/html/reconocimientoFacial/proyecto_definitivo/admin/files/videos_registro_videos/1_otraprueba_20.avi
cara guardada en /0_2022-10-24_18:17:24.794824.avi_17.069178104400635.jpg con esta confidence:0.8490587
cara encontrada en: /var/www/html/reconocimientoFacial/proyecto_definitivo/admin/files/videos_registro_videos/1_otraprueba_20.avi
cara guardada en /0_2022-10-24_18:17:24.946253.avi_17.2206072807312.jpg con esta confidence:0.7265346
cara encontrada en: /var/www/html/reconocimientoFacial/proyecto_definitivo/admin/files/videos_registro_videos/1_otraprueba_20.avi
cara guardada en /0_2022-10-24_18:17:25.095335.avi_17.369687795639038.jpg con esta confidence:0.6901662
voy(20) leyendo el video..
tenemos(20) frame k lo guardo ..
voy(20) leyendo el video..
tenemos(20) frame k lo guardo ..
cara encontrada en: /var/www/html/reconocimientoFacial/proyecto_definitivo/admin/files/videos_registro_videos/1_otraprueba_20.avi
cara guardada en /0_2022-10-24_18:17:28.570400.avi_20.844754934310913.jpg con esta confidence:0.9999341
cara encontrada en: /var/www/html/reconocimientoFacial/proyecto_definitivo/admin/files/videos_registro_videos/1_otraprueba_20.avi
cara guardada en /0_2022-10-24_18:17:28.679189.avi_20.953543424606323.jpg con esta confidence:0.9997079
cara encontrada en: /var/www/html/reconocimientoFacial/proyecto_definitivo/admin/files/videos_registro_videos/1_otraprueba_20.avi
cara guardada en /0_2022-10-24_18:17:28.791096.avi_21.065450191497803.jpg con esta confidence:0.9990734
cara encontrada en: /var/www/html/reconocimientoFacial/proyecto_definitivo/admin/files/videos_registro_videos/1_otraprueba_20.avi
cara guardada en /0_2022-10-24_18:17:28.969570.avi_21.24392294883728.jpg con esta confidence:0.99578106
cara encontrada en: /var/www/html/reconocimientoFacial/proyecto_definitivo/admin/files/videos_registro_videos/1_otraprueba_20.avi
cara guardada en /0_2022-10-24_18:17:29.047294.avi_21.321647882461548.jpg con esta confidence:0.9934409
cara encontrada en: /var/www/html/reconocimientoFacial/proyecto_definitivo/admin/files/videos_registro_videos/1_otraprueba_20.avi
cara guardada en /0_2022-10-24_18:17:29.191931.avi_21.466285228729248.jpg con esta confidence:0.97732204
cara encontrada en: /var/www/html/reconocimientoFacial/proyecto_definitivo/admin/files/videos_registro_videos/1_otraprueba_20.avi
cara guardada en /0_2022-10-24_18:17:29.444042.avi_21.71839737892151.jpg con esta confidence:0.96167785
cara encontrada en: /var/www/html/reconocimientoFacial/proyecto_definitivo/admin/files/videos_registro_videos/1_otraprueba_20.avi
cara guardada en /0_2022-10-24_18:17:29.595608.avi_21.86996102333069.jpg con esta confidence:0.87850696
cara encontrada en: /var/www/html/reconocimientoFacial/proyecto_definitivo/admin/files/videos_registro_videos/1_otraprueba_20.avi
cara guardada en /0_2022-10-24_18:17:29.910688.avi_22.18504285812378.jpg con esta confidence:0.8775589
cara encontrada en: /var/www/html/reconocimientoFacial/proyecto_definitivo/admin/files/videos_registro_videos/1_otraprueba_20.avi
cara guardada en /0_2022-10-24_18:17:30.048200.avi_22.322552919387817.jpg con esta confidence:0.68874747
voy(20) leyendo el video..
tenemos(20) frame k lo guardo ..
voy(20) leyendo el video..
tenemos(20) frame k lo guardo ..
cara encontrada en: /var/www/html/reconocimientoFacial/proyecto_definitivo/admin/files/videos_registro_videos/1_otraprueba_20.avi
cara guardada en /0_2022-10-24_18:17:32.910869.avi_25.185221910476685.jpg con esta confidence:0.9999124
cara encontrada en: /var/www/html/reconocimientoFacial/proyecto_definitivo/admin/files/videos_registro_videos/1_otraprueba_20.avi
cara guardada en /0_2022-10-24_18:17:33.043313.avi_25.317667961120605.jpg con esta confidence:0.9998547
cara encontrada en: /var/www/html/reconocimientoFacial/proyecto_definitivo/admin/files/videos_registro_videos/1_otraprueba_20.avi
cara guardada en /0_2022-10-24_18:17:33.313820.avi_25.588173866271973.jpg con esta confidence:0.99933475
cara encontrada en: /var/www/html/reconocimientoFacial/proyecto_definitivo/admin/files/videos_registro_videos/1_otraprueba_20.avi
cara guardada en /0_2022-10-24_18:17:33.524373.avi_25.79871702194214.jpg con esta confidence:0.9985253
cara encontrada en: /var/www/html/reconocimientoFacial/proyecto_definitivo/admin/files/videos_registro_videos/1_otraprueba_20.avi
cara guardada en /0_2022-10-24_18:17:33.650524.avi_25.924877405166626.jpg con esta confidence:0.97836465
cara encontrada en: /var/www/html/reconocimientoFacial/proyecto_definitivo/admin/files/videos_registro_videos/1_otraprueba_20.avi
cara guardada en /0_2022-10-24_18:17:33.998886.avi_26.273239612579346.jpg con esta confidence:0.9583399
cara encontrada en: /var/www/html/reconocimientoFacial/proyecto_definitivo/admin/files/videos_registro_videos/1_otraprueba_20.avi
cara guardada en /0_2022-10-24_18:17:34.405157.avi_26.67950963973999.jpg con esta confidence:0.94356817
cara encontrada en: /var/www/html/reconocimientoFacial/proyecto_definitivo/admin/files/videos_registro_videos/1_otraprueba_20.avi
cara guardada en /0_2022-10-24_18:17:34.668817.avi_26.943168878555298.jpg con esta confidence:0.92029756
cara encontrada en: /var/www/html/reconocimientoFacial/proyecto_definitivo/admin/files/videos_registro_videos/1_otraprueba_20.avi
cara guardada en /0_2022-10-24_18:17:34.914170.avi_27.188523769378662.jpg con esta confidence:0.8831953
cara encontrada en: /var/www/html/reconocimientoFacial/proyecto_definitivo/admin/files/videos_registro_videos/1_otraprueba_20.avi
cara guardada en /0_2022-10-24_18:17:35.062899.avi_27.337252378463745.jpg con esta confidence:0.8767793
cara encontrada en: /var/www/html/reconocimientoFacial/proyecto_definitivo/admin/files/videos_registro_videos/1_otraprueba_20.avi
cara guardada en /0_2022-10-24_18:17:35.224781.avi_27.499135494232178.jpg con esta confidence:0.8703649
voy(20) leyendo el video..
tenemos(20) frame k lo guardo ..
voy(20) leyendo el video..
tenemos(20) frame k lo guardo ..
cara encontrada en: /var/www/html/reconocimientoFacial/proyecto_definitivo/admin/files/videos_registro_videos/1_otraprueba_20.avi
cara guardada en /0_2022-10-24_18:17:38.202306.avi_30.47665786743164.jpg con esta confidence:0.9997888
cara encontrada en: /var/www/html/reconocimientoFacial/proyecto_definitivo/admin/files/videos_registro_videos/1_otraprueba_20.avi
cara guardada en /0_2022-10-24_18:17:38.211025.avi_30.485379695892334.jpg con esta confidence:0.9997614
cara encontrada en: /var/www/html/reconocimientoFacial/proyecto_definitivo/admin/files/videos_registro_videos/1_otraprueba_20.avi
cara guardada en /0_2022-10-24_18:17:38.325309.avi_30.599663257598877.jpg con esta confidence:0.9994691
cara encontrada en: /var/www/html/reconocimientoFacial/proyecto_definitivo/admin/files/videos_registro_videos/1_otraprueba_20.avi
cara guardada en /0_2022-10-24_18:17:38.408205.avi_30.6825590133667.jpg con esta confidence:0.9994591
cara encontrada en: /var/www/html/reconocimientoFacial/proyecto_definitivo/admin/files/videos_registro_videos/1_otraprueba_20.avi
cara guardada en /0_2022-10-24_18:17:38.558254.avi_30.832607746124268.jpg con esta confidence:0.9578408
cara encontrada en: /var/www/html/reconocimientoFacial/proyecto_definitivo/admin/files/videos_registro_videos/1_otraprueba_20.avi
cara guardada en /0_2022-10-24_18:17:38.661019.avi_30.935373306274414.jpg con esta confidence:0.9421673
cara encontrada en: /var/www/html/reconocimientoFacial/proyecto_definitivo/admin/files/videos_registro_videos/1_otraprueba_20.avi
cara guardada en /0_2022-10-24_18:17:38.727788.avi_31.002142667770386.jpg con esta confidence:0.9319749
cara encontrada en: /var/www/html/reconocimientoFacial/proyecto_definitivo/admin/files/videos_registro_videos/1_otraprueba_20.avi
cara guardada en /0_2022-10-24_18:17:38.892018.avi_31.166372776031494.jpg con esta confidence:0.8472953
cara encontrada en: /var/www/html/reconocimientoFacial/proyecto_definitivo/admin/files/videos_registro_videos/1_otraprueba_20.avi
cara guardada en /0_2022-10-24_18:17:39.028885.avi_31.303239583969116.jpg con esta confidence:0.839103
cara encontrada en: /var/www/html/reconocimientoFacial/proyecto_definitivo/admin/files/videos_registro_videos/1_otraprueba_20.avi
cara guardada en /0_2022-10-24_18:17:39.193427.avi_31.4677791595459.jpg con esta confidence:0.8361065
cara encontrada en: /var/www/html/reconocimientoFacial/proyecto_definitivo/admin/files/videos_registro_videos/1_otraprueba_20.avi
cara guardada en /0_2022-10-24_18:17:39.321622.avi_31.595975160598755.jpg con esta confidence:0.70816416
voy(20) leyendo el video..
tenemos(20) frame k lo guardo ..
voy(20) leyendo el video..
tenemos(20) frame k lo guardo ..
cara encontrada en: /var/www/html/reconocimientoFacial/proyecto_definitivo/admin/files/videos_registro_videos/1_otraprueba_20.avi
cara guardada en /0_2022-10-24_18:17:42.378027.avi_34.65238070487976.jpg con esta confidence:0.99989593
cara encontrada en: /var/www/html/reconocimientoFacial/proyecto_definitivo/admin/files/videos_registro_videos/1_otraprueba_20.avi
cara guardada en /0_2022-10-24_18:17:42.505048.avi_34.779402017593384.jpg con esta confidence:0.9998697
cara encontrada en: /var/www/html/reconocimientoFacial/proyecto_definitivo/admin/files/videos_registro_videos/1_otraprueba_20.avi
cara guardada en /0_2022-10-24_18:17:42.616530.avi_34.89088463783264.jpg con esta confidence:0.99900645
cara encontrada en: /var/www/html/reconocimientoFacial/proyecto_definitivo/admin/files/videos_registro_videos/1_otraprueba_20.avi
cara guardada en /0_2022-10-24_18:17:42.770687.avi_35.04504179954529.jpg con esta confidence:0.99895513
cara encontrada en: /var/www/html/reconocimientoFacial/proyecto_definitivo/admin/files/videos_registro_videos/1_otraprueba_20.avi
cara guardada en /0_2022-10-24_18:17:42.871197.avi_35.1455512046814.jpg con esta confidence:0.9729331
cara encontrada en: /var/www/html/reconocimientoFacial/proyecto_definitivo/admin/files/videos_registro_videos/1_otraprueba_20.avi
cara guardada en /0_2022-10-24_18:17:42.976947.avi_35.25130105018616.jpg con esta confidence:0.9442921
cara encontrada en: /var/www/html/reconocimientoFacial/proyecto_definitivo/admin/files/videos_registro_videos/1_otraprueba_20.avi
cara guardada en /0_2022-10-24_18:17:45.798829.avi_38.07318353652954.jpg con esta confidence:0.94207
cara encontrada en: /var/www/html/reconocimientoFacial/proyecto_definitivo/admin/files/videos_registro_videos/1_otraprueba_20.avi
cara guardada en /0_2022-10-24_18:17:45.864268.avi_38.138622760772705.jpg con esta confidence:0.9316001
cara encontrada en: /var/www/html/reconocimientoFacial/proyecto_definitivo/admin/files/videos_registro_videos/1_otraprueba_20.avi
cara guardada en /0_2022-10-24_18:17:45.917417.avi_38.191770792007446.jpg con esta confidence:0.92199606
cara encontrada en: /var/www/html/reconocimientoFacial/proyecto_definitivo/admin/files/videos_registro_videos/1_otraprueba_20.avi
cara guardada en /0_2022-10-24_18:17:45.983959.avi_38.25831437110901.jpg con esta confidence:0.8298785
cara encontrada en: /var/www/html/reconocimientoFacial/proyecto_definitivo/admin/files/videos_registro_videos/1_otraprueba_20.avi
cara guardada en /0_2022-10-24_18:17:46.066071.avi_38.34042692184448.jpg con esta confidence:0.82122016
cara encontrada en: /var/www/html/reconocimientoFacial/proyecto_definitivo/admin/files/videos_registro_videos/1_otraprueba_20.avi
cara guardada en /0_2022-10-24_18:17:46.140539.avi_38.41489338874817.jpg con esta confidence:0.76505035
voy(20) leyendo el video..
tenemos(20) frame k lo guardo ..
voy(20) leyendo el video..
tenemos(20) frame k lo guardo ..
cara encontrada en: /var/www/html/reconocimientoFacial/proyecto_definitivo/admin/files/videos_registro_videos/1_otraprueba_20.avi
cara guardada en /0_2022-10-24_18:17:49.516368.avi_41.790722608566284.jpg con esta confidence:0.9999558
cara encontrada en: /var/www/html/reconocimientoFacial/proyecto_definitivo/admin/files/videos_registro_videos/1_otraprueba_20.avi
cara guardada en /0_2022-10-24_18:17:49.640518.avi_41.914873123168945.jpg con esta confidence:0.9997595
cara encontrada en: /var/www/html/reconocimientoFacial/proyecto_definitivo/admin/files/videos_registro_videos/1_otraprueba_20.avi
cara guardada en /0_2022-10-24_18:17:49.814896.avi_42.089250326156616.jpg con esta confidence:0.9992586
cara encontrada en: /var/www/html/reconocimientoFacial/proyecto_definitivo/admin/files/videos_registro_videos/1_otraprueba_20.avi
cara guardada en /0_2022-10-24_18:17:49.943825.avi_42.218177318573.jpg con esta confidence:0.9967859
cara encontrada en: /var/www/html/reconocimientoFacial/proyecto_definitivo/admin/files/videos_registro_videos/1_otraprueba_20.avi
cara guardada en /0_2022-10-24_18:17:50.081886.avi_42.35624122619629.jpg con esta confidence:0.99441046
cara encontrada en: /var/www/html/reconocimientoFacial/proyecto_definitivo/admin/files/videos_registro_videos/1_otraprueba_20.avi
cara guardada en /0_2022-10-24_18:17:50.215318.avi_42.4896719455719.jpg con esta confidence:0.99083734
cara encontrada en: /var/www/html/reconocimientoFacial/proyecto_definitivo/admin/files/videos_registro_videos/1_otraprueba_20.avi
cara guardada en /0_2022-10-24_18:17:50.361021.avi_42.63537573814392.jpg con esta confidence:0.97947276
cara encontrada en: /var/www/html/reconocimientoFacial/proyecto_definitivo/admin/files/videos_registro_videos/1_otraprueba_20.avi
cara guardada en /0_2022-10-24_18:17:50.492025.avi_42.76637887954712.jpg con esta confidence:0.94639623
cara encontrada en: /var/www/html/reconocimientoFacial/proyecto_definitivo/admin/files/videos_registro_videos/1_otraprueba_20.avi
cara guardada en /0_2022-10-24_18:17:50.992248.avi_43.26660227775574.jpg con esta confidence:0.7385463
voy(20) leyendo el video..
tenemos(20) frame k lo guardo ..
voy(20) leyendo el video..
tenemos(20) frame k lo guardo ..
cara encontrada en: /var/www/html/reconocimientoFacial/proyecto_definitivo/admin/files/videos_registro_videos/1_otraprueba_20.avi
cara guardada en /0_2022-10-24_18:17:53.957413.avi_46.231767892837524.jpg con esta confidence:0.99993193
cara encontrada en: /var/www/html/reconocimientoFacial/proyecto_definitivo/admin/files/videos_registro_videos/1_otraprueba_20.avi
cara guardada en /0_2022-10-24_18:17:54.092839.avi_46.3671932220459.jpg con esta confidence:0.9998124
cara encontrada en: /var/www/html/reconocimientoFacial/proyecto_definitivo/admin/files/videos_registro_videos/1_otraprueba_20.avi
cara guardada en /0_2022-10-24_18:17:54.204244.avi_46.47859787940979.jpg con esta confidence:0.99860317
cara encontrada en: /var/www/html/reconocimientoFacial/proyecto_definitivo/admin/files/videos_registro_videos/1_otraprueba_20.avi
cara guardada en /0_2022-10-24_18:17:54.276288.avi_46.550639629364014.jpg con esta confidence:0.9968053
cara encontrada en: /var/www/html/reconocimientoFacial/proyecto_definitivo/admin/files/videos_registro_videos/1_otraprueba_20.avi
cara guardada en /0_2022-10-24_18:17:54.294398.avi_46.56875133514404.jpg con esta confidence:0.9908862
cara encontrada en: /var/www/html/reconocimientoFacial/proyecto_definitivo/admin/files/videos_registro_videos/1_otraprueba_20.avi
cara guardada en /0_2022-10-24_18:17:54.351921.avi_46.62627458572388.jpg con esta confidence:0.9868772
cara encontrada en: /var/www/html/reconocimientoFacial/proyecto_definitivo/admin/files/videos_registro_videos/1_otraprueba_20.avi
cara guardada en /0_2022-10-24_18:17:54.399182.avi_46.67353701591492.jpg con esta confidence:0.9696363
cara encontrada en: /var/www/html/reconocimientoFacial/proyecto_definitivo/admin/files/videos_registro_videos/1_otraprueba_20.avi
cara guardada en /0_2022-10-24_18:17:54.531595.avi_46.805949211120605.jpg con esta confidence:0.88293684
voy(20) leyendo el video..
tenemos(20) frame k lo guardo ..
voy(20) leyendo el video..
tenemos(20) frame k lo guardo ..
cara encontrada en: /var/www/html/reconocimientoFacial/proyecto_definitivo/admin/files/videos_registro_videos/1_otraprueba_20.avi
cara guardada en /0_2022-10-24_18:17:57.287926.avi_49.56227731704712.jpg con esta confidence:0.999647
cara encontrada en: /var/www/html/reconocimientoFacial/proyecto_definitivo/admin/files/videos_registro_videos/1_otraprueba_20.avi
cara guardada en /0_2022-10-24_18:17:57.501162.avi_49.77551460266113.jpg con esta confidence:0.9990846
cara encontrada en: /var/www/html/reconocimientoFacial/proyecto_definitivo/admin/files/videos_registro_videos/1_otraprueba_20.avi
cara guardada en /0_2022-10-24_18:17:57.584908.avi_49.85926151275635.jpg con esta confidence:0.9980388
cara encontrada en: /var/www/html/reconocimientoFacial/proyecto_definitivo/admin/files/videos_registro_videos/1_otraprueba_20.avi
cara guardada en /0_2022-10-24_18:17:57.706459.avi_49.98081302642822.jpg con esta confidence:0.994728
cara encontrada en: /var/www/html/reconocimientoFacial/proyecto_definitivo/admin/files/videos_registro_videos/1_otraprueba_20.avi
cara guardada en /0_2022-10-24_18:17:57.855151.avi_50.12950611114502.jpg con esta confidence:0.98937714
cara encontrada en: /var/www/html/reconocimientoFacial/proyecto_definitivo/admin/files/videos_registro_videos/1_otraprueba_20.avi
cara guardada en /0_2022-10-24_18:17:58.057114.avi_50.33146786689758.jpg con esta confidence:0.8808247
cara encontrada en: /var/www/html/reconocimientoFacial/proyecto_definitivo/admin/files/videos_registro_videos/1_otraprueba_20.avi
cara guardada en /0_2022-10-24_18:17:58.160481.avi_50.434834480285645.jpg con esta confidence:0.8004293
cara encontrada en: /var/www/html/reconocimientoFacial/proyecto_definitivo/admin/files/videos_registro_videos/1_otraprueba_20.avi
cara guardada en /0_2022-10-24_18:17:58.387166.avi_50.66152095794678.jpg con esta confidence:0.7278084
voy(20) leyendo el video..
tenemos(20) frame k lo guardo ..
voy(20) leyendo el video..
tenemos(20) frame k lo guardo ..
cara encontrada en: /var/www/html/reconocimientoFacial/proyecto_definitivo/admin/files/videos_registro_videos/1_otraprueba_20.avi
cara guardada en /0_2022-10-24_18:18:02.112761.avi_54.387115240097046.jpg con esta confidence:0.9991084
cara encontrada en: /var/www/html/reconocimientoFacial/proyecto_definitivo/admin/files/videos_registro_videos/1_otraprueba_20.avi
cara guardada en /0_2022-10-24_18:18:02.273395.avi_54.54774808883667.jpg con esta confidence:0.9988881
cara encontrada en: /var/www/html/reconocimientoFacial/proyecto_definitivo/admin/files/videos_registro_videos/1_otraprueba_20.avi
cara guardada en /0_2022-10-24_18:18:02.527286.avi_54.8016402721405.jpg con esta confidence:0.998094
cara encontrada en: /var/www/html/reconocimientoFacial/proyecto_definitivo/admin/files/videos_registro_videos/1_otraprueba_20.avi
cara guardada en /0_2022-10-24_18:18:02.659591.avi_54.93394470214844.jpg con esta confidence:0.9971392
cara encontrada en: /var/www/html/reconocimientoFacial/proyecto_definitivo/admin/files/videos_registro_videos/1_otraprueba_20.avi
cara guardada en /0_2022-10-24_18:18:02.870055.avi_55.14440846443176.jpg con esta confidence:0.96204853
cara encontrada en: /var/www/html/reconocimientoFacial/proyecto_definitivo/admin/files/videos_registro_videos/1_otraprueba_20.avi
cara guardada en /0_2022-10-24_18:18:03.143984.avi_55.418336629867554.jpg con esta confidence:0.90359914
voy(20) leyendo el video..
tenemos(20) frame k lo guardo ..
voy(20) leyendo el video..
tenemos(20) frame k lo guardo ..
cara encontrada en: /var/www/html/reconocimientoFacial/proyecto_definitivo/admin/files/videos_registro_videos/1_otraprueba_20.avi
cara guardada en /0_2022-10-24_18:18:06.216198.avi_58.490551471710205.jpg con esta confidence:0.99902093
cara encontrada en: /var/www/html/reconocimientoFacial/proyecto_definitivo/admin/files/videos_registro_videos/1_otraprueba_20.avi
cara guardada en /0_2022-10-24_18:18:06.369750.avi_58.64410448074341.jpg con esta confidence:0.998706
cara encontrada en: /var/www/html/reconocimientoFacial/proyecto_definitivo/admin/files/videos_registro_videos/1_otraprueba_20.avi
cara guardada en /0_2022-10-24_18:18:06.707112.avi_58.98146629333496.jpg con esta confidence:0.9957681
cara encontrada en: /var/www/html/reconocimientoFacial/proyecto_definitivo/admin/files/videos_registro_videos/1_otraprueba_20.avi
cara guardada en /0_2022-10-24_18:18:06.838507.avi_59.11285924911499.jpg con esta confidence:0.9940713
cara encontrada en: /var/www/html/reconocimientoFacial/proyecto_definitivo/admin/files/videos_registro_videos/1_otraprueba_20.avi
cara guardada en /0_2022-10-24_18:18:06.949291.avi_59.223644733428955.jpg con esta confidence:0.97746974
cara encontrada en: /var/www/html/reconocimientoFacial/proyecto_definitivo/admin/files/videos_registro_videos/1_otraprueba_20.avi
cara guardada en /0_2022-10-24_18:18:07.369259.avi_59.64361310005188.jpg con esta confidence:0.7411476
cara encontrada en: /var/www/html/reconocimientoFacial/proyecto_definitivo/admin/files/videos_registro_videos/1_otraprueba_20.avi
cara guardada en /0_2022-10-24_18:18:07.463726.avi_59.738081216812134.jpg con esta confidence:0.7200538
cara encontrada en: /var/www/html/reconocimientoFacial/proyecto_definitivo/admin/files/videos_registro_videos/1_otraprueba_20.avi
cara guardada en /0_2022-10-24_18:18:07.650213.avi_59.924567222595215.jpg con esta confidence:0.69920415
voy(20) leyendo el video..
tenemos(20) frame k lo guardo ..
voy(20) leyendo el video..
tenemos(20) frame k lo guardo ..
cara encontrada en: /var/www/html/reconocimientoFacial/proyecto_definitivo/admin/files/videos_registro_videos/1_otraprueba_20.avi
cara guardada en /0_2022-10-24_18:18:10.927391.avi_63.201744556427.jpg con esta confidence:0.99914503
cara encontrada en: /var/www/html/reconocimientoFacial/proyecto_definitivo/admin/files/videos_registro_videos/1_otraprueba_20.avi
cara guardada en /0_2022-10-24_18:18:11.074986.avi_63.349339962005615.jpg con esta confidence:0.99883
cara encontrada en: /var/www/html/reconocimientoFacial/proyecto_definitivo/admin/files/videos_registro_videos/1_otraprueba_20.avi
cara guardada en /0_2022-10-24_18:18:11.485715.avi_63.76007032394409.jpg con esta confidence:0.99011874
cara encontrada en: /var/www/html/reconocimientoFacial/proyecto_definitivo/admin/files/videos_registro_videos/1_otraprueba_20.avi
cara guardada en /0_2022-10-24_18:18:11.715661.avi_63.99001479148865.jpg con esta confidence:0.9896758
cara encontrada en: /var/www/html/reconocimientoFacial/proyecto_definitivo/admin/files/videos_registro_videos/1_otraprueba_20.avi
cara guardada en /0_2022-10-24_18:18:11.863927.avi_64.13828206062317.jpg con esta confidence:0.9888075
cara encontrada en: /var/www/html/reconocimientoFacial/proyecto_definitivo/admin/files/videos_registro_videos/1_otraprueba_20.avi
cara guardada en /0_2022-10-24_18:18:12.058222.avi_64.33257484436035.jpg con esta confidence:0.8246124
cara encontrada en: /var/www/html/reconocimientoFacial/proyecto_definitivo/admin/files/videos_registro_videos/1_otraprueba_20.avi
cara guardada en /0_2022-10-24_18:18:12.121766.avi_64.39612054824829.jpg con esta confidence:0.80476105
voy(20) leyendo el video..
tenemos(20) frame k lo guardo ..
voy(20) leyendo el video..
tenemos(20) frame k lo guardo ..
cara encontrada en: /var/www/html/reconocimientoFacial/proyecto_definitivo/admin/files/videos_registro_videos/1_otraprueba_20.avi
cara guardada en /0_2022-10-24_18:18:15.185550.avi_67.45990443229675.jpg con esta confidence:0.99834466
cara encontrada en: /var/www/html/reconocimientoFacial/proyecto_definitivo/admin/files/videos_registro_videos/1_otraprueba_20.avi
cara guardada en /0_2022-10-24_18:18:15.329921.avi_67.60427474975586.jpg con esta confidence:0.99780697
cara encontrada en: /var/www/html/reconocimientoFacial/proyecto_definitivo/admin/files/videos_registro_videos/1_otraprueba_20.avi
cara guardada en /0_2022-10-24_18:18:15.459794.avi_67.73414826393127.jpg con esta confidence:0.9937488
cara encontrada en: /var/www/html/reconocimientoFacial/proyecto_definitivo/admin/files/videos_registro_videos/1_otraprueba_20.avi
cara guardada en /0_2022-10-24_18:18:15.556019.avi_67.83037233352661.jpg con esta confidence:0.9456572
cara encontrada en: /var/www/html/reconocimientoFacial/proyecto_definitivo/admin/files/videos_registro_videos/1_otraprueba_20.avi
cara guardada en /0_2022-10-24_18:18:15.896447.avi_68.1708014011383.jpg con esta confidence:0.94156957
cara encontrada en: /var/www/html/reconocimientoFacial/proyecto_definitivo/admin/files/videos_registro_videos/1_otraprueba_20.avi
cara guardada en /0_2022-10-24_18:18:16.069594.avi_68.34394812583923.jpg con esta confidence:0.894413
cara encontrada en: /var/www/html/reconocimientoFacial/proyecto_definitivo/admin/files/videos_registro_videos/1_otraprueba_20.avi
cara guardada en /0_2022-10-24_18:18:16.153781.avi_68.42813634872437.jpg con esta confidence:0.8781199
cara encontrada en: /var/www/html/reconocimientoFacial/proyecto_definitivo/admin/files/videos_registro_videos/1_otraprueba_20.avi
cara guardada en /0_2022-10-24_18:18:16.555316.avi_68.82966995239258.jpg con esta confidence:0.8516566
voy(20) leyendo el video..
tenemos(20) frame k lo guardo ..
voy(20) leyendo el video..
tenemos(20) frame k lo guardo ..
cara encontrada en: /var/www/html/reconocimientoFacial/proyecto_definitivo/admin/files/videos_registro_videos/1_otraprueba_20.avi
cara guardada en /0_2022-10-24_18:18:19.670428.avi_71.94478058815002.jpg con esta confidence:0.9982528
cara encontrada en: /var/www/html/reconocimientoFacial/proyecto_definitivo/admin/files/videos_registro_videos/1_otraprueba_20.avi
cara guardada en /0_2022-10-24_18:18:19.726331.avi_72.00068521499634.jpg con esta confidence:0.9979563
cara encontrada en: /var/www/html/reconocimientoFacial/proyecto_definitivo/admin/files/videos_registro_videos/1_otraprueba_20.avi
cara guardada en /0_2022-10-24_18:18:19.848276.avi_72.12262964248657.jpg con esta confidence:0.9954399
cara encontrada en: /var/www/html/reconocimientoFacial/proyecto_definitivo/admin/files/videos_registro_videos/1_otraprueba_20.avi
cara guardada en /0_2022-10-24_18:18:21.053975.avi_73.32832908630371.jpg con esta confidence:0.936696
cara encontrada en: /var/www/html/reconocimientoFacial/proyecto_definitivo/admin/files/videos_registro_videos/1_otraprueba_20.avi
cara guardada en /0_2022-10-24_18:18:21.191891.avi_73.4662458896637.jpg con esta confidence:0.9235318
cara encontrada en: /var/www/html/reconocimientoFacial/proyecto_definitivo/admin/files/videos_registro_videos/1_otraprueba_20.avi
cara guardada en /0_2022-10-24_18:18:21.465925.avi_73.74027991294861.jpg con esta confidence:0.9137687
cara encontrada en: /var/www/html/reconocimientoFacial/proyecto_definitivo/admin/files/videos_registro_videos/1_otraprueba_20.avi
cara guardada en /0_2022-10-24_18:18:21.603931.avi_73.8782844543457.jpg con esta confidence:0.90610397
cara encontrada en: /var/www/html/reconocimientoFacial/proyecto_definitivo/admin/files/videos_registro_videos/1_otraprueba_20.avi
cara guardada en /0_2022-10-24_18:18:21.736068.avi_74.01042127609253.jpg con esta confidence:0.8419886
voy(20) leyendo el video..
tenemos(20) frame k lo guardo ..
voy(20) leyendo el video..
tenemos(20) frame k lo guardo ..
cara encontrada en: /var/www/html/reconocimientoFacial/proyecto_definitivo/admin/files/videos_registro_videos/1_otraprueba_20.avi
cara guardada en /0_2022-10-24_18:18:25.276825.avi_77.5511782169342.jpg con esta confidence:0.99776506
cara encontrada en: /var/www/html/reconocimientoFacial/proyecto_definitivo/admin/files/videos_registro_videos/1_otraprueba_20.avi
cara guardada en /0_2022-10-24_18:18:25.424413.avi_77.69876718521118.jpg con esta confidence:0.9969041
cara encontrada en: /var/www/html/reconocimientoFacial/proyecto_definitivo/admin/files/videos_registro_videos/1_otraprueba_20.avi
cara guardada en /0_2022-10-24_18:18:25.609768.avi_77.88412141799927.jpg con esta confidence:0.99531186
cara encontrada en: /var/www/html/reconocimientoFacial/proyecto_definitivo/admin/files/videos_registro_videos/1_otraprueba_20.avi
cara guardada en /0_2022-10-24_18:18:25.742838.avi_78.01719284057617.jpg con esta confidence:0.9562496
cara encontrada en: /var/www/html/reconocimientoFacial/proyecto_definitivo/admin/files/videos_registro_videos/1_otraprueba_20.avi
cara guardada en /0_2022-10-24_18:18:26.133013.avi_78.40736699104309.jpg con esta confidence:0.9457241
cara encontrada en: /var/www/html/reconocimientoFacial/proyecto_definitivo/admin/files/videos_registro_videos/1_otraprueba_20.avi
cara guardada en /0_2022-10-24_18:18:26.253994.avi_78.52834725379944.jpg con esta confidence:0.92828315
cara encontrada en: /var/www/html/reconocimientoFacial/proyecto_definitivo/admin/files/videos_registro_videos/1_otraprueba_20.avi
cara guardada en /0_2022-10-24_18:18:26.374499.avi_78.64885187149048.jpg con esta confidence:0.8085238
cara encontrada en: /var/www/html/reconocimientoFacial/proyecto_definitivo/admin/files/videos_registro_videos/1_otraprueba_20.avi
cara guardada en /0_2022-10-24_18:18:26.562349.avi_78.83670258522034.jpg con esta confidence:0.7982509
voy(20) leyendo el video..
tenemos(20) frame k lo guardo ..
voy(20) leyendo el video..
tenemos(20) frame k lo guardo ..
cara encontrada en: /var/www/html/reconocimientoFacial/proyecto_definitivo/admin/files/videos_registro_videos/1_otraprueba_20.avi
cara guardada en /0_2022-10-24_18:18:30.250039.avi_82.5243935585022.jpg con esta confidence:0.99786407
cara encontrada en: /var/www/html/reconocimientoFacial/proyecto_definitivo/admin/files/videos_registro_videos/1_otraprueba_20.avi
cara guardada en /0_2022-10-24_18:18:30.546749.avi_82.82110285758972.jpg con esta confidence:0.9969025
cara encontrada en: /var/www/html/reconocimientoFacial/proyecto_definitivo/admin/files/videos_registro_videos/1_otraprueba_20.avi
cara guardada en /0_2022-10-24_18:18:30.775132.avi_83.0494863986969.jpg con esta confidence:0.99488246
cara encontrada en: /var/www/html/reconocimientoFacial/proyecto_definitivo/admin/files/videos_registro_videos/1_otraprueba_20.avi
cara guardada en /0_2022-10-24_18:18:30.889855.avi_83.16420888900757.jpg con esta confidence:0.9591722
cara encontrada en: /var/www/html/reconocimientoFacial/proyecto_definitivo/admin/files/videos_registro_videos/1_otraprueba_20.avi
cara guardada en /0_2022-10-24_18:18:30.968531.avi_83.24288582801819.jpg con esta confidence:0.9482816
cara encontrada en: /var/www/html/reconocimientoFacial/proyecto_definitivo/admin/files/videos_registro_videos/1_otraprueba_20.avi
cara guardada en /0_2022-10-24_18:18:31.086227.avi_83.3605809211731.jpg con esta confidence:0.93186194
cara encontrada en: /var/www/html/reconocimientoFacial/proyecto_definitivo/admin/files/videos_registro_videos/1_otraprueba_20.avi
cara guardada en /0_2022-10-24_18:18:31.329427.avi_83.6037814617157.jpg con esta confidence:0.7983831
cara encontrada en: /var/www/html/reconocimientoFacial/proyecto_definitivo/admin/files/videos_registro_videos/1_otraprueba_20.avi
cara guardada en /0_2022-10-24_18:18:31.531203.avi_83.80555701255798.jpg con esta confidence:0.79202706
voy(20) leyendo el video..
tenemos(20) frame k lo guardo ..
voy(20) leyendo el video..
tenemos(20) frame k lo guardo ..
cara encontrada en: /var/www/html/reconocimientoFacial/proyecto_definitivo/admin/files/videos_registro_videos/1_otraprueba_20.avi
cara guardada en /0_2022-10-24_18:18:34.949549.avi_87.22390270233154.jpg con esta confidence:0.9980724
cara encontrada en: /var/www/html/reconocimientoFacial/proyecto_definitivo/admin/files/videos_registro_videos/1_otraprueba_20.avi
cara guardada en /0_2022-10-24_18:18:35.007567.avi_87.28192114830017.jpg con esta confidence:0.9961521
cara encontrada en: /var/www/html/reconocimientoFacial/proyecto_definitivo/admin/files/videos_registro_videos/1_otraprueba_20.avi
cara guardada en /0_2022-10-24_18:18:35.366109.avi_87.64045453071594.jpg con esta confidence:0.9957444
cara encontrada en: /var/www/html/reconocimientoFacial/proyecto_definitivo/admin/files/videos_registro_videos/1_otraprueba_20.avi
cara guardada en /0_2022-10-24_18:18:35.661431.avi_87.9357852935791.jpg con esta confidence:0.9664965
cara encontrada en: /var/www/html/reconocimientoFacial/proyecto_definitivo/admin/files/videos_registro_videos/1_otraprueba_20.avi
cara guardada en /0_2022-10-24_18:18:35.746882.avi_88.02123665809631.jpg con esta confidence:0.9464985
cara encontrada en: /var/www/html/reconocimientoFacial/proyecto_definitivo/admin/files/videos_registro_videos/1_otraprueba_20.avi
cara guardada en /0_2022-10-24_18:18:35.905100.avi_88.17945122718811.jpg con esta confidence:0.939509
cara encontrada en: /var/www/html/reconocimientoFacial/proyecto_definitivo/admin/files/videos_registro_videos/1_otraprueba_20.avi
cara guardada en /0_2022-10-24_18:18:36.125677.avi_88.40003108978271.jpg con esta confidence:0.7811999
cara encontrada en: /var/www/html/reconocimientoFacial/proyecto_definitivo/admin/files/videos_registro_videos/1_otraprueba_20.avi
cara guardada en /0_2022-10-24_18:18:36.318965.avi_88.59331917762756.jpg con esta confidence:0.7533741
voy(20) leyendo el video..
tenemos(20) frame k lo guardo ..
voy(20) leyendo el video..
tenemos(20) frame k lo guardo ..
cara encontrada en: /var/www/html/reconocimientoFacial/proyecto_definitivo/admin/files/videos_registro_videos/1_otraprueba_20.avi
cara guardada en /0_2022-10-24_18:18:39.965717.avi_92.24007081985474.jpg con esta confidence:0.99779165
cara encontrada en: /var/www/html/reconocimientoFacial/proyecto_definitivo/admin/files/videos_registro_videos/1_otraprueba_20.avi
cara guardada en /0_2022-10-24_18:18:40.082599.avi_92.35695362091064.jpg con esta confidence:0.99601185
cara encontrada en: /var/www/html/reconocimientoFacial/proyecto_definitivo/admin/files/videos_registro_videos/1_otraprueba_20.avi
cara guardada en /0_2022-10-24_18:18:40.311160.avi_92.5855143070221.jpg con esta confidence:0.99524975
cara encontrada en: /var/www/html/reconocimientoFacial/proyecto_definitivo/admin/files/videos_registro_videos/1_otraprueba_20.avi
cara guardada en /0_2022-10-24_18:18:40.448985.avi_92.7233395576477.jpg con esta confidence:0.96143985
cara encontrada en: /var/www/html/reconocimientoFacial/proyecto_definitivo/admin/files/videos_registro_videos/1_otraprueba_20.avi
cara guardada en /0_2022-10-24_18:18:40.546571.avi_92.82092547416687.jpg con esta confidence:0.9443294
cara encontrada en: /var/www/html/reconocimientoFacial/proyecto_definitivo/admin/files/videos_registro_videos/1_otraprueba_20.avi
cara guardada en /0_2022-10-24_18:18:40.627080.avi_92.90143418312073.jpg con esta confidence:0.93393075
cara encontrada en: /var/www/html/reconocimientoFacial/proyecto_definitivo/admin/files/videos_registro_videos/1_otraprueba_20.avi
cara guardada en /0_2022-10-24_18:18:40.788532.avi_93.06288552284241.jpg con esta confidence:0.76851076
cara encontrada en: /var/www/html/reconocimientoFacial/proyecto_definitivo/admin/files/videos_registro_videos/1_otraprueba_20.avi
cara guardada en /0_2022-10-24_18:18:40.980746.avi_93.25509762763977.jpg con esta confidence:0.7338598
voy(20) leyendo el video..
tenemos(20) frame k lo guardo ..
voy(20) leyendo el video..
tenemos(20) frame k lo guardo ..
cara encontrada en: /var/www/html/reconocimientoFacial/proyecto_definitivo/admin/files/videos_registro_videos/1_otraprueba_20.avi
cara guardada en /0_2022-10-24_18:18:44.027270.avi_96.30162191390991.jpg con esta confidence:0.998558
cara encontrada en: /var/www/html/reconocimientoFacial/proyecto_definitivo/admin/files/videos_registro_videos/1_otraprueba_20.avi
cara guardada en /0_2022-10-24_18:18:44.139285.avi_96.41363954544067.jpg con esta confidence:0.99747473
cara encontrada en: /var/www/html/reconocimientoFacial/proyecto_definitivo/admin/files/videos_registro_videos/1_otraprueba_20.avi
cara guardada en /0_2022-10-24_18:18:44.448358.avi_96.72271251678467.jpg con esta confidence:0.9962878
cara encontrada en: /var/www/html/reconocimientoFacial/proyecto_definitivo/admin/files/videos_registro_videos/1_otraprueba_20.avi
cara guardada en /0_2022-10-24_18:18:44.647755.avi_96.92210912704468.jpg con esta confidence:0.9675028
cara encontrada en: /var/www/html/reconocimientoFacial/proyecto_definitivo/admin/files/videos_registro_videos/1_otraprueba_20.avi
cara guardada en /0_2022-10-24_18:18:44.824028.avi_97.09838080406189.jpg con esta confidence:0.9370999
cara encontrada en: /var/www/html/reconocimientoFacial/proyecto_definitivo/admin/files/videos_registro_videos/1_otraprueba_20.avi
cara guardada en /0_2022-10-24_18:18:44.975879.avi_97.25023293495178.jpg con esta confidence:0.90943044
cara encontrada en: /var/www/html/reconocimientoFacial/proyecto_definitivo/admin/files/videos_registro_videos/1_otraprueba_20.avi
cara guardada en /0_2022-10-24_18:18:45.213514.avi_97.48786878585815.jpg con esta confidence:0.8378236
cara encontrada en: /var/www/html/reconocimientoFacial/proyecto_definitivo/admin/files/videos_registro_videos/1_otraprueba_20.avi
cara guardada en /0_2022-10-24_18:18:45.536875.avi_97.81122970581055.jpg con esta confidence:0.79225844
voy(20) leyendo el video..
tenemos(20) frame k lo guardo ..
voy(20) leyendo el video..
tenemos(20) frame k lo guardo ..
cara encontrada en: /var/www/html/reconocimientoFacial/proyecto_definitivo/admin/files/videos_registro_videos/1_otraprueba_20.avi
cara guardada en /0_2022-10-24_18:18:48.425173.avi_100.6995267868042.jpg con esta confidence:0.9983972
cara encontrada en: /var/www/html/reconocimientoFacial/proyecto_definitivo/admin/files/videos_registro_videos/1_otraprueba_20.avi
cara guardada en /0_2022-10-24_18:18:48.811311.avi_101.08566451072693.jpg con esta confidence:0.9978586
cara encontrada en: /var/www/html/reconocimientoFacial/proyecto_definitivo/admin/files/videos_registro_videos/1_otraprueba_20.avi
cara guardada en /0_2022-10-24_18:18:49.407538.avi_101.68189263343811.jpg con esta confidence:0.9959259
cara encontrada en: /var/www/html/reconocimientoFacial/proyecto_definitivo/admin/files/videos_registro_videos/1_otraprueba_20.avi
cara guardada en /0_2022-10-24_18:18:49.502280.avi_101.77663540840149.jpg con esta confidence:0.9452686
cara encontrada en: /var/www/html/reconocimientoFacial/proyecto_definitivo/admin/files/videos_registro_videos/1_otraprueba_20.avi
cara guardada en /0_2022-10-24_18:18:49.634262.avi_101.9086172580719.jpg con esta confidence:0.91243815
cara encontrada en: /var/www/html/reconocimientoFacial/proyecto_definitivo/admin/files/videos_registro_videos/1_otraprueba_20.avi
cara guardada en /0_2022-10-24_18:18:49.826583.avi_102.10093688964844.jpg con esta confidence:0.89603204
cara encontrada en: /var/www/html/reconocimientoFacial/proyecto_definitivo/admin/files/videos_registro_videos/1_otraprueba_20.avi
cara guardada en /0_2022-10-24_18:18:50.080353.avi_102.35470771789551.jpg con esta confidence:0.8768755
cara encontrada en: /var/www/html/reconocimientoFacial/proyecto_definitivo/admin/files/videos_registro_videos/1_otraprueba_20.avi
cara guardada en /0_2022-10-24_18:18:50.161161.avi_102.43551564216614.jpg con esta confidence:0.8336698
voy(20) leyendo el video..
tenemos(20) frame k lo guardo ..
voy(20) leyendo el video..
tenemos(20) frame k lo guardo ..
cara encontrada en: /var/www/html/reconocimientoFacial/proyecto_definitivo/admin/files/videos_registro_videos/1_otraprueba_20.avi
cara guardada en /0_2022-10-24_18:18:53.807432.avi_106.08178615570068.jpg con esta confidence:0.99858534
cara encontrada en: /var/www/html/reconocimientoFacial/proyecto_definitivo/admin/files/videos_registro_videos/1_otraprueba_20.avi
cara guardada en /0_2022-10-24_18:18:53.970713.avi_106.24506664276123.jpg con esta confidence:0.99762815
cara encontrada en: /var/www/html/reconocimientoFacial/proyecto_definitivo/admin/files/videos_registro_videos/1_otraprueba_20.avi
cara guardada en /0_2022-10-24_18:18:54.396512.avi_106.67086625099182.jpg con esta confidence:0.9966517
cara encontrada en: /var/www/html/reconocimientoFacial/proyecto_definitivo/admin/files/videos_registro_videos/1_otraprueba_20.avi
cara guardada en /0_2022-10-24_18:18:54.403940.avi_106.67829298973083.jpg con esta confidence:0.93674093
cara encontrada en: /var/www/html/reconocimientoFacial/proyecto_definitivo/admin/files/videos_registro_videos/1_otraprueba_20.avi
cara guardada en /0_2022-10-24_18:18:54.453780.avi_106.72813439369202.jpg con esta confidence:0.91348356
cara encontrada en: /var/www/html/reconocimientoFacial/proyecto_definitivo/admin/files/videos_registro_videos/1_otraprueba_20.avi
cara guardada en /0_2022-10-24_18:18:54.563577.avi_106.83793067932129.jpg con esta confidence:0.9061478
cara encontrada en: /var/www/html/reconocimientoFacial/proyecto_definitivo/admin/files/videos_registro_videos/1_otraprueba_20.avi
cara guardada en /0_2022-10-24_18:18:54.678905.avi_106.95325875282288.jpg con esta confidence:0.89440036
cara encontrada en: /var/www/html/reconocimientoFacial/proyecto_definitivo/admin/files/videos_registro_videos/1_otraprueba_20.avi
cara guardada en /0_2022-10-24_18:18:54.813501.avi_107.08785462379456.jpg con esta confidence:0.8756261
voy(20) leyendo el video..
tenemos(20) frame k lo guardo ..
voy(20) leyendo el video..
tenemos(20) frame k lo guardo ..
cara encontrada en: /var/www/html/reconocimientoFacial/proyecto_definitivo/admin/files/videos_registro_videos/1_otraprueba_20.avi
cara guardada en /0_2022-10-24_18:18:57.419257.avi_109.69361138343811.jpg con esta confidence:0.99853694
cara encontrada en: /var/www/html/reconocimientoFacial/proyecto_definitivo/admin/files/videos_registro_videos/1_otraprueba_20.avi
cara guardada en /0_2022-10-24_18:18:57.662562.avi_109.93691611289978.jpg con esta confidence:0.9973035
cara encontrada en: /var/www/html/reconocimientoFacial/proyecto_definitivo/admin/files/videos_registro_videos/1_otraprueba_20.avi
cara guardada en /0_2022-10-24_18:18:57.836245.avi_110.11059832572937.jpg con esta confidence:0.996567
cara encontrada en: /var/www/html/reconocimientoFacial/proyecto_definitivo/admin/files/videos_registro_videos/1_otraprueba_20.avi
cara guardada en /0_2022-10-24_18:18:57.911595.avi_110.18594765663147.jpg con esta confidence:0.9385185
cara encontrada en: /var/www/html/reconocimientoFacial/proyecto_definitivo/admin/files/videos_registro_videos/1_otraprueba_20.avi
cara guardada en /0_2022-10-24_18:18:58.038584.avi_110.31293821334839.jpg con esta confidence:0.9106054
cara encontrada en: /var/www/html/reconocimientoFacial/proyecto_definitivo/admin/files/videos_registro_videos/1_otraprueba_20.avi
cara guardada en /0_2022-10-24_18:18:58.185635.avi_110.45998811721802.jpg con esta confidence:0.90758926
cara encontrada en: /var/www/html/reconocimientoFacial/proyecto_definitivo/admin/files/videos_registro_videos/1_otraprueba_20.avi
cara guardada en /0_2022-10-24_18:18:58.248537.avi_110.52289080619812.jpg con esta confidence:0.9028548
cara encontrada en: /var/www/html/reconocimientoFacial/proyecto_definitivo/admin/files/videos_registro_videos/1_otraprueba_20.avi
cara guardada en /0_2022-10-24_18:18:58.413247.avi_110.68760132789612.jpg con esta confidence:0.8575637
voy(20) leyendo el video..
tenemos(20) frame k lo guardo ..
voy(20) leyendo el video..
tenemos(20) frame k lo guardo ..
cara encontrada en: /var/www/html/reconocimientoFacial/proyecto_definitivo/admin/files/videos_registro_videos/1_otraprueba_20.avi
cara guardada en /0_2022-10-24_18:19:00.996312.avi_113.2706663608551.jpg con esta confidence:0.9985581
cara encontrada en: /var/www/html/reconocimientoFacial/proyecto_definitivo/admin/files/videos_registro_videos/1_otraprueba_20.avi
cara guardada en /0_2022-10-24_18:19:01.345862.avi_113.62021613121033.jpg con esta confidence:0.9975446
cara encontrada en: /var/www/html/reconocimientoFacial/proyecto_definitivo/admin/files/videos_registro_videos/1_otraprueba_20.avi
cara guardada en /0_2022-10-24_18:19:01.551382.avi_113.82573437690735.jpg con esta confidence:0.99634415
cara encontrada en: /var/www/html/reconocimientoFacial/proyecto_definitivo/admin/files/videos_registro_videos/1_otraprueba_20.avi
cara guardada en /0_2022-10-24_18:19:01.717587.avi_113.99194169044495.jpg con esta confidence:0.9370831
cara encontrada en: /var/www/html/reconocimientoFacial/proyecto_definitivo/admin/files/videos_registro_videos/1_otraprueba_20.avi
cara guardada en /0_2022-10-24_18:19:01.810467.avi_114.08482027053833.jpg con esta confidence:0.91197413
cara encontrada en: /var/www/html/reconocimientoFacial/proyecto_definitivo/admin/files/videos_registro_videos/1_otraprueba_20.avi
cara guardada en /0_2022-10-24_18:19:01.927183.avi_114.20153713226318.jpg con esta confidence:0.8993882
cara encontrada en: /var/www/html/reconocimientoFacial/proyecto_definitivo/admin/files/videos_registro_videos/1_otraprueba_20.avi
cara guardada en /0_2022-10-24_18:19:02.048882.avi_114.32323598861694.jpg con esta confidence:0.89561945
cara encontrada en: /var/www/html/reconocimientoFacial/proyecto_definitivo/admin/files/videos_registro_videos/1_otraprueba_20.avi
cara guardada en /0_2022-10-24_18:19:02.108114.avi_114.38246870040894.jpg con esta confidence:0.85498697
voy(20) leyendo el video..
tenemos(20) frame k lo guardo ..
voy(20) leyendo el video..
tenemos(20) frame k lo guardo ..
cara encontrada en: /var/www/html/reconocimientoFacial/proyecto_definitivo/admin/files/videos_registro_videos/1_otraprueba_20.avi
cara guardada en /0_2022-10-24_18:19:03.924175.avi_116.1985273361206.jpg con esta confidence:0.99850297
cara encontrada en: /var/www/html/reconocimientoFacial/proyecto_definitivo/admin/files/videos_registro_videos/1_otraprueba_20.avi
cara guardada en /0_2022-10-24_18:19:04.012944.avi_116.28729820251465.jpg con esta confidence:0.99789846
cara encontrada en: /var/www/html/reconocimientoFacial/proyecto_definitivo/admin/files/videos_registro_videos/1_otraprueba_20.avi
cara guardada en /0_2022-10-24_18:19:04.079920.avi_116.35427355766296.jpg con esta confidence:0.9955081
cara encontrada en: /var/www/html/reconocimientoFacial/proyecto_definitivo/admin/files/videos_registro_videos/1_otraprueba_20.avi
cara guardada en /0_2022-10-24_18:19:04.137902.avi_116.41225671768188.jpg con esta confidence:0.9296552
cara encontrada en: /var/www/html/reconocimientoFacial/proyecto_definitivo/admin/files/videos_registro_videos/1_otraprueba_20.avi
cara guardada en /0_2022-10-24_18:19:04.199805.avi_116.47415900230408.jpg con esta confidence:0.9190132
cara encontrada en: /var/www/html/reconocimientoFacial/proyecto_definitivo/admin/files/videos_registro_videos/1_otraprueba_20.avi
cara guardada en /0_2022-10-24_18:19:04.302495.avi_116.5768494606018.jpg con esta confidence:0.9184582
cara encontrada en: /var/www/html/reconocimientoFacial/proyecto_definitivo/admin/files/videos_registro_videos/1_otraprueba_20.avi
cara guardada en /0_2022-10-24_18:19:04.450395.avi_116.72474765777588.jpg con esta confidence:0.86662537
cara encontrada en: /var/www/html/reconocimientoFacial/proyecto_definitivo/admin/files/videos_registro_videos/1_otraprueba_20.avi
cara guardada en /0_2022-10-24_18:19:04.532422.avi_116.80677604675293.jpg con esta confidence:0.8592184
voy(20) leyendo el video..
tenemos(20) frame k lo guardo ..
voy(20) leyendo el video..
tenemos(20) frame k lo guardo ..
cara encontrada en: /var/www/html/reconocimientoFacial/proyecto_definitivo/admin/files/videos_registro_videos/1_otraprueba_20.avi
cara guardada en /0_2022-10-24_18:19:05.745903.avi_118.02025818824768.jpg con esta confidence:0.998466
cara encontrada en: /var/www/html/reconocimientoFacial/proyecto_definitivo/admin/files/videos_registro_videos/1_otraprueba_20.avi
cara guardada en /0_2022-10-24_18:19:05.778882.avi_118.05323553085327.jpg con esta confidence:0.9974769
cara encontrada en: /var/www/html/reconocimientoFacial/proyecto_definitivo/admin/files/videos_registro_videos/1_otraprueba_20.avi
cara guardada en /0_2022-10-24_18:19:05.795665.avi_118.07001948356628.jpg con esta confidence:0.9958902
cara encontrada en: /var/www/html/reconocimientoFacial/proyecto_definitivo/admin/files/videos_registro_videos/1_otraprueba_20.avi
cara guardada en /0_2022-10-24_18:19:05.830528.avi_118.10488176345825.jpg con esta confidence:0.9328256
cara encontrada en: /var/www/html/reconocimientoFacial/proyecto_definitivo/admin/files/videos_registro_videos/1_otraprueba_20.avi
cara guardada en /0_2022-10-24_18:19:05.860058.avi_118.13441252708435.jpg con esta confidence:0.9152746
cara encontrada en: /var/www/html/reconocimientoFacial/proyecto_definitivo/admin/files/videos_registro_videos/1_otraprueba_20.avi
cara guardada en /0_2022-10-24_18:19:05.872156.avi_118.14651155471802.jpg con esta confidence:0.8873416
cara encontrada en: /var/www/html/reconocimientoFacial/proyecto_definitivo/admin/files/videos_registro_videos/1_otraprueba_20.avi
cara guardada en /0_2022-10-24_18:19:05.913872.avi_118.18822050094604.jpg con esta confidence:0.88354427
cara encontrada en: /var/www/html/reconocimientoFacial/proyecto_definitivo/admin/files/videos_registro_videos/1_otraprueba_20.avi
cara guardada en /0_2022-10-24_18:19:05.983260.avi_118.25761365890503.jpg con esta confidence:0.8607273
voy(20) leyendo el video..
tenemos(20) frame k lo guardo ..
voy(20) leyendo el video..
tenemos(20) frame k lo guardo ..
cara encontrada en: /var/www/html/reconocimientoFacial/proyecto_definitivo/admin/files/videos_registro_videos/1_otraprueba_20.avi
cara guardada en /0_2022-10-24_18:19:06.633284.avi_118.90763688087463.jpg con esta confidence:0.99819416
cara encontrada en: /var/www/html/reconocimientoFacial/proyecto_definitivo/admin/files/videos_registro_videos/1_otraprueba_20.avi
cara guardada en /0_2022-10-24_18:19:06.641236.avi_118.9155900478363.jpg con esta confidence:0.99719775
cara encontrada en: /var/www/html/reconocimientoFacial/proyecto_definitivo/admin/files/videos_registro_videos/1_otraprueba_20.avi
cara guardada en /0_2022-10-24_18:19:06.649834.avi_118.92418766021729.jpg con esta confidence:0.99513054
cara encontrada en: /var/www/html/reconocimientoFacial/proyecto_definitivo/admin/files/videos_registro_videos/1_otraprueba_20.avi
cara guardada en /0_2022-10-24_18:19:06.660708.avi_118.93506169319153.jpg con esta confidence:0.93838066
cara encontrada en: /var/www/html/reconocimientoFacial/proyecto_definitivo/admin/files/videos_registro_videos/1_otraprueba_20.avi
cara guardada en /0_2022-10-24_18:19:06.677408.avi_118.95176219940186.jpg con esta confidence:0.8935123
cara encontrada en: /var/www/html/reconocimientoFacial/proyecto_definitivo/admin/files/videos_registro_videos/1_otraprueba_20.avi
cara guardada en /0_2022-10-24_18:19:06.697119.avi_118.97147178649902.jpg con esta confidence:0.88839465
cara encontrada en: /var/www/html/reconocimientoFacial/proyecto_definitivo/admin/files/videos_registro_videos/1_otraprueba_20.avi
cara guardada en /0_2022-10-24_18:19:06.735351.avi_119.00970554351807.jpg con esta confidence:0.87700737
cara encontrada en: /var/www/html/reconocimientoFacial/proyecto_definitivo/admin/files/videos_registro_videos/1_otraprueba_20.avi
cara guardada en /0_2022-10-24_18:19:06.747551.avi_119.02190375328064.jpg con esta confidence:0.817468
voy(20) leyendo el video..
tenemos(20) frame k lo guardo ..
voy(20) leyendo el video..
Llego al final y remuevo el video!
Tiempo de analizar el video:119.47226548194885
