tenemos este video:/var/www/html/reconocimientoFacial/proyecto_definitivo/admin/files/videos_registro_videos/1_otraprueba_19.avi
voy(19) leyendo el video..
tenemos(19) frame k lo guardo ..
voy(19) leyendo el video..
tenemos(19) frame k lo guardo ..
cara encontrada en: /var/www/html/reconocimientoFacial/proyecto_definitivo/admin/files/videos_registro_videos/1_otraprueba_19.avi
cara guardada en /0_2022-10-24_18:17:11.328841.avi_2.3231873512268066.jpg con esta confidence:0.99984133
cara encontrada en: /var/www/html/reconocimientoFacial/proyecto_definitivo/admin/files/videos_registro_videos/1_otraprueba_19.avi
cara guardada en /0_2022-10-24_18:17:11.356312.avi_2.350661277770996.jpg con esta confidence:0.99926883
cara encontrada en: /var/www/html/reconocimientoFacial/proyecto_definitivo/admin/files/videos_registro_videos/1_otraprueba_19.avi
cara guardada en /0_2022-10-24_18:17:11.683757.avi_2.678107261657715.jpg con esta confidence:0.998814
cara encontrada en: /var/www/html/reconocimientoFacial/proyecto_definitivo/admin/files/videos_registro_videos/1_otraprueba_19.avi
cara guardada en /0_2022-10-24_18:17:11.796849.avi_2.791199207305908.jpg con esta confidence:0.9957852
cara encontrada en: /var/www/html/reconocimientoFacial/proyecto_definitivo/admin/files/videos_registro_videos/1_otraprueba_19.avi
cara guardada en /0_2022-10-24_18:17:11.861255.avi_2.855604648590088.jpg con esta confidence:0.99389875
cara encontrada en: /var/www/html/reconocimientoFacial/proyecto_definitivo/admin/files/videos_registro_videos/1_otraprueba_19.avi
cara guardada en /0_2022-10-24_18:17:11.919859.avi_2.9142088890075684.jpg con esta confidence:0.97942734
cara encontrada en: /var/www/html/reconocimientoFacial/proyecto_definitivo/admin/files/videos_registro_videos/1_otraprueba_19.avi
cara guardada en /0_2022-10-24_18:17:12.096937.avi_3.091287136077881.jpg con esta confidence:0.93923813
cara encontrada en: /var/www/html/reconocimientoFacial/proyecto_definitivo/admin/files/videos_registro_videos/1_otraprueba_19.avi
cara guardada en /0_2022-10-24_18:17:12.261066.avi_3.255415439605713.jpg con esta confidence:0.91842586
cara encontrada en: /var/www/html/reconocimientoFacial/proyecto_definitivo/admin/files/videos_registro_videos/1_otraprueba_19.avi
cara guardada en /0_2022-10-24_18:17:12.438237.avi_3.4325876235961914.jpg con esta confidence:0.71563834
voy(19) leyendo el video..
tenemos(19) frame k lo guardo ..
voy(19) leyendo el video..
tenemos(19) frame k lo guardo ..
cara encontrada en: /var/www/html/reconocimientoFacial/proyecto_definitivo/admin/files/videos_registro_videos/1_otraprueba_19.avi
cara guardada en /0_2022-10-24_18:17:15.366010.avi_6.3603599071502686.jpg con esta confidence:0.9997955
cara encontrada en: /var/www/html/reconocimientoFacial/proyecto_definitivo/admin/files/videos_registro_videos/1_otraprueba_19.avi
cara guardada en /0_2022-10-24_18:17:15.465845.avi_6.460193395614624.jpg con esta confidence:0.9990146
cara encontrada en: /var/www/html/reconocimientoFacial/proyecto_definitivo/admin/files/videos_registro_videos/1_otraprueba_19.avi
cara guardada en /0_2022-10-24_18:17:15.539237.avi_6.533586263656616.jpg con esta confidence:0.9989636
cara encontrada en: /var/www/html/reconocimientoFacial/proyecto_definitivo/admin/files/videos_registro_videos/1_otraprueba_19.avi
cara guardada en /0_2022-10-24_18:17:15.695019.avi_6.689368486404419.jpg con esta confidence:0.9955859
cara encontrada en: /var/www/html/reconocimientoFacial/proyecto_definitivo/admin/files/videos_registro_videos/1_otraprueba_19.avi
cara guardada en /0_2022-10-24_18:17:15.800459.avi_6.794808864593506.jpg con esta confidence:0.9868851
cara encontrada en: /var/www/html/reconocimientoFacial/proyecto_definitivo/admin/files/videos_registro_videos/1_otraprueba_19.avi
cara guardada en /0_2022-10-24_18:17:15.993348.avi_6.987696886062622.jpg con esta confidence:0.9705439
cara encontrada en: /var/www/html/reconocimientoFacial/proyecto_definitivo/admin/files/videos_registro_videos/1_otraprueba_19.avi
cara guardada en /0_2022-10-24_18:17:16.177668.avi_7.172017812728882.jpg con esta confidence:0.9221031
cara encontrada en: /var/www/html/reconocimientoFacial/proyecto_definitivo/admin/files/videos_registro_videos/1_otraprueba_19.avi
cara guardada en /0_2022-10-24_18:17:16.295765.avi_7.290114641189575.jpg con esta confidence:0.92087555
cara encontrada en: /var/www/html/reconocimientoFacial/proyecto_definitivo/admin/files/videos_registro_videos/1_otraprueba_19.avi
cara guardada en /0_2022-10-24_18:17:16.511474.avi_7.505823850631714.jpg con esta confidence:0.7748246
voy(19) leyendo el video..
tenemos(19) frame k lo guardo ..
voy(19) leyendo el video..
tenemos(19) frame k lo guardo ..
cara encontrada en: /var/www/html/reconocimientoFacial/proyecto_definitivo/admin/files/videos_registro_videos/1_otraprueba_19.avi
cara guardada en /0_2022-10-24_18:17:19.208991.avi_10.203340291976929.jpg con esta confidence:0.998955
cara encontrada en: /var/www/html/reconocimientoFacial/proyecto_definitivo/admin/files/videos_registro_videos/1_otraprueba_19.avi
cara guardada en /0_2022-10-24_18:17:19.284891.avi_10.27924108505249.jpg con esta confidence:0.99751055
cara encontrada en: /var/www/html/reconocimientoFacial/proyecto_definitivo/admin/files/videos_registro_videos/1_otraprueba_19.avi
cara guardada en /0_2022-10-24_18:17:19.335723.avi_10.330071687698364.jpg con esta confidence:0.9888166
cara encontrada en: /var/www/html/reconocimientoFacial/proyecto_definitivo/admin/files/videos_registro_videos/1_otraprueba_19.avi
cara guardada en /0_2022-10-24_18:17:19.423297.avi_10.417647123336792.jpg con esta confidence:0.9834995
cara encontrada en: /var/www/html/reconocimientoFacial/proyecto_definitivo/admin/files/videos_registro_videos/1_otraprueba_19.avi
cara guardada en /0_2022-10-24_18:17:19.523400.avi_10.517749547958374.jpg con esta confidence:0.9718259
cara encontrada en: /var/www/html/reconocimientoFacial/proyecto_definitivo/admin/files/videos_registro_videos/1_otraprueba_19.avi
cara guardada en /0_2022-10-24_18:17:19.613869.avi_10.608219861984253.jpg con esta confidence:0.9155508
cara encontrada en: /var/www/html/reconocimientoFacial/proyecto_definitivo/admin/files/videos_registro_videos/1_otraprueba_19.avi
cara guardada en /0_2022-10-24_18:17:19.889135.avi_10.883484125137329.jpg con esta confidence:0.8952857
cara encontrada en: /var/www/html/reconocimientoFacial/proyecto_definitivo/admin/files/videos_registro_videos/1_otraprueba_19.avi
cara guardada en /0_2022-10-24_18:17:19.968790.avi_10.96314001083374.jpg con esta confidence:0.8187503
voy(19) leyendo el video..
tenemos(19) frame k lo guardo ..
voy(19) leyendo el video..
tenemos(19) frame k lo guardo ..
cara encontrada en: /var/www/html/reconocimientoFacial/proyecto_definitivo/admin/files/videos_registro_videos/1_otraprueba_19.avi
cara guardada en /0_2022-10-24_18:17:23.452981.avi_14.447330474853516.jpg con esta confidence:0.9995289
cara encontrada en: /var/www/html/reconocimientoFacial/proyecto_definitivo/admin/files/videos_registro_videos/1_otraprueba_19.avi
cara guardada en /0_2022-10-24_18:17:23.540321.avi_14.534670114517212.jpg con esta confidence:0.9973496
cara encontrada en: /var/www/html/reconocimientoFacial/proyecto_definitivo/admin/files/videos_registro_videos/1_otraprueba_19.avi
cara guardada en /0_2022-10-24_18:17:23.705612.avi_14.69996190071106.jpg con esta confidence:0.9961144
cara encontrada en: /var/www/html/reconocimientoFacial/proyecto_definitivo/admin/files/videos_registro_videos/1_otraprueba_19.avi
cara guardada en /0_2022-10-24_18:17:23.858690.avi_14.853040933609009.jpg con esta confidence:0.993634
cara encontrada en: /var/www/html/reconocimientoFacial/proyecto_definitivo/admin/files/videos_registro_videos/1_otraprueba_19.avi
cara guardada en /0_2022-10-24_18:17:24.034810.avi_15.029159545898438.jpg con esta confidence:0.9836367
cara encontrada en: /var/www/html/reconocimientoFacial/proyecto_definitivo/admin/files/videos_registro_videos/1_otraprueba_19.avi
cara guardada en /0_2022-10-24_18:17:24.143402.avi_15.137751579284668.jpg con esta confidence:0.9553963
cara encontrada en: /var/www/html/reconocimientoFacial/proyecto_definitivo/admin/files/videos_registro_videos/1_otraprueba_19.avi
cara guardada en /0_2022-10-24_18:17:24.243425.avi_15.237775325775146.jpg con esta confidence:0.918645
cara encontrada en: /var/www/html/reconocimientoFacial/proyecto_definitivo/admin/files/videos_registro_videos/1_otraprueba_19.avi
cara guardada en /0_2022-10-24_18:17:24.370773.avi_15.365121841430664.jpg con esta confidence:0.8369822
cara encontrada en: /var/www/html/reconocimientoFacial/proyecto_definitivo/admin/files/videos_registro_videos/1_otraprueba_19.avi
cara guardada en /0_2022-10-24_18:17:24.490209.avi_15.484558582305908.jpg con esta confidence:0.7490797
voy(19) leyendo el video..
tenemos(19) frame k lo guardo ..
voy(19) leyendo el video..
tenemos(19) frame k lo guardo ..
cara encontrada en: /var/www/html/reconocimientoFacial/proyecto_definitivo/admin/files/videos_registro_videos/1_otraprueba_19.avi
cara guardada en /0_2022-10-24_18:17:27.829657.avi_18.824005126953125.jpg con esta confidence:0.9997813
cara encontrada en: /var/www/html/reconocimientoFacial/proyecto_definitivo/admin/files/videos_registro_videos/1_otraprueba_19.avi
cara guardada en /0_2022-10-24_18:17:27.999469.avi_18.993818759918213.jpg con esta confidence:0.9996824
cara encontrada en: /var/www/html/reconocimientoFacial/proyecto_definitivo/admin/files/videos_registro_videos/1_otraprueba_19.avi
cara guardada en /0_2022-10-24_18:17:28.246317.avi_19.240666389465332.jpg con esta confidence:0.997621
cara encontrada en: /var/www/html/reconocimientoFacial/proyecto_definitivo/admin/files/videos_registro_videos/1_otraprueba_19.avi
cara guardada en /0_2022-10-24_18:17:28.402272.avi_19.39662194252014.jpg con esta confidence:0.9973507
cara encontrada en: /var/www/html/reconocimientoFacial/proyecto_definitivo/admin/files/videos_registro_videos/1_otraprueba_19.avi
cara guardada en /0_2022-10-24_18:17:28.522879.avi_19.517228841781616.jpg con esta confidence:0.9931379
cara encontrada en: /var/www/html/reconocimientoFacial/proyecto_definitivo/admin/files/videos_registro_videos/1_otraprueba_19.avi
cara guardada en /0_2022-10-24_18:17:28.628607.avi_19.622946739196777.jpg con esta confidence:0.98227435
cara encontrada en: /var/www/html/reconocimientoFacial/proyecto_definitivo/admin/files/videos_registro_videos/1_otraprueba_19.avi
cara guardada en /0_2022-10-24_18:17:28.725606.avi_19.719955444335938.jpg con esta confidence:0.97390634
cara encontrada en: /var/www/html/reconocimientoFacial/proyecto_definitivo/admin/files/videos_registro_videos/1_otraprueba_19.avi
cara guardada en /0_2022-10-24_18:17:28.872303.avi_19.866652727127075.jpg con esta confidence:0.8212293
voy(19) leyendo el video..
tenemos(19) frame k lo guardo ..
voy(19) leyendo el video..
tenemos(19) frame k lo guardo ..
cara encontrada en: /var/www/html/reconocimientoFacial/proyecto_definitivo/admin/files/videos_registro_videos/1_otraprueba_19.avi
cara guardada en /0_2022-10-24_18:17:31.793645.avi_22.78799343109131.jpg con esta confidence:0.99989283
cara encontrada en: /var/www/html/reconocimientoFacial/proyecto_definitivo/admin/files/videos_registro_videos/1_otraprueba_19.avi
cara guardada en /0_2022-10-24_18:17:31.874095.avi_22.868444204330444.jpg con esta confidence:0.9991768
cara encontrada en: /var/www/html/reconocimientoFacial/proyecto_definitivo/admin/files/videos_registro_videos/1_otraprueba_19.avi
cara guardada en /0_2022-10-24_18:17:31.958843.avi_22.953192710876465.jpg con esta confidence:0.9989562
cara encontrada en: /var/www/html/reconocimientoFacial/proyecto_definitivo/admin/files/videos_registro_videos/1_otraprueba_19.avi
cara guardada en /0_2022-10-24_18:17:32.080517.avi_23.07486629486084.jpg con esta confidence:0.99235207
cara encontrada en: /var/www/html/reconocimientoFacial/proyecto_definitivo/admin/files/videos_registro_videos/1_otraprueba_19.avi
cara guardada en /0_2022-10-24_18:17:32.284294.avi_23.278642892837524.jpg con esta confidence:0.9865341
cara encontrada en: /var/www/html/reconocimientoFacial/proyecto_definitivo/admin/files/videos_registro_videos/1_otraprueba_19.avi
cara guardada en /0_2022-10-24_18:17:32.306286.avi_23.300636291503906.jpg con esta confidence:0.98594856
cara encontrada en: /var/www/html/reconocimientoFacial/proyecto_definitivo/admin/files/videos_registro_videos/1_otraprueba_19.avi
cara guardada en /0_2022-10-24_18:17:32.389873.avi_23.384222745895386.jpg con esta confidence:0.9483188
cara encontrada en: /var/www/html/reconocimientoFacial/proyecto_definitivo/admin/files/videos_registro_videos/1_otraprueba_19.avi
cara guardada en /0_2022-10-24_18:17:32.484119.avi_23.478469133377075.jpg con esta confidence:0.9406455
cara encontrada en: /var/www/html/reconocimientoFacial/proyecto_definitivo/admin/files/videos_registro_videos/1_otraprueba_19.avi
cara guardada en /0_2022-10-24_18:17:32.690266.avi_23.68461561203003.jpg con esta confidence:0.74379504
voy(19) leyendo el video..
tenemos(19) frame k lo guardo ..
voy(19) leyendo el video..
tenemos(19) frame k lo guardo ..
cara encontrada en: /var/www/html/reconocimientoFacial/proyecto_definitivo/admin/files/videos_registro_videos/1_otraprueba_19.avi
cara guardada en /0_2022-10-24_18:17:35.925474.avi_26.919822454452515.jpg con esta confidence:0.9997106
cara encontrada en: /var/www/html/reconocimientoFacial/proyecto_definitivo/admin/files/videos_registro_videos/1_otraprueba_19.avi
cara guardada en /0_2022-10-24_18:17:36.127936.avi_27.122285842895508.jpg con esta confidence:0.99877256
cara encontrada en: /var/www/html/reconocimientoFacial/proyecto_definitivo/admin/files/videos_registro_videos/1_otraprueba_19.avi
cara guardada en /0_2022-10-24_18:17:36.313360.avi_27.307709455490112.jpg con esta confidence:0.9963123
cara encontrada en: /var/www/html/reconocimientoFacial/proyecto_definitivo/admin/files/videos_registro_videos/1_otraprueba_19.avi
cara guardada en /0_2022-10-24_18:17:36.476400.avi_27.470750093460083.jpg con esta confidence:0.9872112
cara encontrada en: /var/www/html/reconocimientoFacial/proyecto_definitivo/admin/files/videos_registro_videos/1_otraprueba_19.avi
cara guardada en /0_2022-10-24_18:17:36.759736.avi_27.754085540771484.jpg con esta confidence:0.9818494
cara encontrada en: /var/www/html/reconocimientoFacial/proyecto_definitivo/admin/files/videos_registro_videos/1_otraprueba_19.avi
cara guardada en /0_2022-10-24_18:17:36.916860.avi_27.911209106445312.jpg con esta confidence:0.9493581
cara encontrada en: /var/www/html/reconocimientoFacial/proyecto_definitivo/admin/files/videos_registro_videos/1_otraprueba_19.avi
cara guardada en /0_2022-10-24_18:17:37.245190.avi_28.239538431167603.jpg con esta confidence:0.93200636
cara encontrada en: /var/www/html/reconocimientoFacial/proyecto_definitivo/admin/files/videos_registro_videos/1_otraprueba_19.avi
cara guardada en /0_2022-10-24_18:17:37.553766.avi_28.548115968704224.jpg con esta confidence:0.8238234
cara encontrada en: /var/www/html/reconocimientoFacial/proyecto_definitivo/admin/files/videos_registro_videos/1_otraprueba_19.avi
cara guardada en /0_2022-10-24_18:17:37.595182.avi_28.589531898498535.jpg con esta confidence:0.7938194
voy(19) leyendo el video..
tenemos(19) frame k lo guardo ..
voy(19) leyendo el video..
tenemos(19) frame k lo guardo ..
cara encontrada en: /var/www/html/reconocimientoFacial/proyecto_definitivo/admin/files/videos_registro_videos/1_otraprueba_19.avi
cara guardada en /0_2022-10-24_18:17:40.682508.avi_31.676856756210327.jpg con esta confidence:0.9992446
cara encontrada en: /var/www/html/reconocimientoFacial/proyecto_definitivo/admin/files/videos_registro_videos/1_otraprueba_19.avi
cara guardada en /0_2022-10-24_18:17:40.908472.avi_31.902822017669678.jpg con esta confidence:0.9981097
cara encontrada en: /var/www/html/reconocimientoFacial/proyecto_definitivo/admin/files/videos_registro_videos/1_otraprueba_19.avi
cara guardada en /0_2022-10-24_18:17:41.105236.avi_32.09958600997925.jpg con esta confidence:0.9901444
cara encontrada en: /var/www/html/reconocimientoFacial/proyecto_definitivo/admin/files/videos_registro_videos/1_otraprueba_19.avi
cara guardada en /0_2022-10-24_18:17:41.267391.avi_32.2617404460907.jpg con esta confidence:0.97475713
cara encontrada en: /var/www/html/reconocimientoFacial/proyecto_definitivo/admin/files/videos_registro_videos/1_otraprueba_19.avi
cara guardada en /0_2022-10-24_18:17:41.396470.avi_32.39081883430481.jpg con esta confidence:0.97247916
cara encontrada en: /var/www/html/reconocimientoFacial/proyecto_definitivo/admin/files/videos_registro_videos/1_otraprueba_19.avi
cara guardada en /0_2022-10-24_18:17:41.562873.avi_32.55722236633301.jpg con esta confidence:0.92216647
cara encontrada en: /var/www/html/reconocimientoFacial/proyecto_definitivo/admin/files/videos_registro_videos/1_otraprueba_19.avi
cara guardada en /0_2022-10-24_18:17:41.740648.avi_32.73499774932861.jpg con esta confidence:0.87659395
cara encontrada en: /var/www/html/reconocimientoFacial/proyecto_definitivo/admin/files/videos_registro_videos/1_otraprueba_19.avi
cara guardada en /0_2022-10-24_18:17:41.947549.avi_32.941898584365845.jpg con esta confidence:0.82005906
voy(19) leyendo el video..
tenemos(19) frame k lo guardo ..
voy(19) leyendo el video..
tenemos(19) frame k lo guardo ..
cara encontrada en: /var/www/html/reconocimientoFacial/proyecto_definitivo/admin/files/videos_registro_videos/1_otraprueba_19.avi
cara guardada en /0_2022-10-24_18:17:45.726662.avi_36.72101163864136.jpg con esta confidence:0.9984377
cara encontrada en: /var/www/html/reconocimientoFacial/proyecto_definitivo/admin/files/videos_registro_videos/1_otraprueba_19.avi
cara guardada en /0_2022-10-24_18:17:45.743729.avi_36.73807883262634.jpg con esta confidence:0.99776435
cara encontrada en: /var/www/html/reconocimientoFacial/proyecto_definitivo/admin/files/videos_registro_videos/1_otraprueba_19.avi
cara guardada en /0_2022-10-24_18:17:45.761712.avi_36.7560613155365.jpg con esta confidence:0.9744853
cara encontrada en: /var/www/html/reconocimientoFacial/proyecto_definitivo/admin/files/videos_registro_videos/1_otraprueba_19.avi
cara guardada en /0_2022-10-24_18:17:45.798663.avi_36.79301333427429.jpg con esta confidence:0.9575319
cara encontrada en: /var/www/html/reconocimientoFacial/proyecto_definitivo/admin/files/videos_registro_videos/1_otraprueba_19.avi
cara guardada en /0_2022-10-24_18:17:45.908664.avi_36.903013467788696.jpg con esta confidence:0.95530045
cara encontrada en: /var/www/html/reconocimientoFacial/proyecto_definitivo/admin/files/videos_registro_videos/1_otraprueba_19.avi
cara guardada en /0_2022-10-24_18:17:45.967443.avi_36.96179246902466.jpg con esta confidence:0.94957495
cara encontrada en: /var/www/html/reconocimientoFacial/proyecto_definitivo/admin/files/videos_registro_videos/1_otraprueba_19.avi
cara guardada en /0_2022-10-24_18:17:46.124512.avi_37.11886262893677.jpg con esta confidence:0.90931696
cara encontrada en: /var/www/html/reconocimientoFacial/proyecto_definitivo/admin/files/videos_registro_videos/1_otraprueba_19.avi
cara guardada en /0_2022-10-24_18:17:46.232431.avi_37.22678017616272.jpg con esta confidence:0.6908432
voy(19) leyendo el video..
tenemos(19) frame k lo guardo ..
voy(19) leyendo el video..
tenemos(19) frame k lo guardo ..
cara encontrada en: /var/www/html/reconocimientoFacial/proyecto_definitivo/admin/files/videos_registro_videos/1_otraprueba_19.avi
cara guardada en /0_2022-10-24_18:17:49.360507.avi_40.35485553741455.jpg con esta confidence:0.9976432
cara encontrada en: /var/www/html/reconocimientoFacial/proyecto_definitivo/admin/files/videos_registro_videos/1_otraprueba_19.avi
cara guardada en /0_2022-10-24_18:17:49.493297.avi_40.48764610290527.jpg con esta confidence:0.99701595
cara encontrada en: /var/www/html/reconocimientoFacial/proyecto_definitivo/admin/files/videos_registro_videos/1_otraprueba_19.avi
cara guardada en /0_2022-10-24_18:17:49.677266.avi_40.67161536216736.jpg con esta confidence:0.9847311
cara encontrada en: /var/www/html/reconocimientoFacial/proyecto_definitivo/admin/files/videos_registro_videos/1_otraprueba_19.avi
cara guardada en /0_2022-10-24_18:17:49.783450.avi_40.77779984474182.jpg con esta confidence:0.96067846
cara encontrada en: /var/www/html/reconocimientoFacial/proyecto_definitivo/admin/files/videos_registro_videos/1_otraprueba_19.avi
cara guardada en /0_2022-10-24_18:17:49.898567.avi_40.892916679382324.jpg con esta confidence:0.95864874
cara encontrada en: /var/www/html/reconocimientoFacial/proyecto_definitivo/admin/files/videos_registro_videos/1_otraprueba_19.avi
cara guardada en /0_2022-10-24_18:17:50.016178.avi_41.01052713394165.jpg con esta confidence:0.87928146
cara encontrada en: /var/www/html/reconocimientoFacial/proyecto_definitivo/admin/files/videos_registro_videos/1_otraprueba_19.avi
cara guardada en /0_2022-10-24_18:17:50.140886.avi_41.13523483276367.jpg con esta confidence:0.84516907
cara encontrada en: /var/www/html/reconocimientoFacial/proyecto_definitivo/admin/files/videos_registro_videos/1_otraprueba_19.avi
cara guardada en /0_2022-10-24_18:17:50.290601.avi_41.284950256347656.jpg con esta confidence:0.7188072
voy(19) leyendo el video..
tenemos(19) frame k lo guardo ..
voy(19) leyendo el video..
tenemos(19) frame k lo guardo ..
cara encontrada en: /var/www/html/reconocimientoFacial/proyecto_definitivo/admin/files/videos_registro_videos/1_otraprueba_19.avi
cara guardada en /0_2022-10-24_18:17:53.782663.avi_44.77701258659363.jpg con esta confidence:0.9978358
cara encontrada en: /var/www/html/reconocimientoFacial/proyecto_definitivo/admin/files/videos_registro_videos/1_otraprueba_19.avi
cara guardada en /0_2022-10-24_18:17:53.923784.avi_44.918133020401.jpg con esta confidence:0.99761117
cara encontrada en: /var/www/html/reconocimientoFacial/proyecto_definitivo/admin/files/videos_registro_videos/1_otraprueba_19.avi
cara guardada en /0_2022-10-24_18:17:54.003227.avi_44.99757719039917.jpg con esta confidence:0.98238474
cara encontrada en: /var/www/html/reconocimientoFacial/proyecto_definitivo/admin/files/videos_registro_videos/1_otraprueba_19.avi
cara guardada en /0_2022-10-24_18:17:54.055864.avi_45.05021286010742.jpg con esta confidence:0.95618355
cara encontrada en: /var/www/html/reconocimientoFacial/proyecto_definitivo/admin/files/videos_registro_videos/1_otraprueba_19.avi
cara guardada en /0_2022-10-24_18:17:54.169782.avi_45.16413164138794.jpg con esta confidence:0.95295334
cara encontrada en: /var/www/html/reconocimientoFacial/proyecto_definitivo/admin/files/videos_registro_videos/1_otraprueba_19.avi
cara guardada en /0_2022-10-24_18:17:54.349054.avi_45.34340476989746.jpg con esta confidence:0.93738556
cara encontrada en: /var/www/html/reconocimientoFacial/proyecto_definitivo/admin/files/videos_registro_videos/1_otraprueba_19.avi
cara guardada en /0_2022-10-24_18:17:54.398444.avi_45.39279317855835.jpg con esta confidence:0.91109604
voy(19) leyendo el video..
tenemos(19) frame k lo guardo ..
voy(19) leyendo el video..
tenemos(19) frame k lo guardo ..
cara encontrada en: /var/www/html/reconocimientoFacial/proyecto_definitivo/admin/files/videos_registro_videos/1_otraprueba_19.avi
cara guardada en /0_2022-10-24_18:17:57.508742.avi_48.50309109687805.jpg con esta confidence:0.9929865
cara encontrada en: /var/www/html/reconocimientoFacial/proyecto_definitivo/admin/files/videos_registro_videos/1_otraprueba_19.avi
cara guardada en /0_2022-10-24_18:17:57.560183.avi_48.55453181266785.jpg con esta confidence:0.9915235
cara encontrada en: /var/www/html/reconocimientoFacial/proyecto_definitivo/admin/files/videos_registro_videos/1_otraprueba_19.avi
cara guardada en /0_2022-10-24_18:17:57.647960.avi_48.64231038093567.jpg con esta confidence:0.9459433
cara encontrada en: /var/www/html/reconocimientoFacial/proyecto_definitivo/admin/files/videos_registro_videos/1_otraprueba_19.avi
cara guardada en /0_2022-10-24_18:17:57.704376.avi_48.698725938797.jpg con esta confidence:0.940287
cara encontrada en: /var/www/html/reconocimientoFacial/proyecto_definitivo/admin/files/videos_registro_videos/1_otraprueba_19.avi
cara guardada en /0_2022-10-24_18:17:57.834935.avi_48.829285621643066.jpg con esta confidence:0.87684345
cara encontrada en: /var/www/html/reconocimientoFacial/proyecto_definitivo/admin/files/videos_registro_videos/1_otraprueba_19.avi
cara guardada en /0_2022-10-24_18:17:58.054464.avi_49.04881310462952.jpg con esta confidence:0.8292784
cara encontrada en: /var/www/html/reconocimientoFacial/proyecto_definitivo/admin/files/videos_registro_videos/1_otraprueba_19.avi
cara guardada en /0_2022-10-24_18:17:58.180209.avi_49.17455530166626.jpg con esta confidence:0.781202
voy(19) leyendo el video..
tenemos(19) frame k lo guardo ..
voy(19) leyendo el video..
tenemos(19) frame k lo guardo ..
cara encontrada en: /var/www/html/reconocimientoFacial/proyecto_definitivo/admin/files/videos_registro_videos/1_otraprueba_19.avi
cara guardada en /0_2022-10-24_18:18:01.181852.avi_52.176201820373535.jpg con esta confidence:0.9625717
cara encontrada en: /var/www/html/reconocimientoFacial/proyecto_definitivo/admin/files/videos_registro_videos/1_otraprueba_19.avi
cara guardada en /0_2022-10-24_18:18:01.302721.avi_52.29707098007202.jpg con esta confidence:0.96206784
cara encontrada en: /var/www/html/reconocimientoFacial/proyecto_definitivo/admin/files/videos_registro_videos/1_otraprueba_19.avi
cara guardada en /0_2022-10-24_18:18:01.537022.avi_52.531370639801025.jpg con esta confidence:0.9367139
cara encontrada en: /var/www/html/reconocimientoFacial/proyecto_definitivo/admin/files/videos_registro_videos/1_otraprueba_19.avi
cara guardada en /0_2022-10-24_18:18:01.674329.avi_52.668678760528564.jpg con esta confidence:0.8596157
cara encontrada en: /var/www/html/reconocimientoFacial/proyecto_definitivo/admin/files/videos_registro_videos/1_otraprueba_19.avi
cara guardada en /0_2022-10-24_18:18:01.788232.avi_52.782580852508545.jpg con esta confidence:0.76727784
voy(19) leyendo el video..
tenemos(19) frame k lo guardo ..
voy(19) leyendo el video..
tenemos(19) frame k lo guardo ..
cara encontrada en: /var/www/html/reconocimientoFacial/proyecto_definitivo/admin/files/videos_registro_videos/1_otraprueba_19.avi
cara guardada en /0_2022-10-24_18:18:04.722969.avi_55.71731758117676.jpg con esta confidence:0.9670648
cara encontrada en: /var/www/html/reconocimientoFacial/proyecto_definitivo/admin/files/videos_registro_videos/1_otraprueba_19.avi
cara guardada en /0_2022-10-24_18:18:04.870709.avi_55.86505961418152.jpg con esta confidence:0.9650666
cara encontrada en: /var/www/html/reconocimientoFacial/proyecto_definitivo/admin/files/videos_registro_videos/1_otraprueba_19.avi
cara guardada en /0_2022-10-24_18:18:04.902186.avi_55.89653539657593.jpg con esta confidence:0.9282792
cara encontrada en: /var/www/html/reconocimientoFacial/proyecto_definitivo/admin/files/videos_registro_videos/1_otraprueba_19.avi
cara guardada en /0_2022-10-24_18:18:04.924273.avi_55.918621301651.jpg con esta confidence:0.92480254
cara encontrada en: /var/www/html/reconocimientoFacial/proyecto_definitivo/admin/files/videos_registro_videos/1_otraprueba_19.avi
cara guardada en /0_2022-10-24_18:18:04.999594.avi_55.99394392967224.jpg con esta confidence:0.8864494
voy(19) leyendo el video..
tenemos(19) frame k lo guardo ..
voy(19) leyendo el video..
tenemos(19) frame k lo guardo ..
cara encontrada en: /var/www/html/reconocimientoFacial/proyecto_definitivo/admin/files/videos_registro_videos/1_otraprueba_19.avi
cara guardada en /0_2022-10-24_18:18:07.733675.avi_58.72802472114563.jpg con esta confidence:0.959262
cara encontrada en: /var/www/html/reconocimientoFacial/proyecto_definitivo/admin/files/videos_registro_videos/1_otraprueba_19.avi
cara guardada en /0_2022-10-24_18:18:07.905188.avi_58.899537801742554.jpg con esta confidence:0.94982356
cara encontrada en: /var/www/html/reconocimientoFacial/proyecto_definitivo/admin/files/videos_registro_videos/1_otraprueba_19.avi
cara guardada en /0_2022-10-24_18:18:08.089615.avi_59.0839638710022.jpg con esta confidence:0.9447232
cara encontrada en: /var/www/html/reconocimientoFacial/proyecto_definitivo/admin/files/videos_registro_videos/1_otraprueba_19.avi
cara guardada en /0_2022-10-24_18:18:08.210858.avi_59.20520806312561.jpg con esta confidence:0.93099135
cara encontrada en: /var/www/html/reconocimientoFacial/proyecto_definitivo/admin/files/videos_registro_videos/1_otraprueba_19.avi
cara guardada en /0_2022-10-24_18:18:08.385876.avi_59.380226135253906.jpg con esta confidence:0.87477714
cara encontrada en: /var/www/html/reconocimientoFacial/proyecto_definitivo/admin/files/videos_registro_videos/1_otraprueba_19.avi
cara guardada en /0_2022-10-24_18:18:08.620220.avi_59.614569425582886.jpg con esta confidence:0.85041773
voy(19) leyendo el video..
tenemos(19) frame k lo guardo ..
voy(19) leyendo el video..
tenemos(19) frame k lo guardo ..
cara encontrada en: /var/www/html/reconocimientoFacial/proyecto_definitivo/admin/files/videos_registro_videos/1_otraprueba_19.avi
cara guardada en /0_2022-10-24_18:18:11.790991.avi_62.78533983230591.jpg con esta confidence:0.9642331
cara encontrada en: /var/www/html/reconocimientoFacial/proyecto_definitivo/admin/files/videos_registro_videos/1_otraprueba_19.avi
cara guardada en /0_2022-10-24_18:18:12.061570.avi_63.055919885635376.jpg con esta confidence:0.9377309
cara encontrada en: /var/www/html/reconocimientoFacial/proyecto_definitivo/admin/files/videos_registro_videos/1_otraprueba_19.avi
cara guardada en /0_2022-10-24_18:18:12.262518.avi_63.25686740875244.jpg con esta confidence:0.92261446
cara encontrada en: /var/www/html/reconocimientoFacial/proyecto_definitivo/admin/files/videos_registro_videos/1_otraprueba_19.avi
cara guardada en /0_2022-10-24_18:18:12.671961.avi_63.66631031036377.jpg con esta confidence:0.9170692
cara encontrada en: /var/www/html/reconocimientoFacial/proyecto_definitivo/admin/files/videos_registro_videos/1_otraprueba_19.avi
cara guardada en /0_2022-10-24_18:18:12.786504.avi_63.78085112571716.jpg con esta confidence:0.89080036
cara encontrada en: /var/www/html/reconocimientoFacial/proyecto_definitivo/admin/files/videos_registro_videos/1_otraprueba_19.avi
cara guardada en /0_2022-10-24_18:18:13.004993.avi_63.9993417263031.jpg con esta confidence:0.7797726
voy(19) leyendo el video..
tenemos(19) frame k lo guardo ..
voy(19) leyendo el video..
tenemos(19) frame k lo guardo ..
cara encontrada en: /var/www/html/reconocimientoFacial/proyecto_definitivo/admin/files/videos_registro_videos/1_otraprueba_19.avi
cara guardada en /0_2022-10-24_18:18:16.274161.avi_67.26851010322571.jpg con esta confidence:0.9270615
cara encontrada en: /var/www/html/reconocimientoFacial/proyecto_definitivo/admin/files/videos_registro_videos/1_otraprueba_19.avi
cara guardada en /0_2022-10-24_18:18:16.411308.avi_67.4056568145752.jpg con esta confidence:0.89671797
cara encontrada en: /var/www/html/reconocimientoFacial/proyecto_definitivo/admin/files/videos_registro_videos/1_otraprueba_19.avi
cara guardada en /0_2022-10-24_18:18:16.703295.avi_67.69764304161072.jpg con esta confidence:0.89367115
cara encontrada en: /var/www/html/reconocimientoFacial/proyecto_definitivo/admin/files/videos_registro_videos/1_otraprueba_19.avi
cara guardada en /0_2022-10-24_18:18:16.807404.avi_67.80175399780273.jpg con esta confidence:0.8825942
cara encontrada en: /var/www/html/reconocimientoFacial/proyecto_definitivo/admin/files/videos_registro_videos/1_otraprueba_19.avi
cara guardada en /0_2022-10-24_18:18:17.171361.avi_68.16571068763733.jpg con esta confidence:0.8571032
cara encontrada en: /var/www/html/reconocimientoFacial/proyecto_definitivo/admin/files/videos_registro_videos/1_otraprueba_19.avi
cara guardada en /0_2022-10-24_18:18:17.423883.avi_68.4182333946228.jpg con esta confidence:0.8412601
voy(19) leyendo el video..
tenemos(19) frame k lo guardo ..
voy(19) leyendo el video..
tenemos(19) frame k lo guardo ..
cara encontrada en: /var/www/html/reconocimientoFacial/proyecto_definitivo/admin/files/videos_registro_videos/1_otraprueba_19.avi
cara guardada en /0_2022-10-24_18:18:21.032828.avi_72.02717852592468.jpg con esta confidence:0.929339
cara encontrada en: /var/www/html/reconocimientoFacial/proyecto_definitivo/admin/files/videos_registro_videos/1_otraprueba_19.avi
cara guardada en /0_2022-10-24_18:18:21.075576.avi_72.06992626190186.jpg con esta confidence:0.9140013
cara encontrada en: /var/www/html/reconocimientoFacial/proyecto_definitivo/admin/files/videos_registro_videos/1_otraprueba_19.avi
cara guardada en /0_2022-10-24_18:18:21.162988.avi_72.15733885765076.jpg con esta confidence:0.91104066
cara encontrada en: /var/www/html/reconocimientoFacial/proyecto_definitivo/admin/files/videos_registro_videos/1_otraprueba_19.avi
cara guardada en /0_2022-10-24_18:18:21.463429.avi_72.4577784538269.jpg con esta confidence:0.9085695
cara encontrada en: /var/www/html/reconocimientoFacial/proyecto_definitivo/admin/files/videos_registro_videos/1_otraprueba_19.avi
cara guardada en /0_2022-10-24_18:18:21.604274.avi_72.59862351417542.jpg con esta confidence:0.8274067
cara encontrada en: /var/www/html/reconocimientoFacial/proyecto_definitivo/admin/files/videos_registro_videos/1_otraprueba_19.avi
cara guardada en /0_2022-10-24_18:18:21.732171.avi_72.72652053833008.jpg con esta confidence:0.81698674
voy(19) leyendo el video..
tenemos(19) frame k lo guardo ..
voy(19) leyendo el video..
tenemos(19) frame k lo guardo ..
cara encontrada en: /var/www/html/reconocimientoFacial/proyecto_definitivo/admin/files/videos_registro_videos/1_otraprueba_19.avi
cara guardada en /0_2022-10-24_18:18:25.120770.avi_76.11511898040771.jpg con esta confidence:0.9153437
cara encontrada en: /var/www/html/reconocimientoFacial/proyecto_definitivo/admin/files/videos_registro_videos/1_otraprueba_19.avi
cara guardada en /0_2022-10-24_18:18:25.306646.avi_76.30099582672119.jpg con esta confidence:0.90582645
cara encontrada en: /var/www/html/reconocimientoFacial/proyecto_definitivo/admin/files/videos_registro_videos/1_otraprueba_19.avi
cara guardada en /0_2022-10-24_18:18:25.449112.avi_76.44346141815186.jpg con esta confidence:0.8590225
cara encontrada en: /var/www/html/reconocimientoFacial/proyecto_definitivo/admin/files/videos_registro_videos/1_otraprueba_19.avi
cara guardada en /0_2022-10-24_18:18:25.546129.avi_76.54047918319702.jpg con esta confidence:0.8446593
cara encontrada en: /var/www/html/reconocimientoFacial/proyecto_definitivo/admin/files/videos_registro_videos/1_otraprueba_19.avi
cara guardada en /0_2022-10-24_18:18:25.786659.avi_76.78100919723511.jpg con esta confidence:0.8090237
cara encontrada en: /var/www/html/reconocimientoFacial/proyecto_definitivo/admin/files/videos_registro_videos/1_otraprueba_19.avi
cara guardada en /0_2022-10-24_18:18:25.945575.avi_76.93992376327515.jpg con esta confidence:0.7870462
voy(19) leyendo el video..
tenemos(19) frame k lo guardo ..
voy(19) leyendo el video..
tenemos(19) frame k lo guardo ..
cara encontrada en: /var/www/html/reconocimientoFacial/proyecto_definitivo/admin/files/videos_registro_videos/1_otraprueba_19.avi
cara guardada en /0_2022-10-24_18:18:29.897566.avi_80.89191246032715.jpg con esta confidence:0.8824997
cara encontrada en: /var/www/html/reconocimientoFacial/proyecto_definitivo/admin/files/videos_registro_videos/1_otraprueba_19.avi
cara guardada en /0_2022-10-24_18:18:30.053892.avi_81.04824137687683.jpg con esta confidence:0.88159174
cara encontrada en: /var/www/html/reconocimientoFacial/proyecto_definitivo/admin/files/videos_registro_videos/1_otraprueba_19.avi
cara guardada en /0_2022-10-24_18:18:30.073154.avi_81.06750345230103.jpg con esta confidence:0.8269469
cara encontrada en: /var/www/html/reconocimientoFacial/proyecto_definitivo/admin/files/videos_registro_videos/1_otraprueba_19.avi
cara guardada en /0_2022-10-24_18:18:30.091799.avi_81.08614778518677.jpg con esta confidence:0.8194169
cara encontrada en: /var/www/html/reconocimientoFacial/proyecto_definitivo/admin/files/videos_registro_videos/1_otraprueba_19.avi
cara guardada en /0_2022-10-24_18:18:30.192044.avi_81.1863899230957.jpg con esta confidence:0.80086005
cara encontrada en: /var/www/html/reconocimientoFacial/proyecto_definitivo/admin/files/videos_registro_videos/1_otraprueba_19.avi
cara guardada en /0_2022-10-24_18:18:30.452081.avi_81.44643092155457.jpg con esta confidence:0.77661115
voy(19) leyendo el video..
tenemos(19) frame k lo guardo ..
voy(19) leyendo el video..
tenemos(19) frame k lo guardo ..
cara encontrada en: /var/www/html/reconocimientoFacial/proyecto_definitivo/admin/files/videos_registro_videos/1_otraprueba_19.avi
cara guardada en /0_2022-10-24_18:18:33.821623.avi_84.81597018241882.jpg con esta confidence:0.8531084
cara encontrada en: /var/www/html/reconocimientoFacial/proyecto_definitivo/admin/files/videos_registro_videos/1_otraprueba_19.avi
cara guardada en /0_2022-10-24_18:18:33.986283.avi_84.98063230514526.jpg con esta confidence:0.85256976
cara encontrada en: /var/www/html/reconocimientoFacial/proyecto_definitivo/admin/files/videos_registro_videos/1_otraprueba_19.avi
cara guardada en /0_2022-10-24_18:18:34.142902.avi_85.13725209236145.jpg con esta confidence:0.81395644
cara encontrada en: /var/www/html/reconocimientoFacial/proyecto_definitivo/admin/files/videos_registro_videos/1_otraprueba_19.avi
cara guardada en /0_2022-10-24_18:18:34.275189.avi_85.26953935623169.jpg con esta confidence:0.770061
cara encontrada en: /var/www/html/reconocimientoFacial/proyecto_definitivo/admin/files/videos_registro_videos/1_otraprueba_19.avi
cara guardada en /0_2022-10-24_18:18:34.418319.avi_85.41266751289368.jpg con esta confidence:0.76612574
cara encontrada en: /var/www/html/reconocimientoFacial/proyecto_definitivo/admin/files/videos_registro_videos/1_otraprueba_19.avi
cara guardada en /0_2022-10-24_18:18:34.520140.avi_85.51448655128479.jpg con esta confidence:0.7437513
voy(19) leyendo el video..
tenemos(19) frame k lo guardo ..
voy(19) leyendo el video..
tenemos(19) frame k lo guardo ..
cara encontrada en: /var/www/html/reconocimientoFacial/proyecto_definitivo/admin/files/videos_registro_videos/1_otraprueba_19.avi
cara guardada en /0_2022-10-24_18:18:37.804824.avi_88.79917120933533.jpg con esta confidence:0.8964766
cara encontrada en: /var/www/html/reconocimientoFacial/proyecto_definitivo/admin/files/videos_registro_videos/1_otraprueba_19.avi
cara guardada en /0_2022-10-24_18:18:37.972570.avi_88.96691942214966.jpg con esta confidence:0.88731354
cara encontrada en: /var/www/html/reconocimientoFacial/proyecto_definitivo/admin/files/videos_registro_videos/1_otraprueba_19.avi
cara guardada en /0_2022-10-24_18:18:38.048085.avi_89.04243516921997.jpg con esta confidence:0.81935793
cara encontrada en: /var/www/html/reconocimientoFacial/proyecto_definitivo/admin/files/videos_registro_videos/1_otraprueba_19.avi
cara guardada en /0_2022-10-24_18:18:38.262995.avi_89.25734353065491.jpg con esta confidence:0.8187247
cara encontrada en: /var/www/html/reconocimientoFacial/proyecto_definitivo/admin/files/videos_registro_videos/1_otraprueba_19.avi
cara guardada en /0_2022-10-24_18:18:38.467776.avi_89.46212553977966.jpg con esta confidence:0.8021632
cara encontrada en: /var/www/html/reconocimientoFacial/proyecto_definitivo/admin/files/videos_registro_videos/1_otraprueba_19.avi
cara guardada en /0_2022-10-24_18:18:38.615907.avi_89.6102557182312.jpg con esta confidence:0.796994
voy(19) leyendo el video..
tenemos(19) frame k lo guardo ..
voy(19) leyendo el video..
tenemos(19) frame k lo guardo ..
cara encontrada en: /var/www/html/reconocimientoFacial/proyecto_definitivo/admin/files/videos_registro_videos/1_otraprueba_19.avi
cara guardada en /0_2022-10-24_18:18:42.471996.avi_93.46634554862976.jpg con esta confidence:0.87359494
cara encontrada en: /var/www/html/reconocimientoFacial/proyecto_definitivo/admin/files/videos_registro_videos/1_otraprueba_19.avi
cara guardada en /0_2022-10-24_18:18:42.672805.avi_93.66715478897095.jpg con esta confidence:0.86579543
cara encontrada en: /var/www/html/reconocimientoFacial/proyecto_definitivo/admin/files/videos_registro_videos/1_otraprueba_19.avi
cara guardada en /0_2022-10-24_18:18:42.840628.avi_93.83497762680054.jpg con esta confidence:0.85526365
cara encontrada en: /var/www/html/reconocimientoFacial/proyecto_definitivo/admin/files/videos_registro_videos/1_otraprueba_19.avi
cara guardada en /0_2022-10-24_18:18:43.140111.avi_94.13445949554443.jpg con esta confidence:0.80836725
cara encontrada en: /var/www/html/reconocimientoFacial/proyecto_definitivo/admin/files/videos_registro_videos/1_otraprueba_19.avi
cara guardada en /0_2022-10-24_18:18:43.367290.avi_94.36163282394409.jpg con esta confidence:0.7937504
cara encontrada en: /var/www/html/reconocimientoFacial/proyecto_definitivo/admin/files/videos_registro_videos/1_otraprueba_19.avi
cara guardada en /0_2022-10-24_18:18:43.581024.avi_94.57537293434143.jpg con esta confidence:0.68131465
voy(19) leyendo el video..
tenemos(19) frame k lo guardo ..
voy(19) leyendo el video..
tenemos(19) frame k lo guardo ..
cara encontrada en: /var/www/html/reconocimientoFacial/proyecto_definitivo/admin/files/videos_registro_videos/1_otraprueba_19.avi
cara guardada en /0_2022-10-24_18:18:47.227930.avi_98.22227787971497.jpg con esta confidence:0.99578035
cara encontrada en: /var/www/html/reconocimientoFacial/proyecto_definitivo/admin/files/videos_registro_videos/1_otraprueba_19.avi
cara guardada en /0_2022-10-24_18:18:47.424813.avi_98.41916227340698.jpg con esta confidence:0.99336135
cara encontrada en: /var/www/html/reconocimientoFacial/proyecto_definitivo/admin/files/videos_registro_videos/1_otraprueba_19.avi
cara guardada en /0_2022-10-24_18:18:47.574236.avi_98.56858611106873.jpg con esta confidence:0.9571453
cara encontrada en: /var/www/html/reconocimientoFacial/proyecto_definitivo/admin/files/videos_registro_videos/1_otraprueba_19.avi
cara guardada en /0_2022-10-24_18:18:47.677531.avi_98.67188096046448.jpg con esta confidence:0.95421946
cara encontrada en: /var/www/html/reconocimientoFacial/proyecto_definitivo/admin/files/videos_registro_videos/1_otraprueba_19.avi
cara guardada en /0_2022-10-24_18:18:47.871540.avi_98.86588954925537.jpg con esta confidence:0.94268745
cara encontrada en: /var/www/html/reconocimientoFacial/proyecto_definitivo/admin/files/videos_registro_videos/1_otraprueba_19.avi
cara guardada en /0_2022-10-24_18:18:47.988200.avi_98.98255014419556.jpg con esta confidence:0.8152012
cara encontrada en: /var/www/html/reconocimientoFacial/proyecto_definitivo/admin/files/videos_registro_videos/1_otraprueba_19.avi
cara guardada en /0_2022-10-24_18:18:48.210015.avi_99.20436477661133.jpg con esta confidence:0.7792855
voy(19) leyendo el video..
tenemos(19) frame k lo guardo ..
voy(19) leyendo el video..
tenemos(19) frame k lo guardo ..
cara encontrada en: /var/www/html/reconocimientoFacial/proyecto_definitivo/admin/files/videos_registro_videos/1_otraprueba_19.avi
cara guardada en /0_2022-10-24_18:18:51.034302.avi_102.02865171432495.jpg con esta confidence:0.9990765
cara encontrada en: /var/www/html/reconocimientoFacial/proyecto_definitivo/admin/files/videos_registro_videos/1_otraprueba_19.avi
cara guardada en /0_2022-10-24_18:18:51.222244.avi_102.21659421920776.jpg con esta confidence:0.9979406
cara encontrada en: /var/www/html/reconocimientoFacial/proyecto_definitivo/admin/files/videos_registro_videos/1_otraprueba_19.avi
cara guardada en /0_2022-10-24_18:18:51.240237.avi_102.23458671569824.jpg con esta confidence:0.9889327
cara encontrada en: /var/www/html/reconocimientoFacial/proyecto_definitivo/admin/files/videos_registro_videos/1_otraprueba_19.avi
cara guardada en /0_2022-10-24_18:18:51.345532.avi_102.3398814201355.jpg con esta confidence:0.97564316
cara encontrada en: /var/www/html/reconocimientoFacial/proyecto_definitivo/admin/files/videos_registro_videos/1_otraprueba_19.avi
cara guardada en /0_2022-10-24_18:18:51.406334.avi_102.40068221092224.jpg con esta confidence:0.9739293
cara encontrada en: /var/www/html/reconocimientoFacial/proyecto_definitivo/admin/files/videos_registro_videos/1_otraprueba_19.avi
cara guardada en /0_2022-10-24_18:18:51.593373.avi_102.58772253990173.jpg con esta confidence:0.89605665
cara encontrada en: /var/www/html/reconocimientoFacial/proyecto_definitivo/admin/files/videos_registro_videos/1_otraprueba_19.avi
cara guardada en /0_2022-10-24_18:18:51.874573.avi_102.86892127990723.jpg con esta confidence:0.89294916
cara encontrada en: /var/www/html/reconocimientoFacial/proyecto_definitivo/admin/files/videos_registro_videos/1_otraprueba_19.avi
cara guardada en /0_2022-10-24_18:18:52.042759.avi_103.03710889816284.jpg con esta confidence:0.861502
voy(19) leyendo el video..
tenemos(19) frame k lo guardo ..
voy(19) leyendo el video..
tenemos(19) frame k lo guardo ..
cara encontrada en: /var/www/html/reconocimientoFacial/proyecto_definitivo/admin/files/videos_registro_videos/1_otraprueba_19.avi
cara guardada en /0_2022-10-24_18:18:54.340150.avi_105.33449816703796.jpg con esta confidence:0.9992459
cara encontrada en: /var/www/html/reconocimientoFacial/proyecto_definitivo/admin/files/videos_registro_videos/1_otraprueba_19.avi
cara guardada en /0_2022-10-24_18:18:54.453905.avi_105.44825506210327.jpg con esta confidence:0.997872
cara encontrada en: /var/www/html/reconocimientoFacial/proyecto_definitivo/admin/files/videos_registro_videos/1_otraprueba_19.avi
cara guardada en /0_2022-10-24_18:18:54.563711.avi_105.5580620765686.jpg con esta confidence:0.9928282
cara encontrada en: /var/www/html/reconocimientoFacial/proyecto_definitivo/admin/files/videos_registro_videos/1_otraprueba_19.avi
cara guardada en /0_2022-10-24_18:18:54.702558.avi_105.69690704345703.jpg con esta confidence:0.9819536
cara encontrada en: /var/www/html/reconocimientoFacial/proyecto_definitivo/admin/files/videos_registro_videos/1_otraprueba_19.avi
cara guardada en /0_2022-10-24_18:18:54.850851.avi_105.84520030021667.jpg con esta confidence:0.9780017
cara encontrada en: /var/www/html/reconocimientoFacial/proyecto_definitivo/admin/files/videos_registro_videos/1_otraprueba_19.avi
cara guardada en /0_2022-10-24_18:18:55.015657.avi_106.01000690460205.jpg con esta confidence:0.92141205
cara encontrada en: /var/www/html/reconocimientoFacial/proyecto_definitivo/admin/files/videos_registro_videos/1_otraprueba_19.avi
cara guardada en /0_2022-10-24_18:18:55.225587.avi_106.21993684768677.jpg con esta confidence:0.8934557
cara encontrada en: /var/www/html/reconocimientoFacial/proyecto_definitivo/admin/files/videos_registro_videos/1_otraprueba_19.avi
cara guardada en /0_2022-10-24_18:18:55.408745.avi_106.40309381484985.jpg con esta confidence:0.8368875
cara encontrada en: /var/www/html/reconocimientoFacial/proyecto_definitivo/admin/files/videos_registro_videos/1_otraprueba_19.avi
cara guardada en /0_2022-10-24_18:18:55.574173.avi_106.56852221488953.jpg con esta confidence:0.74038285
voy(19) leyendo el video..
tenemos(19) frame k lo guardo ..
voy(19) leyendo el video..
tenemos(19) frame k lo guardo ..
cara encontrada en: /var/www/html/reconocimientoFacial/proyecto_definitivo/admin/files/videos_registro_videos/1_otraprueba_19.avi
cara guardada en /0_2022-10-24_18:18:58.355810.avi_109.35015988349915.jpg con esta confidence:0.99903935
cara encontrada en: /var/www/html/reconocimientoFacial/proyecto_definitivo/admin/files/videos_registro_videos/1_otraprueba_19.avi
cara guardada en /0_2022-10-24_18:18:58.524990.avi_109.51934027671814.jpg con esta confidence:0.99817276
cara encontrada en: /var/www/html/reconocimientoFacial/proyecto_definitivo/admin/files/videos_registro_videos/1_otraprueba_19.avi
cara guardada en /0_2022-10-24_18:18:58.573118.avi_109.567467212677.jpg con esta confidence:0.9939653
cara encontrada en: /var/www/html/reconocimientoFacial/proyecto_definitivo/admin/files/videos_registro_videos/1_otraprueba_19.avi
cara guardada en /0_2022-10-24_18:18:58.729772.avi_109.72412157058716.jpg con esta confidence:0.9902203
cara encontrada en: /var/www/html/reconocimientoFacial/proyecto_definitivo/admin/files/videos_registro_videos/1_otraprueba_19.avi
cara guardada en /0_2022-10-24_18:18:58.831983.avi_109.8263328075409.jpg con esta confidence:0.9706021
cara encontrada en: /var/www/html/reconocimientoFacial/proyecto_definitivo/admin/files/videos_registro_videos/1_otraprueba_19.avi
cara guardada en /0_2022-10-24_18:18:58.970844.avi_109.96519422531128.jpg con esta confidence:0.8648595
cara encontrada en: /var/www/html/reconocimientoFacial/proyecto_definitivo/admin/files/videos_registro_videos/1_otraprueba_19.avi
cara guardada en /0_2022-10-24_18:18:59.175458.avi_110.16980838775635.jpg con esta confidence:0.8529029
cara encontrada en: /var/www/html/reconocimientoFacial/proyecto_definitivo/admin/files/videos_registro_videos/1_otraprueba_19.avi
cara guardada en /0_2022-10-24_18:18:59.296787.avi_110.29113626480103.jpg con esta confidence:0.8040703
voy(19) leyendo el video..
tenemos(19) frame k lo guardo ..
voy(19) leyendo el video..
tenemos(19) frame k lo guardo ..
cara encontrada en: /var/www/html/reconocimientoFacial/proyecto_definitivo/admin/files/videos_registro_videos/1_otraprueba_19.avi
cara guardada en /0_2022-10-24_18:19:02.068056.avi_113.0624053478241.jpg con esta confidence:0.9995664
cara encontrada en: /var/www/html/reconocimientoFacial/proyecto_definitivo/admin/files/videos_registro_videos/1_otraprueba_19.avi
cara guardada en /0_2022-10-24_18:19:02.126348.avi_113.12069797515869.jpg con esta confidence:0.99950635
cara encontrada en: /var/www/html/reconocimientoFacial/proyecto_definitivo/admin/files/videos_registro_videos/1_otraprueba_19.avi
cara guardada en /0_2022-10-24_18:19:02.161834.avi_113.15618419647217.jpg con esta confidence:0.9926904
cara encontrada en: /var/www/html/reconocimientoFacial/proyecto_definitivo/admin/files/videos_registro_videos/1_otraprueba_19.avi
cara guardada en /0_2022-10-24_18:19:02.222432.avi_113.21678161621094.jpg con esta confidence:0.99088305
cara encontrada en: /var/www/html/reconocimientoFacial/proyecto_definitivo/admin/files/videos_registro_videos/1_otraprueba_19.avi
cara guardada en /0_2022-10-24_18:19:02.284784.avi_113.27913403511047.jpg con esta confidence:0.97973174
cara encontrada en: /var/www/html/reconocimientoFacial/proyecto_definitivo/admin/files/videos_registro_videos/1_otraprueba_19.avi
cara guardada en /0_2022-10-24_18:19:02.406032.avi_113.40038084983826.jpg con esta confidence:0.9645118
cara encontrada en: /var/www/html/reconocimientoFacial/proyecto_definitivo/admin/files/videos_registro_videos/1_otraprueba_19.avi
cara guardada en /0_2022-10-24_18:19:02.493436.avi_113.48778581619263.jpg con esta confidence:0.9520254
cara encontrada en: /var/www/html/reconocimientoFacial/proyecto_definitivo/admin/files/videos_registro_videos/1_otraprueba_19.avi
cara guardada en /0_2022-10-24_18:19:02.536309.avi_113.53065848350525.jpg con esta confidence:0.8605608
cara encontrada en: /var/www/html/reconocimientoFacial/proyecto_definitivo/admin/files/videos_registro_videos/1_otraprueba_19.avi
cara guardada en /0_2022-10-24_18:19:02.644424.avi_113.6387734413147.jpg con esta confidence:0.8169305
voy(19) leyendo el video..
Llego al final y remuevo el video!
Tiempo de analizar el video:114.44487929344177
