tenemos este video:/var/www/html/reconocimientoFacial/proyecto_definitivo/admin/files/videos_registro_videos/1_otraprueba_8.avi
voy(8) leyendo el video..
tenemos(8) frame k lo guardo ..
voy(8) leyendo el video..
tenemos(8) frame k lo guardo ..
cara encontrada en: /var/www/html/reconocimientoFacial/proyecto_definitivo/admin/files/videos_registro_videos/1_otraprueba_8.avi
cara guardada en /0_2022-10-24_18:17:02.052055.avi_1.3543381690979004.jpg con esta confidence:0.99996996
cara encontrada en: /var/www/html/reconocimientoFacial/proyecto_definitivo/admin/files/videos_registro_videos/1_otraprueba_8.avi
cara guardada en /0_2022-10-24_18:17:02.125252.avi_1.427548885345459.jpg con esta confidence:0.9990897
cara encontrada en: /var/www/html/reconocimientoFacial/proyecto_definitivo/admin/files/videos_registro_videos/1_otraprueba_8.avi
cara guardada en /0_2022-10-24_18:17:02.211533.avi_1.5138309001922607.jpg con esta confidence:0.9990539
cara encontrada en: /var/www/html/reconocimientoFacial/proyecto_definitivo/admin/files/videos_registro_videos/1_otraprueba_8.avi
cara guardada en /0_2022-10-24_18:17:02.296753.avi_1.5990493297576904.jpg con esta confidence:0.9986401
cara encontrada en: /var/www/html/reconocimientoFacial/proyecto_definitivo/admin/files/videos_registro_videos/1_otraprueba_8.avi
cara guardada en /0_2022-10-24_18:17:02.376033.avi_1.6783301830291748.jpg con esta confidence:0.9961414
cara encontrada en: /var/www/html/reconocimientoFacial/proyecto_definitivo/admin/files/videos_registro_videos/1_otraprueba_8.avi
cara guardada en /0_2022-10-24_18:17:02.465013.avi_1.7673113346099854.jpg con esta confidence:0.980028
cara encontrada en: /var/www/html/reconocimientoFacial/proyecto_definitivo/admin/files/videos_registro_videos/1_otraprueba_8.avi
cara guardada en /0_2022-10-24_18:17:02.575970.avi_1.8782668113708496.jpg con esta confidence:0.97786874
cara encontrada en: /var/www/html/reconocimientoFacial/proyecto_definitivo/admin/files/videos_registro_videos/1_otraprueba_8.avi
cara guardada en /0_2022-10-24_18:17:02.680831.avi_1.9831244945526123.jpg con esta confidence:0.94783723
cara encontrada en: /var/www/html/reconocimientoFacial/proyecto_definitivo/admin/files/videos_registro_videos/1_otraprueba_8.avi
cara guardada en /0_2022-10-24_18:17:02.804685.avi_2.106982469558716.jpg con esta confidence:0.7969776
voy(8) leyendo el video..
tenemos(8) frame k lo guardo ..
voy(8) leyendo el video..
tenemos(8) frame k lo guardo ..
cara encontrada en: /var/www/html/reconocimientoFacial/proyecto_definitivo/admin/files/videos_registro_videos/1_otraprueba_8.avi
cara guardada en /0_2022-10-24_18:17:04.397056.avi_3.699350118637085.jpg con esta confidence:0.9999716
cara encontrada en: /var/www/html/reconocimientoFacial/proyecto_definitivo/admin/files/videos_registro_videos/1_otraprueba_8.avi
cara guardada en /0_2022-10-24_18:17:04.454304.avi_3.756601572036743.jpg con esta confidence:0.9990707
cara encontrada en: /var/www/html/reconocimientoFacial/proyecto_definitivo/admin/files/videos_registro_videos/1_otraprueba_8.avi
cara guardada en /0_2022-10-24_18:17:04.518774.avi_3.8210723400115967.jpg con esta confidence:0.9990688
cara encontrada en: /var/www/html/reconocimientoFacial/proyecto_definitivo/admin/files/videos_registro_videos/1_otraprueba_8.avi
cara guardada en /0_2022-10-24_18:17:04.592350.avi_3.894648313522339.jpg con esta confidence:0.99867874
cara encontrada en: /var/www/html/reconocimientoFacial/proyecto_definitivo/admin/files/videos_registro_videos/1_otraprueba_8.avi
cara guardada en /0_2022-10-24_18:17:04.710084.avi_4.012382745742798.jpg con esta confidence:0.9965089
cara encontrada en: /var/www/html/reconocimientoFacial/proyecto_definitivo/admin/files/videos_registro_videos/1_otraprueba_8.avi
cara guardada en /0_2022-10-24_18:17:04.775251.avi_4.077548265457153.jpg con esta confidence:0.98032
cara encontrada en: /var/www/html/reconocimientoFacial/proyecto_definitivo/admin/files/videos_registro_videos/1_otraprueba_8.avi
cara guardada en /0_2022-10-24_18:17:04.887559.avi_4.189854860305786.jpg con esta confidence:0.9793793
cara encontrada en: /var/www/html/reconocimientoFacial/proyecto_definitivo/admin/files/videos_registro_videos/1_otraprueba_8.avi
cara guardada en /0_2022-10-24_18:17:05.028365.avi_4.330663442611694.jpg con esta confidence:0.9482946
cara encontrada en: /var/www/html/reconocimientoFacial/proyecto_definitivo/admin/files/videos_registro_videos/1_otraprueba_8.avi
cara guardada en /0_2022-10-24_18:17:05.137430.avi_4.439727544784546.jpg con esta confidence:0.8093376
cara encontrada en: /var/www/html/reconocimientoFacial/proyecto_definitivo/admin/files/videos_registro_videos/1_otraprueba_8.avi
cara guardada en /0_2022-10-24_18:17:05.239384.avi_4.541681289672852.jpg con esta confidence:0.69630826
voy(8) leyendo el video..
tenemos(8) frame k lo guardo ..
voy(8) leyendo el video..
tenemos(8) frame k lo guardo ..
cara encontrada en: /var/www/html/reconocimientoFacial/proyecto_definitivo/admin/files/videos_registro_videos/1_otraprueba_8.avi
cara guardada en /0_2022-10-24_18:17:06.670774.avi_5.973071813583374.jpg con esta confidence:0.99997413
cara encontrada en: /var/www/html/reconocimientoFacial/proyecto_definitivo/admin/files/videos_registro_videos/1_otraprueba_8.avi
cara guardada en /0_2022-10-24_18:17:07.271814.avi_6.574110746383667.jpg con esta confidence:0.9992155
cara encontrada en: /var/www/html/reconocimientoFacial/proyecto_definitivo/admin/files/videos_registro_videos/1_otraprueba_8.avi
cara guardada en /0_2022-10-24_18:17:07.315642.avi_6.617940664291382.jpg con esta confidence:0.9988838
cara encontrada en: /var/www/html/reconocimientoFacial/proyecto_definitivo/admin/files/videos_registro_videos/1_otraprueba_8.avi
cara guardada en /0_2022-10-24_18:17:07.410618.avi_6.712916612625122.jpg con esta confidence:0.9988575
cara encontrada en: /var/www/html/reconocimientoFacial/proyecto_definitivo/admin/files/videos_registro_videos/1_otraprueba_8.avi
cara guardada en /0_2022-10-24_18:17:07.473978.avi_6.776275396347046.jpg con esta confidence:0.99655885
cara encontrada en: /var/www/html/reconocimientoFacial/proyecto_definitivo/admin/files/videos_registro_videos/1_otraprueba_8.avi
cara guardada en /0_2022-10-24_18:17:07.507279.avi_6.809576988220215.jpg con esta confidence:0.98240983
cara encontrada en: /var/www/html/reconocimientoFacial/proyecto_definitivo/admin/files/videos_registro_videos/1_otraprueba_8.avi
cara guardada en /0_2022-10-24_18:17:07.567213.avi_6.8695104122161865.jpg con esta confidence:0.98050433
cara encontrada en: /var/www/html/reconocimientoFacial/proyecto_definitivo/admin/files/videos_registro_videos/1_otraprueba_8.avi
cara guardada en /0_2022-10-24_18:17:07.675197.avi_6.977494478225708.jpg con esta confidence:0.9541451
cara encontrada en: /var/www/html/reconocimientoFacial/proyecto_definitivo/admin/files/videos_registro_videos/1_otraprueba_8.avi
cara guardada en /0_2022-10-24_18:17:07.770453.avi_7.07275128364563.jpg con esta confidence:0.8220395
cara encontrada en: /var/www/html/reconocimientoFacial/proyecto_definitivo/admin/files/videos_registro_videos/1_otraprueba_8.avi
cara guardada en /0_2022-10-24_18:17:07.841396.avi_7.143693923950195.jpg con esta confidence:0.68370223
voy(8) leyendo el video..
tenemos(8) frame k lo guardo ..
voy(8) leyendo el video..
tenemos(8) frame k lo guardo ..
cara encontrada en: /var/www/html/reconocimientoFacial/proyecto_definitivo/admin/files/videos_registro_videos/1_otraprueba_8.avi
cara guardada en /0_2022-10-24_18:17:10.297257.avi_9.599554300308228.jpg con esta confidence:0.9999764
cara encontrada en: /var/www/html/reconocimientoFacial/proyecto_definitivo/admin/files/videos_registro_videos/1_otraprueba_8.avi
cara guardada en /0_2022-10-24_18:17:10.370881.avi_9.673178911209106.jpg con esta confidence:0.9992805
cara encontrada en: /var/www/html/reconocimientoFacial/proyecto_definitivo/admin/files/videos_registro_videos/1_otraprueba_8.avi
cara guardada en /0_2022-10-24_18:17:10.563009.avi_9.865306854248047.jpg con esta confidence:0.99890065
cara encontrada en: /var/www/html/reconocimientoFacial/proyecto_definitivo/admin/files/videos_registro_videos/1_otraprueba_8.avi
cara guardada en /0_2022-10-24_18:17:10.677048.avi_9.979343891143799.jpg con esta confidence:0.99871016
cara encontrada en: /var/www/html/reconocimientoFacial/proyecto_definitivo/admin/files/videos_registro_videos/1_otraprueba_8.avi
cara guardada en /0_2022-10-24_18:17:10.792658.avi_10.094951868057251.jpg con esta confidence:0.99724126
cara encontrada en: /var/www/html/reconocimientoFacial/proyecto_definitivo/admin/files/videos_registro_videos/1_otraprueba_8.avi
cara guardada en /0_2022-10-24_18:17:11.326014.avi_10.628312826156616.jpg con esta confidence:0.9830965
cara encontrada en: /var/www/html/reconocimientoFacial/proyecto_definitivo/admin/files/videos_registro_videos/1_otraprueba_8.avi
cara guardada en /0_2022-10-24_18:17:11.723544.avi_11.025840759277344.jpg con esta confidence:0.9819149
cara encontrada en: /var/www/html/reconocimientoFacial/proyecto_definitivo/admin/files/videos_registro_videos/1_otraprueba_8.avi
cara guardada en /0_2022-10-24_18:17:11.800303.avi_11.102601051330566.jpg con esta confidence:0.96145034
cara encontrada en: /var/www/html/reconocimientoFacial/proyecto_definitivo/admin/files/videos_registro_videos/1_otraprueba_8.avi
cara guardada en /0_2022-10-24_18:17:11.922593.avi_11.224891424179077.jpg con esta confidence:0.8237143
cara encontrada en: /var/www/html/reconocimientoFacial/proyecto_definitivo/admin/files/videos_registro_videos/1_otraprueba_8.avi
cara guardada en /0_2022-10-24_18:17:12.113843.avi_11.416141271591187.jpg con esta confidence:0.71331906
voy(8) leyendo el video..
tenemos(8) frame k lo guardo ..
voy(8) leyendo el video..
tenemos(8) frame k lo guardo ..
cara encontrada en: /var/www/html/reconocimientoFacial/proyecto_definitivo/admin/files/videos_registro_videos/1_otraprueba_8.avi
cara guardada en /0_2022-10-24_18:17:15.295980.avi_14.598276853561401.jpg con esta confidence:0.99997747
cara encontrada en: /var/www/html/reconocimientoFacial/proyecto_definitivo/admin/files/videos_registro_videos/1_otraprueba_8.avi
cara guardada en /0_2022-10-24_18:17:15.406140.avi_14.70843768119812.jpg con esta confidence:0.99925953
cara encontrada en: /var/www/html/reconocimientoFacial/proyecto_definitivo/admin/files/videos_registro_videos/1_otraprueba_8.avi
cara guardada en /0_2022-10-24_18:17:15.511453.avi_14.813750743865967.jpg con esta confidence:0.99886346
cara encontrada en: /var/www/html/reconocimientoFacial/proyecto_definitivo/admin/files/videos_registro_videos/1_otraprueba_8.avi
cara guardada en /0_2022-10-24_18:17:15.610806.avi_14.913102149963379.jpg con esta confidence:0.9987531
cara encontrada en: /var/www/html/reconocimientoFacial/proyecto_definitivo/admin/files/videos_registro_videos/1_otraprueba_8.avi
cara guardada en /0_2022-10-24_18:17:15.808084.avi_15.110382795333862.jpg con esta confidence:0.9975783
cara encontrada en: /var/www/html/reconocimientoFacial/proyecto_definitivo/admin/files/videos_registro_videos/1_otraprueba_8.avi
cara guardada en /0_2022-10-24_18:17:15.868996.avi_15.171293497085571.jpg con esta confidence:0.9834088
cara encontrada en: /var/www/html/reconocimientoFacial/proyecto_definitivo/admin/files/videos_registro_videos/1_otraprueba_8.avi
cara guardada en /0_2022-10-24_18:17:15.920913.avi_15.223210573196411.jpg con esta confidence:0.98208594
cara encontrada en: /var/www/html/reconocimientoFacial/proyecto_definitivo/admin/files/videos_registro_videos/1_otraprueba_8.avi
cara guardada en /0_2022-10-24_18:17:16.151520.avi_15.45381784439087.jpg con esta confidence:0.96254826
cara encontrada en: /var/www/html/reconocimientoFacial/proyecto_definitivo/admin/files/videos_registro_videos/1_otraprueba_8.avi
cara guardada en /0_2022-10-24_18:17:16.264473.avi_15.566770553588867.jpg con esta confidence:0.82403624
cara encontrada en: /var/www/html/reconocimientoFacial/proyecto_definitivo/admin/files/videos_registro_videos/1_otraprueba_8.avi
cara guardada en /0_2022-10-24_18:17:16.398483.avi_15.700780630111694.jpg con esta confidence:0.7395357
voy(8) leyendo el video..
tenemos(8) frame k lo guardo ..
voy(8) leyendo el video..
tenemos(8) frame k lo guardo ..
cara encontrada en: /var/www/html/reconocimientoFacial/proyecto_definitivo/admin/files/videos_registro_videos/1_otraprueba_8.avi
cara guardada en /0_2022-10-24_18:17:19.211485.avi_18.513782262802124.jpg con esta confidence:0.99998
cara encontrada en: /var/www/html/reconocimientoFacial/proyecto_definitivo/admin/files/videos_registro_videos/1_otraprueba_8.avi
cara guardada en /0_2022-10-24_18:17:19.271643.avi_18.573940753936768.jpg con esta confidence:0.9993631
cara encontrada en: /var/www/html/reconocimientoFacial/proyecto_definitivo/admin/files/videos_registro_videos/1_otraprueba_8.avi
cara guardada en /0_2022-10-24_18:17:19.333485.avi_18.63578224182129.jpg con esta confidence:0.9989881
cara encontrada en: /var/www/html/reconocimientoFacial/proyecto_definitivo/admin/files/videos_registro_videos/1_otraprueba_8.avi
cara guardada en /0_2022-10-24_18:17:19.420125.avi_18.72242259979248.jpg con esta confidence:0.99860865
cara encontrada en: /var/www/html/reconocimientoFacial/proyecto_definitivo/admin/files/videos_registro_videos/1_otraprueba_8.avi
cara guardada en /0_2022-10-24_18:17:19.514616.avi_18.81691312789917.jpg con esta confidence:0.99779284
cara encontrada en: /var/www/html/reconocimientoFacial/proyecto_definitivo/admin/files/videos_registro_videos/1_otraprueba_8.avi
cara guardada en /0_2022-10-24_18:17:19.612701.avi_18.914998531341553.jpg con esta confidence:0.9850359
cara encontrada en: /var/www/html/reconocimientoFacial/proyecto_definitivo/admin/files/videos_registro_videos/1_otraprueba_8.avi
cara guardada en /0_2022-10-24_18:17:19.898282.avi_19.200578451156616.jpg con esta confidence:0.98413205
cara encontrada en: /var/www/html/reconocimientoFacial/proyecto_definitivo/admin/files/videos_registro_videos/1_otraprueba_8.avi
cara guardada en /0_2022-10-24_18:17:19.962485.avi_19.264781713485718.jpg con esta confidence:0.9646905
cara encontrada en: /var/www/html/reconocimientoFacial/proyecto_definitivo/admin/files/videos_registro_videos/1_otraprueba_8.avi
cara guardada en /0_2022-10-24_18:17:20.133264.avi_19.435561656951904.jpg con esta confidence:0.82401055
cara encontrada en: /var/www/html/reconocimientoFacial/proyecto_definitivo/admin/files/videos_registro_videos/1_otraprueba_8.avi
cara guardada en /0_2022-10-24_18:17:20.398992.avi_19.701289176940918.jpg con esta confidence:0.7523686
voy(8) leyendo el video..
tenemos(8) frame k lo guardo ..
voy(8) leyendo el video..
tenemos(8) frame k lo guardo ..
cara encontrada en: /var/www/html/reconocimientoFacial/proyecto_definitivo/admin/files/videos_registro_videos/1_otraprueba_8.avi
cara guardada en /0_2022-10-24_18:17:23.852971.avi_23.155268907546997.jpg con esta confidence:0.9999796
cara encontrada en: /var/www/html/reconocimientoFacial/proyecto_definitivo/admin/files/videos_registro_videos/1_otraprueba_8.avi
cara guardada en /0_2022-10-24_18:17:23.942473.avi_23.244771003723145.jpg con esta confidence:0.9993974
cara encontrada en: /var/www/html/reconocimientoFacial/proyecto_definitivo/admin/files/videos_registro_videos/1_otraprueba_8.avi
cara guardada en /0_2022-10-24_18:17:24.005082.avi_23.307379961013794.jpg con esta confidence:0.99892044
cara encontrada en: /var/www/html/reconocimientoFacial/proyecto_definitivo/admin/files/videos_registro_videos/1_otraprueba_8.avi
cara guardada en /0_2022-10-24_18:17:24.055487.avi_23.357783794403076.jpg con esta confidence:0.99856746
cara encontrada en: /var/www/html/reconocimientoFacial/proyecto_definitivo/admin/files/videos_registro_videos/1_otraprueba_8.avi
cara guardada en /0_2022-10-24_18:17:24.156309.avi_23.45860719680786.jpg con esta confidence:0.9979114
cara encontrada en: /var/www/html/reconocimientoFacial/proyecto_definitivo/admin/files/videos_registro_videos/1_otraprueba_8.avi
cara guardada en /0_2022-10-24_18:17:24.279297.avi_23.581595420837402.jpg con esta confidence:0.98508793
cara encontrada en: /var/www/html/reconocimientoFacial/proyecto_definitivo/admin/files/videos_registro_videos/1_otraprueba_8.avi
cara guardada en /0_2022-10-24_18:17:24.403391.avi_23.705687999725342.jpg con esta confidence:0.9829496
cara encontrada en: /var/www/html/reconocimientoFacial/proyecto_definitivo/admin/files/videos_registro_videos/1_otraprueba_8.avi
cara guardada en /0_2022-10-24_18:17:24.595581.avi_23.897878170013428.jpg con esta confidence:0.9682074
cara encontrada en: /var/www/html/reconocimientoFacial/proyecto_definitivo/admin/files/videos_registro_videos/1_otraprueba_8.avi
cara guardada en /0_2022-10-24_18:17:24.790363.avi_24.092660665512085.jpg con esta confidence:0.8079565
cara encontrada en: /var/www/html/reconocimientoFacial/proyecto_definitivo/admin/files/videos_registro_videos/1_otraprueba_8.avi
cara guardada en /0_2022-10-24_18:17:25.059253.avi_24.3615505695343.jpg con esta confidence:0.75035375
voy(8) leyendo el video..
tenemos(8) frame k lo guardo ..
voy(8) leyendo el video..
tenemos(8) frame k lo guardo ..
cara encontrada en: /var/www/html/reconocimientoFacial/proyecto_definitivo/admin/files/videos_registro_videos/1_otraprueba_8.avi
cara guardada en /0_2022-10-24_18:17:28.277337.avi_27.579634428024292.jpg con esta confidence:0.9999776
cara encontrada en: /var/www/html/reconocimientoFacial/proyecto_definitivo/admin/files/videos_registro_videos/1_otraprueba_8.avi
cara guardada en /0_2022-10-24_18:17:28.400015.avi_27.702311992645264.jpg con esta confidence:0.99937207
cara encontrada en: /var/www/html/reconocimientoFacial/proyecto_definitivo/admin/files/videos_registro_videos/1_otraprueba_8.avi
cara guardada en /0_2022-10-24_18:17:28.637485.avi_27.93978238105774.jpg con esta confidence:0.9988029
cara encontrada en: /var/www/html/reconocimientoFacial/proyecto_definitivo/admin/files/videos_registro_videos/1_otraprueba_8.avi
cara guardada en /0_2022-10-24_18:17:28.727577.avi_28.0298752784729.jpg con esta confidence:0.99849606
cara encontrada en: /var/www/html/reconocimientoFacial/proyecto_definitivo/admin/files/videos_registro_videos/1_otraprueba_8.avi
cara guardada en /0_2022-10-24_18:17:28.868641.avi_28.17093825340271.jpg con esta confidence:0.9978376
cara encontrada en: /var/www/html/reconocimientoFacial/proyecto_definitivo/admin/files/videos_registro_videos/1_otraprueba_8.avi
cara guardada en /0_2022-10-24_18:17:28.975657.avi_28.277955532073975.jpg con esta confidence:0.9842481
cara encontrada en: /var/www/html/reconocimientoFacial/proyecto_definitivo/admin/files/videos_registro_videos/1_otraprueba_8.avi
cara guardada en /0_2022-10-24_18:17:29.050027.avi_28.352325439453125.jpg con esta confidence:0.98131716
cara encontrada en: /var/www/html/reconocimientoFacial/proyecto_definitivo/admin/files/videos_registro_videos/1_otraprueba_8.avi
cara guardada en /0_2022-10-24_18:17:29.178099.avi_28.480397701263428.jpg con esta confidence:0.9683652
cara encontrada en: /var/www/html/reconocimientoFacial/proyecto_definitivo/admin/files/videos_registro_videos/1_otraprueba_8.avi
cara guardada en /0_2022-10-24_18:17:29.215071.avi_28.517370223999023.jpg con esta confidence:0.79582083
cara encontrada en: /var/www/html/reconocimientoFacial/proyecto_definitivo/admin/files/videos_registro_videos/1_otraprueba_8.avi
cara guardada en /0_2022-10-24_18:17:29.454132.avi_28.75643038749695.jpg con esta confidence:0.7408028
voy(8) leyendo el video..
tenemos(8) frame k lo guardo ..
voy(8) leyendo el video..
tenemos(8) frame k lo guardo ..
cara encontrada en: /var/www/html/reconocimientoFacial/proyecto_definitivo/admin/files/videos_registro_videos/1_otraprueba_8.avi
cara guardada en /0_2022-10-24_18:17:32.546584.avi_31.84888005256653.jpg con esta confidence:0.9999789
cara encontrada en: /var/www/html/reconocimientoFacial/proyecto_definitivo/admin/files/videos_registro_videos/1_otraprueba_8.avi
cara guardada en /0_2022-10-24_18:17:32.705088.avi_32.00738501548767.jpg con esta confidence:0.99937147
cara encontrada en: /var/www/html/reconocimientoFacial/proyecto_definitivo/admin/files/videos_registro_videos/1_otraprueba_8.avi
cara guardada en /0_2022-10-24_18:17:33.002565.avi_32.30486226081848.jpg con esta confidence:0.99876803
cara encontrada en: /var/www/html/reconocimientoFacial/proyecto_definitivo/admin/files/videos_registro_videos/1_otraprueba_8.avi
cara guardada en /0_2022-10-24_18:17:33.104733.avi_32.4070303440094.jpg con esta confidence:0.9984652
cara encontrada en: /var/www/html/reconocimientoFacial/proyecto_definitivo/admin/files/videos_registro_videos/1_otraprueba_8.avi
cara guardada en /0_2022-10-24_18:17:33.257385.avi_32.559680461883545.jpg con esta confidence:0.99820507
cara encontrada en: /var/www/html/reconocimientoFacial/proyecto_definitivo/admin/files/videos_registro_videos/1_otraprueba_8.avi
cara guardada en /0_2022-10-24_18:17:33.442747.avi_32.745044469833374.jpg con esta confidence:0.98365444
cara encontrada en: /var/www/html/reconocimientoFacial/proyecto_definitivo/admin/files/videos_registro_videos/1_otraprueba_8.avi
cara guardada en /0_2022-10-24_18:17:33.670150.avi_32.97244715690613.jpg con esta confidence:0.9830784
cara encontrada en: /var/www/html/reconocimientoFacial/proyecto_definitivo/admin/files/videos_registro_videos/1_otraprueba_8.avi
cara guardada en /0_2022-10-24_18:17:33.888939.avi_33.19123649597168.jpg con esta confidence:0.9705476
cara encontrada en: /var/www/html/reconocimientoFacial/proyecto_definitivo/admin/files/videos_registro_videos/1_otraprueba_8.avi
cara guardada en /0_2022-10-24_18:17:34.076148.avi_33.37844491004944.jpg con esta confidence:0.7958368
cara encontrada en: /var/www/html/reconocimientoFacial/proyecto_definitivo/admin/files/videos_registro_videos/1_otraprueba_8.avi
cara guardada en /0_2022-10-24_18:17:34.180728.avi_33.48302483558655.jpg con esta confidence:0.7716129
voy(8) leyendo el video..
tenemos(8) frame k lo guardo ..
voy(8) leyendo el video..
tenemos(8) frame k lo guardo ..
cara encontrada en: /var/www/html/reconocimientoFacial/proyecto_definitivo/admin/files/videos_registro_videos/1_otraprueba_8.avi
cara guardada en /0_2022-10-24_18:17:37.352065.avi_36.65436244010925.jpg con esta confidence:0.9999783
cara encontrada en: /var/www/html/reconocimientoFacial/proyecto_definitivo/admin/files/videos_registro_videos/1_otraprueba_8.avi
cara guardada en /0_2022-10-24_18:17:37.507286.avi_36.80958366394043.jpg con esta confidence:0.9993249
cara encontrada en: /var/www/html/reconocimientoFacial/proyecto_definitivo/admin/files/videos_registro_videos/1_otraprueba_8.avi
cara guardada en /0_2022-10-24_18:17:37.526263.avi_36.828561305999756.jpg con esta confidence:0.9986449
cara encontrada en: /var/www/html/reconocimientoFacial/proyecto_definitivo/admin/files/videos_registro_videos/1_otraprueba_8.avi
cara guardada en /0_2022-10-24_18:17:37.533327.avi_36.83562469482422.jpg con esta confidence:0.99846125
cara encontrada en: /var/www/html/reconocimientoFacial/proyecto_definitivo/admin/files/videos_registro_videos/1_otraprueba_8.avi
cara guardada en /0_2022-10-24_18:17:37.545615.avi_36.84791374206543.jpg con esta confidence:0.9983541
cara encontrada en: /var/www/html/reconocimientoFacial/proyecto_definitivo/admin/files/videos_registro_videos/1_otraprueba_8.avi
cara guardada en /0_2022-10-24_18:17:37.552953.avi_36.85525131225586.jpg con esta confidence:0.9837558
cara encontrada en: /var/www/html/reconocimientoFacial/proyecto_definitivo/admin/files/videos_registro_videos/1_otraprueba_8.avi
cara guardada en /0_2022-10-24_18:17:37.560814.avi_36.863112449645996.jpg con esta confidence:0.9821155
cara encontrada en: /var/www/html/reconocimientoFacial/proyecto_definitivo/admin/files/videos_registro_videos/1_otraprueba_8.avi
cara guardada en /0_2022-10-24_18:17:37.579920.avi_36.88221836090088.jpg con esta confidence:0.9723245
cara encontrada en: /var/www/html/reconocimientoFacial/proyecto_definitivo/admin/files/videos_registro_videos/1_otraprueba_8.avi
cara guardada en /0_2022-10-24_18:17:37.655674.avi_36.95797061920166.jpg con esta confidence:0.7951961
cara encontrada en: /var/www/html/reconocimientoFacial/proyecto_definitivo/admin/files/videos_registro_videos/1_otraprueba_8.avi
cara guardada en /0_2022-10-24_18:17:38.085589.avi_37.387882232666016.jpg con esta confidence:0.78839606
voy(8) leyendo el video..
tenemos(8) frame k lo guardo ..
voy(8) leyendo el video..
tenemos(8) frame k lo guardo ..
cara encontrada en: /var/www/html/reconocimientoFacial/proyecto_definitivo/admin/files/videos_registro_videos/1_otraprueba_8.avi
cara guardada en /0_2022-10-24_18:17:40.894819.avi_40.1971173286438.jpg con esta confidence:0.9999802
cara encontrada en: /var/www/html/reconocimientoFacial/proyecto_definitivo/admin/files/videos_registro_videos/1_otraprueba_8.avi
cara guardada en /0_2022-10-24_18:17:41.027895.avi_40.33019256591797.jpg con esta confidence:0.9994168
cara encontrada en: /var/www/html/reconocimientoFacial/proyecto_definitivo/admin/files/videos_registro_videos/1_otraprueba_8.avi
cara guardada en /0_2022-10-24_18:17:41.314806.avi_40.61710238456726.jpg con esta confidence:0.9986657
cara encontrada en: /var/www/html/reconocimientoFacial/proyecto_definitivo/admin/files/videos_registro_videos/1_otraprueba_8.avi
cara guardada en /0_2022-10-24_18:17:41.412247.avi_40.71454453468323.jpg con esta confidence:0.99852115
cara encontrada en: /var/www/html/reconocimientoFacial/proyecto_definitivo/admin/files/videos_registro_videos/1_otraprueba_8.avi
cara guardada en /0_2022-10-24_18:17:41.613212.avi_40.91550946235657.jpg con esta confidence:0.9983639
cara encontrada en: /var/www/html/reconocimientoFacial/proyecto_definitivo/admin/files/videos_registro_videos/1_otraprueba_8.avi
cara guardada en /0_2022-10-24_18:17:41.839712.avi_41.14201021194458.jpg con esta confidence:0.98384273
cara encontrada en: /var/www/html/reconocimientoFacial/proyecto_definitivo/admin/files/videos_registro_videos/1_otraprueba_8.avi
cara guardada en /0_2022-10-24_18:17:41.952584.avi_41.254881143569946.jpg con esta confidence:0.9829941
cara encontrada en: /var/www/html/reconocimientoFacial/proyecto_definitivo/admin/files/videos_registro_videos/1_otraprueba_8.avi
cara guardada en /0_2022-10-24_18:17:42.111225.avi_41.41352295875549.jpg con esta confidence:0.9750548
cara encontrada en: /var/www/html/reconocimientoFacial/proyecto_definitivo/admin/files/videos_registro_videos/1_otraprueba_8.avi
cara guardada en /0_2022-10-24_18:17:42.185956.avi_41.48825454711914.jpg con esta confidence:0.7897584
cara encontrada en: /var/www/html/reconocimientoFacial/proyecto_definitivo/admin/files/videos_registro_videos/1_otraprueba_8.avi
cara guardada en /0_2022-10-24_18:17:42.310982.avi_41.61327886581421.jpg con esta confidence:0.7852252
voy(8) leyendo el video..
tenemos(8) frame k lo guardo ..
voy(8) leyendo el video..
tenemos(8) frame k lo guardo ..
cara encontrada en: /var/www/html/reconocimientoFacial/proyecto_definitivo/admin/files/videos_registro_videos/1_otraprueba_8.avi
cara guardada en /0_2022-10-24_18:17:45.732868.avi_45.035165309906006.jpg con esta confidence:0.9999802
cara encontrada en: /var/www/html/reconocimientoFacial/proyecto_definitivo/admin/files/videos_registro_videos/1_otraprueba_8.avi
cara guardada en /0_2022-10-24_18:17:45.802902.avi_45.10519981384277.jpg con esta confidence:0.9994147
cara encontrada en: /var/www/html/reconocimientoFacial/proyecto_definitivo/admin/files/videos_registro_videos/1_otraprueba_8.avi
cara guardada en /0_2022-10-24_18:17:45.817926.avi_45.12022376060486.jpg con esta confidence:0.9986325
cara encontrada en: /var/www/html/reconocimientoFacial/proyecto_definitivo/admin/files/videos_registro_videos/1_otraprueba_8.avi
cara guardada en /0_2022-10-24_18:17:45.954192.avi_45.25648903846741.jpg con esta confidence:0.998604
cara encontrada en: /var/www/html/reconocimientoFacial/proyecto_definitivo/admin/files/videos_registro_videos/1_otraprueba_8.avi
cara guardada en /0_2022-10-24_18:17:46.072963.avi_45.375261068344116.jpg con esta confidence:0.9983443
cara encontrada en: /var/www/html/reconocimientoFacial/proyecto_definitivo/admin/files/videos_registro_videos/1_otraprueba_8.avi
cara guardada en /0_2022-10-24_18:17:46.196045.avi_45.49834322929382.jpg con esta confidence:0.98406684
cara encontrada en: /var/www/html/reconocimientoFacial/proyecto_definitivo/admin/files/videos_registro_videos/1_otraprueba_8.avi
cara guardada en /0_2022-10-24_18:17:46.325944.avi_45.6282422542572.jpg con esta confidence:0.98198086
cara encontrada en: /var/www/html/reconocimientoFacial/proyecto_definitivo/admin/files/videos_registro_videos/1_otraprueba_8.avi
cara guardada en /0_2022-10-24_18:17:46.420525.avi_45.72282361984253.jpg con esta confidence:0.9770295
cara encontrada en: /var/www/html/reconocimientoFacial/proyecto_definitivo/admin/files/videos_registro_videos/1_otraprueba_8.avi
cara guardada en /0_2022-10-24_18:17:46.569901.avi_45.87219858169556.jpg con esta confidence:0.79761684
cara encontrada en: /var/www/html/reconocimientoFacial/proyecto_definitivo/admin/files/videos_registro_videos/1_otraprueba_8.avi
cara guardada en /0_2022-10-24_18:17:46.633238.avi_45.93553400039673.jpg con esta confidence:0.7838086
voy(8) leyendo el video..
tenemos(8) frame k lo guardo ..
voy(8) leyendo el video..
tenemos(8) frame k lo guardo ..
cara encontrada en: /var/www/html/reconocimientoFacial/proyecto_definitivo/admin/files/videos_registro_videos/1_otraprueba_8.avi
cara guardada en /0_2022-10-24_18:17:49.717248.avi_49.019545793533325.jpg con esta confidence:0.9999796
cara encontrada en: /var/www/html/reconocimientoFacial/proyecto_definitivo/admin/files/videos_registro_videos/1_otraprueba_8.avi
cara guardada en /0_2022-10-24_18:17:49.785699.avi_49.08799695968628.jpg con esta confidence:0.9994549
cara encontrada en: /var/www/html/reconocimientoFacial/proyecto_definitivo/admin/files/videos_registro_videos/1_otraprueba_8.avi
cara guardada en /0_2022-10-24_18:17:49.850485.avi_49.152782678604126.jpg con esta confidence:0.9986358
cara encontrada en: /var/www/html/reconocimientoFacial/proyecto_definitivo/admin/files/videos_registro_videos/1_otraprueba_8.avi
cara guardada en /0_2022-10-24_18:17:49.905563.avi_49.207860708236694.jpg con esta confidence:0.9985066
cara encontrada en: /var/www/html/reconocimientoFacial/proyecto_definitivo/admin/files/videos_registro_videos/1_otraprueba_8.avi
cara guardada en /0_2022-10-24_18:17:49.968020.avi_49.270317792892456.jpg con esta confidence:0.9982778
cara encontrada en: /var/www/html/reconocimientoFacial/proyecto_definitivo/admin/files/videos_registro_videos/1_otraprueba_8.avi
cara guardada en /0_2022-10-24_18:17:50.106988.avi_49.40928602218628.jpg con esta confidence:0.98424965
cara encontrada en: /var/www/html/reconocimientoFacial/proyecto_definitivo/admin/files/videos_registro_videos/1_otraprueba_8.avi
cara guardada en /0_2022-10-24_18:17:50.222261.avi_49.524558305740356.jpg con esta confidence:0.9819602
cara encontrada en: /var/www/html/reconocimientoFacial/proyecto_definitivo/admin/files/videos_registro_videos/1_otraprueba_8.avi
cara guardada en /0_2022-10-24_18:17:50.393183.avi_49.69548010826111.jpg con esta confidence:0.9768256
cara encontrada en: /var/www/html/reconocimientoFacial/proyecto_definitivo/admin/files/videos_registro_videos/1_otraprueba_8.avi
cara guardada en /0_2022-10-24_18:17:50.502436.avi_49.804733991622925.jpg con esta confidence:0.7778892
cara encontrada en: /var/www/html/reconocimientoFacial/proyecto_definitivo/admin/files/videos_registro_videos/1_otraprueba_8.avi
cara guardada en /0_2022-10-24_18:17:50.552479.avi_49.85477662086487.jpg con esta confidence:0.7682405
voy(8) leyendo el video..
tenemos(8) frame k lo guardo ..
voy(8) leyendo el video..
tenemos(8) frame k lo guardo ..
cara encontrada en: /var/www/html/reconocimientoFacial/proyecto_definitivo/admin/files/videos_registro_videos/1_otraprueba_8.avi
cara guardada en /0_2022-10-24_18:17:53.894775.avi_53.19707226753235.jpg con esta confidence:0.9999783
cara encontrada en: /var/www/html/reconocimientoFacial/proyecto_definitivo/admin/files/videos_registro_videos/1_otraprueba_8.avi
cara guardada en /0_2022-10-24_18:17:54.087300.avi_53.38959813117981.jpg con esta confidence:0.999418
cara encontrada en: /var/www/html/reconocimientoFacial/proyecto_definitivo/admin/files/videos_registro_videos/1_otraprueba_8.avi
cara guardada en /0_2022-10-24_18:17:54.202679.avi_53.50497651100159.jpg con esta confidence:0.99854845
cara encontrada en: /var/www/html/reconocimientoFacial/proyecto_definitivo/admin/files/videos_registro_videos/1_otraprueba_8.avi
cara guardada en /0_2022-10-24_18:17:54.273771.avi_53.57606530189514.jpg con esta confidence:0.99846977
cara encontrada en: /var/www/html/reconocimientoFacial/proyecto_definitivo/admin/files/videos_registro_videos/1_otraprueba_8.avi
cara guardada en /0_2022-10-24_18:17:54.293080.avi_53.595375299453735.jpg con esta confidence:0.9982886
cara encontrada en: /var/www/html/reconocimientoFacial/proyecto_definitivo/admin/files/videos_registro_videos/1_otraprueba_8.avi
cara guardada en /0_2022-10-24_18:17:54.348862.avi_53.65116000175476.jpg con esta confidence:0.9832275
cara encontrada en: /var/www/html/reconocimientoFacial/proyecto_definitivo/admin/files/videos_registro_videos/1_otraprueba_8.avi
cara guardada en /0_2022-10-24_18:17:54.399045.avi_53.70134377479553.jpg con esta confidence:0.98158777
cara encontrada en: /var/www/html/reconocimientoFacial/proyecto_definitivo/admin/files/videos_registro_videos/1_otraprueba_8.avi
cara guardada en /0_2022-10-24_18:17:54.531782.avi_53.83408069610596.jpg con esta confidence:0.9760833
cara encontrada en: /var/www/html/reconocimientoFacial/proyecto_definitivo/admin/files/videos_registro_videos/1_otraprueba_8.avi
cara guardada en /0_2022-10-24_18:17:54.616358.avi_53.918654680252075.jpg con esta confidence:0.7763483
cara encontrada en: /var/www/html/reconocimientoFacial/proyecto_definitivo/admin/files/videos_registro_videos/1_otraprueba_8.avi
cara guardada en /0_2022-10-24_18:17:54.753976.avi_54.05627393722534.jpg con esta confidence:0.7653107
voy(8) leyendo el video..
tenemos(8) frame k lo guardo ..
voy(8) leyendo el video..
tenemos(8) frame k lo guardo ..
cara encontrada en: /var/www/html/reconocimientoFacial/proyecto_definitivo/admin/files/videos_registro_videos/1_otraprueba_8.avi
cara guardada en /0_2022-10-24_18:17:57.823492.avi_57.12578892707825.jpg con esta confidence:0.9999794
cara encontrada en: /var/www/html/reconocimientoFacial/proyecto_definitivo/admin/files/videos_registro_videos/1_otraprueba_8.avi
cara guardada en /0_2022-10-24_18:17:57.932325.avi_57.234622955322266.jpg con esta confidence:0.9994785
cara encontrada en: /var/www/html/reconocimientoFacial/proyecto_definitivo/admin/files/videos_registro_videos/1_otraprueba_8.avi
cara guardada en /0_2022-10-24_18:17:58.083382.avi_57.38567876815796.jpg con esta confidence:0.9986731
cara encontrada en: /var/www/html/reconocimientoFacial/proyecto_definitivo/admin/files/videos_registro_videos/1_otraprueba_8.avi
cara guardada en /0_2022-10-24_18:17:58.309812.avi_57.612107038497925.jpg con esta confidence:0.9984469
cara encontrada en: /var/www/html/reconocimientoFacial/proyecto_definitivo/admin/files/videos_registro_videos/1_otraprueba_8.avi
cara guardada en /0_2022-10-24_18:17:58.469294.avi_57.77159070968628.jpg con esta confidence:0.99817824
cara encontrada en: /var/www/html/reconocimientoFacial/proyecto_definitivo/admin/files/videos_registro_videos/1_otraprueba_8.avi
cara guardada en /0_2022-10-24_18:17:58.632058.avi_57.93435597419739.jpg con esta confidence:0.9850944
cara encontrada en: /var/www/html/reconocimientoFacial/proyecto_definitivo/admin/files/videos_registro_videos/1_otraprueba_8.avi
cara guardada en /0_2022-10-24_18:17:58.905648.avi_58.207945108413696.jpg con esta confidence:0.9810971
cara encontrada en: /var/www/html/reconocimientoFacial/proyecto_definitivo/admin/files/videos_registro_videos/1_otraprueba_8.avi
cara guardada en /0_2022-10-24_18:17:58.982458.avi_58.28475499153137.jpg con esta confidence:0.97713715
cara encontrada en: /var/www/html/reconocimientoFacial/proyecto_definitivo/admin/files/videos_registro_videos/1_otraprueba_8.avi
cara guardada en /0_2022-10-24_18:17:59.215731.avi_58.51802945137024.jpg con esta confidence:0.76791143
cara encontrada en: /var/www/html/reconocimientoFacial/proyecto_definitivo/admin/files/videos_registro_videos/1_otraprueba_8.avi
cara guardada en /0_2022-10-24_18:17:59.415452.avi_58.717750549316406.jpg con esta confidence:0.7671987
voy(8) leyendo el video..
tenemos(8) frame k lo guardo ..
voy(8) leyendo el video..
tenemos(8) frame k lo guardo ..
cara encontrada en: /var/www/html/reconocimientoFacial/proyecto_definitivo/admin/files/videos_registro_videos/1_otraprueba_8.avi
cara guardada en /0_2022-10-24_18:18:02.507215.avi_61.809510469436646.jpg con esta confidence:0.9999778
cara encontrada en: /var/www/html/reconocimientoFacial/proyecto_definitivo/admin/files/videos_registro_videos/1_otraprueba_8.avi
cara guardada en /0_2022-10-24_18:18:02.692767.avi_61.99506449699402.jpg con esta confidence:0.9993917
cara encontrada en: /var/www/html/reconocimientoFacial/proyecto_definitivo/admin/files/videos_registro_videos/1_otraprueba_8.avi
cara guardada en /0_2022-10-24_18:18:02.797677.avi_62.099974632263184.jpg con esta confidence:0.99848735
cara encontrada en: /var/www/html/reconocimientoFacial/proyecto_definitivo/admin/files/videos_registro_videos/1_otraprueba_8.avi
cara guardada en /0_2022-10-24_18:18:02.848691.avi_62.15098786354065.jpg con esta confidence:0.9984706
cara encontrada en: /var/www/html/reconocimientoFacial/proyecto_definitivo/admin/files/videos_registro_videos/1_otraprueba_8.avi
cara guardada en /0_2022-10-24_18:18:02.984676.avi_62.28697371482849.jpg con esta confidence:0.998379
cara encontrada en: /var/www/html/reconocimientoFacial/proyecto_definitivo/admin/files/videos_registro_videos/1_otraprueba_8.avi
cara guardada en /0_2022-10-24_18:18:03.013899.avi_62.31619668006897.jpg con esta confidence:0.9818912
cara encontrada en: /var/www/html/reconocimientoFacial/proyecto_definitivo/admin/files/videos_registro_videos/1_otraprueba_8.avi
cara guardada en /0_2022-10-24_18:18:03.266499.avi_62.568793535232544.jpg con esta confidence:0.9811926
cara encontrada en: /var/www/html/reconocimientoFacial/proyecto_definitivo/admin/files/videos_registro_videos/1_otraprueba_8.avi
cara guardada en /0_2022-10-24_18:18:03.354998.avi_62.6572961807251.jpg con esta confidence:0.9759135
cara encontrada en: /var/www/html/reconocimientoFacial/proyecto_definitivo/admin/files/videos_registro_videos/1_otraprueba_8.avi
cara guardada en /0_2022-10-24_18:18:03.480433.avi_62.78273129463196.jpg con esta confidence:0.7729696
cara encontrada en: /var/www/html/reconocimientoFacial/proyecto_definitivo/admin/files/videos_registro_videos/1_otraprueba_8.avi
cara guardada en /0_2022-10-24_18:18:03.909090.avi_63.21138787269592.jpg con esta confidence:0.76242685
voy(8) leyendo el video..
tenemos(8) frame k lo guardo ..
voy(8) leyendo el video..
tenemos(8) frame k lo guardo ..
cara encontrada en: /var/www/html/reconocimientoFacial/proyecto_definitivo/admin/files/videos_registro_videos/1_otraprueba_8.avi
cara guardada en /0_2022-10-24_18:18:06.634419.avi_65.93670964241028.jpg con esta confidence:0.9999763
cara encontrada en: /var/www/html/reconocimientoFacial/proyecto_definitivo/admin/files/videos_registro_videos/1_otraprueba_8.avi
cara guardada en /0_2022-10-24_18:18:06.670413.avi_65.97271084785461.jpg con esta confidence:0.9993161
cara encontrada en: /var/www/html/reconocimientoFacial/proyecto_definitivo/admin/files/videos_registro_videos/1_otraprueba_8.avi
cara guardada en /0_2022-10-24_18:18:06.718244.avi_66.02054214477539.jpg con esta confidence:0.99850607
cara encontrada en: /var/www/html/reconocimientoFacial/proyecto_definitivo/admin/files/videos_registro_videos/1_otraprueba_8.avi
cara guardada en /0_2022-10-24_18:18:06.869464.avi_66.1717619895935.jpg con esta confidence:0.99838793
cara encontrada en: /var/www/html/reconocimientoFacial/proyecto_definitivo/admin/files/videos_registro_videos/1_otraprueba_8.avi
cara guardada en /0_2022-10-24_18:18:07.042833.avi_66.34513020515442.jpg con esta confidence:0.99837273
cara encontrada en: /var/www/html/reconocimientoFacial/proyecto_definitivo/admin/files/videos_registro_videos/1_otraprueba_8.avi
cara guardada en /0_2022-10-24_18:18:07.360211.avi_66.66250944137573.jpg con esta confidence:0.9812036
cara encontrada en: /var/www/html/reconocimientoFacial/proyecto_definitivo/admin/files/videos_registro_videos/1_otraprueba_8.avi
cara guardada en /0_2022-10-24_18:18:07.411528.avi_66.71382546424866.jpg con esta confidence:0.9798672
cara encontrada en: /var/www/html/reconocimientoFacial/proyecto_definitivo/admin/files/videos_registro_videos/1_otraprueba_8.avi
cara guardada en /0_2022-10-24_18:18:07.561905.avi_66.86420249938965.jpg con esta confidence:0.9737612
cara encontrada en: /var/www/html/reconocimientoFacial/proyecto_definitivo/admin/files/videos_registro_videos/1_otraprueba_8.avi
cara guardada en /0_2022-10-24_18:18:07.729029.avi_67.03132009506226.jpg con esta confidence:0.7741476
cara encontrada en: /var/www/html/reconocimientoFacial/proyecto_definitivo/admin/files/videos_registro_videos/1_otraprueba_8.avi
cara guardada en /0_2022-10-24_18:18:08.022412.avi_67.32470941543579.jpg con esta confidence:0.7610174
voy(8) leyendo el video..
tenemos(8) frame k lo guardo ..
voy(8) leyendo el video..
tenemos(8) frame k lo guardo ..
cara encontrada en: /var/www/html/reconocimientoFacial/proyecto_definitivo/admin/files/videos_registro_videos/1_otraprueba_8.avi
cara guardada en /0_2022-10-24_18:18:11.351531.avi_70.65382814407349.jpg con esta confidence:0.9999759
cara encontrada en: /var/www/html/reconocimientoFacial/proyecto_definitivo/admin/files/videos_registro_videos/1_otraprueba_8.avi
cara guardada en /0_2022-10-24_18:18:11.447545.avi_70.7498426437378.jpg con esta confidence:0.99932575
cara encontrada en: /var/www/html/reconocimientoFacial/proyecto_definitivo/admin/files/videos_registro_videos/1_otraprueba_8.avi
cara guardada en /0_2022-10-24_18:18:11.658649.avi_70.96094679832458.jpg con esta confidence:0.99838686
cara encontrada en: /var/www/html/reconocimientoFacial/proyecto_definitivo/admin/files/videos_registro_videos/1_otraprueba_8.avi
cara guardada en /0_2022-10-24_18:18:11.791117.avi_71.09341502189636.jpg con esta confidence:0.9983746
cara encontrada en: /var/www/html/reconocimientoFacial/proyecto_definitivo/admin/files/videos_registro_videos/1_otraprueba_8.avi
cara guardada en /0_2022-10-24_18:18:12.007523.avi_71.30982184410095.jpg con esta confidence:0.9983714
cara encontrada en: /var/www/html/reconocimientoFacial/proyecto_definitivo/admin/files/videos_registro_videos/1_otraprueba_8.avi
cara guardada en /0_2022-10-24_18:18:12.087575.avi_71.38987302780151.jpg con esta confidence:0.9801995
cara encontrada en: /var/www/html/reconocimientoFacial/proyecto_definitivo/admin/files/videos_registro_videos/1_otraprueba_8.avi
cara guardada en /0_2022-10-24_18:18:12.255156.avi_71.55745434761047.jpg con esta confidence:0.98017913
cara encontrada en: /var/www/html/reconocimientoFacial/proyecto_definitivo/admin/files/videos_registro_videos/1_otraprueba_8.avi
cara guardada en /0_2022-10-24_18:18:12.546698.avi_71.84899520874023.jpg con esta confidence:0.97393215
cara encontrada en: /var/www/html/reconocimientoFacial/proyecto_definitivo/admin/files/videos_registro_videos/1_otraprueba_8.avi
cara guardada en /0_2022-10-24_18:18:12.809371.avi_72.11166882514954.jpg con esta confidence:0.7692089
cara encontrada en: /var/www/html/reconocimientoFacial/proyecto_definitivo/admin/files/videos_registro_videos/1_otraprueba_8.avi
cara guardada en /0_2022-10-24_18:18:13.012522.avi_72.31481957435608.jpg con esta confidence:0.7540743
voy(8) leyendo el video..
tenemos(8) frame k lo guardo ..
voy(8) leyendo el video..
tenemos(8) frame k lo guardo ..
cara encontrada en: /var/www/html/reconocimientoFacial/proyecto_definitivo/admin/files/videos_registro_videos/1_otraprueba_8.avi
cara guardada en /0_2022-10-24_18:18:16.221580.avi_75.52387714385986.jpg con esta confidence:0.9999769
cara encontrada en: /var/www/html/reconocimientoFacial/proyecto_definitivo/admin/files/videos_registro_videos/1_otraprueba_8.avi
cara guardada en /0_2022-10-24_18:18:16.406127.avi_75.708425283432.jpg con esta confidence:0.9993079
cara encontrada en: /var/www/html/reconocimientoFacial/proyecto_definitivo/admin/files/videos_registro_videos/1_otraprueba_8.avi
cara guardada en /0_2022-10-24_18:18:16.567464.avi_75.86976289749146.jpg con esta confidence:0.9985129
cara encontrada en: /var/www/html/reconocimientoFacial/proyecto_definitivo/admin/files/videos_registro_videos/1_otraprueba_8.avi
cara guardada en /0_2022-10-24_18:18:16.897728.avi_76.20002555847168.jpg con esta confidence:0.9984238
cara encontrada en: /var/www/html/reconocimientoFacial/proyecto_definitivo/admin/files/videos_registro_videos/1_otraprueba_8.avi
cara guardada en /0_2022-10-24_18:18:17.115367.avi_76.41766476631165.jpg con esta confidence:0.9984101
cara encontrada en: /var/www/html/reconocimientoFacial/proyecto_definitivo/admin/files/videos_registro_videos/1_otraprueba_8.avi
cara guardada en /0_2022-10-24_18:18:17.369933.avi_76.6722309589386.jpg con esta confidence:0.9815028
cara encontrada en: /var/www/html/reconocimientoFacial/proyecto_definitivo/admin/files/videos_registro_videos/1_otraprueba_8.avi
cara guardada en /0_2022-10-24_18:18:17.587153.avi_76.88945031166077.jpg con esta confidence:0.9794829
cara encontrada en: /var/www/html/reconocimientoFacial/proyecto_definitivo/admin/files/videos_registro_videos/1_otraprueba_8.avi
cara guardada en /0_2022-10-24_18:18:17.788459.avi_77.0907564163208.jpg con esta confidence:0.9746245
cara encontrada en: /var/www/html/reconocimientoFacial/proyecto_definitivo/admin/files/videos_registro_videos/1_otraprueba_8.avi
cara guardada en /0_2022-10-24_18:18:18.095513.avi_77.39781069755554.jpg con esta confidence:0.7797313
cara encontrada en: /var/www/html/reconocimientoFacial/proyecto_definitivo/admin/files/videos_registro_videos/1_otraprueba_8.avi
cara guardada en /0_2022-10-24_18:18:18.286192.avi_77.58848929405212.jpg con esta confidence:0.7665984
voy(8) leyendo el video..
tenemos(8) frame k lo guardo ..
voy(8) leyendo el video..
tenemos(8) frame k lo guardo ..
cara encontrada en: /var/www/html/reconocimientoFacial/proyecto_definitivo/admin/files/videos_registro_videos/1_otraprueba_8.avi
cara guardada en /0_2022-10-24_18:18:21.035640.avi_80.33793711662292.jpg con esta confidence:0.9999782
cara encontrada en: /var/www/html/reconocimientoFacial/proyecto_definitivo/admin/files/videos_registro_videos/1_otraprueba_8.avi
cara guardada en /0_2022-10-24_18:18:21.080476.avi_80.3827736377716.jpg con esta confidence:0.99938834
cara encontrada en: /var/www/html/reconocimientoFacial/proyecto_definitivo/admin/files/videos_registro_videos/1_otraprueba_8.avi
cara guardada en /0_2022-10-24_18:18:21.146992.avi_80.44929051399231.jpg con esta confidence:0.9986406
cara encontrada en: /var/www/html/reconocimientoFacial/proyecto_definitivo/admin/files/videos_registro_videos/1_otraprueba_8.avi
cara guardada en /0_2022-10-24_18:18:21.262737.avi_80.56503343582153.jpg con esta confidence:0.99839634
cara encontrada en: /var/www/html/reconocimientoFacial/proyecto_definitivo/admin/files/videos_registro_videos/1_otraprueba_8.avi
cara guardada en /0_2022-10-24_18:18:21.307428.avi_80.60972619056702.jpg con esta confidence:0.9983455
cara encontrada en: /var/www/html/reconocimientoFacial/proyecto_definitivo/admin/files/videos_registro_videos/1_otraprueba_8.avi
cara guardada en /0_2022-10-24_18:18:21.429988.avi_80.73228597640991.jpg con esta confidence:0.9811383
cara encontrada en: /var/www/html/reconocimientoFacial/proyecto_definitivo/admin/files/videos_registro_videos/1_otraprueba_8.avi
cara guardada en /0_2022-10-24_18:18:21.484376.avi_80.78667426109314.jpg con esta confidence:0.9811271
cara encontrada en: /var/www/html/reconocimientoFacial/proyecto_definitivo/admin/files/videos_registro_videos/1_otraprueba_8.avi
cara guardada en /0_2022-10-24_18:18:21.662382.avi_80.96467924118042.jpg con esta confidence:0.97716767
cara encontrada en: /var/www/html/reconocimientoFacial/proyecto_definitivo/admin/files/videos_registro_videos/1_otraprueba_8.avi
cara guardada en /0_2022-10-24_18:18:21.782905.avi_81.08520340919495.jpg con esta confidence:0.7844599
cara encontrada en: /var/www/html/reconocimientoFacial/proyecto_definitivo/admin/files/videos_registro_videos/1_otraprueba_8.avi
cara guardada en /0_2022-10-24_18:18:21.899975.avi_81.2022716999054.jpg con esta confidence:0.75372505
voy(8) leyendo el video..
tenemos(8) frame k lo guardo ..
voy(8) leyendo el video..
tenemos(8) frame k lo guardo ..
cara encontrada en: /var/www/html/reconocimientoFacial/proyecto_definitivo/admin/files/videos_registro_videos/1_otraprueba_8.avi
cara guardada en /0_2022-10-24_18:18:25.046284.avi_84.34857964515686.jpg con esta confidence:0.999979
cara encontrada en: /var/www/html/reconocimientoFacial/proyecto_definitivo/admin/files/videos_registro_videos/1_otraprueba_8.avi
cara guardada en /0_2022-10-24_18:18:25.293952.avi_84.5962507724762.jpg con esta confidence:0.99946755
cara encontrada en: /var/www/html/reconocimientoFacial/proyecto_definitivo/admin/files/videos_registro_videos/1_otraprueba_8.avi
cara guardada en /0_2022-10-24_18:18:25.483711.avi_84.78600883483887.jpg con esta confidence:0.9988456
cara encontrada en: /var/www/html/reconocimientoFacial/proyecto_definitivo/admin/files/videos_registro_videos/1_otraprueba_8.avi
cara guardada en /0_2022-10-24_18:18:25.698995.avi_85.00129246711731.jpg con esta confidence:0.9982767
cara encontrada en: /var/www/html/reconocimientoFacial/proyecto_definitivo/admin/files/videos_registro_videos/1_otraprueba_8.avi
cara guardada en /0_2022-10-24_18:18:25.823238.avi_85.12553644180298.jpg con esta confidence:0.99820733
cara encontrada en: /var/www/html/reconocimientoFacial/proyecto_definitivo/admin/files/videos_registro_videos/1_otraprueba_8.avi
cara guardada en /0_2022-10-24_18:18:26.039855.avi_85.34215116500854.jpg con esta confidence:0.98138833
cara encontrada en: /var/www/html/reconocimientoFacial/proyecto_definitivo/admin/files/videos_registro_videos/1_otraprueba_8.avi
cara guardada en /0_2022-10-24_18:18:26.209850.avi_85.51214838027954.jpg con esta confidence:0.9813866
cara encontrada en: /var/www/html/reconocimientoFacial/proyecto_definitivo/admin/files/videos_registro_videos/1_otraprueba_8.avi
cara guardada en /0_2022-10-24_18:18:26.437991.avi_85.74028873443604.jpg con esta confidence:0.980471
cara encontrada en: /var/www/html/reconocimientoFacial/proyecto_definitivo/admin/files/videos_registro_videos/1_otraprueba_8.avi
cara guardada en /0_2022-10-24_18:18:26.589718.avi_85.89201593399048.jpg con esta confidence:0.7949626
cara encontrada en: /var/www/html/reconocimientoFacial/proyecto_definitivo/admin/files/videos_registro_videos/1_otraprueba_8.avi
cara guardada en /0_2022-10-24_18:18:26.778540.avi_86.0808379650116.jpg con esta confidence:0.73595756
voy(8) leyendo el video..
tenemos(8) frame k lo guardo ..
voy(8) leyendo el video..
tenemos(8) frame k lo guardo ..
cara encontrada en: /var/www/html/reconocimientoFacial/proyecto_definitivo/admin/files/videos_registro_videos/1_otraprueba_8.avi
cara guardada en /0_2022-10-24_18:18:30.266810.avi_89.56910586357117.jpg con esta confidence:0.9999713
cara encontrada en: /var/www/html/reconocimientoFacial/proyecto_definitivo/admin/files/videos_registro_videos/1_otraprueba_8.avi
cara guardada en /0_2022-10-24_18:18:30.329863.avi_89.63216090202332.jpg con esta confidence:0.9994593
cara encontrada en: /var/www/html/reconocimientoFacial/proyecto_definitivo/admin/files/videos_registro_videos/1_otraprueba_8.avi
cara guardada en /0_2022-10-24_18:18:30.429554.avi_89.73185276985168.jpg con esta confidence:0.9989336
cara encontrada en: /var/www/html/reconocimientoFacial/proyecto_definitivo/admin/files/videos_registro_videos/1_otraprueba_8.avi
cara guardada en /0_2022-10-24_18:18:30.470878.avi_89.77317523956299.jpg con esta confidence:0.9977598
cara encontrada en: /var/www/html/reconocimientoFacial/proyecto_definitivo/admin/files/videos_registro_videos/1_otraprueba_8.avi
cara guardada en /0_2022-10-24_18:18:30.539656.avi_89.84195232391357.jpg con esta confidence:0.99724233
cara encontrada en: /var/www/html/reconocimientoFacial/proyecto_definitivo/admin/files/videos_registro_videos/1_otraprueba_8.avi
cara guardada en /0_2022-10-24_18:18:30.641129.avi_89.94342732429504.jpg con esta confidence:0.98595643
cara encontrada en: /var/www/html/reconocimientoFacial/proyecto_definitivo/admin/files/videos_registro_videos/1_otraprueba_8.avi
cara guardada en /0_2022-10-24_18:18:30.815068.avi_90.11736512184143.jpg con esta confidence:0.9772335
cara encontrada en: /var/www/html/reconocimientoFacial/proyecto_definitivo/admin/files/videos_registro_videos/1_otraprueba_8.avi
cara guardada en /0_2022-10-24_18:18:31.073593.avi_90.37589073181152.jpg con esta confidence:0.97200555
cara encontrada en: /var/www/html/reconocimientoFacial/proyecto_definitivo/admin/files/videos_registro_videos/1_otraprueba_8.avi
cara guardada en /0_2022-10-24_18:18:31.327115.avi_90.62941217422485.jpg con esta confidence:0.78097785
voy(8) leyendo el video..
tenemos(8) frame k lo guardo ..
voy(8) leyendo el video..
tenemos(8) frame k lo guardo ..
cara encontrada en: /var/www/html/reconocimientoFacial/proyecto_definitivo/admin/files/videos_registro_videos/1_otraprueba_8.avi
cara guardada en /0_2022-10-24_18:18:34.724732.avi_94.02702760696411.jpg con esta confidence:0.9999683
cara encontrada en: /var/www/html/reconocimientoFacial/proyecto_definitivo/admin/files/videos_registro_videos/1_otraprueba_8.avi
cara guardada en /0_2022-10-24_18:18:34.788097.avi_94.09039497375488.jpg con esta confidence:0.9995072
cara encontrada en: /var/www/html/reconocimientoFacial/proyecto_definitivo/admin/files/videos_registro_videos/1_otraprueba_8.avi
cara guardada en /0_2022-10-24_18:18:34.997317.avi_94.29961466789246.jpg con esta confidence:0.99903333
cara encontrada en: /var/www/html/reconocimientoFacial/proyecto_definitivo/admin/files/videos_registro_videos/1_otraprueba_8.avi
cara guardada en /0_2022-10-24_18:18:35.163742.avi_94.46603965759277.jpg con esta confidence:0.9972217
cara encontrada en: /var/www/html/reconocimientoFacial/proyecto_definitivo/admin/files/videos_registro_videos/1_otraprueba_8.avi
cara guardada en /0_2022-10-24_18:18:35.282796.avi_94.58509254455566.jpg con esta confidence:0.99680126
cara encontrada en: /var/www/html/reconocimientoFacial/proyecto_definitivo/admin/files/videos_registro_videos/1_otraprueba_8.avi
cara guardada en /0_2022-10-24_18:18:35.663856.avi_94.96615386009216.jpg con esta confidence:0.98939544
cara encontrada en: /var/www/html/reconocimientoFacial/proyecto_definitivo/admin/files/videos_registro_videos/1_otraprueba_8.avi
cara guardada en /0_2022-10-24_18:18:35.708196.avi_95.01049399375916.jpg con esta confidence:0.9763046
cara encontrada en: /var/www/html/reconocimientoFacial/proyecto_definitivo/admin/files/videos_registro_videos/1_otraprueba_8.avi
cara guardada en /0_2022-10-24_18:18:35.893738.avi_95.1960346698761.jpg con esta confidence:0.965345
cara encontrada en: /var/www/html/reconocimientoFacial/proyecto_definitivo/admin/files/videos_registro_videos/1_otraprueba_8.avi
cara guardada en /0_2022-10-24_18:18:36.056398.avi_95.35869479179382.jpg con esta confidence:0.758461
voy(8) leyendo el video..
tenemos(8) frame k lo guardo ..
voy(8) leyendo el video..
tenemos(8) frame k lo guardo ..
cara encontrada en: /var/www/html/reconocimientoFacial/proyecto_definitivo/admin/files/videos_registro_videos/1_otraprueba_8.avi
cara guardada en /0_2022-10-24_18:18:39.294536.avi_98.59683299064636.jpg con esta confidence:0.99995446
cara encontrada en: /var/www/html/reconocimientoFacial/proyecto_definitivo/admin/files/videos_registro_videos/1_otraprueba_8.avi
cara guardada en /0_2022-10-24_18:18:39.424401.avi_98.72669553756714.jpg con esta confidence:0.9994925
cara encontrada en: /var/www/html/reconocimientoFacial/proyecto_definitivo/admin/files/videos_registro_videos/1_otraprueba_8.avi
cara guardada en /0_2022-10-24_18:18:39.580691.avi_98.88298916816711.jpg con esta confidence:0.99900705
cara encontrada en: /var/www/html/reconocimientoFacial/proyecto_definitivo/admin/files/videos_registro_videos/1_otraprueba_8.avi
cara guardada en /0_2022-10-24_18:18:39.966829.avi_99.26912713050842.jpg con esta confidence:0.99542147
cara encontrada en: /var/www/html/reconocimientoFacial/proyecto_definitivo/admin/files/videos_registro_videos/1_otraprueba_8.avi
cara guardada en /0_2022-10-24_18:18:40.165312.avi_99.46760845184326.jpg con esta confidence:0.9953187
cara encontrada en: /var/www/html/reconocimientoFacial/proyecto_definitivo/admin/files/videos_registro_videos/1_otraprueba_8.avi
cara guardada en /0_2022-10-24_18:18:40.365857.avi_99.66815447807312.jpg con esta confidence:0.9924942
cara encontrada en: /var/www/html/reconocimientoFacial/proyecto_definitivo/admin/files/videos_registro_videos/1_otraprueba_8.avi
cara guardada en /0_2022-10-24_18:18:40.573914.avi_99.876211643219.jpg con esta confidence:0.97111624
cara encontrada en: /var/www/html/reconocimientoFacial/proyecto_definitivo/admin/files/videos_registro_videos/1_otraprueba_8.avi
cara guardada en /0_2022-10-24_18:18:40.686916.avi_99.98921346664429.jpg con esta confidence:0.9499519
cara encontrada en: /var/www/html/reconocimientoFacial/proyecto_definitivo/admin/files/videos_registro_videos/1_otraprueba_8.avi
cara guardada en /0_2022-10-24_18:18:40.876301.avi_100.1785991191864.jpg con esta confidence:0.70552766
voy(8) leyendo el video..
tenemos(8) frame k lo guardo ..
voy(8) leyendo el video..
tenemos(8) frame k lo guardo ..
cara encontrada en: /var/www/html/reconocimientoFacial/proyecto_definitivo/admin/files/videos_registro_videos/1_otraprueba_8.avi
cara guardada en /0_2022-10-24_18:18:43.803763.avi_103.10605978965759.jpg con esta confidence:0.9999616
cara encontrada en: /var/www/html/reconocimientoFacial/proyecto_definitivo/admin/files/videos_registro_videos/1_otraprueba_8.avi
cara guardada en /0_2022-10-24_18:18:43.865552.avi_103.16785025596619.jpg con esta confidence:0.9996784
cara encontrada en: /var/www/html/reconocimientoFacial/proyecto_definitivo/admin/files/videos_registro_videos/1_otraprueba_8.avi
cara guardada en /0_2022-10-24_18:18:44.006524.avi_103.3088207244873.jpg con esta confidence:0.99933285
cara encontrada en: /var/www/html/reconocimientoFacial/proyecto_definitivo/admin/files/videos_registro_videos/1_otraprueba_8.avi
cara guardada en /0_2022-10-24_18:18:44.285790.avi_103.58808875083923.jpg con esta confidence:0.9960055
cara encontrada en: /var/www/html/reconocimientoFacial/proyecto_definitivo/admin/files/videos_registro_videos/1_otraprueba_8.avi
cara guardada en /0_2022-10-24_18:18:44.440091.avi_103.74238753318787.jpg con esta confidence:0.9958484
cara encontrada en: /var/www/html/reconocimientoFacial/proyecto_definitivo/admin/files/videos_registro_videos/1_otraprueba_8.avi
cara guardada en /0_2022-10-24_18:18:44.661497.avi_103.96379399299622.jpg con esta confidence:0.9922306
cara encontrada en: /var/www/html/reconocimientoFacial/proyecto_definitivo/admin/files/videos_registro_videos/1_otraprueba_8.avi
cara guardada en /0_2022-10-24_18:18:44.934180.avi_104.23647713661194.jpg con esta confidence:0.98046905
cara encontrada en: /var/www/html/reconocimientoFacial/proyecto_definitivo/admin/files/videos_registro_videos/1_otraprueba_8.avi
cara guardada en /0_2022-10-24_18:18:45.093856.avi_104.39615416526794.jpg con esta confidence:0.94517547
cara encontrada en: /var/www/html/reconocimientoFacial/proyecto_definitivo/admin/files/videos_registro_videos/1_otraprueba_8.avi
cara guardada en /0_2022-10-24_18:18:45.341092.avi_104.64338779449463.jpg con esta confidence:0.71952313
voy(8) leyendo el video..
tenemos(8) frame k lo guardo ..
voy(8) leyendo el video..
tenemos(8) frame k lo guardo ..
cara encontrada en: /var/www/html/reconocimientoFacial/proyecto_definitivo/admin/files/videos_registro_videos/1_otraprueba_8.avi
cara guardada en /0_2022-10-24_18:18:48.722418.avi_108.02471399307251.jpg con esta confidence:0.9999486
cara encontrada en: /var/www/html/reconocimientoFacial/proyecto_definitivo/admin/files/videos_registro_videos/1_otraprueba_8.avi
cara guardada en /0_2022-10-24_18:18:49.405130.avi_108.70742654800415.jpg con esta confidence:0.9996176
cara encontrada en: /var/www/html/reconocimientoFacial/proyecto_definitivo/admin/files/videos_registro_videos/1_otraprueba_8.avi
cara guardada en /0_2022-10-24_18:18:49.501789.avi_108.80408787727356.jpg con esta confidence:0.9992506
cara encontrada en: /var/www/html/reconocimientoFacial/proyecto_definitivo/admin/files/videos_registro_videos/1_otraprueba_8.avi
cara guardada en /0_2022-10-24_18:18:49.633041.avi_108.93533849716187.jpg con esta confidence:0.9958603
cara encontrada en: /var/www/html/reconocimientoFacial/proyecto_definitivo/admin/files/videos_registro_videos/1_otraprueba_8.avi
cara guardada en /0_2022-10-24_18:18:49.820075.avi_109.12237358093262.jpg con esta confidence:0.99512225
cara encontrada en: /var/www/html/reconocimientoFacial/proyecto_definitivo/admin/files/videos_registro_videos/1_otraprueba_8.avi
cara guardada en /0_2022-10-24_18:18:50.066109.avi_109.36840581893921.jpg con esta confidence:0.9907313
cara encontrada en: /var/www/html/reconocimientoFacial/proyecto_definitivo/admin/files/videos_registro_videos/1_otraprueba_8.avi
cara guardada en /0_2022-10-24_18:18:50.155175.avi_109.45747256278992.jpg con esta confidence:0.9780943
cara encontrada en: /var/www/html/reconocimientoFacial/proyecto_definitivo/admin/files/videos_registro_videos/1_otraprueba_8.avi
cara guardada en /0_2022-10-24_18:18:50.302143.avi_109.60443568229675.jpg con esta confidence:0.93456566
cara encontrada en: /var/www/html/reconocimientoFacial/proyecto_definitivo/admin/files/videos_registro_videos/1_otraprueba_8.avi
cara guardada en /0_2022-10-24_18:18:50.421169.avi_109.7234673500061.jpg con esta confidence:0.6943131
voy(8) leyendo el video..
tenemos(8) frame k lo guardo ..
voy(8) leyendo el video..
tenemos(8) frame k lo guardo ..
cara encontrada en: /var/www/html/reconocimientoFacial/proyecto_definitivo/admin/files/videos_registro_videos/1_otraprueba_8.avi
cara guardada en /0_2022-10-24_18:18:53.740252.avi_113.04254913330078.jpg con esta confidence:0.99992
cara encontrada en: /var/www/html/reconocimientoFacial/proyecto_definitivo/admin/files/videos_registro_videos/1_otraprueba_8.avi
cara guardada en /0_2022-10-24_18:18:53.958753.avi_113.26105093955994.jpg con esta confidence:0.9995939
cara encontrada en: /var/www/html/reconocimientoFacial/proyecto_definitivo/admin/files/videos_registro_videos/1_otraprueba_8.avi
cara guardada en /0_2022-10-24_18:18:54.496967.avi_113.79926419258118.jpg con esta confidence:0.99919385
cara encontrada en: /var/www/html/reconocimientoFacial/proyecto_definitivo/admin/files/videos_registro_videos/1_otraprueba_8.avi
cara guardada en /0_2022-10-24_18:18:54.588852.avi_113.89114689826965.jpg con esta confidence:0.99637324
cara encontrada en: /var/www/html/reconocimientoFacial/proyecto_definitivo/admin/files/videos_registro_videos/1_otraprueba_8.avi
cara guardada en /0_2022-10-24_18:18:54.726141.avi_114.02843832969666.jpg con esta confidence:0.9919517
cara encontrada en: /var/www/html/reconocimientoFacial/proyecto_definitivo/admin/files/videos_registro_videos/1_otraprueba_8.avi
cara guardada en /0_2022-10-24_18:18:54.827180.avi_114.129478931427.jpg con esta confidence:0.98419374
cara encontrada en: /var/www/html/reconocimientoFacial/proyecto_definitivo/admin/files/videos_registro_videos/1_otraprueba_8.avi
cara guardada en /0_2022-10-24_18:18:54.988408.avi_114.29070591926575.jpg con esta confidence:0.9750201
cara encontrada en: /var/www/html/reconocimientoFacial/proyecto_definitivo/admin/files/videos_registro_videos/1_otraprueba_8.avi
cara guardada en /0_2022-10-24_18:18:55.063276.avi_114.36557388305664.jpg con esta confidence:0.8971575
voy(8) leyendo el video..
tenemos(8) frame k lo guardo ..
voy(8) leyendo el video..
tenemos(8) frame k lo guardo ..
cara encontrada en: /var/www/html/reconocimientoFacial/proyecto_definitivo/admin/files/videos_registro_videos/1_otraprueba_8.avi
cara guardada en /0_2022-10-24_18:18:58.002226.avi_117.30452275276184.jpg con esta confidence:0.9998611
cara encontrada en: /var/www/html/reconocimientoFacial/proyecto_definitivo/admin/files/videos_registro_videos/1_otraprueba_8.avi
cara guardada en /0_2022-10-24_18:18:58.110302.avi_117.41259622573853.jpg con esta confidence:0.99933285
cara encontrada en: /var/www/html/reconocimientoFacial/proyecto_definitivo/admin/files/videos_registro_videos/1_otraprueba_8.avi
cara guardada en /0_2022-10-24_18:18:58.159503.avi_117.4618010520935.jpg con esta confidence:0.99927753
cara encontrada en: /var/www/html/reconocimientoFacial/proyecto_definitivo/admin/files/videos_registro_videos/1_otraprueba_8.avi
cara guardada en /0_2022-10-24_18:18:58.274702.avi_117.5770001411438.jpg con esta confidence:0.99692947
cara encontrada en: /var/www/html/reconocimientoFacial/proyecto_definitivo/admin/files/videos_registro_videos/1_otraprueba_8.avi
cara guardada en /0_2022-10-24_18:18:58.354670.avi_117.65696692466736.jpg con esta confidence:0.98458475
cara encontrada en: /var/www/html/reconocimientoFacial/proyecto_definitivo/admin/files/videos_registro_videos/1_otraprueba_8.avi
cara guardada en /0_2022-10-24_18:18:58.422725.avi_117.72502279281616.jpg con esta confidence:0.96525586
cara encontrada en: /var/www/html/reconocimientoFacial/proyecto_definitivo/admin/files/videos_registro_videos/1_otraprueba_8.avi
cara guardada en /0_2022-10-24_18:18:58.504148.avi_117.80644512176514.jpg con esta confidence:0.95426935
cara encontrada en: /var/www/html/reconocimientoFacial/proyecto_definitivo/admin/files/videos_registro_videos/1_otraprueba_8.avi
cara guardada en /0_2022-10-24_18:18:58.551120.avi_117.85341286659241.jpg con esta confidence:0.87549025
voy(8) leyendo el video..
tenemos(8) frame k lo guardo ..
voy(8) leyendo el video..
tenemos(8) frame k lo guardo ..
cara encontrada en: /var/www/html/reconocimientoFacial/proyecto_definitivo/admin/files/videos_registro_videos/1_otraprueba_8.avi
cara guardada en /0_2022-10-24_18:19:01.270297.avi_120.57259440422058.jpg con esta confidence:0.99987507
cara encontrada en: /var/www/html/reconocimientoFacial/proyecto_definitivo/admin/files/videos_registro_videos/1_otraprueba_8.avi
cara guardada en /0_2022-10-24_18:19:01.367731.avi_120.67002701759338.jpg con esta confidence:0.9994299
cara encontrada en: /var/www/html/reconocimientoFacial/proyecto_definitivo/admin/files/videos_registro_videos/1_otraprueba_8.avi
cara guardada en /0_2022-10-24_18:19:01.672084.avi_120.97438049316406.jpg con esta confidence:0.9993211
cara encontrada en: /var/www/html/reconocimientoFacial/proyecto_definitivo/admin/files/videos_registro_videos/1_otraprueba_8.avi
cara guardada en /0_2022-10-24_18:19:01.740497.avi_121.04279470443726.jpg con esta confidence:0.99728024
cara encontrada en: /var/www/html/reconocimientoFacial/proyecto_definitivo/admin/files/videos_registro_videos/1_otraprueba_8.avi
cara guardada en /0_2022-10-24_18:19:01.837207.avi_121.13949751853943.jpg con esta confidence:0.9855101
cara encontrada en: /var/www/html/reconocimientoFacial/proyecto_definitivo/admin/files/videos_registro_videos/1_otraprueba_8.avi
cara guardada en /0_2022-10-24_18:19:01.924134.avi_121.22642827033997.jpg con esta confidence:0.96996844
cara encontrada en: /var/www/html/reconocimientoFacial/proyecto_definitivo/admin/files/videos_registro_videos/1_otraprueba_8.avi
cara guardada en /0_2022-10-24_18:19:02.053793.avi_121.35608983039856.jpg con esta confidence:0.9581659
cara encontrada en: /var/www/html/reconocimientoFacial/proyecto_definitivo/admin/files/videos_registro_videos/1_otraprueba_8.avi
cara guardada en /0_2022-10-24_18:19:02.136168.avi_121.43846678733826.jpg con esta confidence:0.8767655
voy(8) leyendo el video..
Llego al final y remuevo el video!
Tiempo de analizar el video:121.87922406196594
