tenemos este video:/var/www/html/reconocimientoFacial/proyecto_definitivo/admin/files/videos_registro_videos/1_otraprueba_3.avi
voy(3) leyendo el video..
tenemos(3) frame k lo guardo ..
voy(3) leyendo el video..
tenemos(3) frame k lo guardo ..
cara encontrada en: /var/www/html/reconocimientoFacial/proyecto_definitivo/admin/files/videos_registro_videos/1_otraprueba_3.avi
cara guardada en /0_2022-10-24_18:17:00.877684.avi_1.1359727382659912.jpg con esta confidence:0.9953881
cara encontrada en: /var/www/html/reconocimientoFacial/proyecto_definitivo/admin/files/videos_registro_videos/1_otraprueba_3.avi
cara guardada en /0_2022-10-24_18:17:00.938737.avi_1.1970295906066895.jpg con esta confidence:0.98621964
cara encontrada en: /var/www/html/reconocimientoFacial/proyecto_definitivo/admin/files/videos_registro_videos/1_otraprueba_3.avi
cara guardada en /0_2022-10-24_18:17:00.989922.avi_1.2482151985168457.jpg con esta confidence:0.96824306
cara encontrada en: /var/www/html/reconocimientoFacial/proyecto_definitivo/admin/files/videos_registro_videos/1_otraprueba_3.avi
cara guardada en /0_2022-10-24_18:17:01.048950.avi_1.3072421550750732.jpg con esta confidence:0.96594054
cara encontrada en: /var/www/html/reconocimientoFacial/proyecto_definitivo/admin/files/videos_registro_videos/1_otraprueba_3.avi
cara guardada en /0_2022-10-24_18:17:01.103482.avi_1.361774206161499.jpg con esta confidence:0.91221493
cara encontrada en: /var/www/html/reconocimientoFacial/proyecto_definitivo/admin/files/videos_registro_videos/1_otraprueba_3.avi
cara guardada en /0_2022-10-24_18:17:01.157072.avi_1.4153649806976318.jpg con esta confidence:0.8995668
cara encontrada en: /var/www/html/reconocimientoFacial/proyecto_definitivo/admin/files/videos_registro_videos/1_otraprueba_3.avi
cara guardada en /0_2022-10-24_18:17:01.217087.avi_1.4753801822662354.jpg con esta confidence:0.88639086
cara encontrada en: /var/www/html/reconocimientoFacial/proyecto_definitivo/admin/files/videos_registro_videos/1_otraprueba_3.avi
cara guardada en /0_2022-10-24_18:17:01.277498.avi_1.5357909202575684.jpg con esta confidence:0.72323555
cara encontrada en: /var/www/html/reconocimientoFacial/proyecto_definitivo/admin/files/videos_registro_videos/1_otraprueba_3.avi
cara guardada en /0_2022-10-24_18:17:01.348789.avi_1.6070795059204102.jpg con esta confidence:0.69890976
voy(3) leyendo el video..
tenemos(3) frame k lo guardo ..
voy(3) leyendo el video..
tenemos(3) frame k lo guardo ..
cara encontrada en: /var/www/html/reconocimientoFacial/proyecto_definitivo/admin/files/videos_registro_videos/1_otraprueba_3.avi
cara guardada en /0_2022-10-24_18:17:02.554086.avi_2.8123779296875.jpg con esta confidence:0.99459153
cara encontrada en: /var/www/html/reconocimientoFacial/proyecto_definitivo/admin/files/videos_registro_videos/1_otraprueba_3.avi
cara guardada en /0_2022-10-24_18:17:02.612969.avi_2.8712620735168457.jpg con esta confidence:0.9825764
cara encontrada en: /var/www/html/reconocimientoFacial/proyecto_definitivo/admin/files/videos_registro_videos/1_otraprueba_3.avi
cara guardada en /0_2022-10-24_18:17:02.662869.avi_2.9211621284484863.jpg con esta confidence:0.9688215
cara encontrada en: /var/www/html/reconocimientoFacial/proyecto_definitivo/admin/files/videos_registro_videos/1_otraprueba_3.avi
cara guardada en /0_2022-10-24_18:17:02.740548.avi_2.9988410472869873.jpg con esta confidence:0.96863806
cara encontrada en: /var/www/html/reconocimientoFacial/proyecto_definitivo/admin/files/videos_registro_videos/1_otraprueba_3.avi
cara guardada en /0_2022-10-24_18:17:02.854056.avi_3.11234974861145.jpg con esta confidence:0.90586245
cara encontrada en: /var/www/html/reconocimientoFacial/proyecto_definitivo/admin/files/videos_registro_videos/1_otraprueba_3.avi
cara guardada en /0_2022-10-24_18:17:02.927591.avi_3.185884714126587.jpg con esta confidence:0.8789916
cara encontrada en: /var/www/html/reconocimientoFacial/proyecto_definitivo/admin/files/videos_registro_videos/1_otraprueba_3.avi
cara guardada en /0_2022-10-24_18:17:03.030713.avi_3.289005994796753.jpg con esta confidence:0.8748869
cara encontrada en: /var/www/html/reconocimientoFacial/proyecto_definitivo/admin/files/videos_registro_videos/1_otraprueba_3.avi
cara guardada en /0_2022-10-24_18:17:03.086832.avi_3.3451242446899414.jpg con esta confidence:0.68951964
cara encontrada en: /var/www/html/reconocimientoFacial/proyecto_definitivo/admin/files/videos_registro_videos/1_otraprueba_3.avi
cara guardada en /0_2022-10-24_18:17:03.155941.avi_3.414233922958374.jpg con esta confidence:0.68806535
cara encontrada en: /var/www/html/reconocimientoFacial/proyecto_definitivo/admin/files/videos_registro_videos/1_otraprueba_3.avi
cara guardada en /0_2022-10-24_18:17:03.298049.avi_3.5563418865203857.jpg con esta confidence:0.68149585
voy(3) leyendo el video..
tenemos(3) frame k lo guardo ..
voy(3) leyendo el video..
tenemos(3) frame k lo guardo ..
cara encontrada en: /var/www/html/reconocimientoFacial/proyecto_definitivo/admin/files/videos_registro_videos/1_otraprueba_3.avi
cara guardada en /0_2022-10-24_18:17:04.823436.avi_5.081728219985962.jpg con esta confidence:0.9970554
cara encontrada en: /var/www/html/reconocimientoFacial/proyecto_definitivo/admin/files/videos_registro_videos/1_otraprueba_3.avi
cara guardada en /0_2022-10-24_18:17:04.922839.avi_5.181129693984985.jpg con esta confidence:0.9965982
cara encontrada en: /var/www/html/reconocimientoFacial/proyecto_definitivo/admin/files/videos_registro_videos/1_otraprueba_3.avi
cara guardada en /0_2022-10-24_18:17:05.054106.avi_5.312398910522461.jpg con esta confidence:0.9778301
cara encontrada en: /var/www/html/reconocimientoFacial/proyecto_definitivo/admin/files/videos_registro_videos/1_otraprueba_3.avi
cara guardada en /0_2022-10-24_18:17:05.151679.avi_5.409972190856934.jpg con esta confidence:0.9693875
cara encontrada en: /var/www/html/reconocimientoFacial/proyecto_definitivo/admin/files/videos_registro_videos/1_otraprueba_3.avi
cara guardada en /0_2022-10-24_18:17:05.359640.avi_5.617931604385376.jpg con esta confidence:0.96867037
cara encontrada en: /var/www/html/reconocimientoFacial/proyecto_definitivo/admin/files/videos_registro_videos/1_otraprueba_3.avi
cara guardada en /0_2022-10-24_18:17:05.522525.avi_5.780816316604614.jpg con esta confidence:0.95109755
cara encontrada en: /var/www/html/reconocimientoFacial/proyecto_definitivo/admin/files/videos_registro_videos/1_otraprueba_3.avi
cara guardada en /0_2022-10-24_18:17:05.788120.avi_6.04641318321228.jpg con esta confidence:0.88198835
cara encontrada en: /var/www/html/reconocimientoFacial/proyecto_definitivo/admin/files/videos_registro_videos/1_otraprueba_3.avi
cara guardada en /0_2022-10-24_18:17:05.877853.avi_6.13614559173584.jpg con esta confidence:0.8362255
voy(3) leyendo el video..
tenemos(3) frame k lo guardo ..
voy(3) leyendo el video..
tenemos(3) frame k lo guardo ..
cara encontrada en: /var/www/html/reconocimientoFacial/proyecto_definitivo/admin/files/videos_registro_videos/1_otraprueba_3.avi
cara guardada en /0_2022-10-24_18:17:07.390120.avi_7.648408889770508.jpg con esta confidence:0.9967728
cara encontrada en: /var/www/html/reconocimientoFacial/proyecto_definitivo/admin/files/videos_registro_videos/1_otraprueba_3.avi
cara guardada en /0_2022-10-24_18:17:07.409057.avi_7.66735053062439.jpg con esta confidence:0.9956797
cara encontrada en: /var/www/html/reconocimientoFacial/proyecto_definitivo/admin/files/videos_registro_videos/1_otraprueba_3.avi
cara guardada en /0_2022-10-24_18:17:07.491843.avi_7.750136375427246.jpg con esta confidence:0.9809225
cara encontrada en: /var/www/html/reconocimientoFacial/proyecto_definitivo/admin/files/videos_registro_videos/1_otraprueba_3.avi
cara guardada en /0_2022-10-24_18:17:07.520115.avi_7.778407573699951.jpg con esta confidence:0.97109884
cara encontrada en: /var/www/html/reconocimientoFacial/proyecto_definitivo/admin/files/videos_registro_videos/1_otraprueba_3.avi
cara guardada en /0_2022-10-24_18:17:07.570397.avi_7.8286895751953125.jpg con esta confidence:0.96439725
cara encontrada en: /var/www/html/reconocimientoFacial/proyecto_definitivo/admin/files/videos_registro_videos/1_otraprueba_3.avi
cara guardada en /0_2022-10-24_18:17:07.655910.avi_7.914201021194458.jpg con esta confidence:0.9608179
cara encontrada en: /var/www/html/reconocimientoFacial/proyecto_definitivo/admin/files/videos_registro_videos/1_otraprueba_3.avi
cara guardada en /0_2022-10-24_18:17:07.731690.avi_7.989983081817627.jpg con esta confidence:0.87927157
cara encontrada en: /var/www/html/reconocimientoFacial/proyecto_definitivo/admin/files/videos_registro_videos/1_otraprueba_3.avi
cara guardada en /0_2022-10-24_18:17:07.829560.avi_8.087852716445923.jpg con esta confidence:0.80317533
cara encontrada en: /var/www/html/reconocimientoFacial/proyecto_definitivo/admin/files/videos_registro_videos/1_otraprueba_3.avi
cara guardada en /0_2022-10-24_18:17:07.908679.avi_8.166971206665039.jpg con esta confidence:0.7012673
voy(3) leyendo el video..
tenemos(3) frame k lo guardo ..
voy(3) leyendo el video..
tenemos(3) frame k lo guardo ..
cara encontrada en: /var/www/html/reconocimientoFacial/proyecto_definitivo/admin/files/videos_registro_videos/1_otraprueba_3.avi
cara guardada en /0_2022-10-24_18:17:10.525211.avi_10.783502340316772.jpg con esta confidence:0.9967206
cara encontrada en: /var/www/html/reconocimientoFacial/proyecto_definitivo/admin/files/videos_registro_videos/1_otraprueba_3.avi
cara guardada en /0_2022-10-24_18:17:10.645129.avi_10.903421878814697.jpg con esta confidence:0.99596065
cara encontrada en: /var/www/html/reconocimientoFacial/proyecto_definitivo/admin/files/videos_registro_videos/1_otraprueba_3.avi
cara guardada en /0_2022-10-24_18:17:10.709123.avi_10.967415809631348.jpg con esta confidence:0.97788036
cara encontrada en: /var/www/html/reconocimientoFacial/proyecto_definitivo/admin/files/videos_registro_videos/1_otraprueba_3.avi
cara guardada en /0_2022-10-24_18:17:10.771119.avi_11.02940845489502.jpg con esta confidence:0.97665954
cara encontrada en: /var/www/html/reconocimientoFacial/proyecto_definitivo/admin/files/videos_registro_videos/1_otraprueba_3.avi
cara guardada en /0_2022-10-24_18:17:11.325448.avi_11.583741903305054.jpg con esta confidence:0.9731813
cara encontrada en: /var/www/html/reconocimientoFacial/proyecto_definitivo/admin/files/videos_registro_videos/1_otraprueba_3.avi
cara guardada en /0_2022-10-24_18:17:11.687337.avi_11.945630073547363.jpg con esta confidence:0.9392321
cara encontrada en: /var/www/html/reconocimientoFacial/proyecto_definitivo/admin/files/videos_registro_videos/1_otraprueba_3.avi
cara guardada en /0_2022-10-24_18:17:11.714171.avi_11.972464799880981.jpg con esta confidence:0.90329987
cara encontrada en: /var/www/html/reconocimientoFacial/proyecto_definitivo/admin/files/videos_registro_videos/1_otraprueba_3.avi
cara guardada en /0_2022-10-24_18:17:11.779952.avi_12.038245439529419.jpg con esta confidence:0.8562761
cara encontrada en: /var/www/html/reconocimientoFacial/proyecto_definitivo/admin/files/videos_registro_videos/1_otraprueba_3.avi
cara guardada en /0_2022-10-24_18:17:11.926922.avi_12.185215473175049.jpg con esta confidence:0.7321925
voy(3) leyendo el video..
tenemos(3) frame k lo guardo ..
voy(3) leyendo el video..
tenemos(3) frame k lo guardo ..
cara encontrada en: /var/www/html/reconocimientoFacial/proyecto_definitivo/admin/files/videos_registro_videos/1_otraprueba_3.avi
cara guardada en /0_2022-10-24_18:17:14.693797.avi_14.952089071273804.jpg con esta confidence:0.9933153
cara encontrada en: /var/www/html/reconocimientoFacial/proyecto_definitivo/admin/files/videos_registro_videos/1_otraprueba_3.avi
cara guardada en /0_2022-10-24_18:17:14.759959.avi_15.0182523727417.jpg con esta confidence:0.9929174
cara encontrada en: /var/www/html/reconocimientoFacial/proyecto_definitivo/admin/files/videos_registro_videos/1_otraprueba_3.avi
cara guardada en /0_2022-10-24_18:17:14.995258.avi_15.253551006317139.jpg con esta confidence:0.9605282
cara encontrada en: /var/www/html/reconocimientoFacial/proyecto_definitivo/admin/files/videos_registro_videos/1_otraprueba_3.avi
cara guardada en /0_2022-10-24_18:17:15.066644.avi_15.324936151504517.jpg con esta confidence:0.94053245
cara encontrada en: /var/www/html/reconocimientoFacial/proyecto_definitivo/admin/files/videos_registro_videos/1_otraprueba_3.avi
cara guardada en /0_2022-10-24_18:17:15.149010.avi_15.407301425933838.jpg con esta confidence:0.9357594
cara encontrada en: /var/www/html/reconocimientoFacial/proyecto_definitivo/admin/files/videos_registro_videos/1_otraprueba_3.avi
cara guardada en /0_2022-10-24_18:17:15.262725.avi_15.521018266677856.jpg con esta confidence:0.9239367
cara encontrada en: /var/www/html/reconocimientoFacial/proyecto_definitivo/admin/files/videos_registro_videos/1_otraprueba_3.avi
cara guardada en /0_2022-10-24_18:17:15.347355.avi_15.605646848678589.jpg con esta confidence:0.80233634
cara encontrada en: /var/www/html/reconocimientoFacial/proyecto_definitivo/admin/files/videos_registro_videos/1_otraprueba_3.avi
cara guardada en /0_2022-10-24_18:17:15.438172.avi_15.696465015411377.jpg con esta confidence:0.75723624
cara encontrada en: /var/www/html/reconocimientoFacial/proyecto_definitivo/admin/files/videos_registro_videos/1_otraprueba_3.avi
cara guardada en /0_2022-10-24_18:17:15.563164.avi_15.821456670761108.jpg con esta confidence:0.7555901
voy(3) leyendo el video..
tenemos(3) frame k lo guardo ..
voy(3) leyendo el video..
tenemos(3) frame k lo guardo ..
cara encontrada en: /var/www/html/reconocimientoFacial/proyecto_definitivo/admin/files/videos_registro_videos/1_otraprueba_3.avi
cara guardada en /0_2022-10-24_18:17:18.516138.avi_18.774430751800537.jpg con esta confidence:0.99757093
cara encontrada en: /var/www/html/reconocimientoFacial/proyecto_definitivo/admin/files/videos_registro_videos/1_otraprueba_3.avi
cara guardada en /0_2022-10-24_18:17:18.729779.avi_18.98807191848755.jpg con esta confidence:0.9960134
cara encontrada en: /var/www/html/reconocimientoFacial/proyecto_definitivo/admin/files/videos_registro_videos/1_otraprueba_3.avi
cara guardada en /0_2022-10-24_18:17:18.821305.avi_19.079598903656006.jpg con esta confidence:0.97823375
cara encontrada en: /var/www/html/reconocimientoFacial/proyecto_definitivo/admin/files/videos_registro_videos/1_otraprueba_3.avi
cara guardada en /0_2022-10-24_18:17:19.332321.avi_19.590614318847656.jpg con esta confidence:0.97802675
cara encontrada en: /var/www/html/reconocimientoFacial/proyecto_definitivo/admin/files/videos_registro_videos/1_otraprueba_3.avi
cara guardada en /0_2022-10-24_18:17:19.465363.avi_19.723650217056274.jpg con esta confidence:0.9593356
cara encontrada en: /var/www/html/reconocimientoFacial/proyecto_definitivo/admin/files/videos_registro_videos/1_otraprueba_3.avi
cara guardada en /0_2022-10-24_18:17:19.589474.avi_19.847764492034912.jpg con esta confidence:0.95673835
cara encontrada en: /var/www/html/reconocimientoFacial/proyecto_definitivo/admin/files/videos_registro_videos/1_otraprueba_3.avi
cara guardada en /0_2022-10-24_18:17:19.684435.avi_19.94272804260254.jpg con esta confidence:0.91027933
cara encontrada en: /var/www/html/reconocimientoFacial/proyecto_definitivo/admin/files/videos_registro_videos/1_otraprueba_3.avi
cara guardada en /0_2022-10-24_18:17:19.750715.avi_20.0090069770813.jpg con esta confidence:0.78561413
cara encontrada en: /var/www/html/reconocimientoFacial/proyecto_definitivo/admin/files/videos_registro_videos/1_otraprueba_3.avi
cara guardada en /0_2022-10-24_18:17:19.867710.avi_20.12600350379944.jpg con esta confidence:0.6842404
voy(3) leyendo el video..
tenemos(3) frame k lo guardo ..
voy(3) leyendo el video..
tenemos(3) frame k lo guardo ..
cara encontrada en: /var/www/html/reconocimientoFacial/proyecto_definitivo/admin/files/videos_registro_videos/1_otraprueba_3.avi
cara guardada en /0_2022-10-24_18:17:23.176780.avi_23.435072660446167.jpg con esta confidence:0.9968876
cara encontrada en: /var/www/html/reconocimientoFacial/proyecto_definitivo/admin/files/videos_registro_videos/1_otraprueba_3.avi
cara guardada en /0_2022-10-24_18:17:23.365649.avi_23.623942136764526.jpg con esta confidence:0.9962185
cara encontrada en: /var/www/html/reconocimientoFacial/proyecto_definitivo/admin/files/videos_registro_videos/1_otraprueba_3.avi
cara guardada en /0_2022-10-24_18:17:23.576932.avi_23.835224866867065.jpg con esta confidence:0.9712176
cara encontrada en: /var/www/html/reconocimientoFacial/proyecto_definitivo/admin/files/videos_registro_videos/1_otraprueba_3.avi
cara guardada en /0_2022-10-24_18:17:23.681009.avi_23.93930196762085.jpg con esta confidence:0.9663951
cara encontrada en: /var/www/html/reconocimientoFacial/proyecto_definitivo/admin/files/videos_registro_videos/1_otraprueba_3.avi
cara guardada en /0_2022-10-24_18:17:23.881913.avi_24.14020538330078.jpg con esta confidence:0.9659417
cara encontrada en: /var/www/html/reconocimientoFacial/proyecto_definitivo/admin/files/videos_registro_videos/1_otraprueba_3.avi
cara guardada en /0_2022-10-24_18:17:24.026049.avi_24.284342050552368.jpg con esta confidence:0.96314096
cara encontrada en: /var/www/html/reconocimientoFacial/proyecto_definitivo/admin/files/videos_registro_videos/1_otraprueba_3.avi
cara guardada en /0_2022-10-24_18:17:24.149308.avi_24.40760040283203.jpg con esta confidence:0.8599713
cara encontrada en: /var/www/html/reconocimientoFacial/proyecto_definitivo/admin/files/videos_registro_videos/1_otraprueba_3.avi
cara guardada en /0_2022-10-24_18:17:24.216345.avi_24.47463870048523.jpg con esta confidence:0.8103153
voy(3) leyendo el video..
tenemos(3) frame k lo guardo ..
voy(3) leyendo el video..
tenemos(3) frame k lo guardo ..
cara encontrada en: /var/www/html/reconocimientoFacial/proyecto_definitivo/admin/files/videos_registro_videos/1_otraprueba_3.avi
cara guardada en /0_2022-10-24_18:17:27.593979.avi_27.85227131843567.jpg con esta confidence:0.99606603
cara encontrada en: /var/www/html/reconocimientoFacial/proyecto_definitivo/admin/files/videos_registro_videos/1_otraprueba_3.avi
cara guardada en /0_2022-10-24_18:17:27.745314.avi_28.003607273101807.jpg con esta confidence:0.9928515
cara encontrada en: /var/www/html/reconocimientoFacial/proyecto_definitivo/admin/files/videos_registro_videos/1_otraprueba_3.avi
cara guardada en /0_2022-10-24_18:17:27.895792.avi_28.154080152511597.jpg con esta confidence:0.9753606
cara encontrada en: /var/www/html/reconocimientoFacial/proyecto_definitivo/admin/files/videos_registro_videos/1_otraprueba_3.avi
cara guardada en /0_2022-10-24_18:17:28.170009.avi_28.428300857543945.jpg con esta confidence:0.9660188
cara encontrada en: /var/www/html/reconocimientoFacial/proyecto_definitivo/admin/files/videos_registro_videos/1_otraprueba_3.avi
cara guardada en /0_2022-10-24_18:17:28.382571.avi_28.640863180160522.jpg con esta confidence:0.95280117
cara encontrada en: /var/www/html/reconocimientoFacial/proyecto_definitivo/admin/files/videos_registro_videos/1_otraprueba_3.avi
cara guardada en /0_2022-10-24_18:17:28.464224.avi_28.722517013549805.jpg con esta confidence:0.9427986
cara encontrada en: /var/www/html/reconocimientoFacial/proyecto_definitivo/admin/files/videos_registro_videos/1_otraprueba_3.avi
cara guardada en /0_2022-10-24_18:17:28.618446.avi_28.876739025115967.jpg con esta confidence:0.88547236
cara encontrada en: /var/www/html/reconocimientoFacial/proyecto_definitivo/admin/files/videos_registro_videos/1_otraprueba_3.avi
cara guardada en /0_2022-10-24_18:17:28.727566.avi_28.985859394073486.jpg con esta confidence:0.71634364
cara encontrada en: /var/www/html/reconocimientoFacial/proyecto_definitivo/admin/files/videos_registro_videos/1_otraprueba_3.avi
cara guardada en /0_2022-10-24_18:17:28.854482.avi_29.112772464752197.jpg con esta confidence:0.7041233
voy(3) leyendo el video..
tenemos(3) frame k lo guardo ..
voy(3) leyendo el video..
tenemos(3) frame k lo guardo ..
cara encontrada en: /var/www/html/reconocimientoFacial/proyecto_definitivo/admin/files/videos_registro_videos/1_otraprueba_3.avi
cara guardada en /0_2022-10-24_18:17:31.811552.avi_32.06984353065491.jpg con esta confidence:0.997693
cara encontrada en: /var/www/html/reconocimientoFacial/proyecto_definitivo/admin/files/videos_registro_videos/1_otraprueba_3.avi
cara guardada en /0_2022-10-24_18:17:31.898585.avi_32.156874656677246.jpg con esta confidence:0.99654144
cara encontrada en: /var/www/html/reconocimientoFacial/proyecto_definitivo/admin/files/videos_registro_videos/1_otraprueba_3.avi
cara guardada en /0_2022-10-24_18:17:31.992150.avi_32.250442028045654.jpg con esta confidence:0.9745919
cara encontrada en: /var/www/html/reconocimientoFacial/proyecto_definitivo/admin/files/videos_registro_videos/1_otraprueba_3.avi
cara guardada en /0_2022-10-24_18:17:32.223471.avi_32.48176383972168.jpg con esta confidence:0.97215825
cara encontrada en: /var/www/html/reconocimientoFacial/proyecto_definitivo/admin/files/videos_registro_videos/1_otraprueba_3.avi
cara guardada en /0_2022-10-24_18:17:32.338079.avi_32.5963716506958.jpg con esta confidence:0.9705758
cara encontrada en: /var/www/html/reconocimientoFacial/proyecto_definitivo/admin/files/videos_registro_videos/1_otraprueba_3.avi
cara guardada en /0_2022-10-24_18:17:32.399338.avi_32.657630920410156.jpg con esta confidence:0.96625865
cara encontrada en: /var/www/html/reconocimientoFacial/proyecto_definitivo/admin/files/videos_registro_videos/1_otraprueba_3.avi
cara guardada en /0_2022-10-24_18:17:32.602241.avi_32.860533714294434.jpg con esta confidence:0.89990264
cara encontrada en: /var/www/html/reconocimientoFacial/proyecto_definitivo/admin/files/videos_registro_videos/1_otraprueba_3.avi
cara guardada en /0_2022-10-24_18:17:32.735580.avi_32.993868589401245.jpg con esta confidence:0.82042754
cara encontrada en: /var/www/html/reconocimientoFacial/proyecto_definitivo/admin/files/videos_registro_videos/1_otraprueba_3.avi
cara guardada en /0_2022-10-24_18:17:33.016883.avi_33.27517557144165.jpg con esta confidence:0.6887958
voy(3) leyendo el video..
tenemos(3) frame k lo guardo ..
voy(3) leyendo el video..
tenemos(3) frame k lo guardo ..
cara encontrada en: /var/www/html/reconocimientoFacial/proyecto_definitivo/admin/files/videos_registro_videos/1_otraprueba_3.avi
cara guardada en /0_2022-10-24_18:17:35.982171.avi_36.24046492576599.jpg con esta confidence:0.9973882
cara encontrada en: /var/www/html/reconocimientoFacial/proyecto_definitivo/admin/files/videos_registro_videos/1_otraprueba_3.avi
cara guardada en /0_2022-10-24_18:17:36.021539.avi_36.279831409454346.jpg con esta confidence:0.9963496
cara encontrada en: /var/www/html/reconocimientoFacial/proyecto_definitivo/admin/files/videos_registro_videos/1_otraprueba_3.avi
cara guardada en /0_2022-10-24_18:17:36.061024.avi_36.3193154335022.jpg con esta confidence:0.9797999
cara encontrada en: /var/www/html/reconocimientoFacial/proyecto_definitivo/admin/files/videos_registro_videos/1_otraprueba_3.avi
cara guardada en /0_2022-10-24_18:17:36.131110.avi_36.38940358161926.jpg con esta confidence:0.96879184
cara encontrada en: /var/www/html/reconocimientoFacial/proyecto_definitivo/admin/files/videos_registro_videos/1_otraprueba_3.avi
cara guardada en /0_2022-10-24_18:17:36.163081.avi_36.42137384414673.jpg con esta confidence:0.9571972
cara encontrada en: /var/www/html/reconocimientoFacial/proyecto_definitivo/admin/files/videos_registro_videos/1_otraprueba_3.avi
cara guardada en /0_2022-10-24_18:17:36.304375.avi_36.56266689300537.jpg con esta confidence:0.9351475
cara encontrada en: /var/www/html/reconocimientoFacial/proyecto_definitivo/admin/files/videos_registro_videos/1_otraprueba_3.avi
cara guardada en /0_2022-10-24_18:17:36.373021.avi_36.63131260871887.jpg con esta confidence:0.870053
cara encontrada en: /var/www/html/reconocimientoFacial/proyecto_definitivo/admin/files/videos_registro_videos/1_otraprueba_3.avi
cara guardada en /0_2022-10-24_18:17:36.436783.avi_36.69507455825806.jpg con esta confidence:0.7773557
cara encontrada en: /var/www/html/reconocimientoFacial/proyecto_definitivo/admin/files/videos_registro_videos/1_otraprueba_3.avi
cara guardada en /0_2022-10-24_18:17:36.491879.avi_36.75017166137695.jpg con esta confidence:0.71109337
voy(3) leyendo el video..
tenemos(3) frame k lo guardo ..
voy(3) leyendo el video..
tenemos(3) frame k lo guardo ..
cara encontrada en: /var/www/html/reconocimientoFacial/proyecto_definitivo/admin/files/videos_registro_videos/1_otraprueba_3.avi
cara guardada en /0_2022-10-24_18:17:38.574099.avi_38.832390785217285.jpg con esta confidence:0.997928
cara encontrada en: /var/www/html/reconocimientoFacial/proyecto_definitivo/admin/files/videos_registro_videos/1_otraprueba_3.avi
cara guardada en /0_2022-10-24_18:17:38.744089.avi_39.00238108634949.jpg con esta confidence:0.99714273
cara encontrada en: /var/www/html/reconocimientoFacial/proyecto_definitivo/admin/files/videos_registro_videos/1_otraprueba_3.avi
cara guardada en /0_2022-10-24_18:17:38.928741.avi_39.18703269958496.jpg con esta confidence:0.98434365
cara encontrada en: /var/www/html/reconocimientoFacial/proyecto_definitivo/admin/files/videos_registro_videos/1_otraprueba_3.avi
cara guardada en /0_2022-10-24_18:17:39.027331.avi_39.285624265670776.jpg con esta confidence:0.97701216
cara encontrada en: /var/www/html/reconocimientoFacial/proyecto_definitivo/admin/files/videos_registro_videos/1_otraprueba_3.avi
cara guardada en /0_2022-10-24_18:17:39.128547.avi_39.3868408203125.jpg con esta confidence:0.968217
cara encontrada en: /var/www/html/reconocimientoFacial/proyecto_definitivo/admin/files/videos_registro_videos/1_otraprueba_3.avi
cara guardada en /0_2022-10-24_18:17:39.311650.avi_39.569941997528076.jpg con esta confidence:0.96599334
cara encontrada en: /var/www/html/reconocimientoFacial/proyecto_definitivo/admin/files/videos_registro_videos/1_otraprueba_3.avi
cara guardada en /0_2022-10-24_18:17:39.426699.avi_39.68499207496643.jpg con esta confidence:0.9282755
cara encontrada en: /var/www/html/reconocimientoFacial/proyecto_definitivo/admin/files/videos_registro_videos/1_otraprueba_3.avi
cara guardada en /0_2022-10-24_18:17:39.748064.avi_40.0063579082489.jpg con esta confidence:0.8568923
cara encontrada en: /var/www/html/reconocimientoFacial/proyecto_definitivo/admin/files/videos_registro_videos/1_otraprueba_3.avi
cara guardada en /0_2022-10-24_18:17:39.949677.avi_40.207963943481445.jpg con esta confidence:0.7980387
voy(3) leyendo el video..
tenemos(3) frame k lo guardo ..
voy(3) leyendo el video..
tenemos(3) frame k lo guardo ..
cara encontrada en: /var/www/html/reconocimientoFacial/proyecto_definitivo/admin/files/videos_registro_videos/1_otraprueba_3.avi
cara guardada en /0_2022-10-24_18:17:42.681121.avi_42.93941307067871.jpg con esta confidence:0.99610835
cara encontrada en: /var/www/html/reconocimientoFacial/proyecto_definitivo/admin/files/videos_registro_videos/1_otraprueba_3.avi
cara guardada en /0_2022-10-24_18:17:42.794003.avi_43.05229592323303.jpg con esta confidence:0.9941928
cara encontrada en: /var/www/html/reconocimientoFacial/proyecto_definitivo/admin/files/videos_registro_videos/1_otraprueba_3.avi
cara guardada en /0_2022-10-24_18:17:42.939590.avi_43.197882652282715.jpg con esta confidence:0.9660946
cara encontrada en: /var/www/html/reconocimientoFacial/proyecto_definitivo/admin/files/videos_registro_videos/1_otraprueba_3.avi
cara guardada en /0_2022-10-24_18:17:45.766742.avi_46.0250358581543.jpg con esta confidence:0.96310544
cara encontrada en: /var/www/html/reconocimientoFacial/proyecto_definitivo/admin/files/videos_registro_videos/1_otraprueba_3.avi
cara guardada en /0_2022-10-24_18:17:45.828872.avi_46.087165117263794.jpg con esta confidence:0.9579013
cara encontrada en: /var/www/html/reconocimientoFacial/proyecto_definitivo/admin/files/videos_registro_videos/1_otraprueba_3.avi
cara guardada en /0_2022-10-24_18:17:45.896521.avi_46.15481400489807.jpg con esta confidence:0.9403528
cara encontrada en: /var/www/html/reconocimientoFacial/proyecto_definitivo/admin/files/videos_registro_videos/1_otraprueba_3.avi
cara guardada en /0_2022-10-24_18:17:46.116029.avi_46.374321937561035.jpg con esta confidence:0.8284711
cara encontrada en: /var/www/html/reconocimientoFacial/proyecto_definitivo/admin/files/videos_registro_videos/1_otraprueba_3.avi
cara guardada en /0_2022-10-24_18:17:46.247202.avi_46.505494356155396.jpg con esta confidence:0.7639546
cara encontrada en: /var/www/html/reconocimientoFacial/proyecto_definitivo/admin/files/videos_registro_videos/1_otraprueba_3.avi
cara guardada en /0_2022-10-24_18:17:46.381297.avi_46.63958978652954.jpg con esta confidence:0.70210636
voy(3) leyendo el video..
tenemos(3) frame k lo guardo ..
voy(3) leyendo el video..
tenemos(3) frame k lo guardo ..
cara encontrada en: /var/www/html/reconocimientoFacial/proyecto_definitivo/admin/files/videos_registro_videos/1_otraprueba_3.avi
cara guardada en /0_2022-10-24_18:17:49.350273.avi_49.6085638999939.jpg con esta confidence:0.99817204
cara encontrada en: /var/www/html/reconocimientoFacial/proyecto_definitivo/admin/files/videos_registro_videos/1_otraprueba_3.avi
cara guardada en /0_2022-10-24_18:17:49.451010.avi_49.709304094314575.jpg con esta confidence:0.9980501
cara encontrada en: /var/www/html/reconocimientoFacial/proyecto_definitivo/admin/files/videos_registro_videos/1_otraprueba_3.avi
cara guardada en /0_2022-10-24_18:17:49.650746.avi_49.90903878211975.jpg con esta confidence:0.9797804
cara encontrada en: /var/www/html/reconocimientoFacial/proyecto_definitivo/admin/files/videos_registro_videos/1_otraprueba_3.avi
cara guardada en /0_2022-10-24_18:17:49.733524.avi_49.991817235946655.jpg con esta confidence:0.97809577
cara encontrada en: /var/www/html/reconocimientoFacial/proyecto_definitivo/admin/files/videos_registro_videos/1_otraprueba_3.avi
cara guardada en /0_2022-10-24_18:17:49.858359.avi_50.11665225028992.jpg con esta confidence:0.9767585
cara encontrada en: /var/www/html/reconocimientoFacial/proyecto_definitivo/admin/files/videos_registro_videos/1_otraprueba_3.avi
cara guardada en /0_2022-10-24_18:17:49.996726.avi_50.25502014160156.jpg con esta confidence:0.9707944
cara encontrada en: /var/www/html/reconocimientoFacial/proyecto_definitivo/admin/files/videos_registro_videos/1_otraprueba_3.avi
cara guardada en /0_2022-10-24_18:17:50.121401.avi_50.37969446182251.jpg con esta confidence:0.89704186
cara encontrada en: /var/www/html/reconocimientoFacial/proyecto_definitivo/admin/files/videos_registro_videos/1_otraprueba_3.avi
cara guardada en /0_2022-10-24_18:17:50.227217.avi_50.48551034927368.jpg con esta confidence:0.89697105
voy(3) leyendo el video..
tenemos(3) frame k lo guardo ..
voy(3) leyendo el video..
tenemos(3) frame k lo guardo ..
cara encontrada en: /var/www/html/reconocimientoFacial/proyecto_definitivo/admin/files/videos_registro_videos/1_otraprueba_3.avi
cara guardada en /0_2022-10-24_18:17:53.714181.avi_53.972471475601196.jpg con esta confidence:0.9899753
cara encontrada en: /var/www/html/reconocimientoFacial/proyecto_definitivo/admin/files/videos_registro_videos/1_otraprueba_3.avi
cara guardada en /0_2022-10-24_18:17:53.881317.avi_54.139610052108765.jpg con esta confidence:0.96665645
cara encontrada en: /var/www/html/reconocimientoFacial/proyecto_definitivo/admin/files/videos_registro_videos/1_otraprueba_3.avi
cara guardada en /0_2022-10-24_18:17:54.044816.avi_54.30310940742493.jpg con esta confidence:0.9120895
cara encontrada en: /var/www/html/reconocimientoFacial/proyecto_definitivo/admin/files/videos_registro_videos/1_otraprueba_3.avi
cara guardada en /0_2022-10-24_18:17:54.185274.avi_54.44356679916382.jpg con esta confidence:0.89964455
cara encontrada en: /var/www/html/reconocimientoFacial/proyecto_definitivo/admin/files/videos_registro_videos/1_otraprueba_3.avi
cara guardada en /0_2022-10-24_18:17:54.320960.avi_54.57925319671631.jpg con esta confidence:0.8312683
cara encontrada en: /var/www/html/reconocimientoFacial/proyecto_definitivo/admin/files/videos_registro_videos/1_otraprueba_3.avi
cara guardada en /0_2022-10-24_18:17:54.425472.avi_54.68376588821411.jpg con esta confidence:0.8259755
cara encontrada en: /var/www/html/reconocimientoFacial/proyecto_definitivo/admin/files/videos_registro_videos/1_otraprueba_3.avi
cara guardada en /0_2022-10-24_18:17:54.573115.avi_54.83140778541565.jpg con esta confidence:0.7464387
cara encontrada en: /var/www/html/reconocimientoFacial/proyecto_definitivo/admin/files/videos_registro_videos/1_otraprueba_3.avi
cara guardada en /0_2022-10-24_18:17:54.677365.avi_54.93565797805786.jpg con esta confidence:0.69850343
voy(3) leyendo el video..
tenemos(3) frame k lo guardo ..
voy(3) leyendo el video..
tenemos(3) frame k lo guardo ..
cara encontrada en: /var/www/html/reconocimientoFacial/proyecto_definitivo/admin/files/videos_registro_videos/1_otraprueba_3.avi
cara guardada en /0_2022-10-24_18:17:57.595447.avi_57.853734254837036.jpg con esta confidence:0.96112007
cara encontrada en: /var/www/html/reconocimientoFacial/proyecto_definitivo/admin/files/videos_registro_videos/1_otraprueba_3.avi
cara guardada en /0_2022-10-24_18:17:57.736120.avi_57.99441361427307.jpg con esta confidence:0.83482194
cara encontrada en: /var/www/html/reconocimientoFacial/proyecto_definitivo/admin/files/videos_registro_videos/1_otraprueba_3.avi
cara guardada en /0_2022-10-24_18:17:57.970532.avi_58.22882080078125.jpg con esta confidence:0.82323426
cara encontrada en: /var/www/html/reconocimientoFacial/proyecto_definitivo/admin/files/videos_registro_videos/1_otraprueba_3.avi
cara guardada en /0_2022-10-24_18:17:58.034856.avi_58.29314827919006.jpg con esta confidence:0.8153274
cara encontrada en: /var/www/html/reconocimientoFacial/proyecto_definitivo/admin/files/videos_registro_videos/1_otraprueba_3.avi
cara guardada en /0_2022-10-24_18:17:58.064308.avi_58.322601079940796.jpg con esta confidence:0.7119608
voy(3) leyendo el video..
tenemos(3) frame k lo guardo ..
voy(3) leyendo el video..
tenemos(3) frame k lo guardo ..
cara encontrada en: /var/www/html/reconocimientoFacial/proyecto_definitivo/admin/files/videos_registro_videos/1_otraprueba_3.avi
cara guardada en /0_2022-10-24_18:18:00.704289.avi_60.962581634521484.jpg con esta confidence:0.95518714
cara encontrada en: /var/www/html/reconocimientoFacial/proyecto_definitivo/admin/files/videos_registro_videos/1_otraprueba_3.avi
cara guardada en /0_2022-10-24_18:18:01.099219.avi_61.35751032829285.jpg con esta confidence:0.8935142
cara encontrada en: /var/www/html/reconocimientoFacial/proyecto_definitivo/admin/files/videos_registro_videos/1_otraprueba_3.avi
cara guardada en /0_2022-10-24_18:18:01.265140.avi_61.52343273162842.jpg con esta confidence:0.82409614
cara encontrada en: /var/www/html/reconocimientoFacial/proyecto_definitivo/admin/files/videos_registro_videos/1_otraprueba_3.avi
cara guardada en /0_2022-10-24_18:18:01.455012.avi_61.713303565979004.jpg con esta confidence:0.7872516
voy(3) leyendo el video..
tenemos(3) frame k lo guardo ..
voy(3) leyendo el video..
tenemos(3) frame k lo guardo ..
cara encontrada en: /var/www/html/reconocimientoFacial/proyecto_definitivo/admin/files/videos_registro_videos/1_otraprueba_3.avi
cara guardada en /0_2022-10-24_18:18:04.498966.avi_64.75725436210632.jpg con esta confidence:0.9682007
cara encontrada en: /var/www/html/reconocimientoFacial/proyecto_definitivo/admin/files/videos_registro_videos/1_otraprueba_3.avi
cara guardada en /0_2022-10-24_18:18:04.835578.avi_65.09387111663818.jpg con esta confidence:0.86989236
cara encontrada en: /var/www/html/reconocimientoFacial/proyecto_definitivo/admin/files/videos_registro_videos/1_otraprueba_3.avi
cara guardada en /0_2022-10-24_18:18:05.239729.avi_65.49802041053772.jpg con esta confidence:0.8398237
cara encontrada en: /var/www/html/reconocimientoFacial/proyecto_definitivo/admin/files/videos_registro_videos/1_otraprueba_3.avi
cara guardada en /0_2022-10-24_18:18:05.378494.avi_65.63678693771362.jpg con esta confidence:0.8008226
cara encontrada en: /var/www/html/reconocimientoFacial/proyecto_definitivo/admin/files/videos_registro_videos/1_otraprueba_3.avi
cara guardada en /0_2022-10-24_18:18:05.686544.avi_65.94483232498169.jpg con esta confidence:0.74905705
voy(3) leyendo el video..
tenemos(3) frame k lo guardo ..
voy(3) leyendo el video..
tenemos(3) frame k lo guardo ..
cara encontrada en: /var/www/html/reconocimientoFacial/proyecto_definitivo/admin/files/videos_registro_videos/1_otraprueba_3.avi
cara guardada en /0_2022-10-24_18:18:08.269570.avi_68.52786231040955.jpg con esta confidence:0.9601191
cara encontrada en: /var/www/html/reconocimientoFacial/proyecto_definitivo/admin/files/videos_registro_videos/1_otraprueba_3.avi
cara guardada en /0_2022-10-24_18:18:08.386660.avi_68.64495396614075.jpg con esta confidence:0.93169403
cara encontrada en: /var/www/html/reconocimientoFacial/proyecto_definitivo/admin/files/videos_registro_videos/1_otraprueba_3.avi
cara guardada en /0_2022-10-24_18:18:08.423336.avi_68.68162846565247.jpg con esta confidence:0.798886
voy(3) leyendo el video..
tenemos(3) frame k lo guardo ..
voy(3) leyendo el video..
tenemos(3) frame k lo guardo ..
cara encontrada en: /var/www/html/reconocimientoFacial/proyecto_definitivo/admin/files/videos_registro_videos/1_otraprueba_3.avi
cara guardada en /0_2022-10-24_18:18:11.366277.avi_71.6245698928833.jpg con esta confidence:0.9518805
cara encontrada en: /var/www/html/reconocimientoFacial/proyecto_definitivo/admin/files/videos_registro_videos/1_otraprueba_3.avi
cara guardada en /0_2022-10-24_18:18:11.512284.avi_71.77057528495789.jpg con esta confidence:0.91808474
cara encontrada en: /var/www/html/reconocimientoFacial/proyecto_definitivo/admin/files/videos_registro_videos/1_otraprueba_3.avi
cara guardada en /0_2022-10-24_18:18:11.720579.avi_71.97887253761292.jpg con esta confidence:0.73439735
cara encontrada en: /var/www/html/reconocimientoFacial/proyecto_definitivo/admin/files/videos_registro_videos/1_otraprueba_3.avi
cara guardada en /0_2022-10-24_18:18:11.956864.avi_72.21515703201294.jpg con esta confidence:0.72652227
voy(3) leyendo el video..
tenemos(3) frame k lo guardo ..
voy(3) leyendo el video..
tenemos(3) frame k lo guardo ..
cara encontrada en: /var/www/html/reconocimientoFacial/proyecto_definitivo/admin/files/videos_registro_videos/1_otraprueba_3.avi
cara guardada en /0_2022-10-24_18:18:15.035475.avi_75.29376697540283.jpg con esta confidence:0.875894
cara encontrada en: /var/www/html/reconocimientoFacial/proyecto_definitivo/admin/files/videos_registro_videos/1_otraprueba_3.avi
cara guardada en /0_2022-10-24_18:18:15.247641.avi_75.50593376159668.jpg con esta confidence:0.8675176
voy(3) leyendo el video..
tenemos(3) frame k lo guardo ..
voy(3) leyendo el video..
tenemos(3) frame k lo guardo ..
cara encontrada en: /var/www/html/reconocimientoFacial/proyecto_definitivo/admin/files/videos_registro_videos/1_otraprueba_3.avi
cara guardada en /0_2022-10-24_18:18:18.877361.avi_79.13565135002136.jpg con esta confidence:0.9120258
cara encontrada en: /var/www/html/reconocimientoFacial/proyecto_definitivo/admin/files/videos_registro_videos/1_otraprueba_3.avi
cara guardada en /0_2022-10-24_18:18:19.070493.avi_79.32878637313843.jpg con esta confidence:0.8879853
voy(3) leyendo el video..
tenemos(3) frame k lo guardo ..
voy(3) leyendo el video..
tenemos(3) frame k lo guardo ..
cara encontrada en: /var/www/html/reconocimientoFacial/proyecto_definitivo/admin/files/videos_registro_videos/1_otraprueba_3.avi
cara guardada en /0_2022-10-24_18:18:21.055183.avi_81.31347608566284.jpg con esta confidence:0.9303946
cara encontrada en: /var/www/html/reconocimientoFacial/proyecto_definitivo/admin/files/videos_registro_videos/1_otraprueba_3.avi
cara guardada en /0_2022-10-24_18:18:21.129380.avi_81.3876736164093.jpg con esta confidence:0.9105645
cara encontrada en: /var/www/html/reconocimientoFacial/proyecto_definitivo/admin/files/videos_registro_videos/1_otraprueba_3.avi
cara guardada en /0_2022-10-24_18:18:21.196092.avi_81.45438504219055.jpg con esta confidence:0.7056155
voy(3) leyendo el video..
tenemos(3) frame k lo guardo ..
voy(3) leyendo el video..
tenemos(3) frame k lo guardo ..
cara encontrada en: /var/www/html/reconocimientoFacial/proyecto_definitivo/admin/files/videos_registro_videos/1_otraprueba_3.avi
cara guardada en /0_2022-10-24_18:18:24.805505.avi_85.06379628181458.jpg con esta confidence:0.8687652
cara encontrada en: /var/www/html/reconocimientoFacial/proyecto_definitivo/admin/files/videos_registro_videos/1_otraprueba_3.avi
cara guardada en /0_2022-10-24_18:18:24.923890.avi_85.18218350410461.jpg con esta confidence:0.8295041
voy(3) leyendo el video..
tenemos(3) frame k lo guardo ..
voy(3) leyendo el video..
tenemos(3) frame k lo guardo ..
cara encontrada en: /var/www/html/reconocimientoFacial/proyecto_definitivo/admin/files/videos_registro_videos/1_otraprueba_3.avi
cara guardada en /0_2022-10-24_18:18:28.001289.avi_88.25958108901978.jpg con esta confidence:0.8566051
cara encontrada en: /var/www/html/reconocimientoFacial/proyecto_definitivo/admin/files/videos_registro_videos/1_otraprueba_3.avi
cara guardada en /0_2022-10-24_18:18:28.203106.avi_88.46139860153198.jpg con esta confidence:0.84533554
cara encontrada en: /var/www/html/reconocimientoFacial/proyecto_definitivo/admin/files/videos_registro_videos/1_otraprueba_3.avi
cara guardada en /0_2022-10-24_18:18:28.492020.avi_88.75031232833862.jpg con esta confidence:0.69740105
voy(3) leyendo el video..
tenemos(3) frame k lo guardo ..
voy(3) leyendo el video..
tenemos(3) frame k lo guardo ..
cara encontrada en: /var/www/html/reconocimientoFacial/proyecto_definitivo/admin/files/videos_registro_videos/1_otraprueba_3.avi
cara guardada en /0_2022-10-24_18:18:31.958777.avi_92.21706867218018.jpg con esta confidence:0.84050155
cara encontrada en: /var/www/html/reconocimientoFacial/proyecto_definitivo/admin/files/videos_registro_videos/1_otraprueba_3.avi
cara guardada en /0_2022-10-24_18:18:32.085360.avi_92.34365320205688.jpg con esta confidence:0.7828988
voy(3) leyendo el video..
tenemos(3) frame k lo guardo ..
voy(3) leyendo el video..
tenemos(3) frame k lo guardo ..
cara encontrada en: /var/www/html/reconocimientoFacial/proyecto_definitivo/admin/files/videos_registro_videos/1_otraprueba_3.avi
cara guardada en /0_2022-10-24_18:18:35.597695.avi_95.85598731040955.jpg con esta confidence:0.9079185
cara encontrada en: /var/www/html/reconocimientoFacial/proyecto_definitivo/admin/files/videos_registro_videos/1_otraprueba_3.avi
cara guardada en /0_2022-10-24_18:18:35.774954.avi_96.03324723243713.jpg con esta confidence:0.87132317
cara encontrada en: /var/www/html/reconocimientoFacial/proyecto_definitivo/admin/files/videos_registro_videos/1_otraprueba_3.avi
cara guardada en /0_2022-10-24_18:18:35.956178.avi_96.21447134017944.jpg con esta confidence:0.7920239
cara encontrada en: /var/www/html/reconocimientoFacial/proyecto_definitivo/admin/files/videos_registro_videos/1_otraprueba_3.avi
cara guardada en /0_2022-10-24_18:18:36.104869.avi_96.36316204071045.jpg con esta confidence:0.7851786
cara encontrada en: /var/www/html/reconocimientoFacial/proyecto_definitivo/admin/files/videos_registro_videos/1_otraprueba_3.avi
cara guardada en /0_2022-10-24_18:18:36.203848.avi_96.46214056015015.jpg con esta confidence:0.7041987
voy(3) leyendo el video..
tenemos(3) frame k lo guardo ..
voy(3) leyendo el video..
tenemos(3) frame k lo guardo ..
cara encontrada en: /var/www/html/reconocimientoFacial/proyecto_definitivo/admin/files/videos_registro_videos/1_otraprueba_3.avi
cara guardada en /0_2022-10-24_18:18:39.331237.avi_99.58953070640564.jpg con esta confidence:0.931021
cara encontrada en: /var/www/html/reconocimientoFacial/proyecto_definitivo/admin/files/videos_registro_videos/1_otraprueba_3.avi
cara guardada en /0_2022-10-24_18:18:39.542709.avi_99.80100226402283.jpg con esta confidence:0.83323205
cara encontrada en: /var/www/html/reconocimientoFacial/proyecto_definitivo/admin/files/videos_registro_videos/1_otraprueba_3.avi
cara guardada en /0_2022-10-24_18:18:39.720267.avi_99.97855925559998.jpg con esta confidence:0.7952719
cara encontrada en: /var/www/html/reconocimientoFacial/proyecto_definitivo/admin/files/videos_registro_videos/1_otraprueba_3.avi
cara guardada en /0_2022-10-24_18:18:40.091800.avi_100.350093126297.jpg con esta confidence:0.6891272
voy(3) leyendo el video..
tenemos(3) frame k lo guardo ..
voy(3) leyendo el video..
tenemos(3) frame k lo guardo ..
cara encontrada en: /var/www/html/reconocimientoFacial/proyecto_definitivo/admin/files/videos_registro_videos/1_otraprueba_3.avi
cara guardada en /0_2022-10-24_18:18:43.283110.avi_103.54140281677246.jpg con esta confidence:0.8941287
cara encontrada en: /var/www/html/reconocimientoFacial/proyecto_definitivo/admin/files/videos_registro_videos/1_otraprueba_3.avi
cara guardada en /0_2022-10-24_18:18:43.512048.avi_103.77033925056458.jpg con esta confidence:0.86363727
cara encontrada en: /var/www/html/reconocimientoFacial/proyecto_definitivo/admin/files/videos_registro_videos/1_otraprueba_3.avi
cara guardada en /0_2022-10-24_18:18:43.802533.avi_104.06082582473755.jpg con esta confidence:0.81755817
cara encontrada en: /var/www/html/reconocimientoFacial/proyecto_definitivo/admin/files/videos_registro_videos/1_otraprueba_3.avi
cara guardada en /0_2022-10-24_18:18:44.091291.avi_104.34958410263062.jpg con esta confidence:0.7062306
voy(3) leyendo el video..
Llego al final y remuevo el video!
Tiempo de analizar el video:105.12975454330444
