tenemos este video:/var/www/html/reconocimientoFacial/proyecto_definitivo/admin/files/videos_registro_videos/1_otraprueba_10.avi
voy(10) leyendo el video..
tenemos(10) frame k lo guardo ..
voy(10) leyendo el video..
tenemos(10) frame k lo guardo ..
cara encontrada en: /var/www/html/reconocimientoFacial/proyecto_definitivo/admin/files/videos_registro_videos/1_otraprueba_10.avi
cara guardada en /0_2022-10-24_18:17:05.832725.avi_1.8296995162963867.jpg con esta confidence:0.9998715
cara encontrada en: /var/www/html/reconocimientoFacial/proyecto_definitivo/admin/files/videos_registro_videos/1_otraprueba_10.avi
cara guardada en /0_2022-10-24_18:17:05.911662.avi_1.908639669418335.jpg con esta confidence:0.999446
cara encontrada en: /var/www/html/reconocimientoFacial/proyecto_definitivo/admin/files/videos_registro_videos/1_otraprueba_10.avi
cara guardada en /0_2022-10-24_18:17:06.025281.avi_2.02225923538208.jpg con esta confidence:0.9987249
cara encontrada en: /var/www/html/reconocimientoFacial/proyecto_definitivo/admin/files/videos_registro_videos/1_otraprueba_10.avi
cara guardada en /0_2022-10-24_18:17:06.122776.avi_2.119752883911133.jpg con esta confidence:0.998268
cara encontrada en: /var/www/html/reconocimientoFacial/proyecto_definitivo/admin/files/videos_registro_videos/1_otraprueba_10.avi
cara guardada en /0_2022-10-24_18:17:06.224503.avi_2.22148060798645.jpg con esta confidence:0.99677604
cara encontrada en: /var/www/html/reconocimientoFacial/proyecto_definitivo/admin/files/videos_registro_videos/1_otraprueba_10.avi
cara guardada en /0_2022-10-24_18:17:06.371397.avi_2.368375301361084.jpg con esta confidence:0.993298
cara encontrada en: /var/www/html/reconocimientoFacial/proyecto_definitivo/admin/files/videos_registro_videos/1_otraprueba_10.avi
cara guardada en /0_2022-10-24_18:17:06.441977.avi_2.438952922821045.jpg con esta confidence:0.97301215
cara encontrada en: /var/www/html/reconocimientoFacial/proyecto_definitivo/admin/files/videos_registro_videos/1_otraprueba_10.avi
cara guardada en /0_2022-10-24_18:17:06.558934.avi_2.5559115409851074.jpg con esta confidence:0.92416686
cara encontrada en: /var/www/html/reconocimientoFacial/proyecto_definitivo/admin/files/videos_registro_videos/1_otraprueba_10.avi
cara guardada en /0_2022-10-24_18:17:07.737127.avi_3.7341034412384033.jpg con esta confidence:0.79708177
cara encontrada en: /var/www/html/reconocimientoFacial/proyecto_definitivo/admin/files/videos_registro_videos/1_otraprueba_10.avi
cara guardada en /0_2022-10-24_18:17:07.744096.avi_3.7410709857940674.jpg con esta confidence:0.7598241
cara encontrada en: /var/www/html/reconocimientoFacial/proyecto_definitivo/admin/files/videos_registro_videos/1_otraprueba_10.avi
cara guardada en /0_2022-10-24_18:17:07.765456.avi_3.7624337673187256.jpg con esta confidence:0.7465754
cara encontrada en: /var/www/html/reconocimientoFacial/proyecto_definitivo/admin/files/videos_registro_videos/1_otraprueba_10.avi
cara guardada en /0_2022-10-24_18:17:07.835546.avi_3.832524061203003.jpg con esta confidence:0.7443793
cara encontrada en: /var/www/html/reconocimientoFacial/proyecto_definitivo/admin/files/videos_registro_videos/1_otraprueba_10.avi
cara guardada en /0_2022-10-24_18:17:07.906365.avi_3.9033420085906982.jpg con esta confidence:0.72105896
cara encontrada en: /var/www/html/reconocimientoFacial/proyecto_definitivo/admin/files/videos_registro_videos/1_otraprueba_10.avi
cara guardada en /0_2022-10-24_18:17:08.108938.avi_4.105915546417236.jpg con esta confidence:0.72065854
voy(10) leyendo el video..
tenemos(10) frame k lo guardo ..
voy(10) leyendo el video..
tenemos(10) frame k lo guardo ..
cara encontrada en: /var/www/html/reconocimientoFacial/proyecto_definitivo/admin/files/videos_registro_videos/1_otraprueba_10.avi
cara guardada en /0_2022-10-24_18:17:10.645766.avi_6.642743110656738.jpg con esta confidence:0.9999584
cara encontrada en: /var/www/html/reconocimientoFacial/proyecto_definitivo/admin/files/videos_registro_videos/1_otraprueba_10.avi
cara guardada en /0_2022-10-24_18:17:10.748250.avi_6.745227813720703.jpg con esta confidence:0.99994826
cara encontrada en: /var/www/html/reconocimientoFacial/proyecto_definitivo/admin/files/videos_registro_videos/1_otraprueba_10.avi
cara guardada en /0_2022-10-24_18:17:11.672947.avi_7.669924020767212.jpg con esta confidence:0.99898046
cara encontrada en: /var/www/html/reconocimientoFacial/proyecto_definitivo/admin/files/videos_registro_videos/1_otraprueba_10.avi
cara guardada en /0_2022-10-24_18:17:11.767216.avi_7.764193534851074.jpg con esta confidence:0.998884
cara encontrada en: /var/www/html/reconocimientoFacial/proyecto_definitivo/admin/files/videos_registro_videos/1_otraprueba_10.avi
cara guardada en /0_2022-10-24_18:17:11.807912.avi_7.804890394210815.jpg con esta confidence:0.9984957
cara encontrada en: /var/www/html/reconocimientoFacial/proyecto_definitivo/admin/files/videos_registro_videos/1_otraprueba_10.avi
cara guardada en /0_2022-10-24_18:17:11.910067.avi_7.907044410705566.jpg con esta confidence:0.9974841
cara encontrada en: /var/www/html/reconocimientoFacial/proyecto_definitivo/admin/files/videos_registro_videos/1_otraprueba_10.avi
cara guardada en /0_2022-10-24_18:17:12.065015.avi_8.06199312210083.jpg con esta confidence:0.99524236
cara encontrada en: /var/www/html/reconocimientoFacial/proyecto_definitivo/admin/files/videos_registro_videos/1_otraprueba_10.avi
cara guardada en /0_2022-10-24_18:17:12.160494.avi_8.157471656799316.jpg con esta confidence:0.9950867
cara encontrada en: /var/www/html/reconocimientoFacial/proyecto_definitivo/admin/files/videos_registro_videos/1_otraprueba_10.avi
cara guardada en /0_2022-10-24_18:17:12.295149.avi_8.292127132415771.jpg con esta confidence:0.9590111
cara encontrada en: /var/www/html/reconocimientoFacial/proyecto_definitivo/admin/files/videos_registro_videos/1_otraprueba_10.avi
cara guardada en /0_2022-10-24_18:17:12.512919.avi_8.509893655776978.jpg con esta confidence:0.9557908
cara encontrada en: /var/www/html/reconocimientoFacial/proyecto_definitivo/admin/files/videos_registro_videos/1_otraprueba_10.avi
cara guardada en /0_2022-10-24_18:17:12.559034.avi_8.55601167678833.jpg con esta confidence:0.94339234
cara encontrada en: /var/www/html/reconocimientoFacial/proyecto_definitivo/admin/files/videos_registro_videos/1_otraprueba_10.avi
cara guardada en /0_2022-10-24_18:17:12.756026.avi_8.753002166748047.jpg con esta confidence:0.8049086
cara encontrada en: /var/www/html/reconocimientoFacial/proyecto_definitivo/admin/files/videos_registro_videos/1_otraprueba_10.avi
cara guardada en /0_2022-10-24_18:17:12.911768.avi_8.908743381500244.jpg con esta confidence:0.72220266
voy(10) leyendo el video..
tenemos(10) frame k lo guardo ..
voy(10) leyendo el video..
tenemos(10) frame k lo guardo ..
cara encontrada en: /var/www/html/reconocimientoFacial/proyecto_definitivo/admin/files/videos_registro_videos/1_otraprueba_10.avi
cara guardada en /0_2022-10-24_18:17:15.587808.avi_11.58478569984436.jpg con esta confidence:0.9999403
cara encontrada en: /var/www/html/reconocimientoFacial/proyecto_definitivo/admin/files/videos_registro_videos/1_otraprueba_10.avi
cara guardada en /0_2022-10-24_18:17:15.707359.avi_11.704336404800415.jpg con esta confidence:0.9999168
cara encontrada en: /var/www/html/reconocimientoFacial/proyecto_definitivo/admin/files/videos_registro_videos/1_otraprueba_10.avi
cara guardada en /0_2022-10-24_18:17:15.849893.avi_11.846869945526123.jpg con esta confidence:0.9995745
cara encontrada en: /var/www/html/reconocimientoFacial/proyecto_definitivo/admin/files/videos_registro_videos/1_otraprueba_10.avi
cara guardada en /0_2022-10-24_18:17:15.902031.avi_11.899007081985474.jpg con esta confidence:0.99903417
cara encontrada en: /var/www/html/reconocimientoFacial/proyecto_definitivo/admin/files/videos_registro_videos/1_otraprueba_10.avi
cara guardada en /0_2022-10-24_18:17:15.992010.avi_11.988988161087036.jpg con esta confidence:0.9973846
cara encontrada en: /var/www/html/reconocimientoFacial/proyecto_definitivo/admin/files/videos_registro_videos/1_otraprueba_10.avi
cara guardada en /0_2022-10-24_18:17:16.242390.avi_12.239367485046387.jpg con esta confidence:0.99728334
cara encontrada en: /var/www/html/reconocimientoFacial/proyecto_definitivo/admin/files/videos_registro_videos/1_otraprueba_10.avi
cara guardada en /0_2022-10-24_18:17:16.380905.avi_12.377882957458496.jpg con esta confidence:0.9971289
cara encontrada en: /var/www/html/reconocimientoFacial/proyecto_definitivo/admin/files/videos_registro_videos/1_otraprueba_10.avi
cara guardada en /0_2022-10-24_18:17:16.571672.avi_12.568647146224976.jpg con esta confidence:0.994601
cara encontrada en: /var/www/html/reconocimientoFacial/proyecto_definitivo/admin/files/videos_registro_videos/1_otraprueba_10.avi
cara guardada en /0_2022-10-24_18:17:16.751943.avi_12.748920440673828.jpg con esta confidence:0.99208564
cara encontrada en: /var/www/html/reconocimientoFacial/proyecto_definitivo/admin/files/videos_registro_videos/1_otraprueba_10.avi
cara guardada en /0_2022-10-24_18:17:17.082111.avi_13.079089164733887.jpg con esta confidence:0.9832751
cara encontrada en: /var/www/html/reconocimientoFacial/proyecto_definitivo/admin/files/videos_registro_videos/1_otraprueba_10.avi
cara guardada en /0_2022-10-24_18:17:17.281378.avi_13.278355836868286.jpg con esta confidence:0.93066525
cara encontrada en: /var/www/html/reconocimientoFacial/proyecto_definitivo/admin/files/videos_registro_videos/1_otraprueba_10.avi
cara guardada en /0_2022-10-24_18:17:17.488027.avi_13.485003232955933.jpg con esta confidence:0.92109084
cara encontrada en: /var/www/html/reconocimientoFacial/proyecto_definitivo/admin/files/videos_registro_videos/1_otraprueba_10.avi
cara guardada en /0_2022-10-24_18:17:17.659901.avi_13.656878471374512.jpg con esta confidence:0.7947434
cara encontrada en: /var/www/html/reconocimientoFacial/proyecto_definitivo/admin/files/videos_registro_videos/1_otraprueba_10.avi
cara guardada en /0_2022-10-24_18:17:17.980744.avi_13.977721214294434.jpg con esta confidence:0.76581365
cara encontrada en: /var/www/html/reconocimientoFacial/proyecto_definitivo/admin/files/videos_registro_videos/1_otraprueba_10.avi
cara guardada en /0_2022-10-24_18:17:18.144226.avi_14.141203165054321.jpg con esta confidence:0.71723914
voy(10) leyendo el video..
tenemos(10) frame k lo guardo ..
voy(10) leyendo el video..
tenemos(10) frame k lo guardo ..
cara encontrada en: /var/www/html/reconocimientoFacial/proyecto_definitivo/admin/files/videos_registro_videos/1_otraprueba_10.avi
cara guardada en /0_2022-10-24_18:17:20.188318.avi_16.185295343399048.jpg con esta confidence:0.9994203
cara encontrada en: /var/www/html/reconocimientoFacial/proyecto_definitivo/admin/files/videos_registro_videos/1_otraprueba_10.avi
cara guardada en /0_2022-10-24_18:17:20.425626.avi_16.422602891921997.jpg con esta confidence:0.9952988
cara encontrada en: /var/www/html/reconocimientoFacial/proyecto_definitivo/admin/files/videos_registro_videos/1_otraprueba_10.avi
cara guardada en /0_2022-10-24_18:17:20.608488.avi_16.60546565055847.jpg con esta confidence:0.99304986
cara encontrada en: /var/www/html/reconocimientoFacial/proyecto_definitivo/admin/files/videos_registro_videos/1_otraprueba_10.avi
cara guardada en /0_2022-10-24_18:17:20.956092.avi_16.95306921005249.jpg con esta confidence:0.99200237
cara encontrada en: /var/www/html/reconocimientoFacial/proyecto_definitivo/admin/files/videos_registro_videos/1_otraprueba_10.avi
cara guardada en /0_2022-10-24_18:17:21.303024.avi_17.3000009059906.jpg con esta confidence:0.97664785
cara encontrada en: /var/www/html/reconocimientoFacial/proyecto_definitivo/admin/files/videos_registro_videos/1_otraprueba_10.avi
cara guardada en /0_2022-10-24_18:17:21.613863.avi_17.610840320587158.jpg con esta confidence:0.95641917
cara encontrada en: /var/www/html/reconocimientoFacial/proyecto_definitivo/admin/files/videos_registro_videos/1_otraprueba_10.avi
cara guardada en /0_2022-10-24_18:17:21.893286.avi_17.890260219573975.jpg con esta confidence:0.9463671
cara encontrada en: /var/www/html/reconocimientoFacial/proyecto_definitivo/admin/files/videos_registro_videos/1_otraprueba_10.avi
cara guardada en /0_2022-10-24_18:17:22.113277.avi_18.110254049301147.jpg con esta confidence:0.8952264
cara encontrada en: /var/www/html/reconocimientoFacial/proyecto_definitivo/admin/files/videos_registro_videos/1_otraprueba_10.avi
cara guardada en /0_2022-10-24_18:17:22.415507.avi_18.412482500076294.jpg con esta confidence:0.8316976
cara encontrada en: /var/www/html/reconocimientoFacial/proyecto_definitivo/admin/files/videos_registro_videos/1_otraprueba_10.avi
cara guardada en /0_2022-10-24_18:17:22.604955.avi_18.601932287216187.jpg con esta confidence:0.79310256
voy(10) leyendo el video..
tenemos(10) frame k lo guardo ..
voy(10) leyendo el video..
tenemos(10) frame k lo guardo ..
cara encontrada en: /var/www/html/reconocimientoFacial/proyecto_definitivo/admin/files/videos_registro_videos/1_otraprueba_10.avi
cara guardada en /0_2022-10-24_18:17:25.209307.avi_21.206283569335938.jpg con esta confidence:0.99933136
cara encontrada en: /var/www/html/reconocimientoFacial/proyecto_definitivo/admin/files/videos_registro_videos/1_otraprueba_10.avi
cara guardada en /0_2022-10-24_18:17:25.319547.avi_21.316524267196655.jpg con esta confidence:0.9990521
cara encontrada en: /var/www/html/reconocimientoFacial/proyecto_definitivo/admin/files/videos_registro_videos/1_otraprueba_10.avi
cara guardada en /0_2022-10-24_18:17:25.548366.avi_21.545344591140747.jpg con esta confidence:0.9969303
cara encontrada en: /var/www/html/reconocimientoFacial/proyecto_definitivo/admin/files/videos_registro_videos/1_otraprueba_10.avi
cara guardada en /0_2022-10-24_18:17:25.812878.avi_21.80985403060913.jpg con esta confidence:0.9960969
cara encontrada en: /var/www/html/reconocimientoFacial/proyecto_definitivo/admin/files/videos_registro_videos/1_otraprueba_10.avi
cara guardada en /0_2022-10-24_18:17:26.088131.avi_22.085108757019043.jpg con esta confidence:0.9559609
cara encontrada en: /var/www/html/reconocimientoFacial/proyecto_definitivo/admin/files/videos_registro_videos/1_otraprueba_10.avi
cara guardada en /0_2022-10-24_18:17:26.252256.avi_22.24923348426819.jpg con esta confidence:0.854066
cara encontrada en: /var/www/html/reconocimientoFacial/proyecto_definitivo/admin/files/videos_registro_videos/1_otraprueba_10.avi
cara guardada en /0_2022-10-24_18:17:26.575814.avi_22.572792291641235.jpg con esta confidence:0.8241595
cara encontrada en: /var/www/html/reconocimientoFacial/proyecto_definitivo/admin/files/videos_registro_videos/1_otraprueba_10.avi
cara guardada en /0_2022-10-24_18:17:26.972217.avi_22.969193696975708.jpg con esta confidence:0.7883608
cara encontrada en: /var/www/html/reconocimientoFacial/proyecto_definitivo/admin/files/videos_registro_videos/1_otraprueba_10.avi
cara guardada en /0_2022-10-24_18:17:27.214604.avi_23.211581468582153.jpg con esta confidence:0.7399683
cara encontrada en: /var/www/html/reconocimientoFacial/proyecto_definitivo/admin/files/videos_registro_videos/1_otraprueba_10.avi
cara guardada en /0_2022-10-24_18:17:27.575173.avi_23.572150945663452.jpg con esta confidence:0.72407067
voy(10) leyendo el video..
tenemos(10) frame k lo guardo ..
voy(10) leyendo el video..
tenemos(10) frame k lo guardo ..
cara encontrada en: /var/www/html/reconocimientoFacial/proyecto_definitivo/admin/files/videos_registro_videos/1_otraprueba_10.avi
cara guardada en /0_2022-10-24_18:17:30.167088.avi_26.164063930511475.jpg con esta confidence:0.9998141
cara encontrada en: /var/www/html/reconocimientoFacial/proyecto_definitivo/admin/files/videos_registro_videos/1_otraprueba_10.avi
cara guardada en /0_2022-10-24_18:17:30.436515.avi_26.433491706848145.jpg con esta confidence:0.99975437
cara encontrada en: /var/www/html/reconocimientoFacial/proyecto_definitivo/admin/files/videos_registro_videos/1_otraprueba_10.avi
cara guardada en /0_2022-10-24_18:17:30.676446.avi_26.673420667648315.jpg con esta confidence:0.99964476
cara encontrada en: /var/www/html/reconocimientoFacial/proyecto_definitivo/admin/files/videos_registro_videos/1_otraprueba_10.avi
cara guardada en /0_2022-10-24_18:17:30.744129.avi_26.741105556488037.jpg con esta confidence:0.9995135
cara encontrada en: /var/www/html/reconocimientoFacial/proyecto_definitivo/admin/files/videos_registro_videos/1_otraprueba_10.avi
cara guardada en /0_2022-10-24_18:17:30.951909.avi_26.948886394500732.jpg con esta confidence:0.9433349
cara encontrada en: /var/www/html/reconocimientoFacial/proyecto_definitivo/admin/files/videos_registro_videos/1_otraprueba_10.avi
cara guardada en /0_2022-10-24_18:17:31.122094.avi_27.11907124519348.jpg con esta confidence:0.9021877
cara encontrada en: /var/www/html/reconocimientoFacial/proyecto_definitivo/admin/files/videos_registro_videos/1_otraprueba_10.avi
cara guardada en /0_2022-10-24_18:17:31.368396.avi_27.365373373031616.jpg con esta confidence:0.88139635
cara encontrada en: /var/www/html/reconocimientoFacial/proyecto_definitivo/admin/files/videos_registro_videos/1_otraprueba_10.avi
cara guardada en /0_2022-10-24_18:17:31.518632.avi_27.515608549118042.jpg con esta confidence:0.87384635
cara encontrada en: /var/www/html/reconocimientoFacial/proyecto_definitivo/admin/files/videos_registro_videos/1_otraprueba_10.avi
cara guardada en /0_2022-10-24_18:17:31.682333.avi_27.679309606552124.jpg con esta confidence:0.85219
cara encontrada en: /var/www/html/reconocimientoFacial/proyecto_definitivo/admin/files/videos_registro_videos/1_otraprueba_10.avi
cara guardada en /0_2022-10-24_18:17:31.770314.avi_27.76729130744934.jpg con esta confidence:0.8307365
cara encontrada en: /var/www/html/reconocimientoFacial/proyecto_definitivo/admin/files/videos_registro_videos/1_otraprueba_10.avi
cara guardada en /0_2022-10-24_18:17:31.913590.avi_27.91056728363037.jpg con esta confidence:0.7290802
cara encontrada en: /var/www/html/reconocimientoFacial/proyecto_definitivo/admin/files/videos_registro_videos/1_otraprueba_10.avi
cara guardada en /0_2022-10-24_18:17:32.081850.avi_28.07882785797119.jpg con esta confidence:0.68009573
voy(10) leyendo el video..
tenemos(10) frame k lo guardo ..
voy(10) leyendo el video..
tenemos(10) frame k lo guardo ..
cara encontrada en: /var/www/html/reconocimientoFacial/proyecto_definitivo/admin/files/videos_registro_videos/1_otraprueba_10.avi
cara guardada en /0_2022-10-24_18:17:35.088417.avi_31.085394144058228.jpg con esta confidence:0.99993587
cara encontrada en: /var/www/html/reconocimientoFacial/proyecto_definitivo/admin/files/videos_registro_videos/1_otraprueba_10.avi
cara guardada en /0_2022-10-24_18:17:35.359849.avi_31.356826066970825.jpg con esta confidence:0.99959606
cara encontrada en: /var/www/html/reconocimientoFacial/proyecto_definitivo/admin/files/videos_registro_videos/1_otraprueba_10.avi
cara guardada en /0_2022-10-24_18:17:35.669195.avi_31.666171312332153.jpg con esta confidence:0.9995017
cara encontrada en: /var/www/html/reconocimientoFacial/proyecto_definitivo/admin/files/videos_registro_videos/1_otraprueba_10.avi
cara guardada en /0_2022-10-24_18:17:35.834008.avi_31.830984830856323.jpg con esta confidence:0.9969422
cara encontrada en: /var/www/html/reconocimientoFacial/proyecto_definitivo/admin/files/videos_registro_videos/1_otraprueba_10.avi
cara guardada en /0_2022-10-24_18:17:36.006722.avi_32.003700256347656.jpg con esta confidence:0.9922536
cara encontrada en: /var/www/html/reconocimientoFacial/proyecto_definitivo/admin/files/videos_registro_videos/1_otraprueba_10.avi
cara guardada en /0_2022-10-24_18:17:36.232293.avi_32.22926998138428.jpg con esta confidence:0.98397315
cara encontrada en: /var/www/html/reconocimientoFacial/proyecto_definitivo/admin/files/videos_registro_videos/1_otraprueba_10.avi
cara guardada en /0_2022-10-24_18:17:36.430414.avi_32.42739152908325.jpg con esta confidence:0.9453587
cara encontrada en: /var/www/html/reconocimientoFacial/proyecto_definitivo/admin/files/videos_registro_videos/1_otraprueba_10.avi
cara guardada en /0_2022-10-24_18:17:36.686488.avi_32.68346571922302.jpg con esta confidence:0.90976536
cara encontrada en: /var/www/html/reconocimientoFacial/proyecto_definitivo/admin/files/videos_registro_videos/1_otraprueba_10.avi
cara guardada en /0_2022-10-24_18:17:36.844727.avi_32.84170460700989.jpg con esta confidence:0.7262359
voy(10) leyendo el video..
tenemos(10) frame k lo guardo ..
voy(10) leyendo el video..
tenemos(10) frame k lo guardo ..
cara encontrada en: /var/www/html/reconocimientoFacial/proyecto_definitivo/admin/files/videos_registro_videos/1_otraprueba_10.avi
cara guardada en /0_2022-10-24_18:17:39.182532.avi_35.17950773239136.jpg con esta confidence:0.9998561
cara encontrada en: /var/www/html/reconocimientoFacial/proyecto_definitivo/admin/files/videos_registro_videos/1_otraprueba_10.avi
cara guardada en /0_2022-10-24_18:17:39.449103.avi_35.44607973098755.jpg con esta confidence:0.99961
cara encontrada en: /var/www/html/reconocimientoFacial/proyecto_definitivo/admin/files/videos_registro_videos/1_otraprueba_10.avi
cara guardada en /0_2022-10-24_18:17:39.545712.avi_35.54268765449524.jpg con esta confidence:0.9983614
cara encontrada en: /var/www/html/reconocimientoFacial/proyecto_definitivo/admin/files/videos_registro_videos/1_otraprueba_10.avi
cara guardada en /0_2022-10-24_18:17:39.662630.avi_35.65960669517517.jpg con esta confidence:0.99220043
cara encontrada en: /var/www/html/reconocimientoFacial/proyecto_definitivo/admin/files/videos_registro_videos/1_otraprueba_10.avi
cara guardada en /0_2022-10-24_18:17:39.853382.avi_35.850358724594116.jpg con esta confidence:0.96332854
cara encontrada en: /var/www/html/reconocimientoFacial/proyecto_definitivo/admin/files/videos_registro_videos/1_otraprueba_10.avi
cara guardada en /0_2022-10-24_18:17:40.107972.avi_36.104949712753296.jpg con esta confidence:0.9468217
cara encontrada en: /var/www/html/reconocimientoFacial/proyecto_definitivo/admin/files/videos_registro_videos/1_otraprueba_10.avi
cara guardada en /0_2022-10-24_18:17:40.282392.avi_36.27936935424805.jpg con esta confidence:0.9438859
cara encontrada en: /var/www/html/reconocimientoFacial/proyecto_definitivo/admin/files/videos_registro_videos/1_otraprueba_10.avi
cara guardada en /0_2022-10-24_18:17:40.498736.avi_36.49571394920349.jpg con esta confidence:0.8984119
cara encontrada en: /var/www/html/reconocimientoFacial/proyecto_definitivo/admin/files/videos_registro_videos/1_otraprueba_10.avi
cara guardada en /0_2022-10-24_18:17:40.808959.avi_36.80593705177307.jpg con esta confidence:0.83840686
voy(10) leyendo el video..
tenemos(10) frame k lo guardo ..
voy(10) leyendo el video..
tenemos(10) frame k lo guardo ..
cara encontrada en: /var/www/html/reconocimientoFacial/proyecto_definitivo/admin/files/videos_registro_videos/1_otraprueba_10.avi
cara guardada en /0_2022-10-24_18:17:45.731808.avi_41.728784799575806.jpg con esta confidence:0.9998591
cara encontrada en: /var/www/html/reconocimientoFacial/proyecto_definitivo/admin/files/videos_registro_videos/1_otraprueba_10.avi
cara guardada en /0_2022-10-24_18:17:45.780164.avi_41.77714204788208.jpg con esta confidence:0.99981195
cara encontrada en: /var/www/html/reconocimientoFacial/proyecto_definitivo/admin/files/videos_registro_videos/1_otraprueba_10.avi
cara guardada en /0_2022-10-24_18:17:45.980993.avi_41.977970123291016.jpg con esta confidence:0.99622166
cara encontrada en: /var/www/html/reconocimientoFacial/proyecto_definitivo/admin/files/videos_registro_videos/1_otraprueba_10.avi
cara guardada en /0_2022-10-24_18:17:46.011891.avi_42.00886797904968.jpg con esta confidence:0.98706144
cara encontrada en: /var/www/html/reconocimientoFacial/proyecto_definitivo/admin/files/videos_registro_videos/1_otraprueba_10.avi
cara guardada en /0_2022-10-24_18:17:46.029259.avi_42.02623629570007.jpg con esta confidence:0.9738921
cara encontrada en: /var/www/html/reconocimientoFacial/proyecto_definitivo/admin/files/videos_registro_videos/1_otraprueba_10.avi
cara guardada en /0_2022-10-24_18:17:46.050310.avi_42.047287464141846.jpg con esta confidence:0.9724601
cara encontrada en: /var/www/html/reconocimientoFacial/proyecto_definitivo/admin/files/videos_registro_videos/1_otraprueba_10.avi
cara guardada en /0_2022-10-24_18:17:46.133893.avi_42.130866289138794.jpg con esta confidence:0.97067845
cara encontrada en: /var/www/html/reconocimientoFacial/proyecto_definitivo/admin/files/videos_registro_videos/1_otraprueba_10.avi
cara guardada en /0_2022-10-24_18:17:46.194625.avi_42.19160270690918.jpg con esta confidence:0.8727899
cara encontrada en: /var/www/html/reconocimientoFacial/proyecto_definitivo/admin/files/videos_registro_videos/1_otraprueba_10.avi
cara guardada en /0_2022-10-24_18:17:46.379073.avi_42.37605047225952.jpg con esta confidence:0.774035
voy(10) leyendo el video..
tenemos(10) frame k lo guardo ..
voy(10) leyendo el video..
tenemos(10) frame k lo guardo ..
cara encontrada en: /var/www/html/reconocimientoFacial/proyecto_definitivo/admin/files/videos_registro_videos/1_otraprueba_10.avi
cara guardada en /0_2022-10-24_18:17:49.411908.avi_45.40888547897339.jpg con esta confidence:0.99974877
cara encontrada en: /var/www/html/reconocimientoFacial/proyecto_definitivo/admin/files/videos_registro_videos/1_otraprueba_10.avi
cara guardada en /0_2022-10-24_18:17:49.537284.avi_45.53426146507263.jpg con esta confidence:0.99967194
cara encontrada en: /var/www/html/reconocimientoFacial/proyecto_definitivo/admin/files/videos_registro_videos/1_otraprueba_10.avi
cara guardada en /0_2022-10-24_18:17:49.656284.avi_45.65325999259949.jpg con esta confidence:0.9977755
cara encontrada en: /var/www/html/reconocimientoFacial/proyecto_definitivo/admin/files/videos_registro_videos/1_otraprueba_10.avi
cara guardada en /0_2022-10-24_18:17:49.853499.avi_45.85047698020935.jpg con esta confidence:0.9854812
cara encontrada en: /var/www/html/reconocimientoFacial/proyecto_definitivo/admin/files/videos_registro_videos/1_otraprueba_10.avi
cara guardada en /0_2022-10-24_18:17:49.995309.avi_45.992286920547485.jpg con esta confidence:0.9567623
cara encontrada en: /var/www/html/reconocimientoFacial/proyecto_definitivo/admin/files/videos_registro_videos/1_otraprueba_10.avi
cara guardada en /0_2022-10-24_18:17:50.117574.avi_46.11455178260803.jpg con esta confidence:0.94587064
cara encontrada en: /var/www/html/reconocimientoFacial/proyecto_definitivo/admin/files/videos_registro_videos/1_otraprueba_10.avi
cara guardada en /0_2022-10-24_18:17:50.210550.avi_46.20752811431885.jpg con esta confidence:0.92841107
cara encontrada en: /var/www/html/reconocimientoFacial/proyecto_definitivo/admin/files/videos_registro_videos/1_otraprueba_10.avi
cara guardada en /0_2022-10-24_18:17:50.390631.avi_46.38760828971863.jpg con esta confidence:0.90081984
cara encontrada en: /var/www/html/reconocimientoFacial/proyecto_definitivo/admin/files/videos_registro_videos/1_otraprueba_10.avi
cara guardada en /0_2022-10-24_18:17:50.516025.avi_46.51300263404846.jpg con esta confidence:0.79797554
voy(10) leyendo el video..
tenemos(10) frame k lo guardo ..
voy(10) leyendo el video..
tenemos(10) frame k lo guardo ..
cara encontrada en: /var/www/html/reconocimientoFacial/proyecto_definitivo/admin/files/videos_registro_videos/1_otraprueba_10.avi
cara guardada en /0_2022-10-24_18:17:53.792293.avi_49.78927040100098.jpg con esta confidence:0.9996722
cara encontrada en: /var/www/html/reconocimientoFacial/proyecto_definitivo/admin/files/videos_registro_videos/1_otraprueba_10.avi
cara guardada en /0_2022-10-24_18:17:53.923225.avi_49.9201979637146.jpg con esta confidence:0.99884254
cara encontrada en: /var/www/html/reconocimientoFacial/proyecto_definitivo/admin/files/videos_registro_videos/1_otraprueba_10.avi
cara guardada en /0_2022-10-24_18:17:53.948926.avi_49.94590353965759.jpg con esta confidence:0.99713814
cara encontrada en: /var/www/html/reconocimientoFacial/proyecto_definitivo/admin/files/videos_registro_videos/1_otraprueba_10.avi
cara guardada en /0_2022-10-24_18:17:54.058985.avi_50.05596160888672.jpg con esta confidence:0.99610424
cara encontrada en: /var/www/html/reconocimientoFacial/proyecto_definitivo/admin/files/videos_registro_videos/1_otraprueba_10.avi
cara guardada en /0_2022-10-24_18:17:54.150452.avi_50.14742851257324.jpg con esta confidence:0.9882196
cara encontrada en: /var/www/html/reconocimientoFacial/proyecto_definitivo/admin/files/videos_registro_videos/1_otraprueba_10.avi
cara guardada en /0_2022-10-24_18:17:54.322135.avi_50.31911325454712.jpg con esta confidence:0.8454809
cara encontrada en: /var/www/html/reconocimientoFacial/proyecto_definitivo/admin/files/videos_registro_videos/1_otraprueba_10.avi
cara guardada en /0_2022-10-24_18:17:54.384405.avi_50.381383180618286.jpg con esta confidence:0.8133195
voy(10) leyendo el video..
tenemos(10) frame k lo guardo ..
voy(10) leyendo el video..
tenemos(10) frame k lo guardo ..
cara encontrada en: /var/www/html/reconocimientoFacial/proyecto_definitivo/admin/files/videos_registro_videos/1_otraprueba_10.avi
cara guardada en /0_2022-10-24_18:17:57.514034.avi_53.51101088523865.jpg con esta confidence:0.9993728
cara encontrada en: /var/www/html/reconocimientoFacial/proyecto_definitivo/admin/files/videos_registro_videos/1_otraprueba_10.avi
cara guardada en /0_2022-10-24_18:17:57.627497.avi_53.62447452545166.jpg con esta confidence:0.9989489
cara encontrada en: /var/www/html/reconocimientoFacial/proyecto_definitivo/admin/files/videos_registro_videos/1_otraprueba_10.avi
cara guardada en /0_2022-10-24_18:17:57.691968.avi_53.6889443397522.jpg con esta confidence:0.9981741
cara encontrada en: /var/www/html/reconocimientoFacial/proyecto_definitivo/admin/files/videos_registro_videos/1_otraprueba_10.avi
cara guardada en /0_2022-10-24_18:17:57.839152.avi_53.83612871170044.jpg con esta confidence:0.9970535
cara encontrada en: /var/www/html/reconocimientoFacial/proyecto_definitivo/admin/files/videos_registro_videos/1_otraprueba_10.avi
cara guardada en /0_2022-10-24_18:17:58.006828.avi_54.00380492210388.jpg con esta confidence:0.98205316
cara encontrada en: /var/www/html/reconocimientoFacial/proyecto_definitivo/admin/files/videos_registro_videos/1_otraprueba_10.avi
cara guardada en /0_2022-10-24_18:17:58.175469.avi_54.172443866729736.jpg con esta confidence:0.73237187
voy(10) leyendo el video..
tenemos(10) frame k lo guardo ..
voy(10) leyendo el video..
tenemos(10) frame k lo guardo ..
cara encontrada en: /var/www/html/reconocimientoFacial/proyecto_definitivo/admin/files/videos_registro_videos/1_otraprueba_10.avi
cara guardada en /0_2022-10-24_18:18:01.607267.avi_57.60424280166626.jpg con esta confidence:0.9990416
cara encontrada en: /var/www/html/reconocimientoFacial/proyecto_definitivo/admin/files/videos_registro_videos/1_otraprueba_10.avi
cara guardada en /0_2022-10-24_18:18:01.736952.avi_57.73392915725708.jpg con esta confidence:0.9987494
cara encontrada en: /var/www/html/reconocimientoFacial/proyecto_definitivo/admin/files/videos_registro_videos/1_otraprueba_10.avi
cara guardada en /0_2022-10-24_18:18:01.853620.avi_57.850597620010376.jpg con esta confidence:0.99835616
cara encontrada en: /var/www/html/reconocimientoFacial/proyecto_definitivo/admin/files/videos_registro_videos/1_otraprueba_10.avi
cara guardada en /0_2022-10-24_18:18:01.918313.avi_57.915289878845215.jpg con esta confidence:0.9979937
cara encontrada en: /var/www/html/reconocimientoFacial/proyecto_definitivo/admin/files/videos_registro_videos/1_otraprueba_10.avi
cara guardada en /0_2022-10-24_18:18:02.195170.avi_58.192147731781006.jpg con esta confidence:0.9718911
cara encontrada en: /var/www/html/reconocimientoFacial/proyecto_definitivo/admin/files/videos_registro_videos/1_otraprueba_10.avi
cara guardada en /0_2022-10-24_18:18:02.315910.avi_58.31288695335388.jpg con esta confidence:0.7937409
cara encontrada en: /var/www/html/reconocimientoFacial/proyecto_definitivo/admin/files/videos_registro_videos/1_otraprueba_10.avi
cara guardada en /0_2022-10-24_18:18:02.341589.avi_58.33856773376465.jpg con esta confidence:0.692285
voy(10) leyendo el video..
tenemos(10) frame k lo guardo ..
voy(10) leyendo el video..
tenemos(10) frame k lo guardo ..
cara encontrada en: /var/www/html/reconocimientoFacial/proyecto_definitivo/admin/files/videos_registro_videos/1_otraprueba_10.avi
cara guardada en /0_2022-10-24_18:18:05.515252.avi_61.51222801208496.jpg con esta confidence:0.9990558
cara encontrada en: /var/www/html/reconocimientoFacial/proyecto_definitivo/admin/files/videos_registro_videos/1_otraprueba_10.avi
cara guardada en /0_2022-10-24_18:18:05.763990.avi_61.76096749305725.jpg con esta confidence:0.9988998
cara encontrada en: /var/www/html/reconocimientoFacial/proyecto_definitivo/admin/files/videos_registro_videos/1_otraprueba_10.avi
cara guardada en /0_2022-10-24_18:18:05.962950.avi_61.95992612838745.jpg con esta confidence:0.9985386
cara encontrada en: /var/www/html/reconocimientoFacial/proyecto_definitivo/admin/files/videos_registro_videos/1_otraprueba_10.avi
cara guardada en /0_2022-10-24_18:18:06.121334.avi_62.11831188201904.jpg con esta confidence:0.9981154
cara encontrada en: /var/www/html/reconocimientoFacial/proyecto_definitivo/admin/files/videos_registro_videos/1_otraprueba_10.avi
cara guardada en /0_2022-10-24_18:18:06.254068.avi_62.251044273376465.jpg con esta confidence:0.9757976
cara encontrada en: /var/www/html/reconocimientoFacial/proyecto_definitivo/admin/files/videos_registro_videos/1_otraprueba_10.avi
cara guardada en /0_2022-10-24_18:18:06.448038.avi_62.445013999938965.jpg con esta confidence:0.8662405
voy(10) leyendo el video..
tenemos(10) frame k lo guardo ..
voy(10) leyendo el video..
tenemos(10) frame k lo guardo ..
cara encontrada en: /var/www/html/reconocimientoFacial/proyecto_definitivo/admin/files/videos_registro_videos/1_otraprueba_10.avi
cara guardada en /0_2022-10-24_18:18:09.211585.avi_65.20856261253357.jpg con esta confidence:0.99922895
cara encontrada en: /var/www/html/reconocimientoFacial/proyecto_definitivo/admin/files/videos_registro_videos/1_otraprueba_10.avi
cara guardada en /0_2022-10-24_18:18:09.454001.avi_65.45097827911377.jpg con esta confidence:0.9989503
cara encontrada en: /var/www/html/reconocimientoFacial/proyecto_definitivo/admin/files/videos_registro_videos/1_otraprueba_10.avi
cara guardada en /0_2022-10-24_18:18:09.682106.avi_65.67908239364624.jpg con esta confidence:0.99865216
cara encontrada en: /var/www/html/reconocimientoFacial/proyecto_definitivo/admin/files/videos_registro_videos/1_otraprueba_10.avi
cara guardada en /0_2022-10-24_18:18:09.867528.avi_65.86450481414795.jpg con esta confidence:0.9979359
cara encontrada en: /var/www/html/reconocimientoFacial/proyecto_definitivo/admin/files/videos_registro_videos/1_otraprueba_10.avi
cara guardada en /0_2022-10-24_18:18:10.144593.avi_66.14157009124756.jpg con esta confidence:0.9780687
cara encontrada en: /var/www/html/reconocimientoFacial/proyecto_definitivo/admin/files/videos_registro_videos/1_otraprueba_10.avi
cara guardada en /0_2022-10-24_18:18:10.299704.avi_66.29668021202087.jpg con esta confidence:0.89290816
cara encontrada en: /var/www/html/reconocimientoFacial/proyecto_definitivo/admin/files/videos_registro_videos/1_otraprueba_10.avi
cara guardada en /0_2022-10-24_18:18:10.499629.avi_66.49660754203796.jpg con esta confidence:0.6998785
voy(10) leyendo el video..
tenemos(10) frame k lo guardo ..
voy(10) leyendo el video..
tenemos(10) frame k lo guardo ..
cara encontrada en: /var/www/html/reconocimientoFacial/proyecto_definitivo/admin/files/videos_registro_videos/1_otraprueba_10.avi
cara guardada en /0_2022-10-24_18:18:13.949533.avi_69.94650936126709.jpg con esta confidence:0.9992167
cara encontrada en: /var/www/html/reconocimientoFacial/proyecto_definitivo/admin/files/videos_registro_videos/1_otraprueba_10.avi
cara guardada en /0_2022-10-24_18:18:14.108233.avi_70.1052098274231.jpg con esta confidence:0.99914205
cara encontrada en: /var/www/html/reconocimientoFacial/proyecto_definitivo/admin/files/videos_registro_videos/1_otraprueba_10.avi
cara guardada en /0_2022-10-24_18:18:14.353889.avi_70.35086584091187.jpg con esta confidence:0.99827087
cara encontrada en: /var/www/html/reconocimientoFacial/proyecto_definitivo/admin/files/videos_registro_videos/1_otraprueba_10.avi
cara guardada en /0_2022-10-24_18:18:14.592142.avi_70.58911895751953.jpg con esta confidence:0.9981957
cara encontrada en: /var/www/html/reconocimientoFacial/proyecto_definitivo/admin/files/videos_registro_videos/1_otraprueba_10.avi
cara guardada en /0_2022-10-24_18:18:14.654683.avi_70.65166020393372.jpg con esta confidence:0.9736642
cara encontrada en: /var/www/html/reconocimientoFacial/proyecto_definitivo/admin/files/videos_registro_videos/1_otraprueba_10.avi
cara guardada en /0_2022-10-24_18:18:14.803393.avi_70.80037021636963.jpg con esta confidence:0.9128569
voy(10) leyendo el video..
tenemos(10) frame k lo guardo ..
voy(10) leyendo el video..
tenemos(10) frame k lo guardo ..
cara encontrada en: /var/www/html/reconocimientoFacial/proyecto_definitivo/admin/files/videos_registro_videos/1_otraprueba_10.avi
cara guardada en /0_2022-10-24_18:18:17.865913.avi_73.86288952827454.jpg con esta confidence:0.99918073
cara encontrada en: /var/www/html/reconocimientoFacial/proyecto_definitivo/admin/files/videos_registro_videos/1_otraprueba_10.avi
cara guardada en /0_2022-10-24_18:18:17.904965.avi_73.90194296836853.jpg con esta confidence:0.9987569
cara encontrada en: /var/www/html/reconocimientoFacial/proyecto_definitivo/admin/files/videos_registro_videos/1_otraprueba_10.avi
cara guardada en /0_2022-10-24_18:18:18.115412.avi_74.11238932609558.jpg con esta confidence:0.9985599
cara encontrada en: /var/www/html/reconocimientoFacial/proyecto_definitivo/admin/files/videos_registro_videos/1_otraprueba_10.avi
cara guardada en /0_2022-10-24_18:18:18.322749.avi_74.31972646713257.jpg con esta confidence:0.998026
cara encontrada en: /var/www/html/reconocimientoFacial/proyecto_definitivo/admin/files/videos_registro_videos/1_otraprueba_10.avi
cara guardada en /0_2022-10-24_18:18:18.527537.avi_74.52451539039612.jpg con esta confidence:0.9703479
cara encontrada en: /var/www/html/reconocimientoFacial/proyecto_definitivo/admin/files/videos_registro_videos/1_otraprueba_10.avi
cara guardada en /0_2022-10-24_18:18:18.722260.avi_74.71923685073853.jpg con esta confidence:0.90312725
voy(10) leyendo el video..
tenemos(10) frame k lo guardo ..
voy(10) leyendo el video..
tenemos(10) frame k lo guardo ..
cara encontrada en: /var/www/html/reconocimientoFacial/proyecto_definitivo/admin/files/videos_registro_videos/1_otraprueba_10.avi
cara guardada en /0_2022-10-24_18:18:21.027838.avi_77.02481484413147.jpg con esta confidence:0.99931276
cara encontrada en: /var/www/html/reconocimientoFacial/proyecto_definitivo/admin/files/videos_registro_videos/1_otraprueba_10.avi
cara guardada en /0_2022-10-24_18:18:21.168423.avi_77.16539859771729.jpg con esta confidence:0.9990276
cara encontrada en: /var/www/html/reconocimientoFacial/proyecto_definitivo/admin/files/videos_registro_videos/1_otraprueba_10.avi
cara guardada en /0_2022-10-24_18:18:21.465576.avi_77.46255469322205.jpg con esta confidence:0.9987691
cara encontrada en: /var/www/html/reconocimientoFacial/proyecto_definitivo/admin/files/videos_registro_videos/1_otraprueba_10.avi
cara guardada en /0_2022-10-24_18:18:21.609550.avi_77.6065285205841.jpg con esta confidence:0.9983474
cara encontrada en: /var/www/html/reconocimientoFacial/proyecto_definitivo/admin/files/videos_registro_videos/1_otraprueba_10.avi
cara guardada en /0_2022-10-24_18:18:21.738533.avi_77.73551106452942.jpg con esta confidence:0.9656493
cara encontrada en: /var/www/html/reconocimientoFacial/proyecto_definitivo/admin/files/videos_registro_videos/1_otraprueba_10.avi
cara guardada en /0_2022-10-24_18:18:21.935742.avi_77.93272066116333.jpg con esta confidence:0.8835706
cara encontrada en: /var/www/html/reconocimientoFacial/proyecto_definitivo/admin/files/videos_registro_videos/1_otraprueba_10.avi
cara guardada en /0_2022-10-24_18:18:22.245004.avi_78.24198150634766.jpg con esta confidence:0.8726808
cara encontrada en: /var/www/html/reconocimientoFacial/proyecto_definitivo/admin/files/videos_registro_videos/1_otraprueba_10.avi
cara guardada en /0_2022-10-24_18:18:22.469241.avi_78.4662172794342.jpg con esta confidence:0.7134705
cara encontrada en: /var/www/html/reconocimientoFacial/proyecto_definitivo/admin/files/videos_registro_videos/1_otraprueba_10.avi
cara guardada en /0_2022-10-24_18:18:22.678249.avi_78.67522525787354.jpg con esta confidence:0.6806936
voy(10) leyendo el video..
tenemos(10) frame k lo guardo ..
voy(10) leyendo el video..
tenemos(10) frame k lo guardo ..
cara encontrada en: /var/www/html/reconocimientoFacial/proyecto_definitivo/admin/files/videos_registro_videos/1_otraprueba_10.avi
cara guardada en /0_2022-10-24_18:18:25.593955.avi_81.59092807769775.jpg con esta confidence:0.9991696
cara encontrada en: /var/www/html/reconocimientoFacial/proyecto_definitivo/admin/files/videos_registro_videos/1_otraprueba_10.avi
cara guardada en /0_2022-10-24_18:18:25.728723.avi_81.72570013999939.jpg con esta confidence:0.99911374
cara encontrada en: /var/www/html/reconocimientoFacial/proyecto_definitivo/admin/files/videos_registro_videos/1_otraprueba_10.avi
cara guardada en /0_2022-10-24_18:18:25.804748.avi_81.80172610282898.jpg con esta confidence:0.9985607
cara encontrada en: /var/www/html/reconocimientoFacial/proyecto_definitivo/admin/files/videos_registro_videos/1_otraprueba_10.avi
cara guardada en /0_2022-10-24_18:18:26.004915.avi_82.00189352035522.jpg con esta confidence:0.998548
cara encontrada en: /var/www/html/reconocimientoFacial/proyecto_definitivo/admin/files/videos_registro_videos/1_otraprueba_10.avi
cara guardada en /0_2022-10-24_18:18:26.167045.avi_82.16402268409729.jpg con esta confidence:0.9562163
cara encontrada en: /var/www/html/reconocimientoFacial/proyecto_definitivo/admin/files/videos_registro_videos/1_otraprueba_10.avi
cara guardada en /0_2022-10-24_18:18:26.317747.avi_82.31472420692444.jpg con esta confidence:0.86750484
voy(10) leyendo el video..
tenemos(10) frame k lo guardo ..
voy(10) leyendo el video..
tenemos(10) frame k lo guardo ..
cara encontrada en: /var/www/html/reconocimientoFacial/proyecto_definitivo/admin/files/videos_registro_videos/1_otraprueba_10.avi
cara guardada en /0_2022-10-24_18:18:29.772949.avi_85.76992630958557.jpg con esta confidence:0.99893993
cara encontrada en: /var/www/html/reconocimientoFacial/proyecto_definitivo/admin/files/videos_registro_videos/1_otraprueba_10.avi
cara guardada en /0_2022-10-24_18:18:29.827489.avi_85.82446622848511.jpg con esta confidence:0.9989041
cara encontrada en: /var/www/html/reconocimientoFacial/proyecto_definitivo/admin/files/videos_registro_videos/1_otraprueba_10.avi
cara guardada en /0_2022-10-24_18:18:29.954640.avi_85.95161747932434.jpg con esta confidence:0.99871755
cara encontrada en: /var/www/html/reconocimientoFacial/proyecto_definitivo/admin/files/videos_registro_videos/1_otraprueba_10.avi
cara guardada en /0_2022-10-24_18:18:30.212879.avi_86.20985698699951.jpg con esta confidence:0.9987049
cara encontrada en: /var/www/html/reconocimientoFacial/proyecto_definitivo/admin/files/videos_registro_videos/1_otraprueba_10.avi
cara guardada en /0_2022-10-24_18:18:30.324468.avi_86.32144594192505.jpg con esta confidence:0.94913244
cara encontrada en: /var/www/html/reconocimientoFacial/proyecto_definitivo/admin/files/videos_registro_videos/1_otraprueba_10.avi
cara guardada en /0_2022-10-24_18:18:30.676763.avi_86.67373895645142.jpg con esta confidence:0.86050975
voy(10) leyendo el video..
tenemos(10) frame k lo guardo ..
voy(10) leyendo el video..
tenemos(10) frame k lo guardo ..
cara encontrada en: /var/www/html/reconocimientoFacial/proyecto_definitivo/admin/files/videos_registro_videos/1_otraprueba_10.avi
cara guardada en /0_2022-10-24_18:18:34.216750.avi_90.21372675895691.jpg con esta confidence:0.9993266
cara encontrada en: /var/www/html/reconocimientoFacial/proyecto_definitivo/admin/files/videos_registro_videos/1_otraprueba_10.avi
cara guardada en /0_2022-10-24_18:18:34.378224.avi_90.37519884109497.jpg con esta confidence:0.99888784
cara encontrada en: /var/www/html/reconocimientoFacial/proyecto_definitivo/admin/files/videos_registro_videos/1_otraprueba_10.avi
cara guardada en /0_2022-10-24_18:18:34.425338.avi_90.4223141670227.jpg con esta confidence:0.99878746
cara encontrada en: /var/www/html/reconocimientoFacial/proyecto_definitivo/admin/files/videos_registro_videos/1_otraprueba_10.avi
cara guardada en /0_2022-10-24_18:18:34.584240.avi_90.58121538162231.jpg con esta confidence:0.99801624
cara encontrada en: /var/www/html/reconocimientoFacial/proyecto_definitivo/admin/files/videos_registro_videos/1_otraprueba_10.avi
cara guardada en /0_2022-10-24_18:18:34.841867.avi_90.8388454914093.jpg con esta confidence:0.9731406
cara encontrada en: /var/www/html/reconocimientoFacial/proyecto_definitivo/admin/files/videos_registro_videos/1_otraprueba_10.avi
cara guardada en /0_2022-10-24_18:18:34.952817.avi_90.9497938156128.jpg con esta confidence:0.72726065
cara encontrada en: /var/www/html/reconocimientoFacial/proyecto_definitivo/admin/files/videos_registro_videos/1_otraprueba_10.avi
cara guardada en /0_2022-10-24_18:18:35.123324.avi_91.12030124664307.jpg con esta confidence:0.68744224
voy(10) leyendo el video..
tenemos(10) frame k lo guardo ..
voy(10) leyendo el video..
tenemos(10) frame k lo guardo ..
cara encontrada en: /var/www/html/reconocimientoFacial/proyecto_definitivo/admin/files/videos_registro_videos/1_otraprueba_10.avi
cara guardada en /0_2022-10-24_18:18:38.240302.avi_94.23727893829346.jpg con esta confidence:0.9992372
cara encontrada en: /var/www/html/reconocimientoFacial/proyecto_definitivo/admin/files/videos_registro_videos/1_otraprueba_10.avi
cara guardada en /0_2022-10-24_18:18:38.509215.avi_94.50618886947632.jpg con esta confidence:0.9992142
cara encontrada en: /var/www/html/reconocimientoFacial/proyecto_definitivo/admin/files/videos_registro_videos/1_otraprueba_10.avi
cara guardada en /0_2022-10-24_18:18:38.675698.avi_94.67267537117004.jpg con esta confidence:0.99867994
cara encontrada en: /var/www/html/reconocimientoFacial/proyecto_definitivo/admin/files/videos_registro_videos/1_otraprueba_10.avi
cara guardada en /0_2022-10-24_18:18:38.928366.avi_94.9253442287445.jpg con esta confidence:0.9986632
cara encontrada en: /var/www/html/reconocimientoFacial/proyecto_definitivo/admin/files/videos_registro_videos/1_otraprueba_10.avi
cara guardada en /0_2022-10-24_18:18:39.227124.avi_95.2241005897522.jpg con esta confidence:0.96501034
cara encontrada en: /var/www/html/reconocimientoFacial/proyecto_definitivo/admin/files/videos_registro_videos/1_otraprueba_10.avi
cara guardada en /0_2022-10-24_18:18:39.330799.avi_95.3277759552002.jpg con esta confidence:0.7185621
voy(10) leyendo el video..
tenemos(10) frame k lo guardo ..
voy(10) leyendo el video..
tenemos(10) frame k lo guardo ..
cara encontrada en: /var/www/html/reconocimientoFacial/proyecto_definitivo/admin/files/videos_registro_videos/1_otraprueba_10.avi
cara guardada en /0_2022-10-24_18:18:42.972372.avi_98.96934938430786.jpg con esta confidence:0.999496
cara encontrada en: /var/www/html/reconocimientoFacial/proyecto_definitivo/admin/files/videos_registro_videos/1_otraprueba_10.avi
cara guardada en /0_2022-10-24_18:18:43.114402.avi_99.1113793849945.jpg con esta confidence:0.9988844
cara encontrada en: /var/www/html/reconocimientoFacial/proyecto_definitivo/admin/files/videos_registro_videos/1_otraprueba_10.avi
cara guardada en /0_2022-10-24_18:18:43.348111.avi_99.34508633613586.jpg con esta confidence:0.99888176
cara encontrada en: /var/www/html/reconocimientoFacial/proyecto_definitivo/admin/files/videos_registro_videos/1_otraprueba_10.avi
cara guardada en /0_2022-10-24_18:18:43.598961.avi_99.59593772888184.jpg con esta confidence:0.9975745
cara encontrada en: /var/www/html/reconocimientoFacial/proyecto_definitivo/admin/files/videos_registro_videos/1_otraprueba_10.avi
cara guardada en /0_2022-10-24_18:18:43.675260.avi_99.67223691940308.jpg con esta confidence:0.985606
cara encontrada en: /var/www/html/reconocimientoFacial/proyecto_definitivo/admin/files/videos_registro_videos/1_otraprueba_10.avi
cara guardada en /0_2022-10-24_18:18:43.901497.avi_99.89847326278687.jpg con esta confidence:0.76905435
cara encontrada en: /var/www/html/reconocimientoFacial/proyecto_definitivo/admin/files/videos_registro_videos/1_otraprueba_10.avi
cara guardada en /0_2022-10-24_18:18:44.075733.avi_100.07271122932434.jpg con esta confidence:0.75026315
voy(10) leyendo el video..
tenemos(10) frame k lo guardo ..
voy(10) leyendo el video..
tenemos(10) frame k lo guardo ..
cara encontrada en: /var/www/html/reconocimientoFacial/proyecto_definitivo/admin/files/videos_registro_videos/1_otraprueba_10.avi
cara guardada en /0_2022-10-24_18:18:47.429891.avi_103.42686748504639.jpg con esta confidence:0.9993924
cara encontrada en: /var/www/html/reconocimientoFacial/proyecto_definitivo/admin/files/videos_registro_videos/1_otraprueba_10.avi
cara guardada en /0_2022-10-24_18:18:47.571485.avi_103.56846332550049.jpg con esta confidence:0.9992945
cara encontrada en: /var/www/html/reconocimientoFacial/proyecto_definitivo/admin/files/videos_registro_videos/1_otraprueba_10.avi
cara guardada en /0_2022-10-24_18:18:47.871769.avi_103.8687469959259.jpg con esta confidence:0.9978108
cara encontrada en: /var/www/html/reconocimientoFacial/proyecto_definitivo/admin/files/videos_registro_videos/1_otraprueba_10.avi
cara guardada en /0_2022-10-24_18:18:48.002201.avi_103.99917840957642.jpg con esta confidence:0.99713194
cara encontrada en: /var/www/html/reconocimientoFacial/proyecto_definitivo/admin/files/videos_registro_videos/1_otraprueba_10.avi
cara guardada en /0_2022-10-24_18:18:48.214528.avi_104.21150541305542.jpg con esta confidence:0.9873707
voy(10) leyendo el video..
tenemos(10) frame k lo guardo ..
voy(10) leyendo el video..
tenemos(10) frame k lo guardo ..
cara encontrada en: /var/www/html/reconocimientoFacial/proyecto_definitivo/admin/files/videos_registro_videos/1_otraprueba_10.avi
cara guardada en /0_2022-10-24_18:18:50.536832.avi_106.53380870819092.jpg con esta confidence:0.99942005
cara encontrada en: /var/www/html/reconocimientoFacial/proyecto_definitivo/admin/files/videos_registro_videos/1_otraprueba_10.avi
cara guardada en /0_2022-10-24_18:18:50.808017.avi_106.80499482154846.jpg con esta confidence:0.9993223
cara encontrada en: /var/www/html/reconocimientoFacial/proyecto_definitivo/admin/files/videos_registro_videos/1_otraprueba_10.avi
cara guardada en /0_2022-10-24_18:18:50.950729.avi_106.9477059841156.jpg con esta confidence:0.99564976
cara encontrada en: /var/www/html/reconocimientoFacial/proyecto_definitivo/admin/files/videos_registro_videos/1_otraprueba_10.avi
cara guardada en /0_2022-10-24_18:18:51.094314.avi_107.09129047393799.jpg con esta confidence:0.9955701
cara encontrada en: /var/www/html/reconocimientoFacial/proyecto_definitivo/admin/files/videos_registro_videos/1_otraprueba_10.avi
cara guardada en /0_2022-10-24_18:18:51.322499.avi_107.31947588920593.jpg con esta confidence:0.99251056
cara encontrada en: /var/www/html/reconocimientoFacial/proyecto_definitivo/admin/files/videos_registro_videos/1_otraprueba_10.avi
cara guardada en /0_2022-10-24_18:18:51.508051.avi_107.50502634048462.jpg con esta confidence:0.70363295
cara encontrada en: /var/www/html/reconocimientoFacial/proyecto_definitivo/admin/files/videos_registro_videos/1_otraprueba_10.avi
cara guardada en /0_2022-10-24_18:18:51.680953.avi_107.67793083190918.jpg con esta confidence:0.6937109
voy(10) leyendo el video..
tenemos(10) frame k lo guardo ..
voy(10) leyendo el video..
tenemos(10) frame k lo guardo ..
cara encontrada en: /var/www/html/reconocimientoFacial/proyecto_definitivo/admin/files/videos_registro_videos/1_otraprueba_10.avi
cara guardada en /0_2022-10-24_18:18:54.715128.avi_110.71210503578186.jpg con esta confidence:0.99947304
cara encontrada en: /var/www/html/reconocimientoFacial/proyecto_definitivo/admin/files/videos_registro_videos/1_otraprueba_10.avi
cara guardada en /0_2022-10-24_18:18:54.827169.avi_110.82414674758911.jpg con esta confidence:0.9990513
cara encontrada en: /var/www/html/reconocimientoFacial/proyecto_definitivo/admin/files/videos_registro_videos/1_otraprueba_10.avi
cara guardada en /0_2022-10-24_18:18:54.933573.avi_110.93054938316345.jpg con esta confidence:0.99535596
cara encontrada en: /var/www/html/reconocimientoFacial/proyecto_definitivo/admin/files/videos_registro_videos/1_otraprueba_10.avi
cara guardada en /0_2022-10-24_18:18:54.995457.avi_110.99243474006653.jpg con esta confidence:0.9953029
cara encontrada en: /var/www/html/reconocimientoFacial/proyecto_definitivo/admin/files/videos_registro_videos/1_otraprueba_10.avi
cara guardada en /0_2022-10-24_18:18:55.067269.avi_111.0642454624176.jpg con esta confidence:0.99306256
cara encontrada en: /var/www/html/reconocimientoFacial/proyecto_definitivo/admin/files/videos_registro_videos/1_otraprueba_10.avi
cara guardada en /0_2022-10-24_18:18:55.156016.avi_111.15299320220947.jpg con esta confidence:0.7398485
cara encontrada en: /var/www/html/reconocimientoFacial/proyecto_definitivo/admin/files/videos_registro_videos/1_otraprueba_10.avi
cara guardada en /0_2022-10-24_18:18:55.317430.avi_111.31440591812134.jpg con esta confidence:0.73068047
voy(10) leyendo el video..
tenemos(10) frame k lo guardo ..
voy(10) leyendo el video..
tenemos(10) frame k lo guardo ..
cara encontrada en: /var/www/html/reconocimientoFacial/proyecto_definitivo/admin/files/videos_registro_videos/1_otraprueba_10.avi
cara guardada en /0_2022-10-24_18:18:58.268439.avi_114.26541638374329.jpg con esta confidence:0.9994103
cara encontrada en: /var/www/html/reconocimientoFacial/proyecto_definitivo/admin/files/videos_registro_videos/1_otraprueba_10.avi
cara guardada en /0_2022-10-24_18:18:58.340917.avi_114.33789491653442.jpg con esta confidence:0.9989594
cara encontrada en: /var/www/html/reconocimientoFacial/proyecto_definitivo/admin/files/videos_registro_videos/1_otraprueba_10.avi
cara guardada en /0_2022-10-24_18:18:58.417763.avi_114.41474080085754.jpg con esta confidence:0.9956418
cara encontrada en: /var/www/html/reconocimientoFacial/proyecto_definitivo/admin/files/videos_registro_videos/1_otraprueba_10.avi
cara guardada en /0_2022-10-24_18:18:58.476239.avi_114.47321653366089.jpg con esta confidence:0.99387395
cara encontrada en: /var/www/html/reconocimientoFacial/proyecto_definitivo/admin/files/videos_registro_videos/1_otraprueba_10.avi
cara guardada en /0_2022-10-24_18:18:58.558182.avi_114.55516004562378.jpg con esta confidence:0.99056107
cara encontrada en: /var/www/html/reconocimientoFacial/proyecto_definitivo/admin/files/videos_registro_videos/1_otraprueba_10.avi
cara guardada en /0_2022-10-24_18:18:58.603414.avi_114.60039138793945.jpg con esta confidence:0.73663425
cara encontrada en: /var/www/html/reconocimientoFacial/proyecto_definitivo/admin/files/videos_registro_videos/1_otraprueba_10.avi
cara guardada en /0_2022-10-24_18:18:58.765122.avi_114.76210021972656.jpg con esta confidence:0.728063
voy(10) leyendo el video..
tenemos(10) frame k lo guardo ..
voy(10) leyendo el video..
tenemos(10) frame k lo guardo ..
cara encontrada en: /var/www/html/reconocimientoFacial/proyecto_definitivo/admin/files/videos_registro_videos/1_otraprueba_10.avi
cara guardada en /0_2022-10-24_18:19:01.709433.avi_117.70641040802002.jpg con esta confidence:0.9994468
cara encontrada en: /var/www/html/reconocimientoFacial/proyecto_definitivo/admin/files/videos_registro_videos/1_otraprueba_10.avi
cara guardada en /0_2022-10-24_18:19:01.798597.avi_117.79557371139526.jpg con esta confidence:0.99902475
cara encontrada en: /var/www/html/reconocimientoFacial/proyecto_definitivo/admin/files/videos_registro_videos/1_otraprueba_10.avi
cara guardada en /0_2022-10-24_18:19:01.925790.avi_117.92276549339294.jpg con esta confidence:0.9956392
cara encontrada en: /var/www/html/reconocimientoFacial/proyecto_definitivo/admin/files/videos_registro_videos/1_otraprueba_10.avi
cara guardada en /0_2022-10-24_18:19:02.037790.avi_118.03476667404175.jpg con esta confidence:0.9940621
cara encontrada en: /var/www/html/reconocimientoFacial/proyecto_definitivo/admin/files/videos_registro_videos/1_otraprueba_10.avi
cara guardada en /0_2022-10-24_18:19:02.162484.avi_118.15946221351624.jpg con esta confidence:0.9911957
cara encontrada en: /var/www/html/reconocimientoFacial/proyecto_definitivo/admin/files/videos_registro_videos/1_otraprueba_10.avi
cara guardada en /0_2022-10-24_18:19:02.295383.avi_118.29235649108887.jpg con esta confidence:0.7455098
cara encontrada en: /var/www/html/reconocimientoFacial/proyecto_definitivo/admin/files/videos_registro_videos/1_otraprueba_10.avi
cara guardada en /0_2022-10-24_18:19:02.421501.avi_118.41847801208496.jpg con esta confidence:0.7383885
voy(10) leyendo el video..
tenemos(10) frame k lo guardo ..
voy(10) leyendo el video..
tenemos(10) frame k lo guardo ..
cara encontrada en: /var/www/html/reconocimientoFacial/proyecto_definitivo/admin/files/videos_registro_videos/1_otraprueba_10.avi
cara guardada en /0_2022-10-24_18:19:04.164188.avi_120.16116523742676.jpg con esta confidence:0.9995414
cara encontrada en: /var/www/html/reconocimientoFacial/proyecto_definitivo/admin/files/videos_registro_videos/1_otraprueba_10.avi
cara guardada en /0_2022-10-24_18:19:04.266678.avi_120.26365542411804.jpg con esta confidence:0.99939847
cara encontrada en: /var/www/html/reconocimientoFacial/proyecto_definitivo/admin/files/videos_registro_videos/1_otraprueba_10.avi
cara guardada en /0_2022-10-24_18:19:04.343446.avi_120.34042310714722.jpg con esta confidence:0.9950388
cara encontrada en: /var/www/html/reconocimientoFacial/proyecto_definitivo/admin/files/videos_registro_videos/1_otraprueba_10.avi
cara guardada en /0_2022-10-24_18:19:04.368216.avi_120.36519122123718.jpg con esta confidence:0.9949639
cara encontrada en: /var/www/html/reconocimientoFacial/proyecto_definitivo/admin/files/videos_registro_videos/1_otraprueba_10.avi
cara guardada en /0_2022-10-24_18:19:04.408821.avi_120.40579462051392.jpg con esta confidence:0.99417794
cara encontrada en: /var/www/html/reconocimientoFacial/proyecto_definitivo/admin/files/videos_registro_videos/1_otraprueba_10.avi
cara guardada en /0_2022-10-24_18:19:04.444995.avi_120.44196724891663.jpg con esta confidence:0.76572603
cara encontrada en: /var/www/html/reconocimientoFacial/proyecto_definitivo/admin/files/videos_registro_videos/1_otraprueba_10.avi
cara guardada en /0_2022-10-24_18:19:04.494840.avi_120.49181723594666.jpg con esta confidence:0.74147725
cara encontrada en: /var/www/html/reconocimientoFacial/proyecto_definitivo/admin/files/videos_registro_videos/1_otraprueba_10.avi
cara guardada en /0_2022-10-24_18:19:04.517610.avi_120.51458764076233.jpg con esta confidence:0.70351124
voy(10) leyendo el video..
Llego al final y remuevo el video!
Tiempo de analizar el video:120.9130392074585
